face #1: 
	859.739407, 379.327396
	862.046112, 385.024806
	860.000000, 390.000000

face #2: 
	860.000000, 390.000000
	857.888750, 384.684450
	859.739407, 379.327396

face #3: 
	855.645988, 373.393524
	858.099810, 379.504211
	862.046112, 385.024806

face #4: 
	862.046112, 385.024806
	859.739407, 379.327396
	855.645988, 373.393524

face #5: 
	844.506719, 366.914444
	847.026349, 373.464702
	858.099810, 379.504211

face #6: 
	858.099810, 379.504211
	855.645988, 373.393524
	844.506719, 366.914444

face #7: 
	825.137204, 359.987018
	827.597910, 366.993773
	847.026349, 373.464702

face #8: 
	847.026349, 373.464702
	844.506719, 366.914444
	825.137204, 359.987018

face #9: 
	796.430122, 352.803904
	798.654038, 360.269192
	827.597910, 366.993773

face #10: 
	827.597910, 366.993773
	825.137204, 359.987018
	796.430122, 352.803904

face #11: 
	757.627772, 345.684224
	759.383998, 353.589058
	798.654038, 360.269192

face #12: 
	798.654038, 360.269192
	796.430122, 352.803904
	757.627772, 345.684224

face #13: 
	708.720768, 339.091908
	709.740603, 347.390527
	759.383998, 353.589058

face #14: 
	759.383998, 353.589058
	757.627772, 345.684224
	708.720768, 339.091908

face #15: 
	650.908889, 333.621676
	650.925323, 342.237250
	709.740603, 347.390527

face #16: 
	709.740603, 347.390527
	708.720768, 339.091908
	650.908889, 333.621676

face #17: 
	586.958079, 329.929206
	585.770862, 338.753745
	650.925323, 342.237250

face #18: 
	650.925323, 342.237250
	650.908889, 333.621676
	586.958079, 329.929206

face #19: 
	699.094089, 403.280563
	697.727273, 409.090909
	585.770862, 338.753745

face #20: 
	585.770862, 338.753745
	586.958079, 329.929206
	699.094089, 403.280563

face #21: 
	858.834961, 374.878421
	859.739407, 379.327396
	857.888750, 384.684450

face #22: 
	857.888750, 384.684450
	857.060000, 380.550000
	858.834961, 374.878421

face #23: 
	854.685191, 368.600467
	855.645988, 373.393524
	859.739407, 379.327396

face #24: 
	859.739407, 379.327396
	858.834961, 374.878421
	854.685191, 368.600467

face #25: 
	843.521303, 361.750878
	844.506719, 366.914444
	855.645988, 373.393524

face #26: 
	855.645988, 373.393524
	854.685191, 368.600467
	843.521303, 361.750878

face #27: 
	824.176514, 354.433313
	825.137204, 359.987018
	844.506719, 366.914444

face #28: 
	844.506719, 366.914444
	843.521303, 361.750878
	824.176514, 354.433313

face #29: 
	795.563083, 346.852146
	796.430122, 352.803904
	825.137204, 359.987018

face #30: 
	825.137204, 359.987018
	824.176514, 354.433313
	795.563083, 346.852146

face #31: 
	756.944000, 339.344458
	757.627772, 345.684224
	796.430122, 352.803904

face #32: 
	796.430122, 352.803904
	795.563083, 346.852146
	756.944000, 339.344458

face #33: 
	708.324373, 332.398760
	708.720768, 339.091908
	757.627772, 345.684224

face #34: 
	757.627772, 345.684224
	756.944000, 339.344458
	708.324373, 332.398760

face #35: 
	650.902335, 326.639405
	650.908889, 333.621676
	708.720768, 339.091908

face #36: 
	708.720768, 339.091908
	708.324373, 332.398760
	650.902335, 326.639405

face #37: 
	587.418437, 322.754034
	586.958079, 329.929206
	650.908889, 333.621676

face #38: 
	650.908889, 333.621676
	650.902335, 326.639405
	587.418437, 322.754034

face #39: 
	697.498975, 399.313243
	699.094089, 403.280563
	586.958079, 329.929206

face #40: 
	586.958079, 329.929206
	587.418437, 322.754034
	697.498975, 399.313243

face #41: 
	859.133710, 371.675769
	858.834961, 374.878421
	857.060000, 380.550000

face #42: 
	857.060000, 380.550000
	857.333750, 377.596950
	859.133710, 371.675769

face #43: 
	855.002374, 365.120017
	854.685191, 368.600467
	858.834961, 374.878421

face #44: 
	858.834961, 374.878421
	859.133710, 371.675769
	855.002374, 365.120017

face #45: 
	843.846535, 357.965539
	843.521303, 361.750878
	854.685191, 368.600467

face #46: 
	854.685191, 368.600467
	855.002374, 365.120017
	843.846535, 357.965539

face #47: 
	824.493557, 350.320206
	824.176514, 354.433313
	843.521303, 361.750878

face #48: 
	843.521303, 361.750878
	843.846535, 357.965539
	824.493557, 350.320206

face #49: 
	795.849144, 342.397207
	795.563083, 346.852146
	824.176514, 354.433313

face #50: 
	824.176514, 354.433313
	824.493557, 350.320206
	795.849144, 342.397207

face #51: 
	757.191119, 912.904737
	756.944000, 339.344458
	795.563083, 346.852146

face #52: 
	795.563083, 346.852146
	795.849144, 342.397207
	757.191119, 912.904737

face #53: 
	761.702743, 655.866744
	708.324373, 332.398760
	756.944000, 339.344458

face #54: 
	756.944000, 339.344458
	757.191119, 912.904737
	761.702743, 655.866744

face #55: 
	650.904418, 321.261953
	650.902335, 326.639405
	708.324373, 332.398760

face #56: 
	708.324373, 332.398760
	761.702743, 655.866744
	650.904418, 321.261953

face #57: 
	587.251965, 982.491952
	587.418437, 322.754034
	650.902335, 326.639405

face #58: 
	650.902335, 326.639405
	650.904418, 321.261953
	587.251965, 982.491952

face #59: 
	639.285714, 337.500000
	697.498975, 399.313243
	587.418437, 322.754034

face #60: 
	587.418437, 322.754034
	587.251965, 982.491952
	639.285714, 337.500000

face #61: 
	860.439605, 369.721014
	859.133710, 371.675769
	857.333750, 377.596950

face #62: 
	857.333750, 377.596950
	858.530000, 375.825000
	860.439605, 369.721014

face #63: 
	856.390313, 362.956181
	855.002374, 365.120017
	859.133710, 371.675769

face #64: 
	859.133710, 371.675769
	860.439605, 369.721014
	856.390313, 362.956181

face #65: 
	845.270547, 355.565413
	843.846535, 357.965539
	855.002374, 365.120017

face #66: 
	855.002374, 365.120017
	856.390313, 362.956181
	845.270547, 355.565413

face #67: 
	825.882639, 347.658223
	824.493557, 350.320206
	843.846535, 357.965539

face #68: 
	843.846535, 357.965539
	845.270547, 355.565413
	825.882639, 347.658223

face #69: 
	797.103218, 339.453729
	795.849144, 342.397207
	824.493557, 350.320206

face #70: 
	824.493557, 350.320206
	825.882639, 347.658223
	797.103218, 339.453729

face #71: 
	758.158959, 331.316139
	757.191119, 912.904737
	795.849144, 342.397207

face #72: 
	795.849144, 342.397207
	797.103218, 339.453729
	758.158959, 331.316139

face #73: 
	709.028960, 323.776478
	761.702743, 655.866744
	757.191119, 912.904737

face #74: 
	757.191119, 912.904737
	758.158959, 331.316139
	709.028960, 323.776478

face #75: 
	650.913676, 317.516569
	650.904418, 321.261953
	761.702743, 655.866744

face #76: 
	761.702743, 655.866744
	709.028960, 323.776478
	650.913676, 317.516569

face #77: 
	586.599546, 313.289194
	587.251965, 982.491952
	650.904418, 321.261953

face #78: 
	650.904418, 321.261953
	650.913676, 317.516569
	586.599546, 313.289194

face #79: 
	690.249256, 394.839276
	639.285714, 337.500000
	587.251965, 982.491952

face #80: 
	587.251965, 982.491952
	586.599546, 313.289194
	690.249256, 394.839276

face #81: 
	862.558818, 369.019740
	860.439605, 369.721014
	858.530000, 375.825000

face #82: 
	858.530000, 375.825000
	860.468750, 375.234300
	862.558818, 369.019740

face #83: 
	858.645788, 362.121236
	856.390313, 362.956181
	860.439605, 369.721014

face #84: 
	860.439605, 369.721014
	862.558818, 369.019740
	858.645788, 362.121236

face #85: 
	847.587739, 354.571034
	845.270547, 355.565413
	856.390313, 362.956181

face #86: 
	856.390313, 362.956181
	858.645788, 362.121236
	847.587739, 354.571034

face #87: 
	828.146808, 346.477752
	825.882639, 347.658223
	845.270547, 355.565413

face #88: 
	845.270547, 355.565413
	847.587739, 354.571034
	828.146808, 346.477752

face #89: 
	799.150880, 338.063067
	797.103218, 339.453729
	825.882639, 347.658223

face #90: 
	825.882639, 347.658223
	828.146808, 346.477752
	799.150880, 338.063067

face #91: 
	759.776860, 329.699852
	758.158959, 331.316139
	797.103218, 339.453729

face #92: 
	797.103218, 339.453729
	799.150880, 338.063067
	759.776860, 329.699852

face #93: 
	709.969066, 321.935827
	709.028960, 323.776478
	758.158959, 331.316139

face #94: 
	758.158959, 331.316139
	759.776860, 329.699852
	709.969066, 321.935827

face #95: 
	650.929039, 315.478347
	650.913676, 317.516569
	709.028960, 323.776478

face #96: 
	709.028960, 323.776478
	709.969066, 321.935827
	650.929039, 315.478347

face #97: 
	585.504571, 311.111789
	586.599546, 313.289194
	650.913676, 317.516569

face #98: 
	650.913676, 317.516569
	650.929039, 315.478347
	585.504571, 311.111789

face #99: 
	697.799858, 399.059566
	690.249256, 394.839276
	586.599546, 313.289194

face #100: 
	586.599546, 313.289194
	585.504571, 311.111789
	697.799858, 399.059566

face #101: 
	865.297544, 369.580100
	862.558818, 369.019740
	860.468750, 375.234300

face #102: 
	860.468750, 375.234300
	862.970000, 375.825000
	865.297544, 369.580100

face #103: 
	861.566308, 362.633435
	858.645788, 362.121236
	862.558818, 369.019740

face #104: 
	862.558818, 369.019740
	865.297544, 369.580100
	861.566308, 362.633435

face #105: 
	850.594744, 355.013000
	847.587739, 354.571034
	858.645788, 362.121236

face #106: 
	858.645788, 362.121236
	861.566308, 362.633435
	850.594744, 355.013000

face #107: 
	831.091753, 346.824021
	828.146808, 346.477752
	847.587739, 354.571034

face #108: 
	847.587739, 354.571034
	850.594744, 355.013000
	831.091753, 346.824021

face #109: 
	801.820384, 338.287410
	799.150880, 338.063067
	828.146808, 346.477752

face #110: 
	828.146808, 346.477752
	831.091753, 346.824021
	801.820384, 338.287410

face #111: 
	761.891405, 329.780160
	759.776860, 329.699852
	799.150880, 338.063067

face #112: 
	799.150880, 338.063067
	801.820384, 338.287410
	761.891405, 329.780160

face #113: 
	711.200273, 321.862053
	709.969066, 321.935827
	759.776860, 329.699852

face #114: 
	759.776860, 329.699852
	761.891405, 329.780160
	711.200273, 321.862053

face #115: 
	650.949119, 315.261385
	650.929039, 315.478347
	709.969066, 321.935827

face #116: 
	709.969066, 321.935827
	711.200273, 321.862053
	650.949119, 315.261385

face #117: 
	584.066089, 310.790235
	585.504571, 311.111789
	650.929039, 315.478347

face #118: 
	650.929039, 315.478347
	650.949119, 315.261385
	584.066089, 310.790235

face #119: 
	686.661294, 390.247834
	697.799858, 399.059566
	585.504571, 311.111789

face #120: 
	585.504571, 311.111789
	584.066089, 310.790235
	686.661294, 390.247834

face #121: 
	868.461785, 371.411654
	865.297544, 369.580100
	862.970000, 375.825000

face #122: 
	862.970000, 375.825000
	861.231842, 385.684341
	868.461785, 371.411654

face #123: 
	864.948662, 364.514641
	861.566308, 362.633435
	865.297544, 369.580100

face #124: 
	865.297544, 369.580100
	868.461785, 371.411654
	864.948662, 364.514641

face #125: 
	854.086252, 356.928540
	850.594744, 355.013000
	861.566308, 362.633435

face #126: 
	861.566308, 362.633435
	864.948662, 364.514641
	854.086252, 356.928540

face #127: 
	834.520639, 348.752758
	831.091753, 346.824021
	850.594744, 355.013000

face #128: 
	850.594744, 355.013000
	854.086252, 356.928540
	834.520639, 348.752758

face #129: 
	804.937896, 340.203696
	801.820384, 338.287410
	831.091753, 346.824021

face #130: 
	831.091753, 346.824021
	834.520639, 348.752758
	804.937896, 340.203696

face #131: 
	764.367782, 331.657365
	761.891405, 329.780160
	801.820384, 338.287410

face #132: 
	801.820384, 338.287410
	804.937896, 340.203696
	764.367782, 331.657365

face #133: 
	757.147425, 379.082769
	711.200273, 321.862053
	761.891405, 329.780160

face #134: 
	761.891405, 329.780160
	764.367782, 331.657365
	757.147425, 379.082769

face #135: 
	650.972863, 317.009812
	650.949119, 315.261385
	711.200273, 321.862053

face #136: 
	711.200273, 321.862053
	757.147425, 379.082769
	650.972863, 317.009812

face #137: 
	582.370324, 312.483207
	584.066089, 310.790235
	650.949119, 315.261385

face #138: 
	650.949119, 315.261385
	650.972863, 317.009812
	582.370324, 312.483207

face #139: 
	697.312438, 400.434049
	686.661294, 390.247834
	584.066089, 310.790235

face #140: 
	584.066089, 310.790235
	582.370324, 312.483207
	697.312438, 400.434049

face #141: 
	871.856313, 374.524789
	868.461785, 371.411654
	861.231842, 385.684341

face #142: 
	861.231842, 385.684341
	868.940000, 380.550000
	871.856313, 374.524789

face #143: 
	868.586794, 367.788890
	864.948662, 364.514641
	868.461785, 371.411654

face #144: 
	868.461785, 371.411654
	871.856313, 374.524789
	868.586794, 367.788890

face #145: 
	857.852507, 360.358720
	854.086252, 356.928540
	864.948662, 364.514641

face #146: 
	864.948662, 364.514641
	868.586794, 367.788890
	857.852507, 360.358720

face #147: 
	838.231079, 352.325895
	834.520639, 348.752758
	854.086252, 356.928540

face #148: 
	854.086252, 356.928540
	857.852507, 360.358720
	838.231079, 352.325895

face #149: 
	808.322215, 343.898407
	804.937896, 340.203696
	834.520639, 348.752758

face #150: 
	834.520639, 348.752758
	838.231079, 352.325895
	808.322215, 343.898407

face #151: 
	767.065030, 335.444874
	764.367782, 331.657365
	804.937896, 340.203696

face #152: 
	804.937896, 340.203696
	808.322215, 343.898407
	767.065030, 335.444874

face #153: 
	714.225454, 327.526908
	757.147425, 379.082769
	764.367782, 331.657365

face #154: 
	764.367782, 331.657365
	767.065030, 335.444874
	714.225454, 327.526908

face #155: 
	650.998587, 320.889182
	650.972863, 317.009812
	757.147425, 379.082769

face #156: 
	757.147425, 379.082769
	714.225454, 327.526908
	650.998587, 320.889182

face #157: 
	580.509845, 316.373781
	582.370324, 312.483207
	650.972863, 317.009812

face #158: 
	650.972863, 317.009812
	650.998587, 320.889182
	580.509845, 316.373781

face #159: 
	697.269656, 402.435851
	697.312438, 400.434049
	582.370324, 312.483207

face #160: 
	582.370324, 312.483207
	580.509845, 316.373781
	697.269656, 402.435851

face #161: 
	875.283993, 378.930368
	871.856313, 374.524789
	868.940000, 380.550000

face #162: 
	868.940000, 380.550000
	872.048750, 384.684450
	875.283993, 378.930368

face #163: 
	872.270294, 372.480780
	868.586794, 367.788890
	871.856313, 374.524789

face #164: 
	871.856313, 374.524789
	875.283993, 378.930368
	872.270294, 372.480780

face #165: 
	861.677674, 365.345715
	857.852507, 360.358720
	868.586794, 367.788890

face #166: 
	868.586794, 367.788890
	872.270294, 372.480780
	861.677674, 365.345715

face #167: 
	842.011713, 357.607418
	838.231079, 352.325895
	857.852507, 360.358720

face #168: 
	857.852507, 360.358720
	861.677674, 365.345715
	842.011713, 357.607418

face #169: 
	811.782614, 349.461382
	808.322215, 343.898407
	838.231079, 352.325895

face #170: 
	838.231079, 352.325895
	842.011713, 357.607418
	811.782614, 349.461382

face #171: 
	769.832320, 341.261752
	767.065030, 335.444874
	808.322215, 343.898407

face #172: 
	808.322215, 343.898407
	811.782614, 349.461382
	769.832320, 341.261752

face #173: 
	715.851304, 333.555559
	714.225454, 327.526908
	767.065030, 335.444874

face #174: 
	767.065030, 335.444874
	769.832320, 341.261752
	715.851304, 333.555559

face #175: 
	651.025315, 327.075990
	650.998587, 320.889182
	714.225454, 327.526908

face #176: 
	714.225454, 327.526908
	715.851304, 333.555559
	651.025315, 327.075990

face #177: 
	578.586274, 322.657892
	580.509845, 316.373781
	650.998587, 320.889182

face #178: 
	650.998587, 320.889182
	651.025315, 327.075990
	578.586274, 322.657892

face #179: 
	697.399066, 405.323757
	697.269656, 402.435851
	580.509845, 316.373781

face #180: 
	580.509845, 316.373781
	578.586274, 322.657892
	697.399066, 405.323757

face #181: 
	878.545906, 384.637675
	875.283993, 378.930368
	872.048750, 384.684450

face #182: 
	872.048750, 384.684450
	875.000000, 390.000000
	878.545906, 384.637675

face #183: 
	875.785266, 378.612222
	872.270294, 372.480780
	875.283993, 378.930368

face #184: 
	875.283993, 378.930368
	878.545906, 384.637675
	875.785266, 378.612222

face #185: 
	865.338573, 371.927861
	861.677674, 365.345715
	872.270294, 372.480780

face #186: 
	872.270294, 372.480780
	875.785266, 378.612222
	865.338573, 371.927861

face #187: 
	845.641784, 364.656350
	842.011713, 357.607418
	861.677674, 365.345715

face #188: 
	861.677674, 365.345715
	865.338573, 371.927861
	845.641784, 364.656350

face #189: 
	815.116279, 356.976744
	811.782614, 349.461382
	842.011713, 357.607418

face #190: 
	842.011713, 357.607418
	845.641784, 364.656350
	815.116279, 356.976744

face #191: 
	788.347192, 647.559517
	769.832320, 341.261752
	811.782614, 349.461382

face #192: 
	811.782614, 349.461382
	815.116279, 356.976744
	788.347192, 647.559517

face #193: 
	718.570295, 946.324530
	715.851304, 333.555559
	769.832320, 341.261752

face #194: 
	769.832320, 341.261752
	788.347192, 647.559517
	718.570295, 946.324530

face #195: 
	651.051188, 978.450640
	651.025315, 327.075990
	715.851304, 333.555559

face #196: 
	715.851304, 333.555559
	718.570295, 946.324530
	651.051188, 978.450640

face #197: 
	576.711950, 997.942501
	578.586274, 322.657892
	651.025315, 327.075990

face #198: 
	651.025315, 327.075990
	651.051188, 978.450640
	576.711950, 997.942501

face #199: 
	700.000000, 410.000000
	697.399066, 405.323757
	578.586274, 322.657892

face #200: 
	578.586274, 322.657892
	576.711950, 997.942501
	700.000000, 410.000000

face #201: 
	461.546326, 329.929206
	457.997864, 338.753745
	695.348837, 408.139535

face #202: 
	695.348837, 408.139535
	521.202546, 328.601273
	461.546326, 329.929206

face #203: 
	414.555349, 333.621676
	410.260930, 342.237250
	457.997864, 338.753745

face #204: 
	457.997864, 338.753745
	461.546326, 329.929206
	414.555349, 333.621676

face #205: 
	381.868722, 339.091908
	377.212032, 347.390527
	410.260930, 342.237250

face #206: 
	410.260930, 342.237250
	414.555349, 333.621676
	381.868722, 339.091908

face #207: 
	363.240797, 345.684224
	358.561292, 353.589058
	377.212032, 347.390527

face #208: 
	377.212032, 347.390527
	381.868722, 339.091908
	363.240797, 345.684224

face #209: 
	357.139757, 352.803904
	352.691924, 360.269192
	358.561292, 353.589058

face #210: 
	358.561292, 353.589058
	363.240797, 345.684224
	357.139757, 352.803904

face #211: 
	361.425344, 359.987018
	357.370953, 366.993773
	352.691924, 360.269192

face #212: 
	352.691924, 360.269192
	357.139757, 352.803904
	361.425344, 359.987018

face #213: 
	373.874096, 366.914444
	370.297161, 373.464702
	357.370953, 366.993773

face #214: 
	357.370953, 366.993773
	361.425344, 359.987018
	373.874096, 366.914444

face #215: 
	392.493805, 373.393524
	389.421245, 379.504211
	370.297161, 373.464702

face #216: 
	370.297161, 373.464702
	373.874096, 366.914444
	392.493805, 373.393524

face #217: 
	415.655178, 379.327396
	413.077918, 385.024806
	389.421245, 379.504211

face #218: 
	389.421245, 379.504211
	392.493805, 373.393524
	415.655178, 379.327396

face #219: 
	442.111250, 384.684450
	440.000000, 390.000000
	413.077918, 385.024806

face #220: 
	413.077918, 385.024806
	415.655178, 379.327396
	442.111250, 384.684450

face #221: 
	462.922962, 322.754034
	461.546326, 329.929206
	521.202546, 328.601273

face #222: 
	521.202546, 328.601273
	522.153618, 321.357125
	462.922962, 322.754034

face #223: 
	416.222525, 326.639405
	414.555349, 333.621676
	461.546326, 329.929206

face #224: 
	461.546326, 329.929206
	462.922962, 322.754034
	416.222525, 326.639405

face #225: 
	383.678912, 332.398760
	381.868722, 339.091908
	414.555349, 333.621676

face #226: 
	414.555349, 333.621676
	416.222525, 326.639405
	383.678912, 332.398760

face #227: 
	365.062299, 339.344458
	363.240797, 345.684224
	381.868722, 339.091908

face #228: 
	381.868722, 339.091908
	383.678912, 332.398760
	365.062299, 339.344458

face #229: 
	358.873834, 346.852146
	357.139757, 352.803904
	363.240797, 345.684224

face #230: 
	363.240797, 345.684224
	365.062299, 339.344458
	358.873834, 346.852146

face #231: 
	363.008422, 354.433313
	361.425344, 359.987018
	357.139757, 352.803904

face #232: 
	357.139757, 352.803904
	358.873834, 346.852146
	363.008422, 354.433313

face #233: 
	375.272986, 361.750878
	373.874096, 366.914444
	361.425344, 359.987018

face #234: 
	361.425344, 359.987018
	363.008422, 354.433313
	375.272986, 361.750878

face #235: 
	393.696957, 368.600467
	392.493805, 373.393524
	373.874096, 366.914444

face #236: 
	373.874096, 366.914444
	375.272986, 361.750878
	393.696957, 368.600467

face #237: 
	416.665777, 374.878421
	415.655178, 379.327396
	392.493805, 373.393524

face #238: 
	392.493805, 373.393524
	393.696957, 368.600467
	416.665777, 374.878421

face #239: 
	442.940000, 380.550000
	442.111250, 384.684450
	415.655178, 379.327396

face #240: 
	415.655178, 379.327396
	416.665777, 374.878421
	442.940000, 380.550000

face #241: 
	673.488133, 402.242001
	462.922962, 322.754034
	522.153618, 321.357125

face #242: 
	522.153618, 321.357125
	521.840182, 315.735872
	673.488133, 402.242001

face #243: 
	415.673108, 321.261953
	416.222525, 326.639405
	462.922962, 322.754034

face #244: 
	462.922962, 322.754034
	673.488133, 402.242001
	415.673108, 321.261953

face #245: 
	570.478101, 369.823447
	383.678912, 332.398760
	416.222525, 326.639405

face #246: 
	416.222525, 326.639405
	415.673108, 321.261953
	570.478101, 369.823447

face #247: 
	601.091744, 399.394360
	365.062299, 339.344458
	383.678912, 332.398760

face #248: 
	383.678912, 332.398760
	570.478101, 369.823447
	601.091744, 399.394360

face #249: 
	358.301711, 342.397207
	358.873834, 346.852146
	365.062299, 339.344458

face #250: 
	365.062299, 339.344458
	601.091744, 399.394360
	358.301711, 342.397207

face #251: 
	362.486020, 350.320206
	363.008422, 354.433313
	358.873834, 346.852146

face #252: 
	358.873834, 346.852146
	358.301711, 342.397207
	362.486020, 350.320206

face #253: 
	374.811267, 357.965539
	375.272986, 361.750878
	363.008422, 354.433313

face #254: 
	363.008422, 354.433313
	362.486020, 350.320206
	374.811267, 357.965539

face #255: 
	393.299805, 365.120017
	393.696957, 368.600467
	375.272986, 361.750878

face #256: 
	375.272986, 361.750878
	374.811267, 357.965539
	393.299805, 365.120017

face #257: 
	416.332042, 371.675769
	416.665777, 374.878421
	393.696957, 368.600467

face #258: 
	393.696957, 368.600467
	393.299805, 365.120017
	416.332042, 371.675769

face #259: 
	442.666250, 377.596950
	442.940000, 380.550000
	416.665777, 374.878421

face #260: 
	416.665777, 374.878421
	416.332042, 371.675769
	442.666250, 377.596950

face #261: 
	460.475049, 313.289194
	673.488133, 402.242001
	521.840182, 315.735872

face #262: 
	521.840182, 315.735872
	520.462169, 311.768543
	460.475049, 313.289194

face #263: 
	413.258494, 317.516569
	415.673108, 321.261953
	673.488133, 402.242001

face #264: 
	673.488133, 402.242001
	460.475049, 313.289194
	413.258494, 317.516569

face #265: 
	380.461348, 323.776478
	570.478101, 369.823447
	415.673108, 321.261953

face #266: 
	415.673108, 321.261953
	413.258494, 317.516569
	380.461348, 323.776478

face #267: 
	361.825425, 331.316139
	601.091744, 399.394360
	570.478101, 369.823447

face #268: 
	570.478101, 369.823447
	380.461348, 323.776478
	361.825425, 331.316139

face #269: 
	355.793564, 339.453729
	358.301711, 342.397207
	601.091744, 399.394360

face #270: 
	601.091744, 399.394360
	361.825425, 331.316139
	355.793564, 339.453729

face #271: 
	360.197132, 347.658223
	362.486020, 350.320206
	358.301711, 342.397207

face #272: 
	358.301711, 342.397207
	355.793564, 339.453729
	360.197132, 347.658223

face #273: 
	372.789768, 355.565413
	374.811267, 357.965539
	362.486020, 350.320206

face #274: 
	362.486020, 350.320206
	360.197132, 347.658223
	372.789768, 355.565413

face #275: 
	391.561884, 362.956181
	393.299805, 365.120017
	374.811267, 357.965539

face #276: 
	374.811267, 357.965539
	372.789768, 355.565413
	391.561884, 362.956181

face #277: 
	414.872888, 369.721014
	416.332042, 371.675769
	393.299805, 365.120017

face #278: 
	393.299805, 365.120017
	391.561884, 362.956181
	414.872888, 369.721014

face #279: 
	441.470000, 375.825000
	442.666250, 377.596950
	416.332042, 371.675769

face #280: 
	416.332042, 371.675769
	414.872888, 369.721014
	441.470000, 375.825000

face #281: 
	457.201599, 311.111789
	460.475049, 313.289194
	520.462169, 311.768543

face #282: 
	520.462169, 311.768543
	518.199609, 309.539977
	457.201599, 311.111789

face #283: 
	409.298097, 315.478347
	413.258494, 317.516569
	460.475049, 313.289194

face #284: 
	460.475049, 313.289194
	457.201599, 311.111789
	409.298097, 315.478347

face #285: 
	376.168936, 321.935827
	380.461348, 323.776478
	413.258494, 317.516569

face #286: 
	413.258494, 317.516569
	409.298097, 315.478347
	376.168936, 321.935827

face #287: 
	357.514566, 329.699852
	361.825425, 331.316139
	380.461348, 323.776478

face #288: 
	380.461348, 323.776478
	376.168936, 321.935827
	357.514566, 329.699852

face #289: 
	351.698239, 338.063067
	355.793564, 339.453729
	361.825425, 331.316139

face #290: 
	361.825425, 331.316139
	357.514566, 329.699852
	351.698239, 338.063067

face #291: 
	356.466532, 346.477752
	360.197132, 347.658223
	355.793564, 339.453729

face #292: 
	355.793564, 339.453729
	351.698239, 338.063067
	356.466532, 346.477752

face #293: 
	369.500181, 354.571034
	372.789768, 355.565413
	360.197132, 347.658223

face #294: 
	360.197132, 347.658223
	356.466532, 346.477752
	369.500181, 354.571034

face #295: 
	388.737582, 362.121236
	391.561884, 362.956181
	372.789768, 355.565413

face #296: 
	372.789768, 355.565413
	369.500181, 354.571034
	388.737582, 362.121236

face #297: 
	412.505041, 369.019740
	414.872888, 369.721014
	391.561884, 362.956181

face #298: 
	391.561884, 362.956181
	388.737582, 362.121236
	412.505041, 369.019740

face #299: 
	439.531250, 375.234300
	441.470000, 375.825000
	414.872888, 369.721014

face #300: 
	414.872888, 369.721014
	412.505041, 369.019740
	439.531250, 375.234300

face #301: 
	452.901494, 310.790235
	457.201599, 311.111789
	518.199609, 309.539977

face #302: 
	518.199609, 309.539977
	697.498975, 399.313243
	452.901494, 310.790235

face #303: 
	404.101982, 315.261385
	409.298097, 315.478347
	457.201599, 311.111789

face #304: 
	457.201599, 311.111789
	452.901494, 310.790235
	404.101982, 315.261385

face #305: 
	370.547160, 321.862053
	376.168936, 321.935827
	409.298097, 315.478347

face #306: 
	409.298097, 315.478347
	404.101982, 315.261385
	370.547160, 321.862053

face #307: 
	351.880729, 329.780160
	357.514566, 329.699852
	376.168936, 321.935827

face #308: 
	376.168936, 321.935827
	370.547160, 321.862053
	351.880729, 329.780160

face #309: 
	346.359231, 338.287410
	351.698239, 338.063067
	357.514566, 329.699852

face #310: 
	357.514566, 329.699852
	351.880729, 329.780160
	346.359231, 338.287410

face #311: 
	351.614094, 346.824021
	356.466532, 346.477752
	351.698239, 338.063067

face #312: 
	351.698239, 338.063067
	346.359231, 338.287410
	351.614094, 346.824021

face #313: 
	365.231343, 355.013000
	369.500181, 354.571034
	356.466532, 346.477752

face #314: 
	356.466532, 346.477752
	351.614094, 346.824021
	365.231343, 355.013000

face #315: 
	385.080547, 362.633435
	388.737582, 362.121236
	369.500181, 354.571034

face #316: 
	369.500181, 354.571034
	365.231343, 355.013000
	385.080547, 362.633435

face #317: 
	409.445024, 369.580100
	412.505041, 369.019740
	388.737582, 362.121236

face #318: 
	388.737582, 362.121236
	385.080547, 362.633435
	409.445024, 369.580100

face #319: 
	437.030000, 375.825000
	439.531250, 375.234300
	412.505041, 369.019740

face #320: 
	412.505041, 369.019740
	409.445024, 369.580100
	437.030000, 375.825000

face #321: 
	447.832714, 312.483207
	452.901494, 310.790235
	697.498975, 399.313243

face #322: 
	697.498975, 399.313243
	697.312438, 400.434049
	447.832714, 312.483207

face #323: 
	397.986037, 317.009812
	404.101982, 315.261385
	452.901494, 310.790235

face #324: 
	452.901494, 310.790235
	447.832714, 312.483207
	397.986037, 317.009812

face #325: 
	559.135181, 367.132933
	370.547160, 321.862053
	404.101982, 315.261385

face #326: 
	404.101982, 315.261385
	397.986037, 317.009812
	559.135181, 367.132933

face #327: 
	345.282839, 331.657365
	351.880729, 329.780160
	370.547160, 321.862053

face #328: 
	370.547160, 321.862053
	559.135181, 367.132933
	345.282839, 331.657365

face #329: 
	340.124208, 340.203696
	346.359231, 338.287410
	351.880729, 329.780160

face #330: 
	351.880729, 329.780160
	345.282839, 331.657365
	340.124208, 340.203696

face #331: 
	345.964265, 348.752758
	351.614094, 346.824021
	346.359231, 338.287410

face #332: 
	346.359231, 338.287410
	340.124208, 340.203696
	345.964265, 348.752758

face #333: 
	360.274772, 356.928540
	365.231343, 355.013000
	351.614094, 346.824021

face #334: 
	351.614094, 346.824021
	345.964265, 348.752758
	360.274772, 356.928540

face #335: 
	380.845160, 364.514641
	385.080547, 362.633435
	365.231343, 355.013000

face #336: 
	365.231343, 355.013000
	360.274772, 356.928540
	380.845160, 364.514641

face #337: 
	405.909616, 371.411654
	409.445024, 369.580100
	385.080547, 362.633435

face #338: 
	385.080547, 362.633435
	380.845160, 364.514641
	405.909616, 371.411654

face #339: 
	364.130545, 775.913806
	437.030000, 375.825000
	409.445024, 369.580100

face #340: 
	409.445024, 369.580100
	405.909616, 371.411654
	364.130545, 775.913806

face #341: 
	442.271068, 316.373781
	447.832714, 312.483207
	697.312438, 400.434049

face #342: 
	697.312438, 400.434049
	697.269656, 402.435851
	442.271068, 316.373781

face #343: 
	391.287297, 320.889182
	397.986037, 317.009812
	447.832714, 312.483207

face #344: 
	447.832714, 312.483207
	442.271068, 316.373781
	391.287297, 320.889182

face #345: 
	356.733110, 327.526908
	559.135181, 367.132933
	397.986037, 317.009812

face #346: 
	397.986037, 317.009812
	391.287297, 320.889182
	356.733110, 327.526908

face #347: 
	338.096411, 335.444874
	345.282839, 331.657365
	559.135181, 367.132933

face #348: 
	559.135181, 367.132933
	356.733110, 327.526908
	338.096411, 335.444874

face #349: 
	333.355570, 343.898407
	340.124208, 340.203696
	345.282839, 331.657365

face #350: 
	345.282839, 331.657365
	338.096411, 335.444874
	333.355570, 343.898407

face #351: 
	339.850542, 352.325895
	345.964265, 348.752758
	340.124208, 340.203696

face #352: 
	340.124208, 340.203696
	333.355570, 343.898407
	339.850542, 352.325895

face #353: 
	354.928141, 360.358720
	360.274772, 356.928540
	345.964265, 348.752758

face #354: 
	345.964265, 348.752758
	339.850542, 352.325895
	354.928141, 360.358720

face #355: 
	376.289621, 367.788890
	380.845160, 364.514641
	360.274772, 356.928540

face #356: 
	360.274772, 356.928540
	354.928141, 360.358720
	376.289621, 367.788890

face #357: 
	402.116856, 374.524789
	405.909616, 371.411654
	380.845160, 364.514641

face #358: 
	380.845160, 364.514641
	376.289621, 367.788890
	402.116856, 374.524789

face #359: 
	431.060000, 380.550000
	364.130545, 775.913806
	405.909616, 371.411654

face #360: 
	405.909616, 371.411654
	402.116856, 374.524789
	431.060000, 380.550000

face #361: 
	436.520352, 322.657892
	442.271068, 316.373781
	697.269656, 402.435851

face #362: 
	697.269656, 402.435851
	697.399066, 405.323757
	436.520352, 322.657892

face #363: 
	384.374018, 327.075990
	391.287297, 320.889182
	442.271068, 316.373781

face #364: 
	442.271068, 316.373781
	436.520352, 322.657892
	384.374018, 327.075990

face #365: 
	349.309255, 333.555559
	356.733110, 327.526908
	391.287297, 320.889182

face #366: 
	391.287297, 320.889182
	384.374018, 327.075990
	349.309255, 333.555559

face #367: 
	330.723451, 341.261752
	338.096411, 335.444874
	356.733110, 327.526908

face #368: 
	356.733110, 327.526908
	349.309255, 333.555559
	330.723451, 341.261752

face #369: 
	326.434771, 349.461382
	333.355570, 343.898407
	338.096411, 335.444874

face #370: 
	338.096411, 335.444874
	330.723451, 341.261752
	326.434771, 349.461382

face #371: 
	333.621125, 357.607418
	339.850542, 352.325895
	333.355570, 343.898407

face #372: 
	333.355570, 343.898407
	326.434771, 349.461382
	333.621125, 357.607418

face #373: 
	349.497833, 365.345715
	354.928141, 360.358720
	339.850542, 352.325895

face #374: 
	339.850542, 352.325895
	333.621125, 357.607418
	349.497833, 365.345715

face #375: 
	371.677189, 372.480780
	376.289621, 367.788890
	354.928141, 360.358720

face #376: 
	354.928141, 360.358720
	349.497833, 365.345715
	371.677189, 372.480780

face #377: 
	398.287009, 378.930368
	402.116856, 374.524789
	376.289621, 367.788890

face #378: 
	376.289621, 367.788890
	371.677189, 372.480780
	398.287009, 378.930368

face #379: 
	427.951250, 384.684450
	431.060000, 380.550000
	402.116856, 374.524789

face #380: 
	402.116856, 374.524789
	398.287009, 378.930368
	427.951250, 384.684450

face #381: 
	674.850692, 635.797691
	436.520352, 322.657892
	697.399066, 405.323757

face #382: 
	697.399066, 405.323757
	697.727273, 409.090909
	674.850692, 635.797691

face #383: 
	649.625732, 638.150900
	384.374018, 327.075990
	436.520352, 322.657892

face #384: 
	436.520352, 322.657892
	674.850692, 635.797691
	649.625732, 638.150900

face #385: 
	624.096836, 642.052155
	349.309255, 333.555559
	384.374018, 327.075990

face #386: 
	384.374018, 327.075990
	649.625732, 638.150900
	624.096836, 642.052155

face #387: 
	598.074952, 647.559517
	330.723451, 341.261752
	349.309255, 333.555559

face #388: 
	349.309255, 333.555559
	624.096836, 642.052155
	598.074952, 647.559517

face #389: 
	571.402214, 654.797048
	326.434771, 349.461382
	330.723451, 341.261752

face #390: 
	330.723451, 341.261752
	598.074952, 647.559517
	571.402214, 654.797048

face #391: 
	543.948927, 663.961880
	333.621125, 357.607418
	326.434771, 349.461382

face #392: 
	326.434771, 349.461382
	571.402214, 654.797048
	543.948927, 663.961880

face #393: 
	515.615357, 675.338617
	349.497833, 365.345715
	333.621125, 357.607418

face #394: 
	333.621125, 357.607418
	543.948927, 663.961880
	515.615357, 675.338617

face #395: 
	486.339175, 689.323168
	371.677189, 372.480780
	349.497833, 365.345715

face #396: 
	349.497833, 365.345715
	515.615357, 675.338617
	486.339175, 689.323168

face #397: 
	394.642468, 752.300754
	398.287009, 378.930368
	371.677189, 372.480780

face #398: 
	371.677189, 372.480780
	486.339175, 689.323168
	394.642468, 752.300754

face #399: 
	425.000000, 727.500000
	427.951250, 384.684450
	398.287009, 378.930368

face #400: 
	398.287009, 378.930368
	394.642468, 752.300754
	425.000000, 727.500000

face #401: 
	492.109091, 387.206583
	330.365560, 802.349302
	532.435158, 457.888006

face #402: 
	532.435158, 457.888006
	467.740219, 380.563010
	492.109091, 387.206583

face #403: 
	393.261713, 790.310259
	496.776127, 385.378793
	330.365560, 802.349302

face #404: 
	330.365560, 802.349302
	492.109091, 387.206583
	393.261713, 790.310259

face #405: 
	524.298667, 689.242021
	562.139069, 621.368592
	496.776127, 385.378793

face #406: 
	496.776127, 385.378793
	393.261713, 790.310259
	524.298667, 689.242021

face #407: 
	550.476756, 677.906837
	499.467036, 727.935854
	562.139069, 621.368592

face #408: 
	562.139069, 621.368592
	524.298667, 689.242021
	550.476756, 677.906837

face #409: 
	358.246932, 881.430134
	575.731256, 394.187947
	499.467036, 727.935854

face #410: 
	499.467036, 727.935854
	550.476756, 677.906837
	358.246932, 881.430134

face #411: 
	364.403820, 912.904737
	218.300950, 521.743863
	575.731256, 394.187947

face #412: 
	575.731256, 394.187947
	358.246932, 881.430134
	364.403820, 912.904737

face #413: 
	625.537084, 655.866744
	625.439373, 397.481223
	218.300950, 521.743863

face #414: 
	218.300950, 521.743863
	364.403820, 912.904737
	625.537084, 655.866744

face #415: 
	415.620354, 966.190372
	649.644786, 398.493828
	625.439373, 397.481223

face #416: 
	625.439373, 397.481223
	625.537084, 655.866744
	415.620354, 966.190372

face #417: 
	462.425638, 982.491952
	673.602553, 399.105664
	649.644786, 398.493828

face #418: 
	649.644786, 398.493828
	415.620354, 966.190372
	462.425638, 982.491952

face #419: 
	503.884054, 321.060161
	500.000000, 330.000000
	673.602553, 399.105664

face #420: 
	673.602553, 399.105664
	462.425638, 982.491952
	503.884054, 321.060161

face #421: 
	534.605748, 639.577540
	492.109091, 387.206583
	467.740219, 380.563010

face #422: 
	467.740219, 380.563010
	555.626433, 519.581449
	534.605748, 639.577540

face #423: 
	558.862112, 489.487993
	393.261713, 790.310259
	492.109091, 387.206583

face #424: 
	492.109091, 387.206583
	534.605748, 639.577540
	558.862112, 489.487993

face #425: 
	323.343433, 840.477103
	524.298667, 689.242021
	393.261713, 790.310259

face #426: 
	393.261713, 790.310259
	558.862112, 489.487993
	323.343433, 840.477103

face #427: 
	301.673270, 873.522718
	550.476756, 677.906837
	524.298667, 689.242021

face #428: 
	524.298667, 689.242021
	323.343433, 840.477103
	301.673270, 873.522718

face #429: 
	442.442518, 359.192416
	358.246932, 881.430134
	550.476756, 677.906837

face #430: 
	550.476756, 677.906837
	301.673270, 873.522718
	442.442518, 359.192416

face #431: 
	539.593942, 371.061847
	364.403820, 912.904737
	358.246932, 881.430134

face #432: 
	358.246932, 881.430134
	442.442518, 359.192416
	539.593942, 371.061847

face #433: 
	649.549344, 551.030305
	625.537084, 655.866744
	364.403820, 912.904737

face #434: 
	364.403820, 912.904737
	539.593942, 371.061847
	649.549344, 551.030305

face #435: 
	561.327718, 349.978309
	415.620354, 966.190372
	625.537084, 655.866744

face #436: 
	625.537084, 655.866744
	649.549344, 551.030305
	561.327718, 349.978309

face #437: 
	625.722953, 356.302739
	462.425638, 982.491952
	415.620354, 966.190372

face #438: 
	415.620354, 966.190372
	561.327718, 349.978309
	625.722953, 356.302739

face #439: 
	507.868086, 314.742924
	503.884054, 321.060161
	462.425638, 982.491952

face #440: 
	462.425638, 982.491952
	625.722953, 356.302739
	507.868086, 314.742924

face #441: 
	470.484947, 385.425303
	534.605748, 639.577540
	555.626433, 519.581449

face #442: 
	555.626433, 519.581449
	468.117281, 394.267476
	470.484947, 385.425303

face #443: 
	497.717956, 389.440234
	558.862112, 489.487993
	534.605748, 639.577540

face #444: 
	534.605748, 639.577540
	470.484947, 385.425303
	497.717956, 389.440234

face #445: 
	524.448623, 392.746361
	323.343433, 840.477103
	558.862112, 489.487993

face #446: 
	558.862112, 489.487993
	497.717956, 389.440234
	524.448623, 392.746361

face #447: 
	568.548821, 423.492760
	301.673270, 873.522718
	323.343433, 840.477103

face #448: 
	323.343433, 840.477103
	524.448623, 392.746361
	568.548821, 423.492760

face #449: 
	576.125881, 397.651859
	442.442518, 359.192416
	301.673270, 873.522718

face #450: 
	301.673270, 873.522718
	568.548821, 423.492760
	576.125881, 397.651859

face #451: 
	601.044637, 397.261501
	539.593942, 371.061847
	442.442518, 359.192416

face #452: 
	442.442518, 359.192416
	576.125881, 397.651859
	601.044637, 397.261501

face #453: 
	625.539266, 398.649821
	649.549344, 551.030305
	539.593942, 371.061847

face #454: 
	539.593942, 371.061847
	601.044637, 397.261501
	625.539266, 398.649821

face #455: 
	498.758394, 864.309517
	561.327718, 349.978309
	649.549344, 551.030305

face #456: 
	649.549344, 551.030305
	625.539266, 398.649821
	498.758394, 864.309517

face #457: 
	673.509539, 400.231863
	625.722953, 356.302739
	561.327718, 349.978309

face #458: 
	561.327718, 349.978309
	498.758394, 864.309517
	673.509539, 400.231863

face #459: 
	659.375000, 351.562500
	507.868086, 314.742924
	625.722953, 356.302739

face #460: 
	625.722953, 356.302739
	673.509539, 400.231863
	659.375000, 351.562500

face #461: 
	469.817094, 389.286587
	470.484947, 385.425303
	468.117281, 394.267476

face #462: 
	468.117281, 394.267476
	490.154807, 389.881772
	469.817094, 389.286587

face #463: 
	517.015515, 681.303271
	497.717956, 389.440234
	470.484947, 385.425303

face #464: 
	470.484947, 385.425303
	469.817094, 389.286587
	517.015515, 681.303271

face #465: 
	505.510210, 397.287534
	524.448623, 392.746361
	497.717956, 389.440234

face #466: 
	497.717956, 389.440234
	517.015515, 681.303271
	505.510210, 397.287534

face #467: 
	589.090636, 593.632985
	568.548821, 423.492760
	524.448623, 392.746361

face #468: 
	524.448623, 392.746361
	505.510210, 397.287534
	589.090636, 593.632985

face #469: 
	575.903218, 400.816690
	576.125881, 397.651859
	568.548821, 423.492760

face #470: 
	568.548821, 423.492760
	589.090636, 593.632985
	575.903218, 400.816690

face #471: 
	526.250000, 367.500000
	601.044637, 397.261501
	576.125881, 397.651859

face #472: 
	576.125881, 397.651859
	575.903218, 400.816690
	526.250000, 367.500000

face #473: 
	625.492883, 403.712500
	625.539266, 398.649821
	601.044637, 397.261501

face #474: 
	601.044637, 397.261501
	526.250000, 367.500000
	625.492883, 403.712500

face #475: 
	649.645460, 404.603055
	498.758394, 864.309517
	625.539266, 398.649821

face #476: 
	625.539266, 398.649821
	625.492883, 403.712500
	649.645460, 404.603055

face #477: 
	673.552657, 405.141179
	673.509539, 400.231863
	498.758394, 864.309517

face #478: 
	498.758394, 864.309517
	649.645460, 404.603055
	673.552657, 405.141179

face #479: 
	563.132961, 330.950626
	659.375000, 351.562500
	673.509539, 400.231863

face #480: 
	673.509539, 400.231863
	673.552657, 405.141179
	563.132961, 330.950626

face #481: 
	555.335061, 587.944094
	469.817094, 389.286587
	490.154807, 389.881772

face #482: 
	490.154807, 389.881772
	465.730317, 381.169909
	555.335061, 587.944094

face #483: 
	345.234922, 815.202051
	517.015515, 681.303271
	469.817094, 389.286587

face #484: 
	469.817094, 389.286587
	555.335061, 587.944094
	345.234922, 815.202051

face #485: 
	522.982645, 400.659842
	505.510210, 397.287534
	517.015515, 681.303271

face #486: 
	517.015515, 681.303271
	345.234922, 815.202051
	522.982645, 400.659842

face #487: 
	401.485076, 367.689906
	589.090636, 593.632985
	505.510210, 397.287534

face #488: 
	505.510210, 397.287534
	522.982645, 400.659842
	401.485076, 367.689906

face #489: 
	593.879307, 623.870207
	575.903218, 400.816690
	589.090636, 593.632985

face #490: 
	589.090636, 593.632985
	401.485076, 367.689906
	593.879307, 623.870207

face #491: 
	600.587661, 406.448016
	526.250000, 367.500000
	575.903218, 400.816690

face #492: 
	575.903218, 400.816690
	593.879307, 623.870207
	600.587661, 406.448016

face #493: 
	625.317021, 407.604923
	625.492883, 403.712500
	526.250000, 367.500000

face #494: 
	526.250000, 367.500000
	600.587661, 406.448016
	625.317021, 407.604923

face #495: 
	649.643021, 408.426335
	649.645460, 404.603055
	625.492883, 403.712500

face #496: 
	625.492883, 403.712500
	625.317021, 407.604923
	649.643021, 408.426335

face #497: 
	673.716467, 408.922566
	673.552657, 405.141179
	649.645460, 404.603055

face #498: 
	649.645460, 404.603055
	649.643021, 408.426335
	673.716467, 408.922566

face #499: 
	690.249256, 394.839276
	563.132961, 330.950626
	673.552657, 405.141179

face #500: 
	673.552657, 405.141179
	673.716467, 408.922566
	690.249256, 394.839276

face #501: 
	510.227710, 420.727433
	555.335061, 587.944094
	465.730317, 381.169909

face #502: 
	465.730317, 381.169909
	530.821714, 629.986743
	510.227710, 420.727433

face #503: 
	340.577727, 806.802115
	345.234922, 815.202051
	555.335061, 587.944094

face #504: 
	555.335061, 587.944094
	510.227710, 420.727433
	340.577727, 806.802115

face #505: 
	435.889692, 378.925236
	522.982645, 400.659842
	345.234922, 815.202051

face #506: 
	345.234922, 815.202051
	340.577727, 806.802115
	435.889692, 378.925236

face #507: 
	514.889511, 386.921958
	401.485076, 367.689906
	522.982645, 400.659842

face #508: 
	522.982645, 400.659842
	435.889692, 378.925236
	514.889511, 386.921958

face #509: 
	575.212882, 393.872671
	593.879307, 623.870207
	401.485076, 367.689906

face #510: 
	401.485076, 367.689906
	514.889511, 386.921958
	575.212882, 393.872671

face #511: 
	600.507651, 395.763279
	600.587661, 406.448016
	593.879307, 623.870207

face #512: 
	593.879307, 623.870207
	575.212882, 393.872671
	600.507651, 395.763279

face #513: 
	608.747253, 391.864141
	625.317021, 407.604923
	600.587661, 406.448016

face #514: 
	600.587661, 406.448016
	600.507651, 395.763279
	608.747253, 391.864141

face #515: 
	631.198387, 388.594555
	649.643021, 408.426335
	625.317021, 407.604923

face #516: 
	625.317021, 407.604923
	608.747253, 391.864141
	631.198387, 388.594555

face #517: 
	632.793954, 365.117636
	673.716467, 408.922566
	649.643021, 408.426335

face #518: 
	649.643021, 408.426335
	631.198387, 388.594555
	632.793954, 365.117636

face #519: 
	578.281435, 333.109972
	690.249256, 394.839276
	673.716467, 408.922566

face #520: 
	673.716467, 408.922566
	632.793954, 365.117636
	578.281435, 333.109972

face #521: 
	553.619910, 561.990950
	510.227710, 420.727433
	530.821714, 629.986743

face #522: 
	530.821714, 629.986743
	364.130545, 775.913806
	553.619910, 561.990950

face #523: 
	470.243016, 719.875271
	340.577727, 806.802115
	510.227710, 420.727433

face #524: 
	510.227710, 420.727433
	553.619910, 561.990950
	470.243016, 719.875271

face #525: 
	458.810000, 383.880000
	435.889692, 378.925236
	340.577727, 806.802115

face #526: 
	340.577727, 806.802115
	470.243016, 719.875271
	458.810000, 383.880000

face #527: 
	587.908865, 582.114725
	514.889511, 386.921958
	435.889692, 378.925236

face #528: 
	435.889692, 378.925236
	458.810000, 383.880000
	587.908865, 582.114725

face #529: 
	592.912645, 457.223192
	575.212882, 393.872671
	514.889511, 386.921958

face #530: 
	514.889511, 386.921958
	587.908865, 582.114725
	592.912645, 457.223192

face #531: 
	620.259315, 486.666524
	600.507651, 395.763279
	575.212882, 393.872671

face #532: 
	575.212882, 393.872671
	592.912645, 457.223192
	620.259315, 486.666524

face #533: 
	624.834809, 399.256150
	608.747253, 391.864141
	600.507651, 395.763279

face #534: 
	600.507651, 395.763279
	620.259315, 486.666524
	624.834809, 399.256150

face #535: 
	649.639528, 398.826817
	631.198387, 388.594555
	608.747253, 391.864141

face #536: 
	608.747253, 391.864141
	624.834809, 399.256150
	649.639528, 398.826817

face #537: 
	673.945062, 399.443521
	632.793954, 365.117636
	631.198387, 388.594555

face #538: 
	631.198387, 388.594555
	649.639528, 398.826817
	673.945062, 399.443521

face #539: 
	698.185438, 399.652699
	578.281435, 333.109972
	632.793954, 365.117636

face #540: 
	632.793954, 365.117636
	673.945062, 399.443521
	698.185438, 399.652699

face #541: 
	434.146250, 377.596950
	553.619910, 561.990950
	364.130545, 775.913806

face #542: 
	364.130545, 775.913806
	433.201250, 737.321250
	434.146250, 377.596950

face #543: 
	442.111250, 384.684450
	470.243016, 719.875271
	553.619910, 561.990950

face #544: 
	553.619910, 561.990950
	434.146250, 377.596950
	442.111250, 384.684450

face #545: 
	559.544032, 611.013634
	458.810000, 383.880000
	470.243016, 719.875271

face #546: 
	470.243016, 719.875271
	442.111250, 384.684450
	559.544032, 611.013634

face #547: 
	587.120189, 569.973661
	587.908865, 582.114725
	458.810000, 383.880000

face #548: 
	458.810000, 383.880000
	559.544032, 611.013634
	587.120189, 569.973661

face #549: 
	392.428589, 361.564474
	592.912645, 457.223192
	587.908865, 582.114725

face #550: 
	587.908865, 582.114725
	587.120189, 569.973661
	392.428589, 361.564474

face #551: 
	556.882223, 381.219950
	620.259315, 486.666524
	592.912645, 457.223192

face #552: 
	592.912645, 457.223192
	392.428589, 361.564474
	556.882223, 381.219950

face #553: 
	548.960000, 364.080000
	624.834809, 399.256150
	620.259315, 486.666524

face #554: 
	620.259315, 486.666524
	556.882223, 381.219950
	548.960000, 364.080000

face #555: 
	395.952161, 979.693422
	649.639528, 398.826817
	624.834809, 399.256150

face #556: 
	624.834809, 399.256150
	548.960000, 364.080000
	395.952161, 979.693422

face #557: 
	446.144896, 997.873057
	673.945062, 399.443521
	649.639528, 398.826817

face #558: 
	649.639528, 398.826817
	395.952161, 979.693422
	446.144896, 997.873057

face #559: 
	520.462169, 311.768543
	698.185438, 399.652699
	673.945062, 399.443521

face #560: 
	673.945062, 399.443521
	446.144896, 997.873057
	520.462169, 311.768543

face #561: 
	431.060000, 380.550000
	434.146250, 377.596950
	433.201250, 737.321250

face #562: 
	433.201250, 737.321250
	395.296062, 755.900925
	431.060000, 380.550000

face #563: 
	439.531250, 375.234300
	442.111250, 384.684450
	434.146250, 377.596950

face #564: 
	434.146250, 377.596950
	431.060000, 380.550000
	439.531250, 375.234300

face #565: 
	497.186829, 393.074608
	559.544032, 611.013634
	442.111250, 384.684450

face #566: 
	442.111250, 384.684450
	439.531250, 375.234300
	497.186829, 393.074608

face #567: 
	564.799187, 630.774995
	587.120189, 569.973661
	559.544032, 611.013634

face #568: 
	559.544032, 611.013634
	497.186829, 393.074608
	564.799187, 630.774995

face #569: 
	525.391076, 382.506876
	392.428589, 361.564474
	587.120189, 569.973661

face #570: 
	587.120189, 569.973661
	564.799187, 630.774995
	525.391076, 382.506876

face #571: 
	619.719927, 500.768732
	556.882223, 381.219950
	392.428589, 361.564474

face #572: 
	392.428589, 361.564474
	525.391076, 382.506876
	619.719927, 500.768732

face #573: 
	607.503631, 675.693945
	548.960000, 364.080000
	556.882223, 381.219950

face #574: 
	556.882223, 381.219950
	619.719927, 500.768732
	607.503631, 675.693945

face #575: 
	596.343278, 367.115369
	395.952161, 979.693422
	548.960000, 364.080000

face #576: 
	548.960000, 364.080000
	607.503631, 675.693945
	596.343278, 367.115369

face #577: 
	674.398543, 403.082778
	446.144896, 997.873057
	395.952161, 979.693422

face #578: 
	395.952161, 979.693422
	596.343278, 367.115369
	674.398543, 403.082778

face #579: 
	522.153618, 321.357125
	520.462169, 311.768543
	446.144896, 997.873057

face #580: 
	446.144896, 997.873057
	674.398543, 403.082778
	522.153618, 321.357125

face #581: 
	456.110680, 706.460020
	431.060000, 380.550000
	395.296062, 755.900925

face #582: 
	395.296062, 755.900925
	425.000000, 727.500000
	456.110680, 706.460020

face #583: 
	368.066076, 784.021621
	439.531250, 375.234300
	431.060000, 380.550000

face #584: 
	431.060000, 380.550000
	456.110680, 706.460020
	368.066076, 784.021621

face #585: 
	515.615357, 675.338617
	497.186829, 393.074608
	439.531250, 375.234300

face #586: 
	439.531250, 375.234300
	368.066076, 784.021621
	515.615357, 675.338617

face #587: 
	328.716582, 849.102720
	564.799187, 630.774995
	497.186829, 393.074608

face #588: 
	497.186829, 393.074608
	515.615357, 675.338617
	328.716582, 849.102720

face #589: 
	320.969180, 884.885133
	525.391076, 382.506876
	564.799187, 630.774995

face #590: 
	564.799187, 630.774995
	328.716582, 849.102720
	320.969180, 884.885133

face #591: 
	567.159555, 388.093808
	619.719927, 500.768732
	525.391076, 382.506876

face #592: 
	525.391076, 382.506876
	320.969180, 884.885133
	567.159555, 388.093808

face #593: 
	342.109246, 949.927938
	607.503631, 675.693945
	619.719927, 500.768732

face #594: 
	619.719927, 500.768732
	567.159555, 388.093808
	342.109246, 949.927938

face #595: 
	608.750362, 375.893896
	596.343278, 367.115369
	607.503631, 675.693945

face #596: 
	607.503631, 675.693945
	342.109246, 949.927938
	608.750362, 375.893896

face #597: 
	431.932033, 1003.317080
	674.398543, 403.082778
	596.343278, 367.115369

face #598: 
	596.343278, 367.115369
	608.750362, 375.893896
	431.932033, 1003.317080

face #599: 
	699.560858, 406.265081
	522.153618, 321.357125
	674.398543, 403.082778

face #600: 
	674.398543, 403.082778
	431.932033, 1003.317080
	699.560858, 406.265081

face #601: 
	720.555846, 399.105664
	721.004661, 398.849626
	518.750000, 337.500000

face #602: 
	518.750000, 337.500000
	503.884054, 321.060161
	720.555846, 399.105664

face #603: 
	742.039047, 398.493828
	742.631604, 398.230752
	721.004661, 398.849626

face #604: 
	721.004661, 398.849626
	720.555846, 399.105664
	742.039047, 398.493828

face #605: 
	762.148990, 397.481223
	762.885269, 397.206287
	742.631604, 398.230752

face #606: 
	742.631604, 398.230752
	742.039047, 398.493828
	762.148990, 397.481223

face #607: 
	773.750000, 367.500000
	781.865598, 395.763279
	762.885269, 397.206287

face #608: 
	762.885269, 397.206287
	762.148990, 397.481223
	773.750000, 367.500000

face #609: 
	798.537487, 394.187947
	799.525865, 623.870207
	781.865598, 395.763279

face #610: 
	781.865598, 395.763279
	773.750000, 367.500000
	798.537487, 394.187947

face #611: 
	812.284641, 593.632985
	825.057149, 367.689906
	799.525865, 623.870207

face #612: 
	799.525865, 623.870207
	798.537487, 394.187947
	812.284641, 593.632985

face #613: 
	830.927458, 397.287534
	830.647448, 388.541853
	825.057149, 367.689906

face #614: 
	825.057149, 367.689906
	812.284641, 593.632985
	830.927458, 397.287534

face #615: 
	838.738284, 396.830651
	864.680508, 815.202051
	830.647448, 388.541853

face #616: 
	830.647448, 388.541853
	830.927458, 397.287534
	838.738284, 396.830651

face #617: 
	851.898049, 381.066347
	857.333750, 377.596950
	864.680508, 815.202051

face #618: 
	864.680508, 815.202051
	838.738284, 396.830651
	851.898049, 381.066347

face #619: 
	850.155222, 389.881772
	840.920248, 534.024981
	857.333750, 377.596950

face #620: 
	857.333750, 377.596950
	851.898049, 381.066347
	850.155222, 389.881772

face #621: 
	587.266489, 317.197315
	720.555846, 399.105664
	503.884054, 321.060161

face #622: 
	503.884054, 321.060161
	507.868086, 314.742924
	587.266489, 317.197315

face #623: 
	683.121974, 864.309517
	742.039047, 398.493828
	720.555846, 399.105664

face #624: 
	720.555846, 399.105664
	587.266489, 317.197315
	683.121974, 864.309517

face #625: 
	749.575835, 369.823447
	762.148990, 397.481223
	742.039047, 398.493828

face #626: 
	742.039047, 398.493828
	683.121974, 864.309517
	749.575835, 369.823447

face #627: 
	757.169475, 334.548763
	773.750000, 367.500000
	762.148990, 397.481223

face #628: 
	762.148990, 397.481223
	749.575835, 369.823447
	757.169475, 334.548763

face #629: 
	797.895453, 395.443753
	798.537487, 394.187947
	773.750000, 367.500000

face #630: 
	773.750000, 367.500000
	757.169475, 334.548763
	797.895453, 395.443753

face #631: 
	812.902357, 423.492760
	812.284641, 593.632985
	798.537487, 394.187947

face #632: 
	798.537487, 394.187947
	797.895453, 395.443753
	812.902357, 423.492760

face #633: 
	828.429661, 390.325763
	830.927458, 397.287534
	812.284641, 593.632985

face #634: 
	812.284641, 593.632985
	812.902357, 423.492760
	828.429661, 390.325763

face #635: 
	840.904538, 386.875880
	838.738284, 396.830651
	830.927458, 397.287534

face #636: 
	830.927458, 397.287534
	828.429661, 390.325763
	840.904538, 386.875880

face #637: 
	850.821295, 382.685792
	851.898049, 381.066347
	838.738284, 396.830651

face #638: 
	838.738284, 396.830651
	840.904538, 386.875880
	850.821295, 382.685792

face #639: 
	875.154702, 802.349302
	850.155222, 389.881772
	851.898049, 381.066347

face #640: 
	851.898049, 381.066347
	850.821295, 382.685792
	875.154702, 802.349302

face #641: 
	720.277588, 400.231863
	587.266489, 317.197315
	507.868086, 314.742924

face #642: 
	507.868086, 314.742924
	511.718637, 310.850334
	720.277588, 400.231863

face #643: 
	650.904685, 966.190372
	683.121974, 864.309517
	587.266489, 317.197315

face #644: 
	587.266489, 317.197315
	720.277588, 400.231863
	650.904685, 966.190372

face #645: 
	761.692714, 398.649821
	749.575835, 369.823447
	683.121974, 864.309517

face #646: 
	683.121974, 864.309517
	650.904685, 966.190372
	761.692714, 398.649821

face #647: 
	780.434878, 397.261501
	757.169475, 334.548763
	749.575835, 369.823447

face #648: 
	749.575835, 369.823447
	761.692714, 398.649821
	780.434878, 397.261501

face #649: 
	795.876534, 881.430134
	797.895453, 395.443753
	757.169475, 334.548763

face #650: 
	757.169475, 334.548763
	780.434878, 397.261501
	795.876534, 881.430134

face #651: 
	813.984967, 677.906837
	812.902357, 423.492760
	797.895453, 395.443753

face #652: 
	797.895453, 395.443753
	795.876534, 881.430134
	813.984967, 677.906837

face #653: 
	828.448314, 689.242021
	828.429661, 390.325763
	812.902357, 423.492760

face #654: 
	812.902357, 423.492760
	813.984967, 677.906837
	828.448314, 689.242021

face #655: 
	855.032769, 790.310259
	840.904538, 386.875880
	828.429661, 390.325763

face #656: 
	828.429661, 390.325763
	828.448314, 689.242021
	855.032769, 790.310259

face #657: 
	850.844964, 719.875271
	850.821295, 382.685792
	840.904538, 386.875880

face #658: 
	840.904538, 386.875880
	855.032769, 790.310259
	850.844964, 719.875271

face #659: 
	857.360000, 740.280000
	875.154702, 802.349302
	850.821295, 382.685792

face #660: 
	850.821295, 382.685792
	850.844964, 719.875271
	857.360000, 740.280000

face #661: 
	720.896364, 408.922566
	720.277588, 400.231863
	511.718637, 310.850334

face #662: 
	511.718637, 310.850334
	515.225921, 309.179218
	720.896364, 408.922566

face #663: 
	742.488655, 408.426335
	650.904685, 966.190372
	720.277588, 400.231863

face #664: 
	720.277588, 400.231863
	720.896364, 408.922566
	742.488655, 408.426335

face #665: 
	762.707595, 407.604923
	761.692714, 398.649821
	650.904685, 966.190372

face #666: 
	650.904685, 966.190372
	742.488655, 408.426335
	762.707595, 407.604923

face #667: 
	744.542185, 521.743863
	780.434878, 397.261501
	761.692714, 398.649821

face #668: 
	761.692714, 398.649821
	762.707595, 407.604923
	744.542185, 521.743863

face #669: 
	799.323986, 404.932399
	795.876534, 881.430134
	780.434878, 397.261501

face #670: 
	780.434878, 397.261501
	744.542185, 521.743863
	799.323986, 404.932399

face #671: 
	812.511570, 502.478886
	813.984967, 677.906837
	795.876534, 881.430134

face #672: 
	795.876534, 881.430134
	799.323986, 404.932399
	812.511570, 502.478886

face #673: 
	825.721862, 621.368592
	828.448314, 689.242021
	813.984967, 677.906837

face #674: 
	813.984967, 677.906837
	812.511570, 502.478886
	825.721862, 621.368592

face #675: 
	843.041371, 397.775467
	855.032769, 790.310259
	828.448314, 689.242021

face #676: 
	828.448314, 689.242021
	825.721862, 621.368592
	843.041371, 397.775467

face #677: 
	848.458474, 699.042144
	850.844964, 719.875271
	855.032769, 790.310259

face #678: 
	855.032769, 790.310259
	843.041371, 397.775467
	848.458474, 699.042144

face #679: 
	843.712254, 457.888006
	857.360000, 740.280000
	850.844964, 719.875271

face #680: 
	850.844964, 719.875271
	848.458474, 699.042144
	843.712254, 457.888006

face #681: 
	695.532618, 721.261545
	720.896364, 408.922566
	515.225921, 309.179218

face #682: 
	515.225921, 309.179218
	518.199609, 309.539977
	695.532618, 721.261545

face #683: 
	735.852275, 388.594555
	742.488655, 408.426335
	720.896364, 408.922566

face #684: 
	720.896364, 408.922566
	695.532618, 721.261545
	735.852275, 388.594555

face #685: 
	759.912283, 391.864141
	762.707595, 407.604923
	742.488655, 408.426335

face #686: 
	742.488655, 408.426335
	735.852275, 388.594555
	759.912283, 391.864141

face #687: 
	782.998764, 396.366801
	744.542185, 521.743863
	762.707595, 407.604923

face #688: 
	762.707595, 407.604923
	759.912283, 391.864141
	782.998764, 396.366801

face #689: 
	800.904702, 394.480594
	799.323986, 404.932399
	744.542185, 521.743863

face #690: 
	744.542185, 521.743863
	782.998764, 396.366801
	800.904702, 394.480594

face #691: 
	834.308408, 871.342261
	812.511570, 502.478886
	799.323986, 404.932399

face #692: 
	799.323986, 404.932399
	800.904702, 394.480594
	834.308408, 871.342261

face #693: 
	855.432275, 836.808813
	825.721862, 621.368592
	812.511570, 502.478886

face #694: 
	812.511570, 502.478886
	834.308408, 871.342261
	855.432275, 836.808813

face #695: 
	837.740677, 440.318640
	843.041371, 397.775467
	825.721862, 621.368592

face #696: 
	825.721862, 621.368592
	855.432275, 836.808813
	837.740677, 440.318640

face #697: 
	857.888750, 384.684450
	848.458474, 699.042144
	843.041371, 397.775467

face #698: 
	843.041371, 397.775467
	837.740677, 440.318640
	857.888750, 384.684450

face #699: 
	852.610588, 393.568353
	843.712254, 457.888006
	848.458474, 699.042144

face #700: 
	848.458474, 699.042144
	857.888750, 384.684450
	852.610588, 393.568353

face #701: 
	722.237523, 400.863106
	695.532618, 721.261545
	518.199609, 309.539977

face #702: 
	518.199609, 309.539977
	697.799858, 399.059566
	722.237523, 400.863106

face #703: 
	744.259901, 400.258145
	735.852275, 388.594555
	695.532618, 721.261545

face #704: 
	695.532618, 721.261545
	722.237523, 400.863106
	744.259901, 400.258145

face #705: 
	751.524502, 367.132933
	759.912283, 391.864141
	735.852275, 388.594555

face #706: 
	735.852275, 388.594555
	744.259901, 400.258145
	751.524502, 367.132933

face #707: 
	749.160561, 952.247025
	782.998764, 396.366801
	759.912283, 391.864141

face #708: 
	759.912283, 391.864141
	751.524502, 367.132933
	749.160561, 952.247025

face #709: 
	803.209577, 808.607101
	800.904702, 394.480594
	782.998764, 396.366801

face #710: 
	782.998764, 396.366801
	749.160561, 952.247025
	803.209577, 808.607101

face #711: 
	814.945422, 516.649673
	834.308408, 871.342261
	800.904702, 394.480594

face #712: 
	800.904702, 394.480594
	803.209577, 808.607101
	814.945422, 516.649673

face #713: 
	828.122363, 473.751711
	855.432275, 836.808813
	834.308408, 871.342261

face #714: 
	834.308408, 871.342261
	814.945422, 516.649673
	828.122363, 473.751711

face #715: 
	840.135768, 639.577540
	837.740677, 440.318640
	855.432275, 836.808813

face #716: 
	855.432275, 836.808813
	828.122363, 473.751711
	840.135768, 639.577540

face #717: 
	860.468750, 375.234300
	857.888750, 384.684450
	837.740677, 440.318640

face #718: 
	837.740677, 440.318640
	840.135768, 639.577540
	860.468750, 375.234300

face #719: 
	842.760181, 561.990950
	852.610588, 393.568353
	857.888750, 384.684450

face #720: 
	857.888750, 384.684450
	860.468750, 375.234300
	842.760181, 561.990950

face #721: 
	581.805813, 997.873057
	722.237523, 400.863106
	697.799858, 399.059566

face #722: 
	697.799858, 399.059566
	698.185438, 399.652699
	581.805813, 997.873057

face #723: 
	650.980404, 979.693422
	744.259901, 400.258145
	722.237523, 400.863106

face #724: 
	722.237523, 400.863106
	581.805813, 997.873057
	650.980404, 979.693422

face #725: 
	764.909478, 399.256150
	751.524502, 367.132933
	744.259901, 400.258145

face #726: 
	744.259901, 400.258145
	650.980404, 979.693422
	764.909478, 399.256150

face #727: 
	783.123343, 394.628428
	749.160561, 952.247025
	751.524502, 367.132933

face #728: 
	751.524502, 367.132933
	764.909478, 399.256150
	783.123343, 394.628428

face #729: 
	802.926210, 664.089667
	803.209577, 808.607101
	749.160561, 952.247025

face #730: 
	749.160561, 952.247025
	783.123343, 394.628428
	802.926210, 664.089667

face #731: 
	819.788698, 673.398866
	814.945422, 516.649673
	803.209577, 808.607101

face #732: 
	803.209577, 808.607101
	802.926210, 664.089667
	819.788698, 673.398866

face #733: 
	839.667955, 393.982891
	828.122363, 473.751711
	814.945422, 516.649673

face #734: 
	814.945422, 516.649673
	819.788698, 673.398866
	839.667955, 393.982891

face #735: 
	851.320923, 389.286587
	840.135768, 639.577540
	828.122363, 473.751711

face #736: 
	828.122363, 473.751711
	839.667955, 393.982891
	851.320923, 389.286587

face #737: 
	875.154218, 784.021621
	860.468750, 375.234300
	840.135768, 639.577540

face #738: 
	840.135768, 639.577540
	851.320923, 389.286587
	875.154218, 784.021621

face #739: 
	861.231842, 385.684341
	842.760181, 561.990950
	860.468750, 375.234300

face #740: 
	860.468750, 375.234300
	875.154218, 784.021621
	861.231842, 385.684341

face #741: 
	723.631720, 406.078162
	581.805813, 997.873057
	698.185438, 399.652699

face #742: 
	698.185438, 399.652699
	692.979452, 399.229452
	723.631720, 406.078162

face #743: 
	726.172187, 367.115369
	650.980404, 979.693422
	581.805813, 997.873057

face #744: 
	581.805813, 997.873057
	723.631720, 406.078162
	726.172187, 367.115369

face #745: 
	737.300336, 833.771062
	764.909478, 399.256150
	650.980404, 979.693422

face #746: 
	650.980404, 979.693422
	726.172187, 367.115369
	737.300336, 833.771062

face #747: 
	788.078343, 588.958695
	783.123343, 394.628428
	764.909478, 399.256150

face #748: 
	764.909478, 399.256150
	737.300336, 833.771062
	788.078343, 588.958695

face #749: 
	804.010652, 614.626753
	802.926210, 664.089667
	783.123343, 394.628428

face #750: 
	783.123343, 394.628428
	788.078343, 588.958695
	804.010652, 614.626753

face #751: 
	817.905007, 543.930216
	819.788698, 673.398866
	802.926210, 664.089667

face #752: 
	802.926210, 664.089667
	804.010652, 614.626753
	817.905007, 543.930216

face #753: 
	845.000000, 390.000000
	839.667955, 393.982891
	819.788698, 673.398866

face #754: 
	819.788698, 673.398866
	817.905007, 543.930216
	845.000000, 390.000000

face #755: 
	858.530000, 375.825000
	851.320923, 389.286587
	839.667955, 393.982891

face #756: 
	839.667955, 393.982891
	845.000000, 390.000000
	858.530000, 375.825000

face #757: 
	849.190194, 474.963340
	875.154218, 784.021621
	851.320923, 389.286587

face #758: 
	851.320923, 389.286587
	858.530000, 375.825000
	849.190194, 474.963340

face #759: 
	864.006479, 389.576572
	861.231842, 385.684341
	875.154218, 784.021621

face #760: 
	875.154218, 784.021621
	849.190194, 474.963340
	864.006479, 389.576572

face #761: 
	578.541585, 1004.179915
	723.631720, 406.078162
	692.979452, 399.229452

face #762: 
	692.979452, 399.229452
	694.726992, 403.595658
	578.541585, 1004.179915

face #763: 
	651.025700, 984.941437
	726.172187, 367.115369
	723.631720, 406.078162

face #764: 
	723.631720, 406.078162
	578.541585, 1004.179915
	651.025700, 984.941437

face #765: 
	767.227258, 647.439594
	737.300336, 833.771062
	726.172187, 367.115369

face #766: 
	726.172187, 367.115369
	651.025700, 984.941437
	767.227258, 647.439594

face #767: 
	787.081845, 653.049651
	788.078343, 588.958695
	737.300336, 833.771062

face #768: 
	737.300336, 833.771062
	767.227258, 647.439594
	787.081845, 653.049651

face #769: 
	805.705628, 660.417814
	804.010652, 614.626753
	788.078343, 588.958695

face #770: 
	788.078343, 588.958695
	787.081845, 653.049651
	805.705628, 660.417814

face #771: 
	823.011323, 669.740960
	817.905007, 543.930216
	804.010652, 614.626753

face #772: 
	804.010652, 614.626753
	805.705628, 660.417814
	823.011323, 669.740960

face #773: 
	838.787620, 681.303271
	845.000000, 390.000000
	817.905007, 543.930216

face #774: 
	817.905007, 543.930216
	823.011323, 669.740960
	838.787620, 681.303271

face #775: 
	852.666876, 695.499267
	858.530000, 375.825000
	845.000000, 390.000000

face #776: 
	845.000000, 390.000000
	838.787620, 681.303271
	852.666876, 695.499267

face #777: 
	864.070019, 712.870147
	849.190194, 474.963340
	858.530000, 375.825000

face #778: 
	858.530000, 375.825000
	852.666876, 695.499267
	864.070019, 712.870147

face #779: 
	866.635245, 706.460020
	864.006479, 389.576572
	849.190194, 474.963340

face #780: 
	849.190194, 474.963340
	864.070019, 712.870147
	866.635245, 706.460020

face #781: 
	724.286939, 635.797691
	578.541585, 1004.179915
	694.726992, 403.595658

face #782: 
	694.726992, 403.595658
	500.000000, 330.000000
	724.286939, 635.797691

face #783: 
	747.579731, 634.841797
	651.025700, 984.941437
	578.541585, 1004.179915

face #784: 
	578.541585, 1004.179915
	724.286939, 635.797691
	747.579731, 634.841797

face #785: 
	768.279213, 642.052155
	767.227258, 647.439594
	651.025700, 984.941437

face #786: 
	651.025700, 984.941437
	747.579731, 634.841797
	768.279213, 642.052155

face #787: 
	790.267472, 514.446278
	787.081845, 653.049651
	767.227258, 647.439594

face #788: 
	767.227258, 647.439594
	768.279213, 642.052155
	790.267472, 514.446278

face #789: 
	809.116810, 389.996189
	805.705628, 660.417814
	787.081845, 653.049651

face #790: 
	787.081845, 653.049651
	790.267472, 514.446278
	809.116810, 389.996189

face #791: 
	829.014182, 707.761381
	823.011323, 669.740960
	805.705628, 660.417814

face #792: 
	805.705628, 660.417814
	809.116810, 389.996189
	829.014182, 707.761381

face #793: 
	835.570485, 599.844762
	838.787620, 681.303271
	823.011323, 669.740960

face #794: 
	823.011323, 669.740960
	829.014182, 707.761381
	835.570485, 599.844762

face #795: 
	859.317334, 716.272498
	852.666876, 695.499267
	838.787620, 681.303271

face #796: 
	838.787620, 681.303271
	835.570485, 599.844762
	859.317334, 716.272498

face #797: 
	872.120000, 734.160000
	864.070019, 712.870147
	852.666876, 695.499267

face #798: 
	852.666876, 695.499267
	859.317334, 716.272498
	872.120000, 734.160000

face #799: 
	877.100000, 723.438750
	866.635245, 706.460020
	864.070019, 712.870147

face #800: 
	864.070019, 712.870147
	872.120000, 734.160000
	877.100000, 723.438750

face #801: 
	891.008457, 410.184508
	878.545906, 384.637675
	875.000000, 390.000000

face #802: 
	875.000000, 390.000000
	886.212500, 413.613750
	891.008457, 410.184508

face #803: 
	889.300314, 406.294403
	875.785266, 378.612222
	878.545906, 384.637675

face #804: 
	878.545906, 384.637675
	891.008457, 410.184508
	889.300314, 406.294403

face #805: 
	879.514689, 401.932646
	865.338573, 371.927861
	875.785266, 378.612222

face #806: 
	875.785266, 378.612222
	889.300314, 406.294403
	879.514689, 401.932646

face #807: 
	859.807655, 397.131554
	845.641784, 364.656350
	865.338573, 371.927861

face #808: 
	865.338573, 371.927861
	879.514689, 401.932646
	859.807655, 397.131554

face #809: 
	828.233215, 391.996289
	815.116279, 356.976744
	845.641784, 364.656350

face #810: 
	845.641784, 364.656350
	859.807655, 397.131554
	828.233215, 391.996289

face #811: 
	783.121212, 386.741055
	788.347192, 647.559517
	815.116279, 356.976744

face #812: 
	815.116279, 356.976744
	828.233215, 391.996289
	783.121212, 386.741055

face #813: 
	723.733365, 381.721329
	718.570295, 946.324530
	788.347192, 647.559517

face #814: 
	788.347192, 647.559517
	783.121212, 386.741055
	723.733365, 381.721329

face #815: 
	651.155537, 377.438654
	651.051188, 978.450640
	718.570295, 946.324530

face #816: 
	718.570295, 946.324530
	723.733365, 381.721329
	651.155537, 377.438654

face #817: 
	569.132389, 374.485467
	576.711950, 997.942501
	651.051188, 978.450640

face #818: 
	651.051188, 978.450640
	651.155537, 377.438654
	569.132389, 374.485467

face #819: 
	701.633969, 426.138860
	700.000000, 410.000000
	576.711950, 997.942501

face #820: 
	576.711950, 997.942501
	569.132389, 374.485467
	701.633969, 426.138860

face #821: 
	903.329687, 435.888022
	891.008457, 410.184508
	886.212500, 413.613750

face #822: 
	886.212500, 413.613750
	897.200000, 437.160000
	903.329687, 435.888022

face #823: 
	902.796677, 434.431470
	889.300314, 406.294403
	891.008457, 410.184508

face #824: 
	891.008457, 410.184508
	903.329687, 435.888022
	902.796677, 434.431470

face #825: 
	893.831587, 432.780833
	879.514689, 401.932646
	889.300314, 406.294403

face #826: 
	889.300314, 406.294403
	902.796677, 434.431470
	893.831587, 432.780833

face #827: 
	874.292680, 430.942203
	859.807655, 397.131554
	879.514689, 401.932646

face #828: 
	879.514689, 401.932646
	893.831587, 432.780833
	874.292680, 430.942203

face #829: 
	841.824779, 428.949899
	828.233215, 391.996289
	859.807655, 397.131554

face #830: 
	859.807655, 397.131554
	874.292680, 430.942203
	841.824779, 428.949899

face #831: 
	794.269363, 426.883011
	783.121212, 386.741055
	828.233215, 391.996289

face #832: 
	828.233215, 391.996289
	841.824779, 428.949899
	794.269363, 426.883011

face #833: 
	730.442883, 424.881712
	723.733365, 381.721329
	783.121212, 386.741055

face #834: 
	783.121212, 386.741055
	794.269363, 426.883011
	730.442883, 424.881712

face #835: 
	651.268125, 423.152978
	651.155537, 377.438654
	723.733365, 381.721329

face #836: 
	723.733365, 381.721329
	730.442883, 424.881712
	651.268125, 423.152978

face #837: 
	560.914664, 421.949264
	569.132389, 374.485467
	651.155537, 377.438654

face #838: 
	651.155537, 377.438654
	651.268125, 423.152978
	560.914664, 421.949264

face #839: 
	709.054163, 572.194826
	701.633969, 426.138860
	569.132389, 374.485467

face #840: 
	569.132389, 374.485467
	560.914664, 421.949264
	709.054163, 572.194826

face #841: 
	915.248522, 461.667746
	903.329687, 435.888022
	897.200000, 437.160000

face #842: 
	897.200000, 437.160000
	907.737500, 460.571250
	915.248522, 461.667746

face #843: 
	915.982172, 462.934832
	902.796677, 434.431470
	903.329687, 435.888022

face #844: 
	903.329687, 435.888022
	915.248522, 461.667746
	915.982172, 462.934832

face #845: 
	907.976207, 464.385791
	893.831587, 432.780833
	902.796677, 434.431470

face #846: 
	902.796677, 434.431470
	915.982172, 462.934832
	907.976207, 464.385791

face #847: 
	888.782782, 466.021115
	874.292680, 430.942203
	893.831587, 432.780833

face #848: 
	893.831587, 432.780833
	907.976207, 464.385791
	888.782782, 466.021115

face #849: 
	848.249362, 840.477103
	841.824779, 428.949899
	874.292680, 430.942203

face #850: 
	874.292680, 430.942203
	888.782782, 466.021115
	848.249362, 840.477103

face #851: 
	805.732593, 469.704652
	794.269363, 426.883011
	841.824779, 428.949899

face #852: 
	841.824779, 428.949899
	848.249362, 840.477103
	805.732593, 469.704652

face #853: 
	740.795547, 953.909986
	730.442883, 424.881712
	794.269363, 426.883011

face #854: 
	794.269363, 426.883011
	805.732593, 469.704652
	740.795547, 953.909986

face #855: 
	651.386437, 473.181295
	651.268125, 423.152978
	730.442883, 424.881712

face #856: 
	730.442883, 424.881712
	740.795547, 953.909986
	651.386437, 473.181295

face #857: 
	732.143900, 603.788980
	560.914664, 421.949264
	651.268125, 423.152978

face #858: 
	651.268125, 423.152978
	651.386437, 473.181295
	732.143900, 603.788980

face #859: 
	467.159763, 421.508876
	709.054163, 572.194826
	560.914664, 421.949264

face #860: 
	560.914664, 421.949264
	732.143900, 603.788980
	467.159763, 421.508876

face #861: 
	926.495883, 487.432391
	915.248522, 461.667746
	907.737500, 460.571250

face #862: 
	907.737500, 460.571250
	917.600000, 483.780000
	926.495883, 487.432391

face #863: 
	928.543343, 491.689413
	915.982172, 462.934832
	915.248522, 461.667746

face #864: 
	915.248522, 461.667746
	926.495883, 487.432391
	928.543343, 491.689413

face #865: 
	921.598042, 496.612842
	907.976207, 464.385791
	915.982172, 462.934832

face #866: 
	915.982172, 462.934832
	928.543343, 491.689413
	921.598042, 496.612842

face #867: 
	902.909381, 502.225080
	888.782782, 466.021115
	907.976207, 464.385791

face #868: 
	907.976207, 464.385791
	921.598042, 496.612842
	902.909381, 502.225080

face #869: 
	869.222781, 508.464485
	848.249362, 840.477103
	888.782782, 466.021115

face #870: 
	888.782782, 466.021115
	902.909381, 502.225080
	869.222781, 508.464485

face #871: 
	817.220211, 515.118323
	805.732593, 469.704652
	848.249362, 840.477103

face #872: 
	848.249362, 840.477103
	869.222781, 508.464485
	817.220211, 515.118323

face #873: 
	781.652420, 406.448016
	740.795547, 953.909986
	805.732593, 469.704652

face #874: 
	805.732593, 469.704652
	817.220211, 515.118323
	781.652420, 406.448016

face #875: 
	651.508355, 527.617821
	651.386437, 473.181295
	740.795547, 953.909986

face #876: 
	740.795547, 953.909986
	781.652420, 406.448016
	651.508355, 527.617821

face #877: 
	543.113720, 531.793220
	732.143900, 603.788980
	651.386437, 473.181295

face #878: 
	651.386437, 473.181295
	651.508355, 527.617821
	543.113720, 531.793220

face #879: 
	535.294118, 344.117647
	467.159763, 421.508876
	732.143900, 603.788980

face #880: 
	732.143900, 603.788980
	543.113720, 531.793220
	535.294118, 344.117647

face #881: 
	936.794943, 513.079754
	926.495883, 487.432391
	917.600000, 483.780000

face #882: 
	917.600000, 483.780000
	926.562500, 506.718750
	936.794943, 513.079754

face #883: 
	940.147692, 520.552437
	928.543343, 491.689413
	926.495883, 487.432391

face #884: 
	926.495883, 487.432391
	936.794943, 513.079754
	940.147692, 520.552437

face #885: 
	934.311902, 529.274554
	921.598042, 496.612842
	928.543343, 491.689413

face #886: 
	928.543343, 491.689413
	940.147692, 520.552437
	934.311902, 529.274554

face #887: 
	916.248898, 539.322742
	902.909381, 502.225080
	921.598042, 496.612842

face #888: 
	921.598042, 496.612842
	934.311902, 529.274554
	916.248898, 539.322742

face #889: 
	882.249280, 550.628379
	869.222781, 508.464485
	902.909381, 502.225080

face #890: 
	902.909381, 502.225080
	916.248898, 539.322742
	882.249280, 550.628379

face #891: 
	828.362812, 562.843941
	817.220211, 515.118323
	869.222781, 508.464485

face #892: 
	869.222781, 508.464485
	882.249280, 550.628379
	828.362812, 562.843941

face #893: 
	751.530282, 575.174071
	781.652420, 406.448016
	817.220211, 515.118323

face #894: 
	817.220211, 515.118323
	828.362812, 562.843941
	751.530282, 575.174071

face #895: 
	651.629860, 586.247077
	651.508355, 527.617821
	781.652420, 406.448016

face #896: 
	781.652420, 406.448016
	751.530282, 575.174071
	651.629860, 586.247077

face #897: 
	534.012332, 594.200578
	543.113720, 531.793220
	651.508355, 527.617821

face #898: 
	651.508355, 527.617821
	651.629860, 586.247077
	534.012332, 594.200578

face #899: 
	429.934211, 533.338816
	535.294118, 344.117647
	543.113720, 531.793220

face #900: 
	543.113720, 531.793220
	534.012332, 594.200578
	429.934211, 533.338816

face #901: 
	945.862775, 538.497023
	936.794943, 513.079754
	926.562500, 506.718750

face #902: 
	926.562500, 506.718750
	934.400000, 529.320000
	945.862775, 538.497023

face #903: 
	950.446850, 549.352845
	940.147692, 520.552437
	936.794943, 513.079754

face #904: 
	936.794943, 513.079754
	945.862775, 538.497023
	950.446850, 549.352845

face #905: 
	945.701428, 562.127443
	934.311902, 529.274554
	940.147692, 520.552437

face #906: 
	940.147692, 520.552437
	950.446850, 549.352845
	945.701428, 562.127443

face #907: 
	928.328169, 576.984601
	916.248898, 539.322742
	934.311902, 529.274554

face #908: 
	934.311902, 529.274554
	945.701428, 562.127443
	928.328169, 576.984601

face #909: 
	894.188071, 593.883326
	882.249280, 550.628379
	916.248898, 539.322742

face #910: 
	916.248898, 539.322742
	928.328169, 576.984601
	894.188071, 593.883326

face #911: 
	838.709202, 612.362983
	828.362812, 562.843941
	882.249280, 550.628379

face #912: 
	882.249280, 550.628379
	894.188071, 593.883326
	838.709202, 612.362983

face #913: 
	758.104844, 631.252728
	751.530282, 575.174071
	828.362812, 562.843941

face #914: 
	828.362812, 562.843941
	838.709202, 612.362983
	758.104844, 631.252728

face #915: 
	651.745459, 648.423188
	651.629860, 586.247077
	751.530282, 575.174071

face #916: 
	751.530282, 575.174071
	758.104844, 631.252728
	651.745459, 648.423188

face #917: 
	525.273568, 660.878928
	534.012332, 594.200578
	651.629860, 586.247077

face #918: 
	651.629860, 586.247077
	651.745459, 648.423188
	525.273568, 660.878928

face #919: 
	708.088235, 498.602941
	429.934211, 533.338816
	534.012332, 594.200578

face #920: 
	534.012332, 594.200578
	525.273568, 660.878928
	708.088235, 498.602941

face #921: 
	953.412325, 563.560982
	945.862775, 538.497023
	934.400000, 529.320000

face #922: 
	934.400000, 529.320000
	940.887500, 551.516250
	953.412325, 563.560982

face #923: 
	959.080999, 577.891695
	950.446850, 549.352845
	945.862775, 538.497023

face #924: 
	945.862775, 538.497023
	953.412325, 563.560982
	959.080999, 577.891695

face #925: 
	955.327335, 594.871100
	945.701428, 562.127443
	950.446850, 549.352845

face #926: 
	950.446850, 549.352845
	959.080999, 577.891695
	955.327335, 594.871100

face #927: 
	938.633544, 614.777618
	928.328169, 576.984601
	945.701428, 562.127443

face #928: 
	945.701428, 562.127443
	955.327335, 594.871100
	938.633544, 614.777618

face #929: 
	904.483490, 637.630188
	894.188071, 593.883326
	928.328169, 576.984601

face #930: 
	928.328169, 576.984601
	938.633544, 614.777618
	904.483490, 637.630188

face #931: 
	847.736166, 662.881238
	838.709202, 612.362983
	894.188071, 593.883326

face #932: 
	894.188071, 593.883326
	904.483490, 637.630188
	847.736166, 662.881238

face #933: 
	763.910041, 688.978349
	758.104844, 631.252728
	838.709202, 612.362983

face #934: 
	838.709202, 612.362983
	847.736166, 662.881238
	763.910041, 688.978349

face #935: 
	651.848421, 712.955047
	651.745459, 648.423188
	758.104844, 631.252728

face #936: 
	758.104844, 631.252728
	763.910041, 688.978349
	651.848421, 712.955047

face #937: 
	517.412096, 730.501884
	525.273568, 660.878928
	651.745459, 648.423188

face #938: 
	651.745459, 648.423188
	651.848421, 712.955047
	517.412096, 730.501884

face #939: 
	707.096774, 485.129032
	708.088235, 498.602941
	525.273568, 660.878928

face #940: 
	525.273568, 660.878928
	517.412096, 730.501884
	707.096774, 485.129032

face #941: 
	959.155970, 588.139031
	953.412325, 563.560982
	940.887500, 551.516250

face #942: 
	940.887500, 551.516250
	945.800000, 573.240000
	959.155970, 588.139031

face #943: 
	965.686000, 605.943873
	959.080999, 577.891695
	953.412325, 563.560982

face #944: 
	953.412325, 563.560982
	959.155970, 588.139031
	965.686000, 605.943873

face #945: 
	962.739244, 627.150159
	955.327335, 594.871100
	959.080999, 577.891695

face #946: 
	959.080999, 577.891695
	965.686000, 605.943873
	962.739244, 627.150159

face #947: 
	946.629739, 652.166460
	938.633544, 614.777618
	955.327335, 594.871100

face #948: 
	955.327335, 594.871100
	962.739244, 627.150159
	946.629739, 652.166460

face #949: 
	912.542191, 681.092332
	904.483490, 637.630188
	938.633544, 614.777618

face #950: 
	938.633544, 614.777618
	946.629739, 652.166460
	912.542191, 681.092332

face #951: 
	854.871092, 713.314579
	847.736166, 662.881238
	904.483490, 637.630188

face #952: 
	904.483490, 637.630188
	912.542191, 681.092332
	854.871092, 713.314579

face #953: 
	768.544637, 746.907574
	763.910041, 688.978349
	847.736166, 662.881238

face #954: 
	847.736166, 662.881238
	854.871092, 713.314579
	768.544637, 746.907574

face #955: 
	651.931641, 778.035540
	651.848421, 712.955047
	763.910041, 688.978349

face #956: 
	763.910041, 688.978349
	768.544637, 746.907574
	651.931641, 778.035540

face #957: 
	511.035135, 800.978119
	517.412096, 730.501884
	651.848421, 712.955047

face #958: 
	651.848421, 712.955047
	651.931641, 778.035540
	511.035135, 800.978119

face #959: 
	375.771860, 737.107000
	707.096774, 485.129032
	517.412096, 730.501884

face #960: 
	517.412096, 730.501884
	511.035135, 800.978119
	375.771860, 737.107000

face #961: 
	962.806759, 612.089932
	959.155970, 588.139031
	945.800000, 573.240000

face #962: 
	945.800000, 573.240000
	948.912500, 594.423750
	962.806759, 612.089932

face #963: 
	969.900894, 633.260808
	965.686000, 605.943873
	959.155970, 588.139031

face #964: 
	959.155970, 588.139031
	962.806759, 612.089932
	969.900894, 633.260808

face #965: 
	967.491586, 658.560577
	962.739244, 627.150159
	965.686000, 605.943873

face #966: 
	965.686000, 605.943873
	969.900894, 633.260808
	967.491586, 658.560577

face #967: 
	951.784757, 688.524283
	946.629739, 652.166460
	962.739244, 627.150159

face #968: 
	962.739244, 627.150159
	967.491586, 658.560577
	951.784757, 688.524283

face #969: 
	917.770686, 723.331905
	912.542191, 681.092332
	946.629739, 652.166460

face #970: 
	946.629739, 652.166460
	951.784757, 688.524283
	917.770686, 723.331905

face #971: 
	859.532822, 762.311010
	854.871092, 713.314579
	912.542191, 681.092332

face #972: 
	912.542191, 681.092332
	917.770686, 723.331905
	859.532822, 762.311010

face #973: 
	791.167474, 404.116747
	768.544637, 746.907574
	854.871092, 713.314579

face #974: 
	854.871092, 713.314579
	859.532822, 762.311010
	791.167474, 404.116747

face #975: 
	651.986742, 841.262916
	651.931641, 778.035540
	768.544637, 746.907574

face #976: 
	768.544637, 746.907574
	791.167474, 404.116747
	651.986742, 841.262916

face #977: 
	506.788154, 869.463761
	511.035135, 800.978119
	651.931641, 778.035540

face #978: 
	651.931641, 778.035540
	651.986742, 841.262916
	506.788154, 869.463761

face #979: 
	709.493162, 524.360418
	375.771860, 737.107000
	511.035135, 800.978119

face #980: 
	511.035135, 800.978119
	506.788154, 869.463761
	709.493162, 524.360418

face #981: 
	964.084676, 635.265585
	962.806759, 612.089932
	948.912500, 594.423750

face #982: 
	948.912500, 594.423750
	950.000000, 615.000000
	964.084676, 635.265585

face #983: 
	911.263084, 586.060779
	969.900894, 633.260808
	962.806759, 612.089932

face #984: 
	962.806759, 612.089932
	964.084676, 635.265585
	911.263084, 586.060779

face #985: 
	889.369116, 576.085096
	967.491586, 658.560577
	969.900894, 633.260808

face #986: 
	969.900894, 633.260808
	911.263084, 586.060779
	889.369116, 576.085096

face #987: 
	866.466723, 568.199358
	951.784757, 688.524283
	967.491586, 658.560577

face #988: 
	967.491586, 658.560577
	889.369116, 576.085096
	866.466723, 568.199358

face #989: 
	842.760181, 561.990950
	917.770686, 723.331905
	951.784757, 688.524283

face #990: 
	951.784757, 688.524283
	866.466723, 568.199358
	842.760181, 561.990950

face #991: 
	818.301808, 557.176263
	859.532822, 762.311010
	917.770686, 723.331905

face #992: 
	917.770686, 723.331905
	842.760181, 561.990950
	818.301808, 557.176263

face #993: 
	793.025475, 553.563418
	791.167474, 404.116747
	859.532822, 762.311010

face #994: 
	859.532822, 762.311010
	818.301808, 557.176263
	793.025475, 553.563418

face #995: 
	766.759193, 551.030305
	651.986742, 841.262916
	791.167474, 404.116747

face #996: 
	791.167474, 404.116747
	793.025475, 553.563418
	766.759193, 551.030305

face #997: 
	739.221268, 549.512689
	506.788154, 869.463761
	651.986742, 841.262916

face #998: 
	651.986742, 841.262916
	766.759193, 551.030305
	739.221268, 549.512689

face #999: 
	710.000000, 549.000000
	709.493162, 524.360418
	506.788154, 869.463761

face #1000: 
	506.788154, 869.463761
	739.221268, 549.512689
	710.000000, 549.000000

face #1001: 
	408.259894, 374.485467
	674.850692, 635.797691
	697.727273, 409.090909

face #1002: 
	697.727273, 409.090909
	484.265918, 373.410805
	408.259894, 374.485467

face #1003: 
	350.585396, 377.438654
	649.625732, 638.150900
	674.850692, 635.797691

face #1004: 
	674.850692, 635.797691
	408.259894, 374.485467
	350.585396, 377.438654

face #1005: 
	313.317683, 381.721329
	624.096836, 642.052155
	649.625732, 638.150900

face #1006: 
	649.625732, 638.150900
	350.585396, 377.438654
	313.317683, 381.721329

face #1007: 
	295.316837, 386.741055
	598.074952, 647.559517
	624.096836, 642.052155

face #1008: 
	624.096836, 642.052155
	313.317683, 381.721329
	295.316837, 386.741055

face #1009: 
	293.533570, 391.996289
	571.402214, 654.797048
	598.074952, 647.559517

face #1010: 
	598.074952, 647.559517
	295.316837, 386.741055
	293.533570, 391.996289

face #1011: 
	304.298734, 397.131554
	543.948927, 663.961880
	571.402214, 654.797048

face #1012: 
	571.402214, 654.797048
	293.533570, 391.996289
	304.298734, 397.131554

face #1013: 
	324.176095, 401.932646
	515.615357, 675.338617
	543.948927, 663.961880

face #1014: 
	543.948927, 663.961880
	304.298734, 397.131554
	324.176095, 401.932646

face #1015: 
	350.352600, 406.294403
	486.339175, 689.323168
	515.615357, 675.338617

face #1016: 
	515.615357, 675.338617
	324.176095, 401.932646
	350.352600, 406.294403

face #1017: 
	380.717880, 410.184508
	394.642468, 752.300754
	486.339175, 689.323168

face #1018: 
	486.339175, 689.323168
	350.352600, 406.294403
	380.717880, 410.184508

face #1019: 
	413.787500, 413.613750
	425.000000, 727.500000
	394.642468, 752.300754

face #1020: 
	394.642468, 752.300754
	380.717880, 410.184508
	413.787500, 413.613750

face #1021: 
	383.694308, 421.949264
	408.259894, 374.485467
	484.265918, 373.410805

face #1022: 
	484.265918, 373.410805
	467.159763, 421.508876
	383.694308, 421.949264

face #1023: 
	321.465003, 423.152978
	350.585396, 377.438654
	408.259894, 374.485467

face #1024: 
	408.259894, 374.485467
	383.694308, 421.949264
	321.465003, 423.152978

face #1025: 
	282.681227, 424.881712
	313.317683, 381.721329
	350.585396, 377.438654

face #1026: 
	350.585396, 377.438654
	321.465003, 423.152978
	282.681227, 424.881712

face #1027: 
	265.614080, 426.883011
	295.316837, 386.741055
	313.317683, 381.721329

face #1028: 
	313.317683, 381.721329
	282.681227, 424.881712
	265.614080, 426.883011

face #1029: 
	266.350442, 428.949899
	293.533570, 391.996289
	295.316837, 386.741055

face #1030: 
	295.316837, 386.741055
	265.614080, 426.883011
	266.350442, 428.949899

face #1031: 
	280.431695, 430.942203
	304.298734, 397.131554
	293.533570, 391.996289

face #1032: 
	293.533570, 391.996289
	266.350442, 428.949899
	280.431695, 430.942203

face #1033: 
	303.851425, 432.780833
	324.176095, 401.932646
	304.298734, 397.131554

face #1034: 
	304.298734, 397.131554
	280.431695, 430.942203
	303.851425, 432.780833

face #1035: 
	333.452617, 434.431470
	350.352600, 406.294403
	324.176095, 401.932646

face #1036: 
	324.176095, 401.932646
	303.851425, 432.780833
	333.452617, 434.431470

face #1037: 
	366.951190, 435.888022
	380.717880, 410.184508
	350.352600, 406.294403

face #1038: 
	350.352600, 406.294403
	333.452617, 434.431470
	366.951190, 435.888022

face #1039: 
	402.800000, 437.160000
	413.787500, 413.613750
	380.717880, 410.184508

face #1040: 
	380.717880, 410.184508
	366.951190, 435.888022
	402.800000, 437.160000

face #1041: 
	608.090000, 351.120000
	383.694308, 421.949264
	467.159763, 421.508876

face #1042: 
	467.159763, 421.508876
	448.917496, 474.742539
	608.090000, 351.120000

face #1043: 
	290.754893, 473.181295
	321.465003, 423.152978
	383.694308, 421.949264

face #1044: 
	383.694308, 421.949264
	608.090000, 351.120000
	290.754893, 473.181295

face #1045: 
	575.357978, 383.664025
	282.681227, 424.881712
	321.465003, 423.152978

face #1046: 
	321.465003, 423.152978
	290.754893, 473.181295
	575.357978, 383.664025

face #1047: 
	235.071903, 469.704652
	265.614080, 426.883011
	282.681227, 424.881712

face #1048: 
	282.681227, 424.881712
	575.357978, 383.664025
	235.071903, 469.704652

face #1049: 
	507.038164, 707.761381
	266.350442, 428.949899
	265.614080, 426.883011

face #1050: 
	265.614080, 426.883011
	235.071903, 469.704652
	507.038164, 707.761381

face #1051: 
	256.556262, 466.021115
	280.431695, 430.942203
	266.350442, 428.949899

face #1052: 
	266.350442, 428.949899
	507.038164, 707.761381
	256.556262, 466.021115

face #1053: 
	283.771471, 464.385791
	303.851425, 432.780833
	280.431695, 430.942203

face #1054: 
	280.431695, 430.942203
	256.556262, 466.021115
	283.771471, 464.385791

face #1055: 
	316.942075, 462.934832
	333.452617, 434.431470
	303.851425, 432.780833

face #1056: 
	303.851425, 432.780833
	283.771471, 464.385791
	316.942075, 462.934832

face #1057: 
	353.634178, 461.667746
	366.951190, 435.888022
	333.452617, 434.431470

face #1058: 
	333.452617, 434.431470
	316.942075, 462.934832
	353.634178, 461.667746

face #1059: 
	392.262500, 460.571250
	402.800000, 437.160000
	366.951190, 435.888022

face #1060: 
	366.951190, 435.888022
	353.634178, 461.667746
	392.262500, 460.571250

face #1061: 
	330.481130, 531.793220
	608.090000, 351.120000
	448.917496, 474.742539

face #1062: 
	448.917496, 474.742539
	429.934211, 533.338816
	330.481130, 531.793220

face #1063: 
	259.168193, 527.617821
	290.754893, 473.181295
	608.090000, 351.120000

face #1064: 
	608.090000, 351.120000
	330.481130, 531.793220
	259.168193, 527.617821

face #1065: 
	600.839163, 396.055343
	575.357978, 383.664025
	290.754893, 473.181295

face #1066: 
	290.754893, 473.181295
	259.168193, 527.617821
	600.839163, 396.055343

face #1067: 
	204.464306, 515.118323
	235.071903, 469.704652
	575.357978, 383.664025

face #1068: 
	575.357978, 383.664025
	600.839163, 396.055343
	204.464306, 515.118323

face #1069: 
	211.554438, 508.464485
	507.038164, 707.761381
	235.071903, 469.704652

face #1070: 
	235.071903, 469.704652
	204.464306, 515.118323
	211.554438, 508.464485

face #1071: 
	233.279961, 502.225080
	256.556262, 466.021115
	507.038164, 707.761381

face #1072: 
	507.038164, 707.761381
	211.554438, 508.464485
	233.279961, 502.225080

face #1073: 
	264.433560, 496.612842
	283.771471, 464.385791
	256.556262, 466.021115

face #1074: 
	256.556262, 466.021115
	233.279961, 502.225080
	264.433560, 496.612842

face #1075: 
	301.213206, 491.689413
	316.942075, 462.934832
	283.771471, 464.385791

face #1076: 
	283.771471, 464.385791
	264.433560, 496.612842
	301.213206, 491.689413

face #1077: 
	341.067255, 487.432391
	353.634178, 461.667746
	316.942075, 462.934832

face #1078: 
	316.942075, 462.934832
	301.213206, 491.689413
	341.067255, 487.432391

face #1079: 
	382.400000, 483.780000
	392.262500, 460.571250
	353.634178, 461.667746

face #1080: 
	353.634178, 461.667746
	341.067255, 487.432391
	382.400000, 483.780000

face #1081: 
	303.274246, 594.200578
	330.481130, 531.793220
	429.934211, 533.338816

face #1082: 
	429.934211, 533.338816
	410.810811, 597.162162
	303.274246, 594.200578

face #1083: 
	227.724441, 586.247077
	259.168193, 527.617821
	330.481130, 531.793220

face #1084: 
	330.481130, 531.793220
	303.274246, 594.200578
	227.724441, 586.247077

face #1085: 
	186.391985, 575.174071
	600.839163, 396.055343
	259.168193, 527.617821

face #1086: 
	259.168193, 527.617821
	227.724441, 586.247077
	186.391985, 575.174071

face #1087: 
	174.776675, 562.843941
	204.464306, 515.118323
	600.839163, 396.055343

face #1088: 
	600.839163, 396.055343
	186.391985, 575.174071
	174.776675, 562.843941

face #1089: 
	185.501441, 550.628379
	211.554438, 508.464485
	204.464306, 515.118323

face #1090: 
	204.464306, 515.118323
	174.776675, 562.843941
	185.501441, 550.628379

face #1091: 
	211.300237, 539.322742
	233.279961, 502.225080
	211.554438, 508.464485

face #1092: 
	211.554438, 508.464485
	185.501441, 550.628379
	211.300237, 539.322742

face #1093: 
	246.384673, 529.274554
	264.433560, 496.612842
	233.279961, 502.225080

face #1094: 
	233.279961, 502.225080
	211.300237, 539.322742
	246.384673, 529.274554

face #1095: 
	286.682395, 520.552437
	301.213206, 491.689413
	264.433560, 496.612842

face #1096: 
	264.433560, 496.612842
	246.384673, 529.274554
	286.682395, 520.552437

face #1097: 
	329.559900, 513.079778
	341.067255, 487.432391
	301.213206, 491.689413

face #1098: 
	301.213206, 491.689413
	286.682395, 520.552437
	329.559900, 513.079778

face #1099: 
	373.437500, 506.718750
	382.400000, 483.780000
	341.067255, 487.432391

face #1100: 
	341.067255, 487.432391
	329.559900, 513.079778
	373.437500, 506.718750

face #1101: 
	277.151061, 660.878928
	303.274246, 594.200578
	410.810811, 597.162162

face #1102: 
	410.810811, 597.162162
	392.391304, 665.543478
	277.151061, 660.878928

face #1103: 
	197.788627, 648.423188
	227.724441, 586.247077
	303.274246, 594.200578

face #1104: 
	303.274246, 594.200578
	277.151061, 660.878928
	197.788627, 648.423188

face #1105: 
	156.370467, 631.252728
	186.391985, 575.174071
	227.724441, 586.247077

face #1106: 
	227.724441, 586.247077
	197.788627, 648.423188
	156.370467, 631.252728

face #1107: 
	147.209924, 612.362983
	174.776675, 562.843941
	186.391985, 575.174071

face #1108: 
	186.391985, 575.174071
	156.370467, 631.252728
	147.209924, 612.362983

face #1109: 
	161.623857, 593.883326
	185.501441, 550.628379
	174.776675, 562.843941

face #1110: 
	174.776675, 562.843941
	147.209924, 612.362983
	161.623857, 593.883326

face #1111: 
	191.397242, 576.984601
	211.300237, 539.322742
	185.501441, 550.628379

face #1112: 
	185.501441, 550.628379
	161.623857, 593.883326
	191.397242, 576.984601

face #1113: 
	230.215957, 562.127443
	246.384673, 529.274554
	211.300237, 539.322742

face #1114: 
	211.300237, 539.322742
	191.397242, 576.984601
	230.215957, 562.127443

face #1115: 
	273.785959, 549.352845
	286.682395, 520.552437
	246.384673, 529.274554

face #1116: 
	246.384673, 529.274554
	230.215957, 562.127443
	273.785959, 549.352845

face #1117: 
	319.428362, 538.497023
	329.559900, 513.079778
	286.682395, 520.552437

face #1118: 
	286.682395, 520.552437
	273.785959, 549.352845
	319.428362, 538.497023

face #1119: 
	365.600000, 529.320000
	373.437500, 506.718750
	329.559900, 513.079778

face #1120: 
	329.559900, 513.079778
	319.428362, 538.497023
	365.600000, 529.320000

face #1121: 
	253.651007, 730.501884
	277.151061, 660.878928
	392.391304, 665.543478

face #1122: 
	392.391304, 665.543478
	375.771860, 737.107000
	253.651007, 730.501884

face #1123: 
	171.068955, 712.955047
	197.788627, 648.423188
	277.151061, 660.878928

face #1124: 
	277.151061, 660.878928
	253.651007, 730.501884
	171.068955, 712.955047

face #1125: 
	129.863078, 688.978349
	156.370467, 631.252728
	197.788627, 648.423188

face #1126: 
	197.788627, 648.423188
	171.068955, 712.955047
	129.863078, 688.978349

face #1127: 
	123.158924, 662.881238
	147.209924, 612.362983
	156.370467, 631.252728

face #1128: 
	156.370467, 631.252728
	129.863078, 688.978349
	123.158924, 662.881238

face #1129: 
	141.033169, 637.630304
	161.623857, 593.883326
	147.209924, 612.362983

face #1130: 
	147.209924, 612.362983
	123.158924, 662.881238
	141.033169, 637.630304

face #1131: 
	174.416973, 614.777618
	191.397242, 576.984601
	161.623857, 593.883326

face #1132: 
	161.623857, 593.883326
	141.033169, 637.630304
	174.416973, 614.777618

face #1133: 
	216.550765, 594.871100
	230.215957, 562.127443
	191.397242, 576.984601

face #1134: 
	191.397242, 576.984601
	174.416973, 614.777618
	216.550765, 594.871100

face #1135: 
	262.974499, 577.891695
	273.785959, 549.352845
	230.215957, 562.127443

face #1136: 
	230.215957, 562.127443
	216.550765, 594.871100
	262.974499, 577.891695

face #1137: 
	310.993181, 563.560982
	319.428362, 538.497023
	273.785959, 549.352845

face #1138: 
	273.785959, 549.352845
	262.974499, 577.891695
	310.993181, 563.560982

face #1139: 
	359.112500, 551.516250
	365.600000, 529.320000
	319.428362, 538.497023

face #1140: 
	319.428362, 538.497023
	310.993181, 563.560982
	359.112500, 551.516250

face #1141: 
	234.587749, 800.978119
	253.651007, 730.501884
	375.771860, 737.107000

face #1142: 
	375.771860, 737.107000
	362.256809, 809.649805
	234.587749, 800.978119

face #1143: 
	149.539781, 778.035540
	171.068955, 712.955047
	253.651007, 730.501884

face #1144: 
	253.651007, 730.501884
	234.587749, 800.978119
	149.539781, 778.035540

face #1145: 
	108.700800, 746.907574
	129.863078, 688.978349
	171.068955, 712.955047

face #1146: 
	171.068955, 712.955047
	149.539781, 778.035540
	108.700800, 746.907574

face #1147: 
	104.148921, 713.314579
	123.158924, 662.881238
	129.863078, 688.978349

face #1148: 
	129.863078, 688.978349
	108.700800, 746.907574
	104.148921, 713.314579

face #1149: 
	124.915619, 681.092332
	141.033169, 637.630304
	123.158924, 662.881238

face #1150: 
	123.158924, 662.881238
	104.148921, 713.314579
	124.915619, 681.092332

face #1151: 
	161.241586, 652.166460
	174.416973, 614.777618
	141.033169, 637.630304

face #1152: 
	141.033169, 637.630304
	124.915619, 681.092332
	161.241586, 652.166460

face #1153: 
	206.028625, 627.150159
	216.550765, 594.871100
	174.416973, 614.777618

face #1154: 
	174.416973, 614.777618
	161.241586, 652.166460
	206.028625, 627.150159

face #1155: 
	254.703792, 605.943873
	262.974499, 577.891695
	216.550765, 594.871100

face #1156: 
	216.550765, 594.871100
	206.028625, 627.150159
	254.703792, 605.943873

face #1157: 
	304.575697, 588.139031
	310.993181, 563.560982
	262.974499, 577.891695

face #1158: 
	262.974499, 577.891695
	254.703792, 605.943873
	304.575697, 588.139031

face #1159: 
	354.200000, 573.240000
	359.112500, 551.516250
	310.993181, 563.560982

face #1160: 
	310.993181, 563.560982
	304.575697, 588.139031
	354.200000, 573.240000

face #1161: 
	221.893047, 869.463761
	234.587749, 800.978119
	362.256809, 809.649805

face #1162: 
	362.256809, 809.649805
	353.239017, 880.152643
	221.893047, 869.463761

face #1163: 
	135.273839, 841.262916
	149.539781, 778.035540
	234.587749, 800.978119

face #1164: 
	234.587749, 800.978119
	221.893047, 869.463761
	135.273839, 841.262916

face #1165: 
	304.131142, 910.941160
	108.700800, 746.907574
	149.539781, 778.035540

face #1166: 
	149.539781, 778.035540
	135.273839, 841.262916
	304.131142, 910.941160

face #1167: 
	91.728291, 762.311010
	104.148921, 713.314579
	108.700800, 746.907574

face #1168: 
	108.700800, 746.907574
	304.131142, 910.941160
	91.728291, 762.311010

face #1169: 
	114.458627, 723.331905
	124.915619, 681.092332
	104.148921, 713.314579

face #1170: 
	104.148921, 713.314579
	91.728291, 762.311010
	114.458627, 723.331905

face #1171: 
	152.747670, 688.524283
	161.241586, 652.166460
	124.915619, 681.092332

face #1172: 
	124.915619, 681.092332
	114.458627, 723.331905
	152.747670, 688.524283

face #1173: 
	199.282072, 658.560577
	206.028625, 627.150159
	161.241586, 652.166460

face #1174: 
	161.241586, 652.166460
	152.747670, 688.524283
	199.282072, 658.560577

face #1175: 
	249.425966, 633.260808
	254.703792, 605.943873
	206.028625, 627.150159

face #1176: 
	206.028625, 627.150159
	199.282072, 658.560577
	249.425966, 633.260808

face #1177: 
	300.496684, 612.089932
	304.575697, 588.139031
	254.703792, 605.943873

face #1178: 
	254.703792, 605.943873
	249.425966, 633.260808
	300.496684, 612.089932

face #1179: 
	351.087500, 594.423750
	354.200000, 573.240000
	304.575697, 588.139031

face #1180: 
	304.575697, 588.139031
	300.496684, 612.089932
	351.087500, 594.423750

face #1181: 
	217.337389, 932.569022
	221.893047, 869.463761
	353.239017, 880.152643

face #1182: 
	353.239017, 880.152643
	350.000000, 945.000000
	217.337389, 932.569022

face #1183: 
	649.549344, 551.030305
	135.273839, 841.262916
	221.893047, 869.463761

face #1184: 
	221.893047, 869.463761
	217.337389, 932.569022
	649.549344, 551.030305

face #1185: 
	89.805953, 855.631310
	304.131142, 910.941160
	135.273839, 841.262916

face #1186: 
	135.273839, 841.262916
	649.549344, 551.030305
	89.805953, 855.631310

face #1187: 
	586.832259, 557.176263
	91.728291, 762.311010
	304.131142, 910.941160

face #1188: 
	304.131142, 910.941160
	89.805953, 855.631310
	586.832259, 557.176263

face #1189: 
	553.619910, 561.990950
	114.458627, 723.331905
	91.728291, 762.311010

face #1190: 
	91.728291, 762.311010
	586.832259, 557.176263
	553.619910, 561.990950

face #1191: 
	518.625353, 568.199358
	152.747670, 688.524283
	114.458627, 723.331905

face #1192: 
	114.458627, 723.331905
	553.619910, 561.990950
	518.625353, 568.199358

face #1193: 
	481.385255, 576.085096
	199.282072, 658.560577
	152.747670, 688.524283

face #1194: 
	152.747670, 688.524283
	518.625353, 568.199358
	481.385255, 576.085096

face #1195: 
	441.353681, 586.060779
	249.425966, 633.260808
	199.282072, 658.560577

face #1196: 
	199.282072, 658.560577
	481.385255, 576.085096
	441.353681, 586.060779

face #1197: 
	397.853469, 598.730830
	300.496684, 612.089932
	249.425966, 633.260808

face #1198: 
	249.425966, 633.260808
	441.353681, 586.060779
	397.853469, 598.730830

face #1199: 
	350.000000, 615.000000
	351.087500, 594.423750
	300.496684, 612.089932

face #1200: 
	300.496684, 612.089932
	397.853469, 598.730830
	350.000000, 615.000000

face #1201: 
	417.200000, 717.960000
	456.110680, 706.460020
	425.000000, 727.500000

face #1202: 
	425.000000, 727.500000
	521.508835, 523.354149
	417.200000, 717.960000

face #1203: 
	392.043925, 748.125206
	368.066076, 784.021621
	456.110680, 706.460020

face #1204: 
	456.110680, 706.460020
	417.200000, 717.960000
	392.043925, 748.125206

face #1205: 
	554.539876, 534.024981
	515.615357, 675.338617
	368.066076, 784.021621

face #1206: 
	368.066076, 784.021621
	392.043925, 748.125206
	554.539876, 534.024981

face #1207: 
	482.152899, 723.739465
	328.716582, 849.102720
	515.615357, 675.338617

face #1208: 
	515.615357, 675.338617
	554.539876, 534.024981
	482.152899, 723.739465

face #1209: 
	550.589880, 395.455931
	320.969180, 884.885133
	328.716582, 849.102720

face #1210: 
	328.716582, 849.102720
	482.152899, 723.739465
	550.589880, 395.455931

face #1211: 
	618.677401, 553.563418
	567.159555, 388.093808
	320.969180, 884.885133

face #1212: 
	320.969180, 884.885133
	550.589880, 395.455931
	618.677401, 553.563418

face #1213: 
	322.330707, 946.538536
	342.109246, 949.927938
	567.159555, 388.093808

face #1214: 
	567.159555, 388.093808
	618.677401, 553.563418
	322.330707, 946.538536

face #1215: 
	587.002577, 365.135375
	608.750362, 375.893896
	342.109246, 949.927938

face #1216: 
	342.109246, 949.927938
	322.330707, 946.538536
	587.002577, 365.135375

face #1217: 
	626.515705, 306.930774
	431.932033, 1003.317080
	608.750362, 375.893896

face #1218: 
	608.750362, 375.893896
	587.002577, 365.135375
	626.515705, 306.930774

face #1219: 
	700.000000, 410.000000
	699.560858, 406.265081
	431.932033, 1003.317080

face #1220: 
	431.932033, 1003.317080
	626.515705, 306.930774
	700.000000, 410.000000

face #1221: 
	492.964149, 629.885804
	417.200000, 717.960000
	521.508835, 523.354149

face #1222: 
	521.508835, 523.354149
	491.640390, 494.155335
	492.964149, 629.885804

face #1223: 
	441.119403, 435.419776
	392.043925, 748.125206
	417.200000, 717.960000

face #1224: 
	417.200000, 717.960000
	492.964149, 629.885804
	441.119403, 435.419776

face #1225: 
	458.406600, 712.870147
	554.539876, 534.024981
	392.043925, 748.125206

face #1226: 
	392.043925, 748.125206
	441.119403, 435.419776
	458.406600, 712.870147

face #1227: 
	495.536529, 384.942090
	482.152899, 723.739465
	554.539876, 534.024981

face #1228: 
	554.539876, 534.024981
	458.406600, 712.870147
	495.536529, 384.942090

face #1229: 
	546.954417, 673.398866
	550.589880, 395.455931
	482.152899, 723.739465

face #1230: 
	482.152899, 723.739465
	495.536529, 384.942090
	546.954417, 673.398866

face #1231: 
	560.800351, 392.544250
	618.677401, 553.563418
	550.589880, 395.455931

face #1232: 
	550.589880, 395.455931
	546.954417, 673.398866
	560.800351, 392.544250

face #1233: 
	603.618491, 667.582343
	322.330707, 946.538536
	618.677401, 553.563418

face #1234: 
	618.677401, 553.563418
	560.800351, 392.544250
	603.618491, 667.582343

face #1235: 
	565.399229, 357.736723
	587.002577, 365.135375
	322.330707, 946.538536

face #1236: 
	322.330707, 946.538536
	603.618491, 667.582343
	565.399229, 357.736723

face #1237: 
	612.303647, 313.567936
	626.515705, 306.930774
	587.002577, 365.135375

face #1238: 
	587.002577, 365.135375
	565.399229, 357.736723
	612.303647, 313.567936

face #1239: 
	661.737717, 343.508243
	700.000000, 410.000000
	626.515705, 306.930774

face #1240: 
	626.515705, 306.930774
	612.303647, 313.567936
	661.737717, 343.508243

face #1241: 
	460.294013, 478.393180
	492.964149, 629.885804
	491.640390, 494.155335

face #1242: 
	491.640390, 494.155335
	430.323148, 459.663140
	460.294013, 478.393180

face #1243: 
	438.561994, 438.221639
	441.119403, 435.419776
	492.964149, 629.885804

face #1244: 
	492.964149, 629.885804
	460.294013, 478.393180
	438.561994, 438.221639

face #1245: 
	476.276368, 672.882204
	458.406600, 712.870147
	441.119403, 435.419776

face #1246: 
	441.119403, 435.419776
	438.561994, 438.221639
	476.276368, 672.882204

face #1247: 
	441.470000, 375.825000
	495.536529, 384.942090
	458.406600, 712.870147

face #1248: 
	458.406600, 712.870147
	476.276368, 672.882204
	441.470000, 375.825000

face #1249: 
	563.272265, 457.515181
	546.954417, 673.398866
	495.536529, 384.942090

face #1250: 
	495.536529, 384.942090
	441.470000, 375.825000
	563.272265, 457.515181

face #1251: 
	432.500398, 808.607101
	560.800351, 392.544250
	546.954417, 673.398866

face #1252: 
	546.954417, 673.398866
	563.272265, 457.515181
	432.500398, 808.607101

face #1253: 
	621.600318, 457.002423
	603.618491, 667.582343
	560.800351, 392.544250

face #1254: 
	560.800351, 392.544250
	432.500398, 808.607101
	621.600318, 457.002423

face #1255: 
	595.501277, 374.189685
	565.399229, 357.736723
	603.618491, 667.582343

face #1256: 
	603.618491, 667.582343
	621.600318, 457.002423
	595.501277, 374.189685

face #1257: 
	677.160587, 456.753183
	612.303647, 313.567936
	565.399229, 357.736723

face #1258: 
	565.399229, 357.736723
	595.501277, 374.189685
	677.160587, 456.753183

face #1259: 
	703.184165, 441.712565
	661.737717, 343.508243
	612.303647, 313.567936

face #1260: 
	612.303647, 313.567936
	677.160587, 456.753183
	703.184165, 441.712565

face #1261: 
	483.195139, 544.486088
	460.294013, 478.393180
	430.323148, 459.663140

face #1262: 
	430.323148, 459.663140
	481.385255, 576.085096
	483.195139, 544.486088

face #1263: 
	488.168451, 511.365134
	438.561994, 438.221639
	460.294013, 478.393180

face #1264: 
	460.294013, 478.393180
	483.195139, 544.486088
	488.168451, 511.365134

face #1265: 
	374.483775, 736.163469
	476.276368, 672.882204
	438.561994, 438.221639

face #1266: 
	438.561994, 438.221639
	488.168451, 511.365134
	374.483775, 736.163469

face #1267: 
	460.946735, 385.684341
	441.470000, 375.825000
	476.276368, 672.882204

face #1268: 
	476.276368, 672.882204
	374.483775, 736.163469
	460.946735, 385.684341

face #1269: 
	521.509122, 389.156118
	563.272265, 457.515181
	441.470000, 375.825000

face #1270: 
	441.470000, 375.825000
	460.946735, 385.684341
	521.509122, 389.156118

face #1271: 
	555.194778, 402.281172
	432.500398, 808.607101
	563.272265, 457.515181

face #1272: 
	563.272265, 457.515181
	521.509122, 389.156118
	555.194778, 402.281172

face #1273: 
	620.889607, 472.090584
	621.600318, 457.002423
	432.500398, 808.607101

face #1274: 
	432.500398, 808.607101
	555.194778, 402.281172
	620.889607, 472.090584

face #1275: 
	593.399051, 712.233204
	595.501277, 374.189685
	621.600318, 457.002423

face #1276: 
	621.600318, 457.002423
	620.889607, 472.090584
	593.399051, 712.233204

face #1277: 
	619.299575, 305.080582
	677.160587, 456.753183
	595.501277, 374.189685

face #1278: 
	595.501277, 374.189685
	593.399051, 712.233204
	619.299575, 305.080582

face #1279: 
	695.348837, 408.139535
	703.184165, 441.712565
	677.160587, 456.753183

face #1280: 
	677.160587, 456.753183
	619.299575, 305.080582
	695.348837, 408.139535

face #1281: 
	379.865000, 446.283750
	483.195139, 544.486088
	481.385255, 576.085096

face #1282: 
	481.385255, 576.085096
	446.607730, 534.159759
	379.865000, 446.283750

face #1283: 
	387.500000, 692.343750
	488.168451, 511.365134
	483.195139, 544.486088

face #1284: 
	483.195139, 544.486088
	379.865000, 446.283750
	387.500000, 692.343750

face #1285: 
	466.205516, 458.938008
	374.483775, 736.163469
	488.168451, 511.365134

face #1286: 
	488.168451, 511.365134
	387.500000, 692.343750
	466.205516, 458.938008

face #1287: 
	503.087697, 650.597417
	460.946735, 385.684341
	374.483775, 736.163469

face #1288: 
	374.483775, 736.163469
	466.205516, 458.938008
	503.087697, 650.597417

face #1289: 
	293.590930, 832.883891
	521.509122, 389.156118
	460.946735, 385.684341

face #1290: 
	460.946735, 385.684341
	503.087697, 650.597417
	293.590930, 832.883891

face #1291: 
	443.751921, 786.209075
	555.194778, 402.281172
	521.509122, 389.156118

face #1292: 
	521.509122, 389.156118
	293.590930, 832.883891
	443.751921, 786.209075

face #1293: 
	558.386107, 709.173379
	620.889607, 472.090584
	555.194778, 402.281172

face #1294: 
	555.194778, 402.281172
	443.751921, 786.209075
	558.386107, 709.173379

face #1295: 
	600.993516, 380.976783
	593.399051, 712.233204
	620.889607, 472.090584

face #1296: 
	620.889607, 472.090584
	558.386107, 709.173379
	600.993516, 380.976783

face #1297: 
	678.205177, 594.059784
	619.299575, 305.080582
	593.399051, 712.233204

face #1298: 
	593.399051, 712.233204
	600.993516, 380.976783
	678.205177, 594.059784

face #1299: 
	705.936455, 471.183110
	695.348837, 408.139535
	619.299575, 305.080582

face #1300: 
	619.299575, 305.080582
	678.205177, 594.059784
	705.936455, 471.183110

face #1301: 
	410.192500, 646.597415
	379.865000, 446.283750
	446.607730, 534.159759

face #1302: 
	446.607730, 534.159759
	441.977800, 569.169146
	410.192500, 646.597415

face #1303: 
	418.029574, 659.609242
	387.500000, 692.343750
	379.865000, 446.283750

face #1304: 
	379.865000, 446.283750
	410.192500, 646.597415
	418.029574, 659.609242

face #1305: 
	488.432772, 617.914650
	466.205516, 458.938008
	387.500000, 692.343750

face #1306: 
	387.500000, 692.343750
	418.029574, 659.609242
	488.432772, 617.914650

face #1307: 
	384.969009, 742.815337
	503.087697, 650.597417
	466.205516, 458.938008

face #1308: 
	466.205516, 458.938008
	488.432772, 617.914650
	384.969009, 742.815337

face #1309: 
	557.214757, 599.844762
	293.590930, 832.883891
	503.087697, 650.597417

face #1310: 
	503.087697, 650.597417
	384.969009, 742.815337
	557.214757, 599.844762

face #1311: 
	550.036477, 391.833688
	443.751921, 786.209075
	293.590930, 832.883891

face #1312: 
	293.590930, 832.883891
	557.214757, 599.844762
	550.036477, 391.833688

face #1313: 
	619.760837, 588.958695
	558.386107, 709.173379
	443.751921, 786.209075

face #1314: 
	443.751921, 786.209075
	550.036477, 391.833688
	619.760837, 588.958695

face #1315: 
	649.564535, 585.674604
	600.993516, 380.976783
	558.386107, 709.173379

face #1316: 
	558.386107, 709.173379
	619.760837, 588.958695
	649.564535, 585.674604

face #1317: 
	678.853276, 583.704414
	678.205177, 594.059784
	600.993516, 380.976783

face #1318: 
	600.993516, 380.976783
	649.564535, 585.674604
	678.853276, 583.704414

face #1319: 
	707.096774, 485.129032
	705.936455, 471.183110
	678.205177, 594.059784

face #1320: 
	678.205177, 594.059784
	678.853276, 583.704414
	707.096774, 485.129032

face #1321: 
	341.428571, 665.672269
	410.192500, 646.597415
	441.977800, 569.169146

face #1322: 
	441.977800, 569.169146
	325.560345, 659.224138
	341.428571, 665.672269

face #1323: 
	376.400000, 680.520000
	418.029574, 659.609242
	410.192500, 646.597415

face #1324: 
	410.192500, 646.597415
	341.428571, 665.672269
	376.400000, 680.520000

face #1325: 
	392.262500, 460.571250
	488.432772, 617.914650
	418.029574, 659.609242

face #1326: 
	418.029574, 659.609242
	376.400000, 680.520000
	392.262500, 460.571250

face #1327: 
	472.599409, 439.074752
	384.969009, 742.815337
	488.432772, 617.914650

face #1328: 
	488.432772, 617.914650
	392.262500, 460.571250
	472.599409, 439.074752

face #1329: 
	491.509790, 699.042144
	557.214757, 599.844762
	384.969009, 742.815337

face #1330: 
	384.969009, 742.815337
	472.599409, 439.074752
	491.509790, 699.042144

face #1331: 
	548.375020, 392.099755
	550.036477, 391.833688
	557.214757, 599.844762

face #1332: 
	557.214757, 599.844762
	491.509790, 699.042144
	548.375020, 392.099755

face #1333: 
	598.074952, 647.559517
	619.760837, 588.958695
	550.036477, 391.833688

face #1334: 
	550.036477, 391.833688
	548.375020, 392.099755
	598.074952, 647.559517

face #1335: 
	649.563974, 499.567307
	649.564535, 585.674604
	619.760837, 588.958695

face #1336: 
	619.760837, 588.958695
	598.074952, 647.559517
	649.563974, 499.567307

face #1337: 
	616.707050, 362.905256
	678.853276, 583.704414
	649.564535, 585.674604

face #1338: 
	649.564535, 585.674604
	649.563974, 499.567307
	616.707050, 362.905256

face #1339: 
	410.810811, 597.162162
	707.096774, 485.129032
	678.853276, 583.704414

face #1340: 
	678.853276, 583.704414
	616.707050, 362.905256
	410.810811, 597.162162

face #1341: 
	359.112500, 551.516250
	341.428571, 665.672269
	325.560345, 659.224138

face #1342: 
	325.560345, 659.224138
	398.677671, 580.229984
	359.112500, 551.516250

face #1343: 
	409.733152, 521.867442
	376.400000, 680.520000
	341.428571, 665.672269

face #1344: 
	341.428571, 665.672269
	359.112500, 551.516250
	409.733152, 521.867442

face #1345: 
	454.981983, 497.420664
	392.262500, 460.571250
	376.400000, 680.520000

face #1346: 
	376.400000, 680.520000
	409.733152, 521.867442
	454.981983, 497.420664

face #1347: 
	470.041172, 664.286260
	472.599409, 439.074752
	392.262500, 460.571250

face #1348: 
	392.262500, 460.571250
	454.981983, 497.420664
	470.041172, 664.286260

face #1349: 
	440.000000, 390.000000
	491.509790, 699.042144
	472.599409, 439.074752

face #1350: 
	472.599409, 439.074752
	470.041172, 664.286260
	440.000000, 390.000000

face #1351: 
	565.823198, 440.762767
	548.375020, 392.099755
	491.509790, 699.042144

face #1352: 
	491.509790, 699.042144
	440.000000, 390.000000
	565.823198, 440.762767

face #1353: 
	580.066878, 674.674685
	598.074952, 647.559517
	548.375020, 392.099755

face #1354: 
	548.375020, 392.099755
	565.823198, 440.762767
	580.066878, 674.674685

face #1355: 
	526.455320, 785.104790
	649.563974, 499.567307
	598.074952, 647.559517

face #1356: 
	598.074952, 647.559517
	580.066878, 674.674685
	526.455320, 785.104790

face #1357: 
	605.346736, 305.391733
	616.707050, 362.905256
	649.563974, 499.567307

face #1358: 
	649.563974, 499.567307
	526.455320, 785.104790
	605.346736, 305.391733

face #1359: 
	708.893051, 511.658906
	410.810811, 597.162162
	616.707050, 362.905256

face #1360: 
	616.707050, 362.905256
	605.346736, 305.391733
	708.893051, 511.658906

face #1361: 
	320.775862, 644.870690
	359.112500, 551.516250
	398.677671, 580.229984

face #1362: 
	398.677671, 580.229984
	328.949580, 628.235294
	320.775862, 644.870690

face #1363: 
	366.200000, 666.941250
	409.733152, 521.867442
	359.112500, 551.516250

face #1364: 
	359.112500, 551.516250
	320.775862, 644.870690
	366.200000, 666.941250

face #1365: 
	482.288741, 591.026879
	454.981983, 497.420664
	409.733152, 521.867442

face #1366: 
	409.733152, 521.867442
	366.200000, 666.941250
	482.288741, 591.026879

face #1367: 
	408.800000, 710.996250
	470.041172, 664.286260
	454.981983, 497.420664

face #1368: 
	454.981983, 497.420664
	482.288741, 591.026879
	408.800000, 710.996250

face #1369: 
	554.078856, 575.337580
	440.000000, 390.000000
	470.041172, 664.286260

face #1370: 
	470.041172, 664.286260
	408.800000, 710.996250
	554.078856, 575.337580

face #1371: 
	546.164937, 396.119436
	565.823198, 440.762767
	440.000000, 390.000000

face #1372: 
	440.000000, 390.000000
	554.078856, 575.337580
	546.164937, 396.119436

face #1373: 
	618.748734, 540.771101
	580.066878, 674.674685
	565.823198, 440.762767

face #1374: 
	565.823198, 440.762767
	546.164937, 396.119436
	618.748734, 540.771101

face #1375: 
	649.551310, 563.123419
	526.455320, 785.104790
	580.066878, 674.674685

face #1376: 
	580.066878, 674.674685
	618.748734, 540.771101
	649.551310, 563.123419

face #1377: 
	679.720195, 561.431340
	605.346736, 305.391733
	526.455320, 785.104790

face #1378: 
	526.455320, 785.104790
	649.551310, 563.123419
	679.720195, 561.431340

face #1379: 
	362.256809, 809.649805
	708.893051, 511.658906
	605.346736, 305.391733

face #1380: 
	605.346736, 305.391733
	679.720195, 561.431340
	362.256809, 809.649805

face #1381: 
	354.200000, 573.240000
	320.775862, 644.870690
	328.949580, 628.235294

face #1382: 
	328.949580, 628.235294
	337.944502, 620.873587
	354.200000, 573.240000

face #1383: 
	365.600000, 529.320000
	366.200000, 666.941250
	320.775862, 644.870690

face #1384: 
	320.775862, 644.870690
	354.200000, 573.240000
	365.600000, 529.320000

face #1385: 
	481.852724, 560.456133
	482.288741, 591.026879
	366.200000, 666.941250

face #1386: 
	366.200000, 666.941250
	365.600000, 529.320000
	481.852724, 560.456133

face #1387: 
	518.966823, 553.565849
	408.800000, 710.996250
	482.288741, 591.026879

face #1388: 
	482.288741, 591.026879
	481.852724, 560.456133
	518.966823, 553.565849

face #1389: 
	437.030000, 375.825000
	554.078856, 575.337580
	408.800000, 710.996250

face #1390: 
	408.800000, 710.996250
	518.966823, 553.565849
	437.030000, 375.825000

face #1391: 
	586.981206, 543.930216
	546.164937, 396.119436
	554.078856, 575.337580

face #1392: 
	554.078856, 575.337580
	437.030000, 375.825000
	586.981206, 543.930216

face #1393: 
	618.677401, 553.563418
	618.748734, 540.771101
	546.164937, 396.119436

face #1394: 
	546.164937, 396.119436
	586.981206, 543.930216
	618.677401, 553.563418

face #1395: 
	649.550334, 538.555827
	649.551310, 563.123419
	618.748734, 540.771101

face #1396: 
	618.748734, 540.771101
	618.677401, 553.563418
	649.550334, 538.555827

face #1397: 
	679.781252, 537.228510
	679.720195, 561.431340
	649.551310, 563.123419

face #1398: 
	649.551310, 563.123419
	649.550334, 538.555827
	679.781252, 537.228510

face #1399: 
	709.869311, 536.780081
	362.256809, 809.649805
	679.720195, 561.431340

face #1400: 
	679.720195, 561.431340
	679.781252, 537.228510
	709.869311, 536.780081

face #1401: 
	692.133016, 315.445014
	724.286939, 635.797691
	500.000000, 330.000000

face #1402: 
	500.000000, 330.000000
	484.265918, 373.410805
	692.133016, 315.445014

face #1403: 
	690.750535, 338.089944
	747.579731, 634.841797
	724.286939, 635.797691

face #1404: 
	724.286939, 635.797691
	692.133016, 315.445014
	690.750535, 338.089944

face #1405: 
	764.621836, 376.817196
	768.279213, 642.052155
	747.579731, 634.841797

face #1406: 
	747.579731, 634.841797
	690.750535, 338.089944
	764.621836, 376.817196

face #1407: 
	790.530417, 763.602207
	790.267472, 514.446278
	768.279213, 642.052155

face #1408: 
	768.279213, 642.052155
	764.621836, 376.817196
	790.530417, 763.602207

face #1409: 
	813.968624, 393.152821
	809.116810, 389.996189
	790.267472, 514.446278

face #1410: 
	790.267472, 514.446278
	790.530417, 763.602207
	813.968624, 393.152821

face #1411: 
	841.190000, 383.880000
	829.014182, 707.761381
	809.116810, 389.996189

face #1412: 
	809.116810, 389.996189
	813.968624, 393.152821
	841.190000, 383.880000

face #1413: 
	855.887111, 381.169909
	835.570485, 599.844762
	829.014182, 707.761381

face #1414: 
	829.014182, 707.761381
	841.190000, 383.880000
	855.887111, 381.169909

face #1415: 
	874.471250, 730.863750
	859.317334, 716.272498
	835.570485, 599.844762

face #1416: 
	835.570485, 599.844762
	855.887111, 381.169909
	874.471250, 730.863750

face #1417: 
	865.810277, 640.812836
	872.120000, 734.160000
	859.317334, 716.272498

face #1418: 
	859.317334, 716.272498
	874.471250, 730.863750
	865.810277, 640.812836

face #1419: 
	862.404954, 595.447775
	877.100000, 723.438750
	872.120000, 734.160000

face #1420: 
	872.120000, 734.160000
	865.810277, 640.812836
	862.404954, 595.447775

face #1421: 
	691.040000, 311.520000
	692.133016, 315.445014
	484.265918, 373.410805

face #1422: 
	484.265918, 373.410805
	701.633969, 426.138860
	691.040000, 311.520000

face #1423: 
	728.870000, 360.390000
	690.750535, 338.089944
	692.133016, 315.445014

face #1424: 
	692.133016, 315.445014
	691.040000, 311.520000
	728.870000, 360.390000

face #1425: 
	757.627275, 816.341684
	764.621836, 376.817196
	690.750535, 338.089944

face #1426: 
	690.750535, 338.089944
	728.870000, 360.390000
	757.627275, 816.341684

face #1427: 
	796.206173, 359.192416
	790.530417, 763.602207
	764.621836, 376.817196

face #1428: 
	764.621836, 376.817196
	757.627275, 816.341684
	796.206173, 359.192416

face #1429: 
	816.763746, 530.445615
	813.968624, 393.152821
	790.530417, 763.602207

face #1430: 
	790.530417, 763.602207
	796.206173, 359.192416
	816.763746, 530.445615

face #1431: 
	865.338573, 811.083641
	841.190000, 383.880000
	813.968624, 393.152821

face #1432: 
	813.968624, 393.152821
	816.763746, 530.445615
	865.338573, 811.083641

face #1433: 
	885.159830, 770.929397
	855.887111, 381.169909
	841.190000, 383.880000

face #1434: 
	841.190000, 383.880000
	865.338573, 811.083641
	885.159830, 770.929397

face #1435: 
	861.715576, 523.354149
	874.471250, 730.863750
	855.887111, 381.169909

face #1436: 
	855.887111, 381.169909
	885.159830, 770.929397
	861.715576, 523.354149

face #1437: 
	880.144031, 458.938008
	865.810277, 640.812836
	874.471250, 730.863750

face #1438: 
	874.471250, 730.863750
	861.715576, 523.354149
	880.144031, 458.938008

face #1439: 
	889.919398, 681.279531
	862.404954, 595.447775
	865.810277, 640.812836

face #1440: 
	865.810277, 640.812836
	880.144031, 458.938008
	889.919398, 681.279531

face #1441: 
	731.191799, 456.753183
	691.040000, 311.520000
	701.633969, 426.138860

face #1442: 
	701.633969, 426.138860
	703.184165, 441.712565
	731.191799, 456.753183

face #1443: 
	751.130197, 397.574691
	728.870000, 360.390000
	691.040000, 311.520000

face #1444: 
	691.040000, 311.520000
	731.191799, 456.753183
	751.130197, 397.574691

face #1445: 
	779.678914, 457.002423
	757.627275, 816.341684
	728.870000, 360.390000

face #1446: 
	728.870000, 360.390000
	751.130197, 397.574691
	779.678914, 457.002423

face #1447: 
	802.428968, 395.990820
	796.206173, 359.192416
	757.627275, 816.341684

face #1448: 
	757.627275, 816.341684
	779.678914, 457.002423
	802.428968, 395.990820

face #1449: 
	823.455470, 457.515181
	816.763746, 530.445615
	796.206173, 359.192416

face #1450: 
	796.206173, 359.192416
	802.428968, 395.990820
	823.455470, 457.515181

face #1451: 
	860.000000, 390.000000
	865.338573, 811.083641
	816.763746, 530.445615

face #1452: 
	816.763746, 530.445615
	823.455470, 457.515181
	860.000000, 390.000000

face #1453: 
	857.962818, 607.825308
	885.159830, 770.929397
	865.338573, 811.083641

face #1454: 
	865.338573, 811.083641
	860.000000, 390.000000
	857.962818, 607.825308

face #1455: 
	874.810728, 494.155335
	861.715576, 523.354149
	885.159830, 770.929397

face #1456: 
	885.159830, 770.929397
	857.962818, 607.825308
	874.810728, 494.155335

face #1457: 
	905.000000, 660.000000
	880.144031, 458.938008
	861.715576, 523.354149

face #1458: 
	861.715576, 523.354149
	874.810728, 494.155335
	905.000000, 660.000000

face #1459: 
	883.772979, 528.133599
	889.919398, 681.279531
	880.144031, 458.938008

face #1460: 
	880.144031, 458.938008
	905.000000, 660.000000
	883.772979, 528.133599

face #1461: 
	697.383967, 287.705651
	731.191799, 456.753183
	703.184165, 441.712565

face #1462: 
	703.184165, 441.712565
	704.625656, 456.721507
	697.383967, 287.705651

face #1463: 
	749.635236, 387.326385
	751.130197, 397.574691
	731.191799, 456.753183

face #1464: 
	731.191799, 456.753183
	697.383967, 287.705651
	749.635236, 387.326385

face #1465: 
	782.924038, 472.090584
	779.678914, 457.002423
	751.130197, 397.574691

face #1466: 
	751.130197, 397.574691
	749.635236, 387.326385
	782.924038, 472.090584

face #1467: 
	814.515410, 884.885133
	802.428968, 395.990820
	779.678914, 457.002423

face #1468: 
	779.678914, 457.002423
	782.924038, 472.090584
	814.515410, 884.885133

face #1469: 
	837.537888, 723.739465
	823.455470, 457.515181
	802.428968, 395.990820

face #1470: 
	802.428968, 395.990820
	814.515410, 884.885133
	837.537888, 723.739465

face #1471: 
	866.798750, 737.321250
	860.000000, 390.000000
	823.455470, 457.515181

face #1472: 
	823.455470, 457.515181
	837.537888, 723.739465
	866.798750, 737.321250

face #1473: 
	875.341124, 664.286260
	857.962818, 607.825308
	860.000000, 390.000000

face #1474: 
	860.000000, 390.000000
	866.798750, 737.321250
	875.341124, 664.286260

face #1475: 
	895.447968, 459.663140
	874.810728, 494.155335
	857.962818, 607.825308

face #1476: 
	857.962818, 607.825308
	875.341124, 664.286260
	895.447968, 459.663140

face #1477: 
	888.086560, 591.026879
	905.000000, 660.000000
	874.810728, 494.155335

face #1478: 
	874.810728, 494.155335
	895.447968, 459.663140
	888.086560, 591.026879

face #1479: 
	899.518068, 630.602568
	883.772979, 528.133599
	905.000000, 660.000000

face #1480: 
	905.000000, 660.000000
	888.086560, 591.026879
	899.518068, 630.602568

face #1481: 
	650.501879, 875.593257
	697.383967, 287.705651
	704.625656, 456.721507

face #1482: 
	704.625656, 456.721507
	705.936455, 471.183110
	650.501879, 875.593257

face #1483: 
	701.136798, 343.686924
	749.635236, 387.326385
	697.383967, 287.705651

face #1484: 
	697.383967, 287.705651
	650.501879, 875.593257
	701.136798, 343.686924

face #1485: 
	784.296041, 397.843609
	782.924038, 472.090584
	749.635236, 387.326385

face #1486: 
	749.635236, 387.326385
	701.136798, 343.686924
	784.296041, 397.843609

face #1487: 
	815.030000, 374.610000
	814.515410, 884.885133
	782.924038, 472.090584

face #1488: 
	782.924038, 472.090584
	784.296041, 397.843609
	815.030000, 374.610000

face #1489: 
	840.684783, 389.440234
	837.537888, 723.739465
	814.515410, 884.885133

face #1490: 
	814.515410, 884.885133
	815.030000, 374.610000
	840.684783, 389.440234

face #1491: 
	880.871629, 748.125206
	866.798750, 737.321250
	837.537888, 723.739465

face #1492: 
	837.537888, 723.739465
	840.684783, 389.440234
	880.871629, 748.125206

face #1493: 
	897.200000, 437.160000
	875.341124, 664.286260
	866.798750, 737.321250

face #1494: 
	866.798750, 737.321250
	880.871629, 748.125206
	897.200000, 437.160000

face #1495: 
	886.799778, 544.486088
	895.447968, 459.663140
	875.341124, 664.286260

face #1496: 
	875.341124, 664.286260
	897.200000, 437.160000
	886.799778, 544.486088

face #1497: 
	923.600000, 680.520000
	888.086560, 591.026879
	895.447968, 459.663140

face #1498: 
	895.447968, 459.663140
	886.799778, 544.486088
	923.600000, 680.520000

face #1499: 
	905.635912, 616.953381
	899.518068, 630.602568
	888.086560, 591.026879

face #1500: 
	888.086560, 591.026879
	923.600000, 680.520000
	905.635912, 616.953381

face #1501: 
	713.966816, 378.387985
	650.501879, 875.593257
	705.936455, 471.183110

face #1502: 
	705.936455, 471.183110
	392.391304, 665.543478
	713.966816, 378.387985

face #1503: 
	764.561708, 512.899617
	701.136798, 343.686924
	650.501879, 875.593257

face #1504: 
	650.501879, 875.593257
	713.966816, 378.387985
	764.561708, 512.899617

face #1505: 
	787.050431, 403.323776
	784.296041, 397.843609
	701.136798, 343.686924

face #1506: 
	701.136798, 343.686924
	764.561708, 512.899617
	787.050431, 403.323776

face #1507: 
	818.192601, 727.935854
	815.030000, 374.610000
	784.296041, 397.843609

face #1508: 
	784.296041, 397.843609
	787.050431, 403.323776
	818.192601, 727.935854

face #1509: 
	867.961171, 806.802115
	840.684783, 389.440234
	815.030000, 374.610000

face #1510: 
	815.030000, 374.610000
	818.192601, 727.935854
	867.961171, 806.802115

face #1511: 
	882.800000, 717.960000
	880.871629, 748.125206
	840.684783, 389.440234

face #1512: 
	840.684783, 389.440234
	867.961171, 806.802115
	882.800000, 717.960000

face #1513: 
	887.546310, 478.393180
	897.200000, 437.160000
	880.871629, 748.125206

face #1514: 
	880.871629, 748.125206
	882.800000, 717.960000
	887.546310, 478.393180

face #1515: 
	911.733166, 501.523108
	886.799778, 544.486088
	897.200000, 437.160000

face #1516: 
	897.200000, 437.160000
	887.546310, 478.393180
	911.733166, 501.523108

face #1517: 
	908.239526, 551.875179
	923.600000, 680.520000
	886.799778, 544.486088

face #1518: 
	886.799778, 544.486088
	911.733166, 501.523108
	908.239526, 551.875179

face #1519: 
	911.263084, 586.060779
	905.635912, 616.953381
	923.600000, 680.520000

face #1520: 
	923.600000, 680.520000
	908.239526, 551.875179
	911.263084, 586.060779

face #1521: 
	703.199477, 296.341269
	713.966816, 378.387985
	392.391304, 665.543478

face #1522: 
	392.391304, 665.543478
	708.088235, 498.602941
	703.199477, 296.341269

face #1523: 
	764.881471, 574.660525
	764.561708, 512.899617
	713.966816, 378.387985

face #1524: 
	713.966816, 378.387985
	703.199477, 296.341269
	764.881471, 574.660525

face #1525: 
	774.440203, 912.215101
	787.050431, 403.323776
	764.561708, 512.899617

face #1526: 
	764.561708, 512.899617
	764.881471, 574.660525
	774.440203, 912.215101

face #1527: 
	819.588944, 400.025653
	818.192601, 727.935854
	787.050431, 403.323776

face #1528: 
	787.050431, 403.323776
	774.440203, 912.215101
	819.588944, 400.025653

face #1529: 
	857.060000, 380.550000
	867.961171, 806.802115
	818.192601, 727.935854

face #1530: 
	818.192601, 727.935854
	819.588944, 400.025653
	857.060000, 380.550000

face #1531: 
	886.212500, 413.613750
	882.800000, 717.960000
	867.961171, 806.802115

face #1532: 
	867.961171, 806.802115
	857.060000, 380.550000
	886.212500, 413.613750

face #1533: 
	899.587179, 671.174410
	887.546310, 478.393180
	882.800000, 717.960000

face #1534: 
	882.800000, 717.960000
	886.212500, 413.613750
	899.587179, 671.174410

face #1535: 
	926.562500, 506.718750
	911.733166, 501.523108
	887.546310, 478.393180

face #1536: 
	887.546310, 478.393180
	899.587179, 671.174410
	926.562500, 506.718750

face #1537: 
	925.107241, 632.134866
	908.239526, 551.875179
	911.733166, 501.523108

face #1538: 
	911.733166, 501.523108
	926.562500, 506.718750
	925.107241, 632.134866

face #1539: 
	933.138263, 531.745630
	911.263084, 586.060779
	908.239526, 551.875179

face #1540: 
	908.239526, 551.875179
	925.107241, 632.134866
	933.138263, 531.745630

face #1541: 
	698.750000, 302.812500
	703.199477, 296.341269
	708.088235, 498.602941

face #1542: 
	708.088235, 498.602941
	708.893051, 511.658906
	698.750000, 302.812500

face #1543: 
	766.257342, 563.123419
	764.881471, 574.660525
	703.199477, 296.341269

face #1544: 
	703.199477, 296.341269
	698.750000, 302.812500
	766.257342, 563.123419

face #1545: 
	792.395477, 565.947243
	774.440203, 912.215101
	764.881471, 574.660525

face #1546: 
	764.881471, 574.660525
	766.257342, 563.123419
	792.395477, 565.947243

face #1547: 
	817.534668, 569.973661
	819.588944, 400.025653
	774.440203, 912.215101

face #1548: 
	774.440203, 912.215101
	792.395477, 565.947243
	817.534668, 569.973661

face #1549: 
	848.423699, 420.727433
	857.060000, 380.550000
	819.588944, 400.025653

face #1550: 
	819.588944, 400.025653
	817.534668, 569.973661
	848.423699, 420.727433

face #1551: 
	865.379080, 582.250973
	886.212500, 413.613750
	857.060000, 380.550000

face #1552: 
	857.060000, 380.550000
	848.423699, 420.727433
	865.379080, 582.250973

face #1553: 
	904.005201, 480.776996
	899.587179, 671.174410
	886.212500, 413.613750

face #1554: 
	886.212500, 413.613750
	865.379080, 582.250973
	904.005201, 480.776996

face #1555: 
	909.753116, 602.120286
	926.562500, 506.718750
	899.587179, 671.174410

face #1556: 
	899.587179, 671.174410
	904.005201, 480.776996
	909.753116, 602.120286

face #1557: 
	942.200000, 651.540000
	925.107241, 632.134866
	926.562500, 506.718750

face #1558: 
	926.562500, 506.718750
	909.753116, 602.120286
	942.200000, 651.540000

face #1559: 
	931.726840, 598.730830
	933.138263, 531.745630
	925.107241, 632.134866

face #1560: 
	925.107241, 632.134866
	942.200000, 651.540000
	931.726840, 598.730830

face #1561: 
	739.221268, 549.512689
	698.750000, 302.812500
	708.893051, 511.658906

face #1562: 
	708.893051, 511.658906
	709.493162, 524.360418
	739.221268, 549.512689

face #1563: 
	766.759193, 551.030305
	766.257342, 563.123419
	698.750000, 302.812500

face #1564: 
	698.750000, 302.812500
	739.221268, 549.512689
	766.759193, 551.030305

face #1565: 
	792.699659, 540.771101
	792.395477, 565.947243
	766.257342, 563.123419

face #1566: 
	766.257342, 563.123419
	766.759193, 551.030305
	792.699659, 540.771101

face #1567: 
	818.301808, 557.176263
	817.534668, 569.973661
	792.395477, 565.947243

face #1568: 
	792.395477, 565.947243
	792.699659, 540.771101
	818.301808, 557.176263

face #1569: 
	846.370712, 629.986743
	848.423699, 420.727433
	817.534668, 569.973661

face #1570: 
	817.534668, 569.973661
	818.301808, 557.176263
	846.370712, 629.986743

face #1571: 
	866.466723, 568.199358
	865.379080, 582.250973
	848.423699, 420.727433

face #1572: 
	848.423699, 420.727433
	846.370712, 629.986743
	866.466723, 568.199358

face #1573: 
	889.369116, 576.085096
	904.005201, 480.776996
	865.379080, 582.250973

face #1574: 
	865.379080, 582.250973
	866.466723, 568.199358
	889.369116, 576.085096

face #1575: 
	934.400000, 529.320000
	909.753116, 602.120286
	904.005201, 480.776996

face #1576: 
	904.005201, 480.776996
	889.369116, 576.085096
	934.400000, 529.320000

face #1577: 
	945.800000, 573.240000
	942.200000, 651.540000
	909.753116, 602.120286

face #1578: 
	909.753116, 602.120286
	934.400000, 529.320000
	945.800000, 573.240000

face #1579: 
	928.853915, 570.093062
	931.726840, 598.730830
	942.200000, 651.540000

face #1580: 
	942.200000, 651.540000
	945.800000, 573.240000
	928.853915, 570.093062

face #1581: 
	704.684987, 293.795501
	739.221268, 549.512689
	709.493162, 524.360418

face #1582: 
	709.493162, 524.360418
	350.000000, 945.000000
	704.684987, 293.795501

face #1583: 
	761.588072, 400.725285
	766.759193, 551.030305
	739.221268, 549.512689

face #1584: 
	739.221268, 549.512689
	704.684987, 293.795501
	761.588072, 400.725285

face #1585: 
	793.186013, 424.462289
	792.699659, 540.771101
	766.759193, 551.030305

face #1586: 
	766.759193, 551.030305
	761.588072, 400.725285
	793.186013, 424.462289

face #1587: 
	826.637060, 383.239182
	818.301808, 557.176263
	792.699659, 540.771101

face #1588: 
	792.699659, 540.771101
	793.186013, 424.462289
	826.637060, 383.239182

face #1589: 
	858.471501, 382.879657
	846.370712, 629.986743
	818.301808, 557.176263

face #1590: 
	818.301808, 557.176263
	826.637060, 383.239182
	858.471501, 382.879657

face #1591: 
	872.931473, 629.885804
	866.466723, 568.199358
	846.370712, 629.986743

face #1592: 
	846.370712, 629.986743
	858.471501, 382.879657
	872.931473, 629.885804

face #1593: 
	917.600000, 483.780000
	889.369116, 576.085096
	866.466723, 568.199358

face #1594: 
	866.466723, 568.199358
	872.931473, 629.885804
	917.600000, 483.780000

face #1595: 
	923.989932, 541.781533
	934.400000, 529.320000
	889.369116, 576.085096

face #1596: 
	889.369116, 576.085096
	917.600000, 483.780000
	923.989932, 541.781533

face #1597: 
	927.179664, 556.373874
	945.800000, 573.240000
	934.400000, 529.320000

face #1598: 
	934.400000, 529.320000
	923.989932, 541.781533
	927.179664, 556.373874

face #1599: 
	931.974390, 585.160144
	928.853915, 570.093062
	945.800000, 573.240000

face #1600: 
	945.800000, 573.240000
	927.179664, 556.373874
	931.974390, 585.160144

face #1601: 
	961.618122, 656.700797
	964.084676, 635.265585
	950.000000, 615.000000

face #1602: 
	950.000000, 615.000000
	947.900000, 634.248750
	961.618122, 656.700797

face #1603: 
	968.527105, 683.582356
	971.379217, 659.575261
	964.084676, 635.265585

face #1604: 
	964.084676, 635.265585
	961.618122, 656.700797
	968.527105, 683.582356

face #1605: 
	965.940773, 715.671735
	969.162231, 688.660032
	971.379217, 659.575261

face #1606: 
	971.379217, 659.575261
	968.527105, 683.582356
	965.940773, 715.671735

face #1607: 
	950.100111, 753.627487
	953.602331, 723.154688
	969.162231, 688.660032

face #1608: 
	969.162231, 688.660032
	965.940773, 715.671735
	950.100111, 753.627487

face #1609: 
	916.059097, 797.652270
	919.620253, 763.291139
	953.602331, 723.154688

face #1610: 
	953.602331, 723.154688
	950.100111, 753.627487
	916.059097, 797.652270

face #1611: 
	858.004014, 846.868291
	861.188325, 808.321751
	919.620253, 763.291139

face #1612: 
	919.620253, 763.291139
	916.059097, 797.652270
	858.004014, 846.868291

face #1613: 
	770.592880, 898.374525
	772.682575, 855.631310
	861.188325, 808.321751

face #1614: 
	861.188325, 808.321751
	858.004014, 846.868291
	770.592880, 898.374525

face #1615: 
	651.968437, 946.280898
	652.006397, 899.803722
	772.682575, 855.631310

face #1616: 
	772.682575, 855.631310
	770.592880, 898.374525
	651.968437, 946.280898

face #1617: 
	508.188259, 981.701504
	505.264389, 932.569022
	652.006397, 899.803722

face #1618: 
	652.006397, 899.803722
	651.968437, 946.280898
	508.188259, 981.701504

face #1619: 
	521.840182, 315.735872
	350.000000, 945.000000
	505.264389, 932.569022

face #1620: 
	505.264389, 932.569022
	508.188259, 981.701504
	521.840182, 315.735872

face #1621: 
	954.944724, 675.573167
	961.618122, 656.700797
	947.900000, 634.248750

face #1622: 
	947.900000, 634.248750
	942.200000, 651.540000
	954.944724, 675.573167

face #1623: 
	960.839938, 704.201160
	968.527105, 683.582356
	961.618122, 656.700797

face #1624: 
	961.618122, 656.700797
	954.944724, 675.573167
	960.839938, 704.201160

face #1625: 
	957.297129, 738.167599
	965.940773, 715.671735
	968.527105, 683.582356

face #1626: 
	968.527105, 683.582356
	960.839938, 704.201160
	957.297129, 738.167599

face #1627: 
	940.753368, 778.055109
	950.100111, 753.627487
	965.940773, 715.671735

face #1628: 
	965.940773, 715.671735
	957.297129, 738.167599
	940.753368, 778.055109

face #1629: 
	906.613809, 823.933157
	916.059097, 797.652270
	950.100111, 753.627487

face #1630: 
	950.100111, 753.627487
	940.753368, 778.055109
	906.613809, 823.933157

face #1631: 
	849.616480, 874.734971
	858.004014, 846.868291
	916.059097, 797.652270

face #1632: 
	916.059097, 797.652270
	906.613809, 823.933157
	849.616480, 874.734971

face #1633: 
	765.127444, 927.359718
	770.592880, 898.374525
	858.004014, 846.868291

face #1634: 
	858.004014, 846.868291
	849.616480, 874.734971
	765.127444, 927.359718

face #1635: 
	651.870389, 975.816876
	651.968437, 946.280898
	770.592880, 898.374525

face #1636: 
	770.592880, 898.374525
	765.127444, 927.359718
	651.870389, 975.816876

face #1637: 
	515.745759, 1011.345849
	508.188259, 981.701504
	651.968437, 946.280898

face #1638: 
	651.968437, 946.280898
	651.870389, 975.816876
	515.745759, 1011.345849

face #1639: 
	709.747292, 560.859657
	521.840182, 315.735872
	508.188259, 981.701504

face #1640: 
	508.188259, 981.701504
	515.745759, 1011.345849
	709.747292, 560.859657

face #1641: 
	945.166423, 691.981405
	954.944724, 675.573167
	942.200000, 651.540000

face #1642: 
	942.200000, 651.540000
	933.800000, 666.941250
	945.166423, 691.981405

face #1643: 
	949.653352, 721.586658
	960.839938, 704.201160
	954.944724, 675.573167

face #1644: 
	954.944724, 675.573167
	945.166423, 691.981405
	949.653352, 721.586658

face #1645: 
	944.820181, 756.402654
	957.297129, 738.167599
	960.839938, 704.201160

face #1646: 
	960.839938, 704.201160
	949.653352, 721.586658
	944.820181, 756.402654

face #1647: 
	927.389393, 796.864952
	940.753368, 778.055109
	957.297129, 738.167599

face #1648: 
	957.297129, 738.167599
	944.820181, 756.402654
	927.389393, 796.864952

face #1649: 
	893.255185, 842.848196
	906.613809, 823.933157
	940.753368, 778.055109

face #1650: 
	940.753368, 778.055109
	927.389393, 796.864952
	893.255185, 842.848196

face #1651: 
	837.896282, 893.086288
	849.616480, 874.734971
	906.613809, 823.933157

face #1652: 
	906.613809, 823.933157
	893.255185, 842.848196
	837.896282, 893.086288

face #1653: 
	757.585062, 944.388012
	765.127444, 927.359718
	849.616480, 874.734971

face #1654: 
	849.616480, 874.734971
	837.896282, 893.086288
	757.585062, 944.388012

face #1655: 
	651.736331, 990.976340
	651.870389, 975.816876
	765.127444, 927.359718

face #1656: 
	765.127444, 927.359718
	757.585062, 944.388012
	651.736331, 990.976340

face #1657: 
	525.970554, 1024.745291
	515.745759, 1011.345849
	651.870389, 975.816876

face #1658: 
	651.870389, 975.816876
	651.736331, 990.976340
	525.970554, 1024.745291

face #1659: 
	353.239017, 880.152643
	709.747292, 560.859657
	515.745759, 1011.345849

face #1660: 
	515.745759, 1011.345849
	525.970554, 1024.745291
	353.239017, 880.152643

face #1661: 
	933.382364, 706.065239
	945.166423, 691.981405
	933.800000, 666.941250

face #1662: 
	933.800000, 666.941250
	923.600000, 680.520000
	933.382364, 706.065239

face #1663: 
	936.291656, 735.996565
	949.653352, 721.586658
	945.166423, 691.981405

face #1664: 
	945.166423, 691.981405
	933.382364, 706.065239
	936.291656, 735.996565

face #1665: 
	930.073146, 770.825994
	944.820181, 756.402654
	949.653352, 721.586658

face #1666: 
	949.653352, 721.586658
	936.291656, 735.996565
	930.073146, 770.825994

face #1667: 
	911.784978, 810.809521
	927.389393, 796.864952
	944.820181, 756.402654

face #1668: 
	944.820181, 756.402654
	930.073146, 770.825994
	911.784978, 810.809521

face #1669: 
	877.871622, 855.616554
	893.255185, 842.848196
	927.389393, 796.864952

face #1670: 
	927.389393, 796.864952
	911.784978, 810.809521
	877.871622, 855.616554

face #1671: 
	824.601460, 903.817346
	837.896282, 893.086288
	893.255185, 842.848196

face #1672: 
	893.255185, 842.848196
	877.871622, 855.616554
	824.601460, 903.817346

face #1673: 
	780.057078, 709.173379
	757.585062, 944.388012
	837.896282, 893.086288

face #1674: 
	837.896282, 893.086288
	824.601460, 903.817346
	780.057078, 709.173379

face #1675: 
	651.588584, 995.550070
	651.736331, 990.976340
	757.585062, 944.388012

face #1676: 
	757.585062, 944.388012
	780.057078, 709.173379
	651.588584, 995.550070

face #1677: 
	537.119683, 1026.543590
	525.970554, 1024.745291
	651.736331, 990.976340

face #1678: 
	651.736331, 990.976340
	651.588584, 995.550070
	537.119683, 1026.543590

face #1679: 
	393.862816, 1037.386056
	353.239017, 880.152643
	525.970554, 1024.745291

face #1680: 
	525.970554, 1024.745291
	537.119683, 1026.543590
	393.862816, 1037.386056

face #1681: 
	920.668593, 717.994386
	933.382364, 706.065239
	923.600000, 680.520000

face #1682: 
	923.600000, 680.520000
	912.500000, 692.343750
	920.668593, 717.994386

face #1683: 
	922.020904, 747.758613
	936.291656, 735.996565
	933.382364, 706.065239

face #1684: 
	933.382364, 706.065239
	920.668593, 717.994386
	922.020904, 747.758613

face #1685: 
	914.506672, 782.005028
	930.073146, 770.825994
	936.291656, 735.996565

face #1686: 
	936.291656, 735.996565
	922.020904, 747.758613
	914.506672, 782.005028

face #1687: 
	895.534111, 820.813229
	911.784978, 810.809521
	930.073146, 770.825994

face #1688: 
	930.073146, 770.825994
	914.506672, 782.005028
	895.534111, 820.813229

face #1689: 
	862.091038, 863.673542
	877.871622, 855.616554
	911.784978, 810.809521

face #1690: 
	911.784978, 810.809521
	895.534111, 820.813229
	862.091038, 863.673542

face #1691: 
	811.183513, 909.053929
	824.601460, 903.817346
	877.871622, 855.616554

face #1692: 
	877.871622, 855.616554
	862.091038, 863.673542
	811.183513, 909.053929

face #1693: 
	761.326280, 854.909590
	780.057078, 709.173379
	824.601460, 903.817346

face #1694: 
	824.601460, 903.817346
	811.183513, 909.053929
	761.326280, 854.909590

face #1695: 
	651.444033, 993.404127
	651.588584, 995.550070
	780.057078, 709.173379

face #1696: 
	780.057078, 709.173379
	761.326280, 854.909590
	651.444033, 993.404127

face #1697: 
	547.915979, 1021.322905
	537.119683, 1026.543590
	651.588584, 995.550070

face #1698: 
	651.588584, 995.550070
	651.444033, 993.404127
	547.915979, 1021.322905

face #1699: 
	706.716418, 593.358209
	393.862816, 1037.386056
	537.119683, 1026.543590

face #1700: 
	537.119683, 1026.543590
	547.915979, 1021.322905
	706.716418, 593.358209

face #1701: 
	908.068123, 727.959429
	920.668593, 717.994386
	912.500000, 692.343750

face #1702: 
	912.500000, 692.343750
	901.400000, 702.480000
	908.068123, 727.959429

face #1703: 
	908.023481, 757.241869
	922.020904, 747.758613
	920.668593, 717.994386

face #1704: 
	920.668593, 717.994386
	908.068123, 727.959429
	908.023481, 757.241869

face #1705: 
	899.419760, 790.563442
	914.506672, 782.005028
	922.020904, 747.758613

face #1706: 
	922.020904, 747.758613
	908.023481, 757.241869
	899.419760, 790.563442

face #1707: 
	879.995835, 827.852828
	895.534111, 820.813229
	914.506672, 782.005028

face #1708: 
	914.506672, 782.005028
	899.419760, 790.563442
	879.995835, 827.852828

face #1709: 
	847.226581, 868.465890
	862.091038, 863.673542
	895.534111, 820.813229

face #1710: 
	895.534111, 820.813229
	879.995835, 827.852828
	847.226581, 868.465890

face #1711: 
	798.743343, 910.828876
	811.183513, 909.053929
	862.091038, 863.673542

face #1712: 
	862.091038, 863.673542
	847.226581, 868.465890
	798.743343, 910.828876

face #1713: 
	733.160759, 952.072081
	761.326280, 854.909590
	811.183513, 909.053929

face #1714: 
	811.183513, 909.053929
	798.743343, 910.828876
	733.160759, 952.072081

face #1715: 
	651.313910, 987.877378
	651.444033, 993.404127
	761.326280, 854.909590

face #1716: 
	761.326280, 854.909590
	733.160759, 952.072081
	651.313910, 987.877378

face #1717: 
	557.540092, 1012.906746
	547.915979, 1021.322905
	651.444033, 993.404127

face #1718: 
	651.444033, 993.404127
	651.313910, 987.877378
	557.540092, 1012.906746

face #1719: 
	703.763901, 611.984602
	706.716418, 593.358209
	547.915979, 1021.322905

face #1720: 
	547.915979, 1021.322905
	557.540092, 1012.906746
	703.763901, 611.984602

face #1721: 
	869.098068, 476.487740
	908.068123, 727.959429
	901.400000, 702.480000

face #1722: 
	901.400000, 702.480000
	891.200000, 710.996250
	869.098068, 476.487740

face #1723: 
	895.395185, 764.834655
	908.023481, 757.241869
	908.068123, 727.959429

face #1724: 
	908.068123, 727.959429
	869.098068, 476.487740
	895.395185, 764.834655

face #1725: 
	878.297085, 775.913806
	899.419760, 790.563442
	908.023481, 757.241869

face #1726: 
	908.023481, 757.241869
	895.395185, 764.834655
	878.297085, 775.913806

face #1727: 
	832.275775, 489.487993
	879.995835, 827.852828
	899.419760, 790.563442

face #1728: 
	899.419760, 790.563442
	878.297085, 775.913806
	832.275775, 489.487993

face #1729: 
	817.887762, 694.506434
	847.226581, 868.465890
	879.995835, 827.852828

face #1730: 
	879.995835, 827.852828
	832.275775, 489.487993
	817.887762, 694.506434

face #1731: 
	794.003415, 374.905586
	798.743343, 910.828876
	847.226581, 868.465890

face #1732: 
	847.226581, 868.465890
	817.887762, 694.506434
	794.003415, 374.905586

face #1733: 
	744.452149, 349.232509
	733.160759, 952.072081
	798.743343, 910.828876

face #1734: 
	798.743343, 910.828876
	794.003415, 374.905586
	744.452149, 349.232509

face #1735: 
	651.205267, 981.637828
	651.313910, 987.877378
	733.160759, 952.072081

face #1736: 
	733.160759, 952.072081
	744.452149, 349.232509
	651.205267, 981.637828

face #1737: 
	692.984245, 353.973274
	557.540092, 1012.906746
	651.313910, 987.877378

face #1738: 
	651.313910, 987.877378
	651.205267, 981.637828
	692.984245, 353.973274

face #1739: 
	704.625656, 456.721507
	703.763901, 611.984602
	557.540092, 1012.906746

face #1740: 
	557.540092, 1012.906746
	692.984245, 353.973274
	704.625656, 456.721507

face #1741: 
	858.282490, 507.672285
	869.098068, 476.487740
	891.200000, 710.996250

face #1742: 
	891.200000, 710.996250
	876.574791, 416.499125
	858.282490, 507.672285

face #1743: 
	852.471439, 619.362600
	895.395185, 764.834655
	869.098068, 476.487740

face #1744: 
	869.098068, 476.487740
	858.282490, 507.672285
	852.471439, 619.362600

face #1745: 
	853.220101, 394.267476
	878.297085, 775.913806
	895.395185, 764.834655

face #1746: 
	895.395185, 764.834655
	852.471439, 619.362600
	853.220101, 394.267476

face #1747: 
	841.629528, 378.925236
	832.275775, 489.487993
	878.297085, 775.913806

face #1748: 
	878.297085, 775.913806
	853.220101, 394.267476
	841.629528, 378.925236

face #1749: 
	813.798589, 395.455931
	817.887762, 694.506434
	832.275775, 489.487993

face #1750: 
	832.275775, 489.487993
	841.629528, 378.925236
	813.798589, 395.455931

face #1751: 
	771.595188, 803.180219
	794.003415, 374.905586
	817.887762, 694.506434

face #1752: 
	817.887762, 694.506434
	813.798589, 395.455931
	771.595188, 803.180219

face #1753: 
	772.296829, 425.198386
	744.452149, 349.232509
	794.003415, 374.905586

face #1754: 
	794.003415, 374.905586
	771.595188, 803.180219
	772.296829, 425.198386

face #1755: 
	651.122760, 976.798657
	651.205267, 981.637828
	744.452149, 349.232509

face #1756: 
	744.452149, 349.232509
	772.296829, 425.198386
	651.122760, 976.798657

face #1757: 
	571.519833, 997.605910
	692.984245, 353.973274
	651.205267, 981.637828

face #1758: 
	651.205267, 981.637828
	651.122760, 976.798657
	571.519833, 997.605910

face #1759: 
	489.226519, 1005.165746
	704.625656, 456.721507
	692.984245, 353.973274

face #1760: 
	692.984245, 353.973274
	571.519833, 997.605910
	489.226519, 1005.165746

face #1761: 
	863.680688, 418.833228
	858.282490, 507.672285
	876.574791, 416.499125

face #1762: 
	876.574791, 416.499125
	867.533510, 672.882204
	863.680688, 418.833228

face #1763: 
	865.853750, 377.596950
	852.471439, 619.362600
	858.282490, 507.672285

face #1764: 
	858.282490, 507.672285
	863.680688, 418.833228
	865.853750, 377.596950

face #1765: 
	845.413344, 385.555534
	853.220101, 394.267476
	852.471439, 619.362600

face #1766: 
	852.471439, 619.362600
	865.853750, 377.596950
	845.413344, 385.555534

face #1767: 
	828.235442, 392.746361
	841.629528, 378.925236
	853.220101, 394.267476

face #1768: 
	853.220101, 394.267476
	845.413344, 385.555534
	828.235442, 392.746361

face #1769: 
	817.517896, 876.125030
	813.798589, 395.455931
	841.629528, 378.925236

face #1770: 
	841.629528, 378.925236
	828.235442, 392.746361
	817.517896, 876.125030

face #1771: 
	790.668605, 577.734605
	771.595188, 803.180219
	813.798589, 395.455931

face #1772: 
	813.798589, 395.455931
	817.517896, 876.125030
	790.668605, 577.734605

face #1773: 
	755.480000, 748.740000
	772.296829, 425.198386
	771.595188, 803.180219

face #1774: 
	771.595188, 803.180219
	790.668605, 577.734605
	755.480000, 748.740000

face #1775: 
	651.070123, 975.149274
	651.122760, 976.798657
	772.296829, 425.198386

face #1776: 
	772.296829, 425.198386
	755.480000, 748.740000
	651.070123, 975.149274

face #1777: 
	575.348821, 994.879608
	571.519833, 997.605910
	651.122760, 976.798657

face #1778: 
	651.122760, 976.798657
	651.070123, 975.149274
	575.348821, 994.879608

face #1779: 
	698.185438, 399.652699
	489.226519, 1005.165746
	571.519833, 997.605910

face #1780: 
	571.519833, 997.605910
	575.348821, 994.879608
	698.185438, 399.652699

face #1781: 
	866.635245, 394.549185
	863.680688, 418.833228
	867.533510, 672.882204

face #1782: 
	867.533510, 672.882204
	875.000000, 390.000000
	866.635245, 394.549185

face #1783: 
	854.933076, 689.323168
	865.853750, 377.596950
	863.680688, 418.833228

face #1784: 
	863.680688, 418.833228
	866.635245, 394.549185
	854.933076, 689.323168

face #1785: 
	865.338573, 811.083641
	845.413344, 385.555534
	865.853750, 377.596950

face #1786: 
	865.853750, 377.596950
	854.933076, 689.323168
	865.338573, 811.083641

face #1787: 
	845.641784, 844.714383
	828.235442, 392.746361
	845.413344, 385.555534

face #1788: 
	845.413344, 385.555534
	865.338573, 811.083641
	845.641784, 844.714383

face #1789: 
	815.116279, 880.232558
	817.517896, 876.125030
	828.235442, 392.746361

face #1790: 
	828.235442, 392.746361
	845.641784, 844.714383
	815.116279, 880.232558

face #1791: 
	772.507390, 916.104542
	790.668605, 577.734605
	817.517896, 876.125030

face #1792: 
	817.517896, 876.125030
	815.116279, 880.232558
	772.507390, 916.104542

face #1793: 
	717.428118, 949.927938
	755.480000, 748.740000
	790.668605, 577.734605

face #1794: 
	790.668605, 577.734605
	772.507390, 916.104542
	717.428118, 949.927938

face #1795: 
	746.967889, 409.318724
	651.070123, 975.149274
	755.480000, 748.740000

face #1796: 
	755.480000, 748.740000
	717.428118, 949.927938
	746.967889, 409.318724

face #1797: 
	724.286939, 409.827526
	575.348821, 994.879608
	651.070123, 975.149274

face #1798: 
	651.070123, 975.149274
	746.967889, 409.318724
	724.286939, 409.827526

face #1799: 
	500.000000, 1005.000000
	698.185438, 399.652699
	575.348821, 994.879608

face #1800: 
	575.348821, 994.879608
	724.286939, 409.827526
	500.000000, 1005.000000

face #1801: 
	226.077502, 981.701504
	217.337389, 932.569022
	350.000000, 945.000000

face #1802: 
	350.000000, 945.000000
	356.213018, 995.114645
	226.077502, 981.701504

face #1803: 
	139.970344, 946.280898
	130.168654, 899.803722
	217.337389, 932.569022

face #1804: 
	217.337389, 932.569022
	226.077502, 981.701504
	139.970344, 946.280898

face #1805: 
	99.348666, 898.374525
	426.648370, 831.748825
	130.168654, 899.803722

face #1806: 
	130.168654, 899.803722
	139.970344, 946.280898
	99.348666, 898.374525

face #1807: 
	95.801712, 846.868291
	87.317582, 808.321751
	426.648370, 831.748825

face #1808: 
	426.648370, 831.748825
	99.348666, 898.374525
	95.801712, 846.868291

face #1809: 
	117.881807, 797.652270
	110.759494, 763.291139
	87.317582, 808.321751

face #1810: 
	87.317582, 808.321751
	95.801712, 846.868291
	117.881807, 797.652270

face #1811: 
	155.523421, 753.627487
	149.752781, 723.154688
	110.759494, 763.291139

face #1812: 
	110.759494, 763.291139
	117.881807, 797.652270
	155.523421, 753.627487

face #1813: 
	201.483590, 715.671735
	196.910437, 688.660032
	149.752781, 723.154688

face #1814: 
	149.752781, 723.154688
	155.523421, 753.627487
	201.483590, 715.671735

face #1815: 
	251.146262, 683.582356
	247.574854, 659.575261
	196.910437, 688.660032

face #1816: 
	196.910437, 688.660032
	201.483590, 715.671735
	251.146262, 683.582356

face #1817: 
	301.824701, 656.700797
	299.068807, 635.265585
	247.574854, 659.575261

face #1818: 
	247.574854, 659.575261
	251.146262, 683.582356
	301.824701, 656.700797

face #1819: 
	352.100000, 634.248750
	337.944502, 620.873587
	299.068807, 635.265585

face #1820: 
	299.068807, 635.265585
	301.824701, 656.700797
	352.100000, 634.248750

face #1821: 
	248.669471, 1011.345849
	226.077502, 981.701504
	356.213018, 995.114645

face #1822: 
	356.213018, 995.114645
	372.243346, 1024.733840
	248.669471, 1011.345849

face #1823: 
	165.431076, 975.816876
	139.970344, 946.280898
	226.077502, 981.701504

face #1824: 
	226.077502, 981.701504
	248.669471, 1011.345849
	165.431076, 975.816876

face #1825: 
	124.304354, 927.359718
	99.348666, 898.374525
	139.970344, 946.280898

face #1826: 
	139.970344, 946.280898
	165.431076, 975.816876
	124.304354, 927.359718

face #1827: 
	118.149268, 874.734971
	95.801712, 846.868291
	99.348666, 898.374525

face #1828: 
	99.348666, 898.374525
	124.304354, 927.359718
	118.149268, 874.734971

face #1829: 
	136.772382, 823.933157
	117.881807, 797.652270
	95.801712, 846.868291

face #1830: 
	95.801712, 846.868291
	118.149268, 874.734971
	136.772382, 823.933157

face #1831: 
	170.924053, 778.055109
	155.523421, 753.627487
	117.881807, 797.652270

face #1832: 
	117.881807, 797.652270
	136.772382, 823.933157
	170.924053, 778.055109

face #1833: 
	213.754376, 738.167599
	201.483590, 715.671735
	155.523421, 753.627487

face #1834: 
	155.523421, 753.627487
	170.924053, 778.055109
	213.754376, 738.167599

face #1835: 
	260.771912, 704.201160
	251.146262, 683.582356
	201.483590, 715.671735

face #1836: 
	201.483590, 715.671735
	213.754376, 738.167599
	260.771912, 704.201160

face #1837: 
	309.280988, 675.573167
	301.824701, 656.700797
	251.146262, 683.582356

face #1838: 
	251.146262, 683.582356
	260.771912, 704.201160
	309.280988, 675.573167

face #1839: 
	357.800000, 651.540000
	352.100000, 634.248750
	301.824701, 656.700797

face #1840: 
	301.824701, 656.700797
	309.280988, 675.573167
	357.800000, 651.540000

face #1841: 
	279.235523, 1024.745291
	248.669471, 1011.345849
	372.243346, 1024.733840

face #1842: 
	372.243346, 1024.733840
	393.862816, 1037.386056
	279.235523, 1024.745291

face #1843: 
	200.167574, 990.976340
	165.431076, 975.816876
	248.669471, 1011.345849

face #1844: 
	248.669471, 1011.345849
	279.235523, 1024.745291
	200.167574, 990.976340

face #1845: 
	158.744112, 944.388012
	124.304354, 927.359718
	165.431076, 975.816876

face #1846: 
	165.431076, 975.816876
	200.167574, 990.976340
	158.744112, 944.388012

face #1847: 
	149.376141, 893.086288
	118.149268, 874.734971
	124.304354, 927.359718

face #1848: 
	124.304354, 927.359718
	158.744112, 944.388012
	149.376141, 893.086288

face #1849: 
	163.489630, 842.848196
	136.772382, 823.933157
	118.149268, 874.734971

face #1850: 
	118.149268, 874.734971
	149.376141, 893.086288
	163.489630, 842.848196

face #1851: 
	192.943943, 796.864952
	170.924053, 778.055109
	136.772382, 823.933157

face #1852: 
	136.772382, 823.933157
	163.489630, 842.848196
	192.943943, 796.864952

face #1853: 
	231.466965, 756.402654
	213.754376, 738.167599
	170.924053, 778.055109

face #1854: 
	170.924053, 778.055109
	192.943943, 796.864952
	231.466965, 756.402654

face #1855: 
	274.779542, 721.586658
	260.771912, 704.201160
	213.754376, 738.167599

face #1856: 
	213.754376, 738.167599
	231.466965, 756.402654
	274.779542, 721.586658

face #1857: 
	320.206476, 691.981405
	309.280988, 675.573167
	260.771912, 704.201160

face #1858: 
	260.771912, 704.201160
	274.779542, 721.586658
	320.206476, 691.981405

face #1859: 
	366.200000, 666.941250
	357.800000, 651.540000
	309.280988, 675.573167

face #1860: 
	309.280988, 675.573167
	320.206476, 691.981405
	366.200000, 666.941250

face #1861: 
	312.563308, 1026.543590
	279.235523, 1024.745291
	393.862816, 1037.386056

face #1862: 
	393.862816, 1037.386056
	417.346939, 1038.061224
	312.563308, 1026.543590

face #1863: 
	238.429544, 995.550070
	200.167574, 990.976340
	279.235523, 1024.745291

face #1864: 
	279.235523, 1024.745291
	312.563308, 1026.543590
	238.429544, 995.550070

face #1865: 
	600.082333, 396.366801
	158.744112, 944.388012
	200.167574, 990.976340

face #1866: 
	200.167574, 990.976340
	238.429544, 995.550070
	600.082333, 396.366801

face #1867: 
	184.798143, 903.817346
	149.376141, 893.086288
	158.744112, 944.388012

face #1868: 
	158.744112, 944.388012
	600.082333, 396.366801
	184.798143, 903.817346

face #1869: 
	194.256757, 855.616554
	163.489630, 842.848196
	149.376141, 893.086288

face #1870: 
	149.376141, 893.086288
	184.798143, 903.817346
	194.256757, 855.616554

face #1871: 
	218.655521, 810.809521
	192.943943, 796.864952
	163.489630, 842.848196

face #1872: 
	163.489630, 842.848196
	194.256757, 855.616554
	218.655521, 810.809521

face #1873: 
	252.402136, 770.825994
	231.466965, 756.402654
	192.943943, 796.864952

face #1874: 
	192.943943, 796.864952
	218.655521, 810.809521
	252.402136, 770.825994

face #1875: 
	291.510837, 735.996565
	274.779542, 721.586658
	231.466965, 756.402654

face #1876: 
	231.466965, 756.402654
	252.402136, 770.825994
	291.510837, 735.996565

face #1877: 
	333.372922, 706.065239
	320.206476, 691.981405
	274.779542, 721.586658

face #1878: 
	274.779542, 721.586658
	291.510837, 735.996565
	333.372922, 706.065239

face #1879: 
	376.400000, 680.520000
	366.200000, 666.941250
	320.206476, 691.981405

face #1880: 
	320.206476, 691.981405
	333.372922, 706.065239
	376.400000, 680.520000

face #1881: 
	344.837097, 1021.322905
	312.563308, 1026.543590
	417.346939, 1038.061224

face #1882: 
	417.346939, 1038.061224
	440.000000, 1031.625000
	344.837097, 1021.322905

face #1883: 
	275.870007, 993.404127
	238.429544, 995.550070
	312.563308, 1026.543590

face #1884: 
	312.563308, 1026.543590
	344.837097, 1021.322905
	275.870007, 993.404127

face #1885: 
	250.748556, 471.558844
	600.082333, 396.366801
	238.429544, 995.550070

face #1886: 
	238.429544, 995.550070
	275.870007, 993.404127
	250.748556, 471.558844

face #1887: 
	220.548568, 909.053929
	184.798143, 903.817346
	600.082333, 396.366801

face #1888: 
	600.082333, 396.366801
	250.748556, 471.558844
	220.548568, 909.053929

face #1889: 
	225.817923, 863.673542
	194.256757, 855.616554
	184.798143, 903.817346

face #1890: 
	184.798143, 903.817346
	220.548568, 909.053929
	225.817923, 863.673542

face #1891: 
	245.432104, 820.813229
	218.655521, 810.809521
	194.256757, 855.616554

face #1892: 
	194.256757, 855.616554
	225.817923, 863.673542
	245.432104, 820.813229

face #1893: 
	274.500644, 782.005028
	252.402136, 770.825994
	218.655521, 810.809521

face #1894: 
	218.655521, 810.809521
	245.432104, 820.813229
	274.500644, 782.005028

face #1895: 
	309.380427, 747.758613
	291.510837, 735.996565
	252.402136, 770.825994

face #1896: 
	252.402136, 770.825994
	274.500644, 782.005028
	309.380427, 747.758613

face #1897: 
	347.578202, 717.994386
	333.372922, 706.065239
	291.510837, 735.996565

face #1898: 
	291.510837, 735.996565
	309.380427, 747.758613
	347.578202, 717.994386

face #1899: 
	387.500000, 692.343750
	376.400000, 680.520000
	333.372922, 706.065239

face #1900: 
	333.372922, 706.065239
	347.578202, 717.994386
	387.500000, 692.343750

face #1901: 
	373.606835, 1012.906746
	344.837097, 1021.322905
	440.000000, 1031.625000

face #1902: 
	440.000000, 1031.625000
	460.120846, 1022.084592
	373.606835, 1012.906746

face #1903: 
	309.573236, 987.877378
	275.870007, 993.404127
	344.837097, 1021.322905

face #1904: 
	344.837097, 1021.322905
	373.606835, 1012.906746
	309.573236, 987.877378

face #1905: 
	270.270703, 952.072081
	250.748556, 471.558844
	275.870007, 993.404127

face #1906: 
	275.870007, 993.404127
	309.573236, 987.877378
	270.270703, 952.072081

face #1907: 
	253.693828, 910.828876
	220.548568, 909.053929
	250.748556, 471.558844

face #1908: 
	250.748556, 471.558844
	270.270703, 952.072081
	253.693828, 910.828876

face #1909: 
	255.546839, 868.465890
	225.817923, 863.673542
	220.548568, 909.053929

face #1910: 
	220.548568, 909.053929
	253.693828, 910.828876
	255.546839, 868.465890

face #1911: 
	271.034551, 827.852828
	245.432104, 820.813229
	225.817923, 863.673542

face #1912: 
	225.817923, 863.673542
	255.546839, 868.465890
	271.034551, 827.852828

face #1913: 
	295.918355, 790.563442
	274.500644, 782.005028
	245.432104, 820.813229

face #1914: 
	245.432104, 820.813229
	271.034551, 827.852828
	295.918355, 790.563442

face #1915: 
	326.907758, 757.241869
	309.380427, 747.758613
	274.500644, 782.005028

face #1916: 
	274.500644, 782.005028
	295.918355, 790.563442
	326.907758, 757.241869

face #1917: 
	361.656891, 727.959429
	347.578202, 717.994386
	309.380427, 747.758613

face #1918: 
	309.380427, 747.758613
	326.907758, 757.241869
	361.656891, 727.959429

face #1919: 
	398.600000, 702.480000
	387.500000, 692.343750
	347.578202, 717.994386

face #1920: 
	347.578202, 717.994386
	361.656891, 727.959429
	398.600000, 702.480000

face #1921: 
	621.987957, 311.724278
	373.606835, 1012.906746
	460.120846, 1022.084592

face #1922: 
	460.120846, 1022.084592
	476.724138, 1012.491918
	621.987957, 311.724278

face #1923: 
	337.707990, 981.637828
	309.573236, 987.877378
	373.606835, 1012.906746

face #1924: 
	373.606835, 1012.906746
	621.987957, 311.724278
	337.707990, 981.637828

face #1925: 
	569.258876, 376.817196
	270.270703, 952.072081
	309.573236, 987.877378

face #1926: 
	309.573236, 987.877378
	337.707990, 981.637828
	569.258876, 376.817196

face #1927: 
	507.136250, 747.266250
	253.693828, 910.828876
	270.270703, 952.072081

face #1928: 
	270.270703, 952.072081
	569.258876, 376.817196
	507.136250, 747.266250

face #1929: 
	549.309102, 391.487876
	255.546839, 868.465890
	253.693828, 910.828876

face #1930: 
	253.693828, 910.828876
	507.136250, 747.266250
	549.309102, 391.487876

face #1931: 
	455.000000, 390.000000
	271.034551, 827.852828
	255.546839, 868.465890

face #1932: 
	255.546839, 868.465890
	549.309102, 391.487876
	455.000000, 390.000000

face #1933: 
	462.660245, 716.272498
	295.918355, 790.563442
	271.034551, 827.852828

face #1934: 
	271.034551, 827.852828
	455.000000, 390.000000
	462.660245, 716.272498

face #1935: 
	342.720701, 764.834655
	326.907758, 757.241869
	295.918355, 790.563442

face #1936: 
	295.918355, 790.563442
	462.660245, 716.272498
	342.720701, 764.834655

face #1937: 
	436.161806, 439.614299
	361.656891, 727.959429
	326.907758, 757.241869

face #1938: 
	326.907758, 757.241869
	342.720701, 764.834655
	436.161806, 439.614299

face #1939: 
	408.800000, 710.996250
	398.600000, 702.480000
	361.656891, 727.959429

face #1940: 
	361.656891, 727.959429
	436.161806, 439.614299
	408.800000, 710.996250

face #1941: 
	415.396971, 997.605910
	621.987957, 311.724278
	476.724138, 1012.491918

face #1942: 
	476.724138, 1012.491918
	701.142355, 626.599297
	415.396971, 997.605910

face #1943: 
	359.089223, 976.798657
	337.707990, 981.637828
	621.987957, 311.724278

face #1944: 
	621.987957, 311.724278
	415.396971, 997.605910
	359.089223, 976.798657

face #1945: 
	605.787252, 396.294623
	569.258876, 376.817196
	337.707990, 981.637828

face #1946: 
	337.707990, 981.637828
	359.089223, 976.798657
	605.787252, 396.294623

face #1947: 
	538.717007, 378.317535
	507.136250, 747.266250
	569.258876, 376.817196

face #1948: 
	569.258876, 376.817196
	605.787252, 396.294623
	538.717007, 378.317535

face #1949: 
	484.970000, 374.610000
	549.309102, 391.487876
	507.136250, 747.266250

face #1950: 
	507.136250, 747.266250
	538.717007, 378.317535
	484.970000, 374.610000

face #1951: 
	522.749577, 388.541853
	455.000000, 390.000000
	549.309102, 391.487876

face #1952: 
	549.309102, 391.487876
	484.970000, 374.610000
	522.749577, 388.541853

face #1953: 
	442.940000, 380.550000
	462.660245, 716.272498
	455.000000, 390.000000

face #1954: 
	455.000000, 390.000000
	522.749577, 388.541853
	442.940000, 380.550000

face #1955: 
	505.044489, 439.763372
	342.720701, 764.834655
	462.660245, 716.272498

face #1956: 
	462.660245, 716.272498
	442.940000, 380.550000
	505.044489, 439.763372

face #1957: 
	523.786423, 607.825308
	436.161806, 439.614299
	342.720701, 764.834655

face #1958: 
	342.720701, 764.834655
	505.044489, 439.763372
	523.786423, 607.825308

face #1959: 
	444.186047, 430.813953
	408.800000, 710.996250
	436.161806, 439.614299

face #1960: 
	436.161806, 439.614299
	523.786423, 607.825308
	444.186047, 430.813953

face #1961: 
	426.843142, 994.879608
	415.396971, 997.605910
	701.142355, 626.599297

face #1962: 
	701.142355, 626.599297
	497.173620, 1002.029778
	426.843142, 994.879608

face #1963: 
	372.768736, 975.149274
	359.089223, 976.798657
	415.396971, 997.605910

face #1964: 
	415.396971, 997.605910
	426.843142, 994.879608
	372.768736, 975.149274

face #1965: 
	624.096836, 642.052155
	605.787252, 396.294623
	359.089223, 976.798657

face #1966: 
	359.089223, 976.798657
	372.768736, 975.149274
	624.096836, 642.052155

face #1967: 
	619.281409, 514.446278
	538.717007, 378.317535
	605.787252, 396.294623

face #1968: 
	605.787252, 396.294623
	624.096836, 642.052155
	619.281409, 514.446278

face #1969: 
	314.964209, 876.125030
	484.970000, 374.610000
	538.717007, 378.317535

face #1970: 
	538.717007, 378.317535
	619.281409, 514.446278
	314.964209, 876.125030

face #1971: 
	238.787905, 467.816293
	522.749577, 388.541853
	484.970000, 374.610000

face #1972: 
	484.970000, 374.610000
	314.964209, 876.125030
	238.787905, 467.816293

face #1973: 
	557.079353, 504.751781
	442.940000, 380.550000
	522.749577, 388.541853

face #1974: 
	522.749577, 388.541853
	238.787905, 467.816293
	557.079353, 504.751781

face #1975: 
	315.025825, 797.137185
	505.044489, 439.763372
	442.940000, 380.550000

face #1976: 
	442.940000, 380.550000
	557.079353, 504.751781
	315.025825, 797.137185

face #1977: 
	526.144433, 491.551792
	523.786423, 607.825308
	505.044489, 439.763372

face #1978: 
	505.044489, 439.763372
	315.025825, 797.137185
	526.144433, 491.551792

face #1979: 
	440.687023, 417.566794
	444.186047, 430.813953
	523.786423, 607.825308

face #1980: 
	523.786423, 607.825308
	526.144433, 491.551792
	440.687023, 417.566794

face #1981: 
	674.850692, 635.797691
	426.843142, 994.879608
	497.173620, 1002.029778

face #1982: 
	497.173620, 1002.029778
	700.000000, 635.000000
	674.850692, 635.797691

face #1983: 
	649.625732, 638.150900
	372.768736, 975.149274
	426.843142, 994.879608

face #1984: 
	426.843142, 994.879608
	674.850692, 635.797691
	649.625732, 638.150900

face #1985: 
	555.290172, 737.675889
	624.096836, 642.052155
	372.768736, 975.149274

face #1986: 
	372.768736, 975.149274
	649.625732, 638.150900
	555.290172, 737.675889

face #1987: 
	323.595808, 916.104542
	619.281409, 514.446278
	624.096836, 642.052155

face #1988: 
	624.096836, 642.052155
	555.290172, 737.675889
	323.595808, 916.104542

face #1989: 
	319.767442, 880.232558
	314.964209, 876.125030
	619.281409, 514.446278

face #1990: 
	619.281409, 514.446278
	323.595808, 916.104542
	319.767442, 880.232558

face #1991: 
	327.639964, 844.714383
	238.787905, 467.816293
	314.964209, 876.125030

face #1992: 
	314.964209, 876.125030
	319.767442, 880.232558
	327.639964, 844.714383

face #1993: 
	536.059332, 440.318640
	557.079353, 504.751781
	238.787905, 467.816293

face #1994: 
	238.787905, 467.816293
	327.639964, 844.714383
	536.059332, 440.318640

face #1995: 
	367.275842, 780.168475
	315.025825, 797.137185
	557.079353, 504.751781

face #1996: 
	557.079353, 504.751781
	536.059332, 440.318640
	367.275842, 780.168475

face #1997: 
	394.642468, 752.300754
	526.144433, 491.551792
	315.025825, 797.137185

face #1998: 
	315.025825, 797.137185
	367.275842, 780.168475
	394.642468, 752.300754

face #1999: 
	425.528750, 730.863750
	440.687023, 417.566794
	526.144433, 491.551792

face #2000: 
	526.144433, 491.551792
	394.642468, 752.300754
	425.528750, 730.863750

face #2001: 
	388.372093, 624.418605
	354.200000, 573.240000
	337.944502, 620.873587

face #2002: 
	337.944502, 620.873587
	364.052093, 445.698637
	388.372093, 624.418605

face #2003: 
	443.768315, 551.875179
	247.574854, 659.575261
	354.200000, 573.240000

face #2004: 
	354.200000, 573.240000
	388.372093, 624.418605
	443.768315, 551.875179

face #2005: 
	422.664461, 480.776996
	196.910437, 688.660032
	247.574854, 659.575261

face #2006: 
	247.574854, 659.575261
	443.768315, 551.875179
	422.664461, 480.776996

face #2007: 
	410.000000, 446.250000
	149.752781, 723.154688
	196.910437, 688.660032

face #2008: 
	196.910437, 688.660032
	422.664461, 480.776996
	410.000000, 446.250000

face #2009: 
	488.148932, 695.499267
	110.759494, 763.291139
	149.752781, 723.154688

face #2010: 
	149.752781, 723.154688
	410.000000, 446.250000
	488.148932, 695.499267

face #2011: 
	587.409539, 530.445615
	87.317582, 808.321751
	110.759494, 763.291139

face #2012: 
	110.759494, 763.291139
	488.148932, 695.499267
	587.409539, 530.445615

face #2013: 
	618.954074, 527.757802
	89.805953, 855.631310
	87.317582, 808.321751

face #2014: 
	87.317582, 808.321751
	587.409539, 530.445615
	618.954074, 527.757802

face #2015: 
	649.553225, 525.872263
	130.168654, 899.803722
	89.805953, 855.631310

face #2016: 
	89.805953, 855.631310
	618.954074, 527.757802
	649.553225, 525.872263

face #2017: 
	635.481951, 697.182985
	217.337389, 932.569022
	130.168654, 899.803722

face #2018: 
	130.168654, 899.803722
	649.553225, 525.872263
	635.481951, 697.182985

face #2019: 
	697.312438, 400.434049
	350.000000, 945.000000
	217.337389, 932.569022

face #2020: 
	217.337389, 932.569022
	635.481951, 697.182985
	697.312438, 400.434049

face #2021: 
	332.294557, 663.745998
	388.372093, 624.418605
	364.052093, 445.698637

face #2022: 
	364.052093, 445.698637
	401.039832, 561.241961
	332.294557, 663.745998

face #2023: 
	373.437500, 506.718750
	443.768315, 551.875179
	388.372093, 624.418605

face #2024: 
	388.372093, 624.418605
	332.294557, 663.745998
	373.437500, 506.718750

face #2025: 
	456.731638, 643.069154
	422.664461, 480.776996
	443.768315, 551.875179

face #2026: 
	443.768315, 551.875179
	373.437500, 506.718750
	456.731638, 643.069154

face #2027: 
	413.787500, 413.613750
	410.000000, 446.250000
	422.664461, 480.776996

face #2028: 
	422.664461, 480.776996
	456.731638, 643.069154
	413.787500, 413.613750

face #2029: 
	442.640000, 740.280000
	488.148932, 695.499267
	410.000000, 446.250000

face #2030: 
	410.000000, 446.250000
	413.787500, 413.613750
	442.640000, 740.280000

face #2031: 
	530.539323, 400.025653
	587.409539, 530.445615
	488.148932, 695.499267

face #2032: 
	488.148932, 695.499267
	442.640000, 740.280000
	530.539323, 400.025653

face #2033: 
	318.446119, 912.215101
	618.954074, 527.757802
	587.409539, 530.445615

face #2034: 
	587.409539, 530.445615
	530.539323, 400.025653
	318.446119, 912.215101

face #2035: 
	649.557852, 512.899617
	649.553225, 525.872263
	618.954074, 527.757802

face #2036: 
	618.954074, 527.757802
	318.446119, 912.215101
	649.557852, 512.899617

face #2037: 
	612.530153, 302.932723
	635.481951, 697.182985
	649.553225, 525.872263

face #2038: 
	649.553225, 525.872263
	649.557852, 512.899617
	612.530153, 302.932723

face #2039: 
	356.213018, 995.114645
	697.312438, 400.434049
	635.481951, 697.182985

face #2040: 
	635.481951, 697.182985
	612.530153, 302.932723
	356.213018, 995.114645

face #2041: 
	445.847593, 616.953381
	332.294557, 663.745998
	401.039832, 561.241961

face #2042: 
	401.039832, 561.241961
	442.559527, 602.120286
	445.847593, 616.953381

face #2043: 
	408.866185, 435.462313
	373.437500, 506.718750
	332.294557, 663.745998

face #2044: 
	332.294557, 663.745998
	445.847593, 616.953381
	408.866185, 435.462313

face #2045: 
	398.600000, 702.480000
	456.731638, 643.069154
	373.437500, 506.718750

face #2046: 
	373.437500, 506.718750
	408.866185, 435.462313
	398.600000, 702.480000

face #2047: 
	500.160375, 458.355660
	413.787500, 413.613750
	456.731638, 643.069154

face #2048: 
	456.731638, 643.069154
	398.600000, 702.480000
	500.160375, 458.355660

face #2049: 
	515.615357, 401.278137
	442.640000, 740.280000
	413.787500, 413.613750

face #2050: 
	413.787500, 413.613750
	500.160375, 458.355660
	515.615357, 401.278137

face #2051: 
	550.277731, 398.747047
	530.539323, 400.025653
	442.640000, 740.280000

face #2052: 
	442.640000, 740.280000
	515.615357, 401.278137
	550.277731, 398.747047

face #2053: 
	599.078332, 400.170106
	318.446119, 912.215101
	530.539323, 400.025653

face #2054: 
	530.539323, 400.025653
	550.277731, 398.747047
	599.078332, 400.170106

face #2055: 
	626.589447, 406.697376
	649.557852, 512.899617
	318.446119, 912.215101

face #2056: 
	318.446119, 912.215101
	599.078332, 400.170106
	626.589447, 406.697376

face #2057: 
	649.726862, 389.505009
	612.530153, 302.932723
	649.557852, 512.899617

face #2058: 
	649.557852, 512.899617
	626.589447, 406.697376
	649.726862, 389.505009

face #2059: 
	709.869311, 536.780081
	356.213018, 995.114645
	612.530153, 302.932723

face #2060: 
	612.530153, 302.932723
	649.726862, 389.505009
	709.869311, 536.780081

face #2061: 
	390.975414, 445.462171
	445.847593, 616.953381
	442.559527, 602.120286

face #2062: 
	442.559527, 602.120286
	415.747798, 501.523124
	390.975414, 445.462171

face #2063: 
	426.618580, 671.174410
	408.866185, 435.462313
	445.847593, 616.953381

face #2064: 
	445.847593, 616.953381
	390.975414, 445.462171
	426.618580, 671.174410

face #2065: 
	518.625353, 568.199358
	398.600000, 702.480000
	408.866185, 435.462313

face #2066: 
	408.866185, 435.462313
	426.618580, 671.174410
	518.625353, 568.199358

face #2067: 
	355.537218, 770.929397
	500.160375, 458.355660
	398.600000, 702.480000

face #2068: 
	398.600000, 702.480000
	518.625353, 568.199358
	355.537218, 770.929397

face #2069: 
	519.620411, 684.923325
	515.615357, 401.278137
	500.160375, 458.355660

face #2070: 
	500.160375, 458.355660
	355.537218, 770.929397
	519.620411, 684.923325

face #2071: 
	570.862148, 651.307565
	550.277731, 398.747047
	515.615357, 401.278137

face #2072: 
	515.615357, 401.278137
	519.620411, 684.923325
	570.862148, 651.307565

face #2073: 
	620.466074, 599.588974
	599.078332, 400.170106
	550.277731, 398.747047

face #2074: 
	550.277731, 398.747047
	570.862148, 651.307565
	620.466074, 599.588974

face #2075: 
	612.604466, 387.326385
	626.589447, 406.697376
	599.078332, 400.170106

face #2076: 
	599.078332, 400.170106
	620.466074, 599.588974
	612.604466, 387.326385

face #2077: 
	612.182338, 287.705651
	649.726862, 389.505009
	626.589447, 406.697376

face #2078: 
	626.589447, 406.697376
	612.604466, 387.326385
	612.182338, 287.705651

face #2079: 
	708.013083, 583.038379
	709.869311, 536.780081
	649.726862, 389.505009

face #2080: 
	649.726862, 389.505009
	612.182338, 287.705651
	708.013083, 583.038379

face #2081: 
	485.327243, 528.133599
	390.975414, 445.462171
	415.747798, 501.523124

face #2082: 
	415.747798, 501.523124
	484.755985, 604.957423
	485.327243, 528.133599

face #2083: 
	435.271273, 681.279531
	426.618580, 671.174410
	390.975414, 445.462171

face #2084: 
	390.975414, 445.462171
	485.327243, 528.133599
	435.271273, 681.279531

face #2085: 
	447.214755, 416.499125
	518.625353, 568.199358
	426.618580, 671.174410

face #2086: 
	426.618580, 671.174410
	435.271273, 681.279531
	447.214755, 416.499125

face #2087: 
	553.857297, 548.139451
	355.537218, 770.929397
	518.625353, 568.199358

face #2088: 
	518.625353, 568.199358
	447.214755, 416.499125
	553.857297, 548.139451

face #2089: 
	523.714660, 388.927277
	519.620411, 684.923325
	355.537218, 770.929397

face #2090: 
	355.537218, 770.929397
	553.857297, 548.139451
	523.714660, 388.927277

face #2091: 
	572.975604, 398.381148
	570.862148, 651.307565
	519.620411, 684.923325

face #2092: 
	519.620411, 684.923325
	523.714660, 388.927277
	572.975604, 398.381148

face #2093: 
	621.254844, 609.533937
	620.466074, 599.588974
	570.862148, 651.307565

face #2094: 
	570.862148, 651.307565
	572.975604, 398.381148
	621.254844, 609.533937

face #2095: 
	627.852480, 397.574691
	612.604466, 387.326385
	620.466074, 599.588974

face #2096: 
	620.466074, 599.588974
	621.254844, 609.533937
	627.852480, 397.574691

face #2097: 
	357.575806, 474.322580
	612.182338, 287.705651
	612.604466, 387.326385

face #2098: 
	612.604466, 387.326385
	627.852480, 397.574691
	357.575806, 474.322580

face #2099: 
	417.346939, 1038.061224
	708.013083, 583.038379
	612.182338, 287.705651

face #2100: 
	612.182338, 287.705651
	357.575806, 474.322580
	417.346939, 1038.061224

face #2101: 
	402.800000, 437.160000
	485.327243, 528.133599
	484.755985, 604.957423

face #2102: 
	484.755985, 604.957423
	463.342251, 654.318681
	402.800000, 437.160000

face #2103: 
	429.351145, 443.072519
	435.271273, 681.279531
	485.327243, 528.133599

face #2104: 
	485.327243, 528.133599
	402.800000, 437.160000
	429.351145, 443.072519

face #2105: 
	427.880000, 734.160000
	447.214755, 416.499125
	435.271273, 681.279531

face #2106: 
	435.271273, 681.279531
	429.351145, 443.072519
	427.880000, 734.160000

face #2107: 
	493.941699, 385.555534
	553.857297, 548.139451
	447.214755, 416.499125

face #2108: 
	447.214755, 416.499125
	427.880000, 734.160000
	493.941699, 385.555534

face #2109: 
	491.909238, 383.239182
	523.714660, 388.927277
	553.857297, 548.139451

face #2110: 
	553.857297, 548.139451
	493.941699, 385.555534
	491.909238, 383.239182

face #2111: 
	575.338007, 404.932399
	572.975604, 398.381148
	523.714660, 388.927277

face #2112: 
	523.714660, 388.927277
	491.909238, 383.239182
	575.338007, 404.932399

face #2113: 
	603.200739, 405.578194
	621.254844, 609.533937
	572.975604, 398.381148

face #2114: 
	572.975604, 398.381148
	575.338007, 404.932399
	603.200739, 405.578194

face #2115: 
	628.692540, 670.518561
	627.852480, 397.574691
	621.254844, 609.533937

face #2116: 
	621.254844, 609.533937
	603.200739, 405.578194
	628.692540, 670.518561

face #2117: 
	617.479268, 290.002596
	357.575806, 474.322580
	627.852480, 397.574691

face #2118: 
	627.852480, 397.574691
	628.692540, 670.518561
	617.479268, 290.002596

face #2119: 
	705.263158, 603.059211
	417.346939, 1038.061224
	357.575806, 474.322580

face #2120: 
	357.575806, 474.322580
	617.479268, 290.002596
	705.263158, 603.059211

face #2121: 
	443.279176, 689.897945
	402.800000, 437.160000
	463.342251, 654.318681

face #2122: 
	463.342251, 654.318681
	519.285445, 582.250973
	443.279176, 689.897945

face #2123: 
	444.176858, 421.580433
	429.351145, 443.072519
	402.800000, 437.160000

face #2124: 
	402.800000, 437.160000
	443.279176, 689.897945
	444.176858, 421.580433

face #2125: 
	507.863299, 659.107036
	427.880000, 734.160000
	429.351145, 443.072519

face #2126: 
	429.351145, 443.072519
	444.176858, 421.580433
	507.863299, 659.107036

face #2127: 
	538.157047, 647.973248
	493.941699, 385.555534
	427.880000, 734.160000

face #2128: 
	427.880000, 734.160000
	507.863299, 659.107036
	538.157047, 647.973248

face #2129: 
	567.303123, 639.051001
	491.909238, 383.239182
	493.941699, 385.555534

face #2130: 
	493.941699, 385.555534
	538.157047, 647.973248
	567.303123, 639.051001

face #2131: 
	595.467452, 632.034442
	575.338007, 404.932399
	491.909238, 383.239182

face #2132: 
	491.909238, 383.239182
	567.303123, 639.051001
	595.467452, 632.034442

face #2133: 
	622.834062, 626.712471
	603.200739, 405.578194
	575.338007, 404.932399

face #2134: 
	575.338007, 404.932399
	595.467452, 632.034442
	622.834062, 626.712471

face #2135: 
	463.924927, 338.089944
	628.692540, 670.518561
	603.200739, 405.578194

face #2136: 
	603.200739, 405.578194
	622.834062, 626.712471
	463.924927, 338.089944

face #2137: 
	676.020794, 620.686597
	617.479268, 290.002596
	628.692540, 670.518561

face #2138: 
	628.692540, 670.518561
	463.924927, 338.089944
	676.020794, 620.686597

face #2139: 
	448.917496, 474.742539
	705.263158, 603.059211
	617.479268, 290.002596

face #2140: 
	617.479268, 290.002596
	676.020794, 620.686597
	448.917496, 474.742539

face #2141: 
	449.915106, 696.994149
	443.279176, 689.897945
	519.285445, 582.250973

face #2142: 
	519.285445, 582.250973
	417.200000, 717.960000
	449.915106, 696.994149

face #2143: 
	481.469293, 679.998713
	444.176858, 421.580433
	443.279176, 689.897945

face #2144: 
	443.279176, 689.897945
	449.915106, 696.994149
	481.469293, 679.998713

face #2145: 
	511.856833, 666.183131
	507.863299, 659.107036
	444.176858, 421.580433

face #2146: 
	444.176858, 421.580433
	481.469293, 679.998713
	511.856833, 666.183131

face #2147: 
	541.136552, 654.979188
	538.157047, 647.973248
	507.863299, 659.107036

face #2148: 
	507.863299, 659.107036
	511.856833, 666.183131
	541.136552, 654.979188

face #2149: 
	569.409447, 645.976518
	567.303123, 639.051001
	538.157047, 647.973248

face #2150: 
	538.157047, 647.973248
	541.136552, 654.979188
	569.409447, 645.976518

face #2151: 
	596.806111, 638.881446
	595.467452, 632.034442
	567.303123, 639.051001

face #2152: 
	567.303123, 639.051001
	569.409447, 645.976518
	596.806111, 638.881446

face #2153: 
	623.481933, 633.491013
	622.834062, 626.712471
	595.467452, 632.034442

face #2154: 
	595.467452, 632.034442
	596.806111, 638.881446
	623.481933, 633.491013

face #2155: 
	617.187653, 382.518208
	463.924927, 338.089944
	622.834062, 626.712471

face #2156: 
	622.834062, 626.712471
	623.481933, 633.491013
	617.187653, 382.518208

face #2157: 
	623.302716, 292.034542
	676.020794, 620.686597
	463.924927, 338.089944

face #2158: 
	463.924927, 338.089944
	617.187653, 382.518208
	623.302716, 292.034542

face #2159: 
	489.226519, 1005.165746
	448.917496, 474.742539
	676.020794, 620.686597

face #2160: 
	676.020794, 620.686597
	623.302716, 292.034542
	489.226519, 1005.165746

face #2161: 
	454.439378, 702.528001
	449.915106, 696.994149
	417.200000, 717.960000

face #2162: 
	417.200000, 717.960000
	422.900000, 723.438750
	454.439378, 702.528001

face #2163: 
	485.023501, 685.518200
	481.469293, 679.998713
	449.915106, 696.994149

face #2164: 
	449.915106, 696.994149
	454.439378, 702.528001
	485.023501, 685.518200

face #2165: 
	514.598582, 671.651921
	511.856833, 666.183131
	481.469293, 679.998713

face #2166: 
	481.469293, 679.998713
	485.023501, 685.518200
	514.598582, 671.651921

face #2167: 
	543.187376, 660.380925
	541.136552, 654.979188
	511.856833, 666.183131

face #2168: 
	511.856833, 666.183131
	514.598582, 671.651921
	543.187376, 660.380925

face #2169: 
	537.916026, 389.996189
	569.409447, 645.976518
	541.136552, 654.979188

face #2170: 
	541.136552, 654.979188
	543.187376, 660.380925
	537.916026, 389.996189

face #2171: 
	597.730844, 644.146204
	596.806111, 638.881446
	569.409447, 645.976518

face #2172: 
	569.409447, 645.976518
	537.916026, 389.996189
	597.730844, 644.146204

face #2173: 
	623.930051, 638.699129
	623.481933, 633.491013
	596.806111, 638.881446

face #2174: 
	596.806111, 638.881446
	597.730844, 644.146204
	623.930051, 638.699129

face #2175: 
	377.650823, 978.450640
	617.187653, 382.518208
	623.481933, 633.491013

face #2176: 
	623.481933, 633.491013
	623.930051, 638.699129
	377.650823, 978.450640

face #2177: 
	430.917779, 997.942501
	623.302716, 292.034542
	617.187653, 382.518208

face #2178: 
	617.187653, 382.518208
	377.650823, 978.450640
	430.917779, 997.942501

face #2179: 
	515.225921, 309.179218
	489.226519, 1005.165746
	623.302716, 292.034542

face #2180: 
	623.302716, 292.034542
	430.917779, 997.942501
	515.225921, 309.179218

face #2181: 
	394.642468, 384.637675
	454.439378, 702.528001
	422.900000, 723.438750

face #2182: 
	422.900000, 723.438750
	425.000000, 412.500000
	394.642468, 384.637675

face #2183: 
	367.275842, 378.612222
	485.023501, 685.518200
	454.439378, 702.528001

face #2184: 
	454.439378, 702.528001
	394.642468, 384.637675
	367.275842, 378.612222

face #2185: 
	344.300734, 811.083641
	514.598582, 671.651921
	485.023501, 685.518200

face #2186: 
	485.023501, 685.518200
	367.275842, 378.612222
	344.300734, 811.083641

face #2187: 
	327.639964, 844.714383
	543.187376, 660.380925
	514.598582, 671.651921

face #2188: 
	514.598582, 671.651921
	344.300734, 811.083641
	327.639964, 844.714383

face #2189: 
	319.767442, 356.976744
	537.916026, 389.996189
	543.187376, 660.380925

face #2190: 
	543.187376, 660.380925
	327.639964, 844.714383
	319.767442, 356.976744

face #2191: 
	323.595808, 349.220640
	597.730844, 644.146204
	537.916026, 389.996189

face #2192: 
	537.916026, 389.996189
	319.767442, 356.976744
	323.595808, 349.220640

face #2193: 
	342.109246, 341.907473
	623.930051, 638.699129
	597.730844, 644.146204

face #2194: 
	597.730844, 644.146204
	323.595808, 349.220640
	342.109246, 341.907473

face #2195: 
	377.650823, 335.740402
	377.650823, 978.450640
	623.930051, 638.699129

face #2196: 
	623.930051, 638.699129
	342.109246, 341.907473
	377.650823, 335.740402

face #2197: 
	430.917779, 331.525946
	430.917779, 997.942501
	377.650823, 978.450640

face #2198: 
	377.650823, 978.450640
	377.650823, 335.740402
	430.917779, 331.525946

face #2199: 
	500.000000, 1005.000000
	515.225921, 309.179218
	430.917779, 997.942501

face #2200: 
	430.917779, 997.942501
	430.917779, 331.525946
	500.000000, 1005.000000

face #2201: 
	739.025883, 537.228510
	704.684987, 293.795501
	350.000000, 945.000000

face #2202: 
	350.000000, 945.000000
	710.000000, 549.000000
	739.025883, 537.228510

face #2203: 
	766.499671, 538.555827
	652.006397, 899.803722
	704.684987, 293.795501

face #2204: 
	704.684987, 293.795501
	739.025883, 537.228510
	766.499671, 538.555827

face #2205: 
	789.346479, 378.317535
	793.025475, 553.563418
	652.006397, 899.803722

face #2206: 
	652.006397, 899.803722
	766.499671, 538.555827
	789.346479, 378.317535

face #2207: 
	821.089644, 396.119436
	861.188325, 808.321751
	793.025475, 553.563418

face #2208: 
	793.025475, 553.563418
	789.346479, 378.317535
	821.089644, 396.119436

face #2209: 
	842.285406, 548.139451
	919.620253, 763.291139
	861.188325, 808.321751

face #2210: 
	861.188325, 808.321751
	821.089644, 396.119436
	842.285406, 548.139451

face #2211: 
	891.200000, 710.996250
	953.602331, 723.154688
	919.620253, 763.291139

face #2212: 
	919.620253, 763.291139
	842.285406, 548.139451
	891.200000, 710.996250

face #2213: 
	888.705513, 560.456133
	969.162231, 688.660032
	953.602331, 723.154688

face #2214: 
	953.602331, 723.154688
	891.200000, 710.996250
	888.705513, 560.456133

face #2215: 
	933.800000, 666.941250
	971.379217, 659.575261
	969.162231, 688.660032

face #2216: 
	969.162231, 688.660032
	888.705513, 560.456133
	933.800000, 666.941250

face #2217: 
	927.116622, 544.742748
	964.084676, 635.265585
	971.379217, 659.575261

face #2218: 
	971.379217, 659.575261
	933.800000, 666.941250
	927.116622, 544.742748

face #2219: 
	948.912500, 594.423750
	950.000000, 615.000000
	964.084676, 635.265585

face #2220: 
	964.084676, 635.265585
	927.116622, 544.742748
	948.912500, 594.423750

face #2221: 
	699.910300, 305.391733
	739.025883, 537.228510
	710.000000, 549.000000

face #2222: 
	710.000000, 549.000000
	709.747292, 560.859657
	699.910300, 305.391733

face #2223: 
	737.026514, 785.104790
	766.499671, 538.555827
	739.025883, 537.228510

face #2224: 
	739.025883, 537.228510
	699.910300, 305.391733
	737.026514, 785.104790

face #2225: 
	784.073052, 780.768955
	789.346479, 378.317535
	766.499671, 538.555827

face #2226: 
	766.499671, 538.555827
	737.026514, 785.104790
	784.073052, 780.768955

face #2227: 
	819.212637, 393.650332
	821.089644, 396.119436
	789.346479, 378.317535

face #2228: 
	789.346479, 378.317535
	784.073052, 780.768955
	819.212637, 393.650332

face #2229: 
	853.641418, 380.563010
	842.285406, 548.139451
	821.089644, 396.119436

face #2230: 
	821.089644, 396.119436
	819.212637, 393.650332
	853.641418, 380.563010

face #2231: 
	896.587972, 736.163469
	891.200000, 710.996250
	842.285406, 548.139451

face #2232: 
	842.285406, 548.139451
	853.641418, 380.563010
	896.587972, 736.163469

face #2233: 
	912.500000, 692.343750
	888.705513, 560.456133
	891.200000, 710.996250

face #2234: 
	891.200000, 710.996250
	896.587972, 736.163469
	912.500000, 692.343750

face #2235: 
	917.940234, 646.597415
	933.800000, 666.941250
	888.705513, 560.456133

face #2236: 
	888.705513, 560.456133
	912.500000, 692.343750
	917.940234, 646.597415

face #2237: 
	940.385000, 533.370000
	927.116622, 544.742748
	933.800000, 666.941250

face #2238: 
	933.800000, 666.941250
	917.940234, 646.597415
	940.385000, 533.370000

face #2239: 
	928.951421, 536.121995
	948.912500, 594.423750
	927.116622, 544.742748

face #2240: 
	927.116622, 544.742748
	940.385000, 533.370000
	928.951421, 536.121995

face #2241: 
	736.364219, 498.846575
	699.910300, 305.391733
	709.747292, 560.859657

face #2242: 
	709.747292, 560.859657
	709.054163, 572.194826
	736.364219, 498.846575

face #2243: 
	762.965123, 499.567307
	737.026514, 785.104790
	699.910300, 305.391733

face #2244: 
	699.910300, 305.391733
	736.364219, 498.846575
	762.965123, 499.567307

face #2245: 
	788.265203, 500.768732
	784.073052, 780.768955
	737.026514, 785.104790

face #2246: 
	737.026514, 785.104790
	762.965123, 499.567307
	788.265203, 500.768732

face #2247: 
	814.710490, 391.833688
	819.212637, 393.650332
	784.073052, 780.768955

face #2248: 
	784.073052, 780.768955
	788.265203, 500.768732
	814.710490, 391.833688

face #2249: 
	835.841294, 504.751781
	853.641418, 380.563010
	819.212637, 393.650332

face #2250: 
	819.212637, 393.650332
	814.710490, 391.833688
	835.841294, 504.751781

face #2251: 
	887.203699, 742.815337
	896.587972, 736.163469
	853.641418, 380.563010

face #2252: 
	853.641418, 380.563010
	835.841294, 504.751781
	887.203699, 742.815337

face #2253: 
	879.739513, 511.365134
	912.500000, 692.343750
	896.587972, 736.163469

face #2254: 
	896.587972, 736.163469
	887.203699, 742.815337
	879.739513, 511.365134

face #2255: 
	909.183801, 659.609242
	917.940234, 646.597415
	912.500000, 692.343750

face #2256: 
	912.500000, 692.343750
	879.739513, 511.365134
	909.183801, 659.609242

face #2257: 
	918.453527, 521.867442
	940.385000, 533.370000
	917.940234, 646.597415

face #2258: 
	917.940234, 646.597415
	909.183801, 659.609242
	918.453527, 521.867442

face #2259: 
	910.481585, 569.169146
	928.951421, 536.121995
	940.385000, 533.370000

face #2260: 
	940.385000, 533.370000
	918.453527, 521.867442
	910.481585, 569.169146

face #2261: 
	734.882800, 485.302105
	736.364219, 498.846575
	709.054163, 572.194826

face #2262: 
	709.054163, 572.194826
	708.013083, 583.038379
	734.882800, 485.302105

face #2263: 
	748.012968, 380.976783
	762.965123, 499.567307
	736.364219, 498.846575

face #2264: 
	736.364219, 498.846575
	734.882800, 485.302105
	748.012968, 380.976783

face #2265: 
	784.858010, 599.588974
	788.265203, 500.768732
	762.965123, 499.567307

face #2266: 
	762.965123, 499.567307
	748.012968, 380.976783
	784.858010, 599.588974

face #2267: 
	813.730569, 369.783052
	814.710490, 391.833688
	788.265203, 500.768732

face #2268: 
	788.265203, 500.768732
	784.858010, 599.588974
	813.730569, 369.783052

face #2269: 
	836.581653, 393.317474
	835.841294, 504.751781
	814.710490, 391.833688

face #2270: 
	814.710490, 391.833688
	813.730569, 369.783052
	836.581653, 393.317474

face #2271: 
	877.960891, 755.900925
	887.203699, 742.815337
	835.841294, 504.751781

face #2272: 
	835.841294, 504.751781
	836.581653, 393.317474
	877.960891, 755.900925

face #2273: 
	886.242648, 438.221639
	879.739513, 511.365134
	887.203699, 742.815337

face #2274: 
	887.203699, 742.815337
	877.960891, 755.900925
	886.242648, 438.221639

face #2275: 
	884.583964, 604.957423
	909.183801, 659.609242
	879.739513, 511.365134

face #2276: 
	879.739513, 511.365134
	886.242648, 438.221639
	884.583964, 604.957423

face #2277: 
	899.957072, 516.010153
	918.453527, 521.867442
	909.183801, 659.609242

face #2278: 
	909.183801, 659.609242
	884.583964, 604.957423
	899.957072, 516.010153

face #2279: 
	904.684033, 534.159759
	910.481585, 569.169146
	918.453527, 521.867442

face #2280: 
	918.453527, 521.867442
	899.957072, 516.010153
	904.684033, 534.159759

face #2281: 
	698.502694, 309.856709
	734.882800, 485.302105
	708.013083, 583.038379

face #2282: 
	708.013083, 583.038379
	706.716418, 593.358209
	698.502694, 309.856709

face #2283: 
	712.323094, 850.049502
	748.012968, 380.976783
	734.882800, 485.302105

face #2284: 
	734.882800, 485.302105
	698.502694, 309.856709
	712.323094, 850.049502

face #2285: 
	781.256336, 609.533937
	784.858010, 599.588974
	748.012968, 380.976783

face #2286: 
	748.012968, 380.976783
	712.323094, 850.049502
	781.256336, 609.533937

face #2287: 
	804.714169, 683.576728
	813.730569, 369.783052
	784.858010, 599.588974

face #2288: 
	784.858010, 599.588974
	781.256336, 609.533937
	804.714169, 683.576728

face #2289: 
	830.316566, 400.659842
	836.581653, 393.317474
	813.730569, 369.783052

face #2290: 
	813.730569, 369.783052
	804.714169, 683.576728
	830.316566, 400.659842

face #2291: 
	862.970000, 375.825000
	877.960891, 755.900925
	836.581653, 393.317474

face #2292: 
	836.581653, 393.317474
	830.316566, 400.659842
	862.970000, 375.825000

face #2293: 
	872.137781, 439.074752
	886.242648, 438.221639
	877.960891, 755.900925

face #2294: 
	877.960891, 755.900925
	862.970000, 375.825000
	872.137781, 439.074752

face #2295: 
	901.400000, 702.480000
	884.583964, 604.957423
	886.242648, 438.221639

face #2296: 
	886.242648, 438.221639
	872.137781, 439.074752
	901.400000, 702.480000

face #2297: 
	892.007100, 643.069154
	899.957072, 516.010153
	884.583964, 604.957423

face #2298: 
	884.583964, 604.957423
	901.400000, 702.480000
	892.007100, 643.069154

face #2299: 
	894.197975, 497.420664
	904.684033, 534.159759
	899.957072, 516.010153

face #2300: 
	899.957072, 516.010153
	892.007100, 643.069154
	894.197975, 497.420664

face #2301: 
	700.494936, 724.453739
	698.502694, 309.856709
	706.716418, 593.358209

face #2302: 
	706.716418, 593.358209
	460.120846, 1022.084592
	700.494936, 724.453739

face #2303: 
	739.797901, 374.189685
	712.323094, 850.049502
	698.502694, 309.856709

face #2304: 
	698.502694, 309.856709
	700.494936, 724.453739
	739.797901, 374.189685

face #2305: 
	773.953345, 390.184738
	781.256336, 609.533937
	712.323094, 850.049502

face #2306: 
	712.323094, 850.049502
	739.797901, 374.189685
	773.953345, 390.184738

face #2307: 
	799.574235, 393.872671
	804.714169, 683.576728
	781.256336, 609.533937

face #2308: 
	781.256336, 609.533937
	773.953345, 390.184738
	799.574235, 393.872671

face #2309: 
	822.968335, 399.487806
	830.316566, 400.659842
	804.714169, 683.576728

face #2310: 
	804.714169, 683.576728
	799.574235, 393.872671
	822.968335, 399.487806

face #2311: 
	850.574679, 385.425303
	862.970000, 375.825000
	830.316566, 400.659842

face #2312: 
	830.316566, 400.659842
	822.968335, 399.487806
	850.574679, 385.425303

face #2313: 
	854.077494, 491.551792
	872.137781, 439.074752
	862.970000, 375.825000

face #2314: 
	862.970000, 375.825000
	850.574679, 385.425303
	854.077494, 491.551792

face #2315: 
	864.287101, 538.636151
	901.400000, 702.480000
	872.137781, 439.074752

face #2316: 
	872.137781, 439.074752
	854.077494, 491.551792
	864.287101, 538.636151

face #2317: 
	883.729400, 654.318681
	892.007100, 643.069154
	901.400000, 702.480000

face #2318: 
	901.400000, 702.480000
	864.287101, 538.636151
	883.729400, 654.318681

face #2319: 
	879.364293, 617.914650
	894.197975, 497.420664
	892.007100, 643.069154

face #2320: 
	892.007100, 643.069154
	883.729400, 654.318681
	879.364293, 617.914650

face #2321: 
	727.784896, 620.686597
	700.494936, 724.453739
	460.120846, 1022.084592

face #2322: 
	460.120846, 1022.084592
	703.763901, 611.984602
	727.784896, 620.686597

face #2323: 
	725.718024, 357.736723
	739.797901, 374.189685
	700.494936, 724.453739

face #2324: 
	700.494936, 724.453739
	727.784896, 620.686597
	725.718024, 357.736723

face #2325: 
	774.045237, 626.712471
	773.953345, 390.184738
	739.797901, 374.189685

face #2326: 
	739.797901, 374.189685
	725.718024, 357.736723
	774.045237, 626.712471

face #2327: 
	795.294551, 632.034442
	799.574235, 393.872671
	773.953345, 390.184738

face #2328: 
	773.953345, 390.184738
	774.045237, 626.712471
	795.294551, 632.034442

face #2329: 
	815.393753, 639.051001
	822.968335, 399.487806
	799.574235, 393.872671

face #2330: 
	799.574235, 393.872671
	795.294551, 632.034442
	815.393753, 639.051001

face #2331: 
	834.284225, 647.973248
	850.574679, 385.425303
	822.968335, 399.487806

face #2332: 
	822.968335, 399.487806
	815.393753, 639.051001
	834.284225, 647.973248

face #2333: 
	851.780333, 659.107036
	854.077494, 491.551792
	850.574679, 385.425303

face #2334: 
	850.574679, 385.425303
	834.284225, 647.973248
	851.780333, 659.107036

face #2335: 
	862.715529, 458.355660
	864.287101, 538.636151
	854.077494, 491.551792

face #2336: 
	854.077494, 491.551792
	851.780333, 659.107036
	862.715529, 458.355660

face #2337: 
	880.972097, 689.897945
	883.729400, 654.318681
	864.287101, 538.636151

face #2338: 
	864.287101, 538.636151
	862.715529, 458.355660
	880.972097, 689.897945

face #2339: 
	865.904054, 553.565849
	879.364293, 617.914650
	883.729400, 654.318681

face #2340: 
	883.729400, 654.318681
	880.972097, 689.897945
	865.904054, 553.565849

face #2341: 
	696.945650, 300.516322
	727.784896, 620.686597
	703.763901, 611.984602

face #2342: 
	703.763901, 611.984602
	702.343750, 619.919434
	696.945650, 300.516322

face #2343: 
	735.607292, 706.116129
	725.718024, 357.736723
	727.784896, 620.686597

face #2344: 
	727.784896, 620.686597
	696.945650, 300.516322
	735.607292, 706.116129

face #2345: 
	771.087018, 633.491013
	774.045237, 626.712471
	725.718024, 357.736723

face #2346: 
	725.718024, 357.736723
	735.607292, 706.116129
	771.087018, 633.491013

face #2347: 
	791.727872, 638.881446
	795.294551, 632.034442
	774.045237, 626.712471

face #2348: 
	774.045237, 626.712471
	771.087018, 633.491013
	791.727872, 638.881446

face #2349: 
	811.181105, 645.976518
	815.393753, 639.051001
	795.294551, 632.034442

face #2350: 
	795.294551, 632.034442
	791.727872, 638.881446
	811.181105, 645.976518

face #2351: 
	829.374881, 654.979188
	834.284225, 647.973248
	815.393753, 639.051001

face #2352: 
	815.393753, 639.051001
	811.181105, 645.976518
	829.374881, 654.979188

face #2353: 
	846.111000, 666.183131
	851.780333, 659.107036
	834.284225, 647.973248

face #2354: 
	834.284225, 647.973248
	829.374881, 654.979188
	846.111000, 666.183131

face #2355: 
	861.031029, 679.998713
	862.715529, 458.355660
	851.780333, 659.107036

face #2356: 
	851.780333, 659.107036
	846.111000, 666.183131
	861.031029, 679.998713

face #2357: 
	873.557634, 696.994149
	880.972097, 689.897945
	862.715529, 458.355660

face #2358: 
	862.715529, 458.355660
	861.031029, 679.998713
	873.557634, 696.994149

face #2359: 
	882.800000, 717.960000
	865.904054, 553.565849
	880.972097, 689.897945

face #2360: 
	880.972097, 689.897945
	873.557634, 696.994149
	882.800000, 717.960000

face #2361: 
	682.214597, 346.664482
	696.945650, 300.516322
	702.343750, 619.919434

face #2362: 
	702.343750, 619.919434
	701.142355, 626.599297
	682.214597, 346.664482

face #2363: 
	737.424011, 382.518208
	735.607292, 706.116129
	696.945650, 300.516322

face #2364: 
	696.945650, 300.516322
	682.214597, 346.664482
	737.424011, 382.518208

face #2365: 
	769.040994, 638.699129
	771.087018, 633.491013
	735.607292, 706.116129

face #2366: 
	735.607292, 706.116129
	737.424011, 382.518208
	769.040994, 638.699129

face #2367: 
	789.264008, 644.146204
	791.727872, 638.881446
	771.087018, 633.491013

face #2368: 
	771.087018, 633.491013
	769.040994, 638.699129
	789.264008, 644.146204

face #2369: 
	808.375433, 604.499638
	811.181105, 645.976518
	791.727872, 638.881446

face #2370: 
	791.727872, 638.881446
	789.264008, 644.146204
	808.375433, 604.499638

face #2371: 
	825.995750, 660.380925
	829.374881, 654.979188
	811.181105, 645.976518

face #2372: 
	811.181105, 645.976518
	808.375433, 604.499638
	825.995750, 660.380925

face #2373: 
	842.218707, 671.651921
	846.111000, 666.183131
	829.374881, 654.979188

face #2374: 
	829.374881, 654.979188
	825.995750, 660.380925
	842.218707, 671.651921

face #2375: 
	856.580569, 685.518200
	861.031029, 679.998713
	846.111000, 666.183131

face #2376: 
	846.111000, 666.183131
	842.218707, 671.651921
	856.580569, 685.518200

face #2377: 
	868.502597, 702.528001
	873.557634, 696.994149
	861.031029, 679.998713

face #2378: 
	861.031029, 679.998713
	856.580569, 685.518200
	868.502597, 702.528001

face #2379: 
	877.100000, 723.438750
	882.800000, 717.960000
	873.557634, 696.994149

face #2380: 
	873.557634, 696.994149
	868.502597, 702.528001
	877.100000, 723.438750

face #2381: 
	576.711950, 331.525946
	682.214597, 346.664482
	701.142355, 626.599297

face #2382: 
	701.142355, 626.599297
	700.310146, 631.727127
	576.711950, 331.525946

face #2383: 
	746.967889, 638.150900
	737.424011, 382.518208
	682.214597, 346.664482

face #2384: 
	682.214597, 346.664482
	576.711950, 331.525946
	746.967889, 638.150900

face #2385: 
	768.279213, 642.052155
	769.040994, 638.699129
	737.424011, 382.518208

face #2386: 
	737.424011, 382.518208
	746.967889, 638.150900
	768.279213, 642.052155

face #2387: 
	788.347192, 407.284429
	789.264008, 644.146204
	769.040994, 638.699129

face #2388: 
	769.040994, 638.699129
	768.279213, 642.052155
	788.347192, 407.284429

face #2389: 
	807.195572, 405.719557
	808.375433, 604.499638
	789.264008, 644.146204

face #2390: 
	789.264008, 644.146204
	788.347192, 407.284429
	807.195572, 405.719557

face #2391: 
	845.641784, 844.714383
	825.995750, 660.380925
	808.375433, 604.499638

face #2392: 
	808.375433, 604.499638
	807.195572, 405.719557
	845.641784, 844.714383

face #2393: 
	840.775327, 675.338617
	842.218707, 671.651921
	825.995750, 660.380925

face #2394: 
	825.995750, 660.380925
	845.641784, 844.714383
	840.775327, 675.338617

face #2395: 
	875.785266, 780.168475
	856.580569, 685.518200
	842.218707, 671.651921

face #2396: 
	842.218707, 671.651921
	840.775327, 675.338617
	875.785266, 780.168475

face #2397: 
	878.545906, 752.300754
	868.502597, 702.528001
	856.580569, 685.518200

face #2398: 
	856.580569, 685.518200
	875.785266, 780.168475
	878.545906, 752.300754

face #2399: 
	875.000000, 727.500000
	877.100000, 723.438750
	868.502597, 702.528001

face #2400: 
	868.502597, 702.528001
	878.545906, 752.300754
	875.000000, 727.500000

face #2401: 
	368.275180, 445.210329
	399.609455, 445.174717
	420.662123, 445.428432

face #2402: 
	420.662123, 445.428432
	450.382743, 516.010153
	368.275180, 445.210329

face #2403: 
	358.942332, 442.413025
	391.974790, 442.373950
	399.609455, 445.174717

face #2404: 
	399.609455, 445.174717
	368.275180, 445.210329
	358.942332, 442.413025

face #2405: 
	352.166596, 438.261580
	387.235859, 438.217716
	391.974790, 442.373950

face #2406: 
	391.974790, 442.373950
	358.942332, 442.413025
	352.166596, 438.261580

face #2407: 
	348.173006, 433.206466
	385.431034, 433.157328
	387.235859, 438.217716

face #2408: 
	387.235859, 438.217716
	352.166596, 438.261580
	348.173006, 433.206466

face #2409: 
	347.089189, 427.757351
	386.486486, 427.702703
	385.431034, 433.157328

face #2410: 
	385.431034, 433.157328
	348.173006, 433.206466
	347.089189, 427.757351

face #2411: 
	348.933675, 422.452209
	390.215517, 422.392241
	386.486486, 427.702703

face #2412: 
	386.486486, 427.702703
	347.089189, 427.757351
	348.933675, 422.452209

face #2413: 
	353.612487, 417.822999
	396.328709, 417.758805
	390.215517, 422.392241

face #2414: 
	390.215517, 422.392241
	348.933675, 422.452209
	353.612487, 417.822999

face #2415: 
	360.926366, 414.363498
	404.453782, 414.296218
	396.328709, 417.758805

face #2416: 
	396.328709, 417.758805
	353.612487, 417.822999
	360.926366, 414.363498

face #2417: 
	370.589157, 412.499075
	414.162384, 412.430627
	404.453782, 414.296218

face #2418: 
	404.453782, 414.296218
	360.926366, 414.363498
	370.589157, 412.499075

face #2419: 
	382.400000, 483.780000
	425.000000, 390.000000
	414.162384, 412.430627

face #2420: 
	414.162384, 412.430627
	370.589157, 412.499075
	382.400000, 483.780000

face #2421: 
	339.857657, 445.459918
	368.275180, 445.210329
	450.382743, 516.010153

face #2422: 
	450.382743, 516.010153
	323.201708, 636.467449
	339.857657, 445.459918

face #2423: 
	352.100000, 634.248750
	358.942332, 442.413025
	368.275180, 445.210329

face #2424: 
	368.275180, 445.210329
	339.857657, 445.459918
	352.100000, 634.248750

face #2425: 
	320.469210, 438.568143
	352.166596, 438.261580
	358.942332, 442.413025

face #2426: 
	358.942332, 442.413025
	352.100000, 634.248750
	320.469210, 438.568143

face #2427: 
	350.000000, 615.000000
	348.173006, 433.206466
	352.166596, 438.261580

face #2428: 
	352.166596, 438.261580
	320.469210, 438.568143
	350.000000, 615.000000

face #2429: 
	314.569935, 433.550754
	347.089189, 427.757351
	348.173006, 433.206466

face #2430: 
	348.173006, 433.206466
	350.000000, 615.000000
	314.569935, 433.550754

face #2431: 
	311.632432, 428.140541
	348.933675, 422.452209
	347.089189, 427.757351

face #2432: 
	347.089189, 427.757351
	314.569935, 433.550754
	311.632432, 428.140541

face #2433: 
	315.304536, 418.272839
	353.612487, 417.822999
	348.933675, 422.452209

face #2434: 
	348.933675, 422.452209
	311.632432, 428.140541
	315.304536, 418.272839

face #2435: 
	321.939128, 414.833981
	360.926366, 414.363498
	353.612487, 417.822999

face #2436: 
	353.612487, 417.822999
	315.304536, 418.272839
	321.939128, 414.833981

face #2437: 
	331.591470, 412.977903
	370.589157, 412.499075
	360.926366, 414.363498

face #2438: 
	360.926366, 414.363498
	321.939128, 414.833981
	331.591470, 412.977903

face #2439: 
	356.220545, 414.924537
	382.400000, 483.780000
	370.589157, 412.499075

face #2440: 
	370.589157, 412.499075
	331.591470, 412.977903
	356.220545, 414.924537

face #2441: 
	314.446454, 446.137461
	339.857657, 445.459918
	323.201708, 636.467449

face #2442: 
	323.201708, 636.467449
	328.835000, 603.930000
	314.446454, 446.137461

face #2443: 
	302.314338, 443.430725
	352.100000, 634.248750
	339.857657, 445.459918

face #2444: 
	339.857657, 445.459918
	314.446454, 446.137461
	302.314338, 443.430725

face #2445: 
	292.218943, 439.400267
	320.469210, 438.568143
	352.100000, 634.248750

face #2446: 
	352.100000, 634.248750
	302.314338, 443.430725
	292.218943, 439.400267

face #2447: 
	284.685022, 434.484860
	350.000000, 615.000000
	320.469210, 438.568143

face #2448: 
	320.469210, 438.568143
	292.218943, 439.400267
	284.685022, 434.484860

face #2449: 
	353.906437, 436.568983
	314.569935, 433.550754
	350.000000, 615.000000

face #2450: 
	350.000000, 615.000000
	284.685022, 434.484860
	353.906437, 436.568983

face #2451: 
	279.005711, 424.010560
	311.632432, 428.140541
	314.569935, 433.550754

face #2452: 
	314.569935, 433.550754
	353.906437, 436.568983
	279.005711, 424.010560

face #2453: 
	281.425667, 419.493810
	315.304536, 418.272839
	311.632432, 428.140541

face #2454: 
	311.632432, 428.140541
	279.005711, 424.010560
	281.425667, 419.493810

face #2455: 
	287.501838, 416.111029
	321.939128, 414.833981
	315.304536, 418.272839

face #2456: 
	315.304536, 418.272839
	281.425667, 419.493810
	287.501838, 416.111029

face #2457: 
	297.172251, 414.277492
	331.591470, 412.977903
	321.939128, 414.833981

face #2458: 
	321.939128, 414.833981
	287.501838, 416.111029
	297.172251, 414.277492

face #2459: 
	310.280000, 591.240000
	356.220545, 414.924537
	331.591470, 412.977903

face #2460: 
	331.591470, 412.977903
	297.172251, 414.277492
	310.280000, 591.240000

face #2461: 
	292.131912, 447.456783
	314.446454, 446.137461
	328.835000, 603.930000

face #2462: 
	328.835000, 603.930000
	306.560000, 448.410000
	292.131912, 447.456783

face #2463: 
	278.888340, 444.878887
	302.314338, 443.430725
	314.446454, 446.137461

face #2464: 
	314.446454, 446.137461
	292.131912, 447.456783
	278.888340, 444.878887

face #2465: 
	267.491035, 441.020811
	292.218943, 439.400267
	302.314338, 443.430725

face #2466: 
	302.314338, 443.430725
	278.888340, 444.878887
	267.491035, 441.020811

face #2467: 
	258.580657, 436.304256
	284.685022, 434.484860
	292.218943, 439.400267

face #2468: 
	292.218943, 439.400267
	267.491035, 441.020811
	258.580657, 436.304256

face #2469: 
	252.735135, 431.205405
	353.906437, 436.568983
	284.685022, 434.484860

face #2470: 
	284.685022, 434.484860
	258.580657, 436.304256
	252.735135, 431.205405

face #2471: 
	250.427963, 426.228071
	279.005711, 424.010560
	353.906437, 436.568983

face #2472: 
	353.906437, 436.568983
	252.735135, 431.205405
	250.427963, 426.228071

face #2473: 
	251.996692, 421.871398
	281.425667, 419.493810
	279.005711, 424.010560

face #2474: 
	279.005711, 424.010560
	250.427963, 426.228071
	251.996692, 421.871398

face #2475: 
	257.624265, 418.598004
	287.501838, 416.111029
	281.425667, 419.493810

face #2476: 
	281.425667, 419.493810
	251.996692, 421.871398
	257.624265, 418.598004

face #2477: 
	267.333659, 416.808376
	297.172251, 414.277492
	287.501838, 416.111029

face #2478: 
	287.501838, 416.111029
	257.624265, 418.598004
	267.333659, 416.808376

face #2479: 
	281.000000, 416.820000
	310.280000, 591.240000
	297.172251, 414.277492

face #2480: 
	297.172251, 414.277492
	267.333659, 416.808376
	281.000000, 416.820000

face #2481: 
	273.003597, 449.631860
	292.131912, 447.456783
	306.560000, 448.410000

face #2482: 
	306.560000, 448.410000
	288.125000, 450.468750
	273.003597, 449.631860

face #2483: 
	258.834034, 447.266282
	278.888340, 444.878887
	292.131912, 447.456783

face #2484: 
	292.131912, 447.456783
	273.003597, 449.631860
	258.834034, 447.266282

face #2485: 
	246.360726, 443.692636
	267.491035, 441.020811
	278.888340, 444.878887

face #2486: 
	278.888340, 444.878887
	258.834034, 447.266282
	246.360726, 443.692636

face #2487: 
	236.320043, 439.303610
	258.580657, 436.304256
	267.491035, 441.020811

face #2488: 
	267.491035, 441.020811
	246.360726, 443.692636
	236.320043, 439.303610

face #2489: 
	229.391892, 434.544000
	252.735135, 431.205405
	258.580657, 436.304256

face #2490: 
	258.580657, 436.304256
	236.320043, 439.303610
	229.391892, 434.544000

face #2491: 
	226.153017, 429.884159
	250.427963, 426.228071
	252.735135, 431.205405

face #2492: 
	252.735135, 431.205405
	229.391892, 434.544000
	226.153017, 429.884159

face #2493: 
	227.038420, 425.791089
	251.996692, 421.871398
	250.427963, 426.228071

face #2494: 
	250.427963, 426.228071
	226.153017, 429.884159
	227.038420, 425.791089

face #2495: 
	232.316176, 422.698267
	257.624265, 418.598004
	251.996692, 421.871398

face #2496: 
	251.996692, 421.871398
	227.038420, 425.791089
	232.316176, 422.698267

face #2497: 
	242.078623, 420.980781
	267.333659, 416.808376
	257.624265, 418.598004

face #2498: 
	257.624265, 418.598004
	232.316176, 422.698267
	242.078623, 420.980781

face #2499: 
	281.467891, 455.267319
	281.000000, 416.820000
	267.333659, 416.808376

face #2500: 
	267.333659, 416.808376
	242.078623, 420.980781
	281.467891, 455.267319

face #2501: 
	257.151542, 452.876824
	273.003597, 449.631860
	288.125000, 450.468750

face #2502: 
	288.125000, 450.468750
	272.840000, 453.540000
	257.151542, 452.876824

face #2503: 
	242.236029, 450.827836
	258.834034, 447.266282
	273.003597, 449.631860

face #2504: 
	273.003597, 449.631860
	257.151542, 452.876824
	242.236029, 450.827836

face #2505: 
	228.903415, 447.678442
	246.360726, 443.692636
	258.834034, 447.266282

face #2506: 
	258.834034, 447.266282
	242.236029, 450.827836
	228.903415, 447.678442

face #2507: 
	217.965894, 443.778071
	236.320043, 439.303610
	246.360726, 443.692636

face #2508: 
	246.360726, 443.692636
	228.903415, 447.678442
	217.965894, 443.778071

face #2509: 
	210.183784, 439.524324
	229.391892, 434.544000
	236.320043, 439.303610

face #2510: 
	236.320043, 439.303610
	217.965894, 443.778071
	210.183784, 439.524324

face #2511: 
	206.215140, 435.338308
	226.153017, 429.884159
	229.391892, 434.544000

face #2512: 
	229.391892, 434.544000
	210.183784, 439.524324
	206.215140, 435.338308

face #2513: 
	206.571505, 431.638527
	227.038420, 425.791089
	226.153017, 429.884159

face #2514: 
	226.153017, 429.884159
	206.215140, 435.338308
	206.571505, 431.638527

face #2515: 
	211.587500, 428.815021
	232.316176, 422.698267
	227.038420, 425.791089

face #2516: 
	227.038420, 425.791089
	206.571505, 431.638527
	211.587500, 428.815021

face #2517: 
	221.409609, 427.205396
	242.078623, 420.980781
	232.316176, 422.698267

face #2518: 
	232.316176, 422.698267
	211.587500, 428.815021
	221.409609, 427.205396

face #2519: 
	236.000000, 427.080000
	281.467891, 455.267319
	242.078623, 420.980781

face #2520: 
	242.078623, 420.980781
	221.409609, 427.205396
	236.000000, 427.080000

face #2521: 
	244.665776, 457.405344
	257.151542, 452.876824
	272.840000, 453.540000

face #2522: 
	272.840000, 453.540000
	294.917686, 547.579304
	244.665776, 457.405344

face #2523: 
	229.178939, 455.798477
	242.236029, 450.827836
	257.151542, 452.876824

face #2524: 
	257.151542, 452.876824
	244.665776, 457.405344
	229.178939, 455.798477

face #2525: 
	215.194504, 453.240928
	228.903415, 447.678442
	242.236029, 450.827836

face #2526: 
	242.236029, 450.827836
	229.178939, 455.798477
	215.194504, 453.240928

face #2527: 
	203.580927, 450.022791
	217.965894, 443.778071
	228.903415, 447.678442

face #2528: 
	228.903415, 447.678442
	215.194504, 453.240928
	203.580927, 450.022791

face #2529: 
	195.159459, 446.475081
	210.183784, 439.524324
	217.965894, 443.778071

face #2530: 
	217.965894, 443.778071
	203.580927, 450.022791
	195.159459, 446.475081

face #2531: 
	190.648599, 442.950000
	206.215140, 435.338308
	210.183784, 439.524324

face #2532: 
	210.183784, 439.524324
	195.159459, 446.475081
	190.648599, 442.950000

face #2533: 
	190.616596, 439.799360
	206.571505, 431.638527
	206.215140, 435.338308

face #2534: 
	206.215140, 435.338308
	190.648599, 442.950000
	190.616596, 439.799360

face #2535: 
	195.448162, 437.351471
	211.587500, 428.815021
	206.571505, 431.638527

face #2536: 
	206.571505, 431.638527
	190.616596, 439.799360
	195.448162, 437.351471

face #2537: 
	205.329085, 435.892446
	221.409609, 427.205396
	211.587500, 428.815021

face #2538: 
	211.587500, 428.815021
	195.448162, 437.351471
	205.329085, 435.892446

face #2539: 
	176.369343, 519.117349
	236.000000, 427.080000
	221.409609, 427.205396

face #2540: 
	221.409609, 427.205396
	205.329085, 435.892446
	176.369343, 519.117349

face #2541: 
	284.512935, 452.856773
	244.665776, 457.405344
	294.917686, 547.579304

face #2542: 
	294.917686, 547.579304
	252.080000, 463.530000
	284.512935, 452.856773

face #2543: 
	219.747532, 462.412973
	229.178939, 455.798477
	244.665776, 457.405344

face #2544: 
	244.665776, 457.405344
	284.512935, 452.856773
	219.747532, 462.412973

face #2545: 
	205.309232, 460.642956
	215.194504, 453.240928
	229.178939, 455.798477

face #2546: 
	229.178939, 455.798477
	219.747532, 462.412973
	205.309232, 460.642956

face #2547: 
	193.228341, 458.332435
	203.580927, 450.022791
	215.194504, 453.240928

face #2548: 
	215.194504, 453.240928
	205.309232, 460.642956
	193.228341, 458.332435

face #2549: 
	269.317771, 466.449907
	195.159459, 446.475081
	203.580927, 450.022791

face #2550: 
	203.580927, 450.022791
	193.228341, 458.332435
	269.317771, 466.449907

face #2551: 
	179.487177, 453.079203
	190.648599, 442.950000
	195.159459, 446.475081

face #2552: 
	195.159459, 446.475081
	269.317771, 466.449907
	179.487177, 453.079203

face #2553: 
	179.194504, 450.659072
	190.616596, 439.799360
	190.648599, 442.950000

face #2554: 
	190.648599, 442.950000
	179.487177, 453.079203
	179.194504, 450.659072

face #2555: 
	183.907931, 448.710977
	195.448162, 437.351471
	190.616596, 439.799360

face #2556: 
	190.616596, 439.799360
	179.194504, 450.659072
	183.907931, 448.710977

face #2557: 
	237.753340, 514.994227
	205.329085, 435.892446
	195.448162, 437.351471

face #2558: 
	195.448162, 437.351471
	183.907931, 448.710977
	237.753340, 514.994227

face #2559: 
	244.703669, 478.222013
	176.369343, 519.117349
	205.329085, 435.892446

face #2560: 
	205.329085, 435.892446
	237.753340, 514.994227
	244.703669, 478.222013

face #2561: 
	230.152158, 471.169270
	284.512935, 452.856773
	252.080000, 463.530000

face #2562: 
	252.080000, 463.530000
	246.785000, 470.853750
	230.152158, 471.169270

face #2563: 
	214.026576, 470.906092
	219.747532, 462.412973
	284.512935, 452.856773

face #2564: 
	284.512935, 452.856773
	230.152158, 471.169270
	214.026576, 470.906092

face #2565: 
	199.322839, 470.147385
	205.309232, 460.642956
	219.747532, 462.412973

face #2566: 
	219.747532, 462.412973
	214.026576, 470.906092
	199.322839, 470.147385

face #2567: 
	186.970528, 469.002478
	193.228341, 458.332435
	205.309232, 460.642956

face #2568: 
	205.309232, 460.642956
	199.322839, 470.147385
	186.970528, 469.002478

face #2569: 
	177.856757, 467.600595
	269.317771, 466.449907
	193.228341, 458.332435

face #2570: 
	193.228341, 458.332435
	186.970528, 469.002478
	177.856757, 467.600595

face #2571: 
	172.765463, 466.085075
	179.487177, 453.079203
	269.317771, 466.449907

face #2572: 
	269.317771, 466.449907
	177.856757, 467.600595
	172.765463, 466.085075

face #2573: 
	172.326041, 464.603148
	179.194504, 450.659072
	179.487177, 453.079203

face #2574: 
	179.487177, 453.079203
	172.765463, 466.085075
	172.326041, 464.603148

face #2575: 
	176.976576, 463.296901
	183.907931, 448.710977
	179.194504, 450.659072

face #2576: 
	179.194504, 450.659072
	172.326041, 464.603148
	176.976576, 463.296901

face #2577: 
	186.944450, 462.295529
	237.753340, 514.994227
	183.907931, 448.710977

face #2578: 
	183.907931, 448.710977
	176.976576, 463.296901
	186.944450, 462.295529

face #2579: 
	202.250000, 461.707500
	244.703669, 478.222013
	237.753340, 514.994227

face #2580: 
	237.753340, 514.994227
	186.944450, 462.295529
	202.250000, 461.707500

face #2581: 
	228.304214, 480.832477
	230.152158, 471.169270
	246.785000, 470.853750

face #2582: 
	246.785000, 470.853750
	207.741089, 527.151067
	228.304214, 480.832477

face #2583: 
	212.100840, 481.512605
	214.026576, 470.906092
	230.152158, 471.169270

face #2584: 
	230.152158, 471.169270
	228.304214, 480.832477
	212.100840, 481.512605

face #2585: 
	197.310566, 482.017076
	199.322839, 470.147385
	214.026576, 470.906092

face #2586: 
	214.026576, 470.906092
	212.100840, 481.512605
	197.310566, 482.017076

face #2587: 
	184.870690, 482.327586
	186.970528, 469.002478
	199.322839, 470.147385

face #2588: 
	199.322839, 470.147385
	197.310566, 482.017076
	184.870690, 482.327586

face #2589: 
	175.675676, 482.432432
	177.856757, 467.600595
	186.970528, 469.002478

face #2590: 
	186.970528, 469.002478
	184.870690, 482.327586
	175.675676, 482.432432

face #2591: 
	170.517241, 482.327586
	172.765463, 466.085075
	177.856757, 467.600595

face #2592: 
	177.856757, 467.600595
	175.675676, 482.432432
	170.517241, 482.327586

face #2593: 
	170.032017, 482.017076
	172.326041, 464.603148
	172.765463, 466.085075

face #2594: 
	172.765463, 466.085075
	170.517241, 482.327586
	170.032017, 482.017076

face #2595: 
	174.663866, 481.512605
	176.976576, 463.296901
	172.326041, 464.603148

face #2596: 
	172.326041, 464.603148
	170.032017, 482.017076
	174.663866, 481.512605

face #2597: 
	184.645427, 480.832477
	186.944450, 462.295529
	176.976576, 463.296901

face #2598: 
	176.976576, 463.296901
	174.663866, 481.512605
	184.645427, 480.832477

face #2599: 
	217.000974, 479.211295
	202.250000, 461.707500
	186.944450, 462.295529

face #2600: 
	186.944450, 462.295529
	184.645427, 480.832477
	217.000974, 479.211295

face #2601: 
	382.250000, 412.567500
	425.000000, 390.000000
	425.000000, 390.000000

face #2602: 
	425.000000, 390.000000
	382.400000, 483.780000
	382.250000, 412.567500

face #2603: 
	393.167722, 414.470886
	434.449854, 414.406037
	425.000000, 390.000000

face #2604: 
	425.000000, 390.000000
	382.250000, 412.567500
	393.167722, 414.470886

face #2605: 
	401.146851, 417.627910
	422.900000, 723.438750
	434.449854, 414.406037

face #2606: 
	434.449854, 414.406037
	393.167722, 414.470886
	401.146851, 417.627910

face #2607: 
	406.523895, 421.637018
	523.592378, 507.672285
	422.900000, 723.438750

face #2608: 
	422.900000, 723.438750
	401.146851, 417.627910
	406.523895, 421.637018

face #2609: 
	409.524674, 426.152659
	445.261194, 426.100746
	523.592378, 507.672285

face #2610: 
	523.592378, 507.672285
	406.523895, 421.637018
	409.524674, 426.152659

face #2611: 
	410.286047, 430.860977
	497.980410, 640.812836
	445.261194, 426.100746

face #2612: 
	445.261194, 426.100746
	409.524674, 426.152659
	410.286047, 430.860977

face #2613: 
	450.733345, 630.602568
	521.090469, 595.447775
	497.980410, 640.812836

face #2614: 
	497.980410, 640.812836
	410.286047, 430.860977
	450.733345, 630.602568

face #2615: 
	405.249389, 439.652963
	495.664456, 476.487740
	521.090469, 595.447775

face #2616: 
	521.090469, 595.447775
	450.733345, 630.602568
	405.249389, 439.652963

face #2617: 
	399.344561, 443.108015
	519.948169, 538.636151
	495.664456, 476.487740

face #2618: 
	495.664456, 476.487740
	405.249389, 439.652963
	399.344561, 443.108015

face #2619: 
	450.382743, 516.010153
	420.662123, 445.428432
	519.948169, 538.636151

face #2620: 
	519.948169, 538.636151
	399.344561, 443.108015
	450.382743, 516.010153

face #2621: 
	365.730964, 418.055296
	382.250000, 412.567500
	382.400000, 483.780000

face #2622: 
	382.400000, 483.780000
	344.000000, 413.040000
	365.730964, 418.055296

face #2623: 
	372.756679, 422.033537
	393.167722, 414.470886
	382.250000, 412.567500

face #2624: 
	382.250000, 412.567500
	365.730964, 418.055296
	372.756679, 422.033537

face #2625: 
	311.852478, 422.871659
	401.146851, 417.627910
	393.167722, 414.470886

face #2626: 
	393.167722, 414.470886
	372.756679, 422.033537
	311.852478, 422.871659

face #2627: 
	377.424534, 426.515765
	406.523895, 421.637018
	401.146851, 417.627910

face #2628: 
	401.146851, 417.627910
	311.852478, 422.871659
	377.424534, 426.515765

face #2629: 
	379.776744, 431.190698
	409.524674, 426.152659
	406.523895, 421.637018

face #2630: 
	406.523895, 421.637018
	377.424534, 426.515765
	379.776744, 431.190698

face #2631: 
	379.776959, 435.760354
	410.286047, 430.860977
	409.524674, 426.152659

face #2632: 
	409.524674, 426.152659
	379.776744, 431.190698
	379.776959, 435.760354

face #2633: 
	351.087500, 594.423750
	450.733345, 630.602568
	410.286047, 430.860977

face #2634: 
	410.286047, 430.860977
	379.776959, 435.760354
	351.087500, 594.423750

face #2635: 
	372.169800, 443.356918
	405.249389, 439.652963
	450.733345, 630.602568

face #2636: 
	450.733345, 630.602568
	351.087500, 594.423750
	372.169800, 443.356918

face #2637: 
	352.520000, 446.520000
	399.344561, 443.108015
	405.249389, 439.652963

face #2638: 
	405.249389, 439.652963
	372.169800, 443.356918
	352.520000, 446.520000

face #2639: 
	352.520000, 446.520000
	450.382743, 516.010153
	399.344561, 443.108015

face #2640: 
	399.344561, 443.108015
	352.520000, 446.520000
	352.520000, 446.520000

face #2641: 
	334.448235, 419.215363
	365.730964, 418.055296
	344.000000, 413.040000

face #2642: 
	344.000000, 413.040000
	310.280000, 591.240000
	334.448235, 419.215363

face #2643: 
	342.893556, 423.109784
	372.756679, 422.033537
	365.730964, 418.055296

face #2644: 
	365.730964, 418.055296
	334.448235, 419.215363
	342.893556, 423.109784

face #2645: 
	348.990019, 427.501679
	311.852478, 422.871659
	372.756679, 422.033537

face #2646: 
	372.756679, 422.033537
	342.893556, 423.109784
	348.990019, 427.501679

face #2647: 
	280.164865, 429.180486
	377.424534, 426.515765
	311.852478, 422.871659

face #2648: 
	311.852478, 422.871659
	348.990019, 427.501679
	280.164865, 429.180486

face #2649: 
	352.700000, 432.085395
	379.776744, 431.190698
	377.424534, 426.515765

face #2650: 
	377.424534, 426.515765
	280.164865, 429.180486
	352.700000, 432.085395

face #2651: 
	352.407479, 440.656679
	379.776959, 435.760354
	379.776744, 431.190698

face #2652: 
	379.776744, 431.190698
	352.700000, 432.085395
	352.407479, 440.656679

face #2653: 
	347.903865, 444.032490
	351.087500, 594.423750
	379.776959, 435.760354

face #2654: 
	379.776959, 435.760354
	352.407479, 440.656679
	347.903865, 444.032490

face #2655: 
	339.977020, 446.340555
	372.169800, 443.356918
	351.087500, 594.423750

face #2656: 
	351.087500, 594.423750
	347.903865, 444.032490
	339.977020, 446.340555

face #2657: 
	328.055000, 447.161250
	352.520000, 446.520000
	372.169800, 443.356918

face #2658: 
	372.169800, 443.356918
	339.977020, 446.340555
	328.055000, 447.161250

face #2659: 
	328.835000, 603.930000
	352.520000, 446.520000
	352.520000, 446.520000

face #2660: 
	352.520000, 446.520000
	328.055000, 447.161250
	328.835000, 603.930000

face #2661: 
	248.109819, 614.526147
	334.448235, 419.215363
	310.280000, 591.240000

face #2662: 
	310.280000, 591.240000
	311.984948, 444.440263
	248.109819, 614.526147

face #2663: 
	308.406489, 447.516698
	342.893556, 423.109784
	334.448235, 419.215363

face #2664: 
	334.448235, 419.215363
	248.109819, 614.526147
	308.406489, 447.516698

face #2665: 
	322.787209, 584.365953
	348.990019, 427.501679
	342.893556, 423.109784

face #2666: 
	342.893556, 423.109784
	308.406489, 447.516698
	322.787209, 584.365953

face #2667: 
	321.273377, 576.741110
	280.164865, 429.180486
	348.990019, 427.501679

face #2668: 
	348.990019, 427.501679
	322.787209, 584.365953
	321.273377, 576.741110

face #2669: 
	279.793525, 581.853083
	352.700000, 432.085395
	280.164865, 429.180486

face #2670: 
	280.164865, 429.180486
	321.273377, 576.741110
	279.793525, 581.853083

face #2671: 
	330.610630, 442.085136
	352.407479, 440.656679
	352.700000, 432.085395

face #2672: 
	352.700000, 432.085395
	279.793525, 581.853083
	330.610630, 442.085136

face #2673: 
	326.623760, 445.347996
	347.903865, 444.032490
	352.407479, 440.656679

face #2674: 
	352.407479, 440.656679
	330.610630, 442.085136
	326.623760, 445.347996

face #2675: 
	304.640000, 628.320000
	339.977020, 446.340555
	347.903865, 444.032490

face #2676: 
	347.903865, 444.032490
	326.623760, 445.347996
	304.640000, 628.320000

face #2677: 
	272.634258, 631.761740
	328.055000, 447.161250
	339.977020, 446.340555

face #2678: 
	339.977020, 446.340555
	304.640000, 628.320000
	272.634258, 631.761740

face #2679: 
	268.346175, 628.090409
	328.835000, 603.930000
	328.055000, 447.161250

face #2680: 
	328.055000, 447.161250
	272.634258, 631.761740
	268.346175, 628.090409

face #2681: 
	258.320000, 594.210000
	248.109819, 614.526147
	311.984948, 444.440263

face #2682: 
	311.984948, 444.440263
	281.467891, 455.267319
	258.320000, 594.210000

face #2683: 
	273.865433, 457.015969
	308.406489, 447.516698
	248.109819, 614.526147

face #2684: 
	248.109819, 614.526147
	258.320000, 594.210000
	273.865433, 457.015969

face #2685: 
	294.958749, 579.244120
	322.787209, 584.365953
	308.406489, 447.516698

face #2686: 
	308.406489, 447.516698
	273.865433, 457.015969
	294.958749, 579.244120

face #2687: 
	253.814234, 551.035098
	321.273377, 576.741110
	322.787209, 584.365953

face #2688: 
	322.787209, 584.365953
	294.958749, 579.244120
	253.814234, 551.035098

face #2689: 
	231.878556, 583.340140
	279.793525, 581.853083
	321.273377, 576.741110

face #2690: 
	321.273377, 576.741110
	253.814234, 551.035098
	231.878556, 583.340140

face #2691: 
	302.212548, 560.596660
	330.610630, 442.085136
	279.793525, 581.853083

face #2692: 
	279.793525, 581.853083
	231.878556, 583.340140
	302.212548, 560.596660

face #2693: 
	305.014599, 600.757013
	326.623760, 445.347996
	330.610630, 442.085136

face #2694: 
	330.610630, 442.085136
	302.212548, 560.596660
	305.014599, 600.757013

face #2695: 
	319.450233, 589.465998
	304.640000, 628.320000
	326.623760, 445.347996

face #2696: 
	326.623760, 445.347996
	305.014599, 600.757013
	319.450233, 589.465998

face #2697: 
	288.125000, 450.468750
	272.634258, 631.761740
	304.640000, 628.320000

face #2698: 
	304.640000, 628.320000
	319.450233, 589.465998
	288.125000, 450.468750

face #2699: 
	323.453218, 580.018097
	268.346175, 628.090409
	272.634258, 631.761740

face #2700: 
	272.634258, 631.761740
	288.125000, 450.468750
	323.453218, 580.018097

face #2701: 
	270.522578, 467.759266
	258.320000, 594.210000
	281.467891, 455.267319

face #2702: 
	281.467891, 455.267319
	269.745202, 490.465851
	270.522578, 467.759266

face #2703: 
	240.312500, 576.328050
	273.865433, 457.015969
	258.320000, 594.210000

face #2704: 
	258.320000, 594.210000
	270.522578, 467.759266
	240.312500, 576.328050

face #2705: 
	269.765744, 502.887452
	294.958749, 579.244120
	273.865433, 457.015969

face #2706: 
	273.865433, 457.015969
	240.312500, 576.328050
	269.765744, 502.887452

face #2707: 
	274.652481, 516.690887
	253.814234, 551.035098
	294.958749, 579.244120

face #2708: 
	294.958749, 579.244120
	269.765744, 502.887452
	274.652481, 516.690887

face #2709: 
	210.641892, 570.988216
	231.878556, 583.340140
	253.814234, 551.035098

face #2710: 
	253.814234, 551.035098
	274.652481, 516.690887
	210.641892, 570.988216

face #2711: 
	260.360000, 532.380000
	302.212548, 560.596660
	231.878556, 583.340140

face #2712: 
	231.878556, 583.340140
	210.641892, 570.988216
	260.360000, 532.380000

face #2713: 
	224.759375, 593.416325
	305.014599, 600.757013
	302.212548, 560.596660

face #2714: 
	302.212548, 560.596660
	260.360000, 532.380000
	224.759375, 593.416325

face #2715: 
	269.375000, 547.500000
	319.450233, 589.465998
	305.014599, 600.757013

face #2716: 
	305.014599, 600.757013
	224.759375, 593.416325
	269.375000, 547.500000

face #2717: 
	309.011628, 436.700651
	288.125000, 450.468750
	319.450233, 589.465998

face #2718: 
	319.450233, 589.465998
	269.375000, 547.500000
	309.011628, 436.700651

face #2719: 
	306.885089, 562.364534
	323.453218, 580.018097
	288.125000, 450.468750

face #2720: 
	288.125000, 450.468750
	309.011628, 436.700651
	306.885089, 562.364534

face #2721: 
	262.790698, 477.906977
	270.522578, 467.759266
	269.745202, 490.465851

face #2722: 
	269.745202, 490.465851
	176.369343, 519.117349
	262.790698, 477.906977

face #2723: 
	264.667442, 465.144698
	240.312500, 576.328050
	270.522578, 467.759266

face #2724: 
	270.522578, 467.759266
	262.790698, 477.906977
	264.667442, 465.144698

face #2725: 
	267.500000, 477.985075
	269.765744, 502.887452
	240.312500, 576.328050

face #2726: 
	240.312500, 576.328050
	264.667442, 465.144698
	267.500000, 477.985075

face #2727: 
	268.748824, 478.222013
	274.652481, 516.690887
	269.765744, 502.887452

face #2728: 
	269.765744, 502.887452
	267.500000, 477.985075
	268.748824, 478.222013

face #2729: 
	225.617934, 579.004008
	210.641892, 570.988216
	274.652481, 516.690887

face #2730: 
	274.652481, 516.690887
	268.748824, 478.222013
	225.617934, 579.004008

face #2731: 
	279.388523, 562.983302
	260.360000, 532.380000
	210.641892, 570.988216

face #2732: 
	210.641892, 570.988216
	225.617934, 579.004008
	279.388523, 562.983302

face #2733: 
	252.080000, 463.530000
	224.759375, 593.416325
	260.360000, 532.380000

face #2734: 
	260.360000, 532.380000
	279.388523, 562.983302
	252.080000, 463.530000

face #2735: 
	281.634781, 531.143416
	269.375000, 547.500000
	224.759375, 593.416325

face #2736: 
	224.759375, 593.416325
	252.080000, 463.530000
	281.634781, 531.143416

face #2737: 
	296.149580, 444.613853
	309.011628, 436.700651
	269.375000, 547.500000

face #2738: 
	269.375000, 547.500000
	281.634781, 531.143416
	296.149580, 444.613853

face #2739: 
	294.917686, 547.579304
	306.885089, 562.364534
	309.011628, 436.700651

face #2740: 
	309.011628, 436.700651
	296.149580, 444.613853
	294.917686, 547.579304

face #2741: 
	225.712074, 447.586271
	262.790698, 477.906977
	176.369343, 519.117349

face #2742: 
	176.369343, 519.117349
	244.703669, 478.222013
	225.712074, 447.586271

face #2743: 
	214.377500, 539.079450
	264.667442, 465.144698
	262.790698, 477.906977

face #2744: 
	262.790698, 477.906977
	225.712074, 447.586271
	214.377500, 539.079450

face #2745: 
	245.082729, 532.874284
	267.500000, 477.985075
	264.667442, 465.144698

face #2746: 
	264.667442, 465.144698
	214.377500, 539.079450
	245.082729, 532.874284

face #2747: 
	250.826956, 438.510115
	268.748824, 478.222013
	267.500000, 477.985075

face #2748: 
	267.500000, 477.985075
	245.082729, 532.874284
	250.826956, 438.510115

face #2749: 
	270.269767, 454.925581
	225.617934, 579.004008
	268.748824, 478.222013

face #2750: 
	268.748824, 478.222013
	250.826956, 438.510115
	270.269767, 454.925581

face #2751: 
	251.832084, 428.403944
	279.388523, 562.983302
	225.617934, 579.004008

face #2752: 
	225.617934, 579.004008
	270.269767, 454.925581
	251.832084, 428.403944

face #2753: 
	281.879070, 538.520930
	252.080000, 463.530000
	279.388523, 562.983302

face #2754: 
	279.388523, 562.983302
	251.832084, 428.403944
	281.879070, 538.520930

face #2755: 
	285.217071, 535.239879
	281.634781, 531.143416
	252.080000, 463.530000

face #2756: 
	252.080000, 463.530000
	281.879070, 538.520930
	285.217071, 535.239879

face #2757: 
	265.310321, 462.725316
	296.149580, 444.613853
	281.634781, 531.143416

face #2758: 
	281.634781, 531.143416
	285.217071, 535.239879
	265.310321, 462.725316

face #2759: 
	237.214183, 520.158839
	294.917686, 547.579304
	296.149580, 444.613853

face #2760: 
	296.149580, 444.613853
	265.310321, 462.725316
	237.214183, 520.158839

face #2761: 
	231.946565, 478.625954
	225.712074, 447.586271
	244.703669, 478.222013

face #2762: 
	244.703669, 478.222013
	218.523612, 498.513535
	231.946565, 478.625954

face #2763: 
	223.121762, 517.508763
	214.377500, 539.079450
	225.712074, 447.586271

face #2764: 
	225.712074, 447.586271
	231.946565, 478.625954
	223.121762, 517.508763

face #2765: 
	240.343845, 448.829055
	245.082729, 532.874284
	214.377500, 539.079450

face #2766: 
	214.377500, 539.079450
	223.121762, 517.508763
	240.343845, 448.829055

face #2767: 
	252.780103, 450.580950
	250.826956, 438.510115
	245.082729, 532.874284

face #2768: 
	245.082729, 532.874284
	240.343845, 448.829055
	252.780103, 450.580950

face #2769: 
	225.680000, 557.940000
	270.269767, 454.925581
	250.826956, 438.510115

face #2770: 
	250.826956, 438.510115
	252.780103, 450.580950
	225.680000, 557.940000

face #2771: 
	266.764675, 546.349106
	251.832084, 428.403944
	270.269767, 454.925581

face #2772: 
	270.269767, 454.925581
	225.680000, 557.940000
	266.764675, 546.349106

face #2773: 
	275.641138, 542.297435
	281.879070, 538.520930
	251.832084, 428.403944

face #2774: 
	251.832084, 428.403944
	266.764675, 546.349106
	275.641138, 542.297435

face #2775: 
	275.799389, 459.381421
	285.217071, 535.239879
	281.879070, 538.520930

face #2776: 
	281.879070, 538.520930
	275.641138, 542.297435
	275.799389, 459.381421

face #2777: 
	245.915000, 491.070000
	265.310321, 462.725316
	285.217071, 535.239879

face #2778: 
	285.217071, 535.239879
	275.799389, 459.381421
	245.915000, 491.070000

face #2779: 
	262.058374, 502.783350
	237.214183, 520.158839
	265.310321, 462.725316

face #2780: 
	265.310321, 462.725316
	245.915000, 491.070000
	262.058374, 502.783350

face #2781: 
	201.582500, 500.075700
	231.946565, 478.625954
	218.523612, 498.513535

face #2782: 
	218.523612, 498.513535
	217.000974, 479.211295
	201.582500, 500.075700

face #2783: 
	233.390315, 496.888454
	223.121762, 517.508763
	231.946565, 478.625954

face #2784: 
	231.946565, 478.625954
	201.582500, 500.075700
	233.390315, 496.888454

face #2785: 
	193.839979, 447.452312
	240.343845, 448.829055
	223.121762, 517.508763

face #2786: 
	223.121762, 517.508763
	233.390315, 496.888454
	193.839979, 447.452312

face #2787: 
	256.331716, 493.755224
	252.780103, 450.580950
	240.343845, 448.829055

face #2788: 
	240.343845, 448.829055
	193.839979, 447.452312
	256.331716, 493.755224

face #2789: 
	184.022519, 540.132231
	225.680000, 557.940000
	252.780103, 450.580950

face #2790: 
	252.780103, 450.580950
	256.331716, 493.755224
	184.022519, 540.132231

face #2791: 
	255.426288, 550.459637
	266.764675, 546.349106
	225.680000, 557.940000

face #2792: 
	225.680000, 557.940000
	184.022519, 540.132231
	255.426288, 550.459637

face #2793: 
	236.000000, 427.080000
	275.641138, 542.297435
	266.764675, 546.349106

face #2794: 
	266.764675, 546.349106
	255.426288, 550.459637
	236.000000, 427.080000

face #2795: 
	279.555814, 446.966930
	275.799389, 459.381421
	275.641138, 542.297435

face #2796: 
	275.641138, 542.297435
	236.000000, 427.080000
	279.555814, 446.966930

face #2797: 
	276.912041, 433.814958
	245.915000, 491.070000
	275.799389, 459.381421

face #2798: 
	275.799389, 459.381421
	279.555814, 446.966930
	276.912041, 433.814958

face #2799: 
	207.741089, 527.151067
	262.058374, 502.783350
	245.915000, 491.070000

face #2800: 
	245.915000, 491.070000
	276.912041, 433.814958
	207.741089, 527.151067

face #2801: 
	229.263875, 492.468808
	228.304214, 480.832477
	207.741089, 527.151067

face #2802: 
	207.741089, 527.151067
	283.696922, 450.019729
	229.263875, 492.468808

face #2803: 
	213.134926, 494.124580
	212.100840, 481.512605
	228.304214, 480.832477

face #2804: 
	228.304214, 480.832477
	229.263875, 492.468808
	213.134926, 494.124580

face #2805: 
	198.440928, 495.907364
	197.310566, 482.017076
	212.100840, 481.512605

face #2806: 
	212.100840, 481.512605
	213.134926, 494.124580
	198.440928, 495.907364

face #2807: 
	186.109806, 497.672360
	184.870690, 482.327586
	197.310566, 482.017076

face #2808: 
	197.310566, 482.017076
	198.440928, 495.907364
	186.109806, 497.672360

face #2809: 
	262.839646, 452.665578
	175.675676, 482.432432
	184.870690, 482.327586

face #2810: 
	184.870690, 482.327586
	186.109806, 497.672360
	262.839646, 452.665578

face #2811: 
	171.969397, 500.544828
	170.517241, 482.327586
	175.675676, 482.432432

face #2812: 
	175.675676, 482.432432
	262.839646, 452.665578
	171.969397, 500.544828

face #2813: 
	171.567076, 501.366435
	170.032017, 482.017076
	170.517241, 482.327586

face #2814: 
	170.517241, 482.327586
	171.969397, 500.544828
	171.567076, 501.366435

face #2815: 
	176.253204, 501.616702
	174.663866, 481.512605
	170.032017, 482.017076

face #2816: 
	170.032017, 482.017076
	171.567076, 501.366435
	176.253204, 501.616702

face #2817: 
	186.252569, 501.205961
	184.645427, 480.832477
	174.663866, 481.512605

face #2818: 
	174.663866, 481.512605
	176.253204, 501.616702
	186.252569, 501.205961

face #2819: 
	202.250000, 461.707500
	217.000974, 479.211295
	184.645427, 480.832477

face #2820: 
	184.645427, 480.832477
	186.252569, 501.205961
	202.250000, 461.707500

face #2821: 
	232.203443, 505.712744
	229.263875, 492.468808
	283.696922, 450.019729

face #2822: 
	283.696922, 450.019729
	248.720000, 503.760000
	232.203443, 505.712744

face #2823: 
	216.296744, 508.220641
	213.134926, 494.124580
	229.263875, 492.468808

face #2824: 
	229.263875, 492.468808
	232.203443, 505.712744
	216.296744, 508.220641

face #2825: 
	201.889328, 511.067609
	198.440928, 495.907364
	213.134926, 494.124580

face #2826: 
	213.134926, 494.124580
	216.296744, 508.220641
	201.889328, 511.067609

face #2827: 
	188.044595, 534.726649
	186.109806, 497.672360
	198.440928, 495.907364

face #2828: 
	198.440928, 495.907364
	201.889328, 511.067609
	188.044595, 534.726649

face #2829: 
	181.124324, 516.778378
	262.839646, 452.665578
	186.109806, 497.672360

face #2830: 
	186.109806, 497.672360
	188.044595, 534.726649
	181.124324, 516.778378

face #2831: 
	236.597079, 436.634226
	171.969397, 500.544828
	262.839646, 452.665578

face #2832: 
	262.839646, 452.665578
	181.124324, 516.778378
	236.597079, 436.634226

face #2833: 
	176.210993, 520.778709
	171.567076, 501.366435
	171.969397, 500.544828

face #2834: 
	171.969397, 500.544828
	236.597079, 436.634226
	176.210993, 520.778709

face #2835: 
	181.056197, 521.548267
	176.253204, 501.616702
	171.567076, 501.366435

face #2836: 
	171.567076, 501.366435
	176.210993, 520.778709
	181.056197, 521.548267

face #2837: 
	191.105910, 521.255396
	186.252569, 501.205961
	176.253204, 501.616702

face #2838: 
	176.253204, 501.616702
	181.056197, 521.548267
	191.105910, 521.255396

face #2839: 
	206.360000, 519.780000
	202.250000, 461.707500
	186.252569, 501.205961

face #2840: 
	186.252569, 501.205961
	191.105910, 521.255396
	206.360000, 519.780000

face #2841: 
	285.295532, 532.691345
	232.203443, 505.712744
	248.720000, 503.760000

face #2842: 
	248.720000, 503.760000
	292.483721, 440.986047
	285.295532, 532.691345

face #2843: 
	221.676261, 523.416019
	216.296744, 508.220641
	232.203443, 505.712744

face #2844: 
	232.203443, 505.712744
	285.295532, 532.691345
	221.676261, 523.416019

face #2845: 
	260.114946, 470.056183
	201.889328, 511.067609
	216.296744, 508.220641

face #2846: 
	216.296744, 508.220641
	221.676261, 523.416019
	260.114946, 470.056183

face #2847: 
	265.487882, 430.755630
	188.044595, 534.726649
	201.889328, 511.067609

face #2848: 
	201.889328, 511.067609
	260.114946, 470.056183
	265.487882, 430.755630

face #2849: 
	272.501772, 443.897015
	181.124324, 516.778378
	188.044595, 534.726649

face #2850: 
	188.044595, 534.726649
	265.487882, 430.755630
	272.501772, 443.897015

face #2851: 
	262.848307, 441.008467
	236.597079, 436.634226
	181.124324, 516.778378

face #2852: 
	181.124324, 516.778378
	272.501772, 443.897015
	262.848307, 441.008467

face #2853: 
	177.025676, 499.267946
	176.210993, 520.778709
	236.597079, 436.634226

face #2854: 
	236.597079, 436.634226
	262.848307, 441.008467
	177.025676, 499.267946

face #2855: 
	189.124685, 541.231355
	181.056197, 521.548267
	176.210993, 520.778709

face #2856: 
	176.210993, 520.778709
	177.025676, 499.267946
	189.124685, 541.231355

face #2857: 
	250.150235, 512.389135
	191.105910, 521.255396
	181.056197, 521.548267

face #2858: 
	181.056197, 521.548267
	189.124685, 541.231355
	250.150235, 512.389135

face #2859: 
	199.252929, 540.934995
	206.360000, 519.780000
	191.105910, 521.255396

face #2860: 
	191.105910, 521.255396
	250.150235, 512.389135
	199.252929, 540.934995

face #2861: 
	244.387359, 535.401490
	285.295532, 532.691345
	292.483721, 440.986047

face #2862: 
	292.483721, 440.986047
	285.344704, 584.470134
	244.387359, 535.401490

face #2863: 
	229.362658, 539.325945
	221.676261, 523.416019
	285.295532, 532.691345

face #2864: 
	285.295532, 532.691345
	244.387359, 535.401490
	229.362658, 539.325945

face #2865: 
	216.082337, 543.810993
	260.114946, 470.056183
	221.676261, 523.416019

face #2866: 
	221.676261, 523.416019
	229.362658, 539.325945
	216.082337, 543.810993

face #2867: 
	205.336961, 548.466756
	265.487882, 430.755630
	260.114946, 470.056183

face #2868: 
	260.114946, 470.056183
	216.082337, 543.810993
	205.336961, 548.466756

face #2869: 
	197.859459, 552.875676
	272.501772, 443.897015
	265.487882, 430.755630

face #2870: 
	265.487882, 430.755630
	205.336961, 548.466756
	197.859459, 552.875676

face #2871: 
	194.275108, 556.619450
	262.848307, 441.008467
	272.501772, 443.897015

face #2872: 
	272.501772, 443.897015
	197.859459, 552.875676
	194.275108, 556.619450

face #2873: 
	195.059605, 559.305336
	177.025676, 499.267946
	262.848307, 441.008467

face #2874: 
	262.848307, 441.008467
	194.275108, 556.619450
	195.059605, 559.305336

face #2875: 
	200.511292, 560.590021
	189.124685, 541.231355
	177.025676, 499.267946

face #2876: 
	177.025676, 499.267946
	195.059605, 559.305336
	200.511292, 560.590021

face #2877: 
	210.741110, 560.199743
	250.150235, 512.389135
	189.124685, 541.231355

face #2878: 
	189.124685, 541.231355
	200.511292, 560.590021
	210.741110, 560.199743

face #2879: 
	241.724537, 554.405404
	199.252929, 540.934995
	250.150235, 512.389135

face #2880: 
	250.150235, 512.389135
	210.741110, 560.199743
	241.724537, 554.405404

face #2881: 
	293.328912, 450.752004
	244.387359, 535.401490
	285.344704, 584.470134

face #2882: 
	285.344704, 584.470134
	226.464865, 588.827027
	293.328912, 450.752004

face #2883: 
	239.445903, 555.565179
	229.362658, 539.325945
	244.387359, 535.401490

face #2884: 
	244.387359, 535.401490
	293.328912, 450.752004
	239.445903, 555.565179

face #2885: 
	226.998399, 560.700961
	216.082337, 543.810993
	229.362658, 539.325945

face #2886: 
	229.362658, 539.325945
	239.445903, 555.565179
	226.998399, 560.700961

face #2887: 
	217.182112, 565.999461
	205.336961, 548.466756
	216.082337, 543.810993

face #2888: 
	216.082337, 543.810993
	226.998399, 560.700961
	217.182112, 565.999461

face #2889: 
	256.250000, 420.937500
	197.859459, 552.875676
	205.336961, 548.466756

face #2890: 
	205.336961, 548.466756
	217.182112, 565.999461
	256.250000, 420.937500

face #2891: 
	207.912177, 575.194558
	194.275108, 556.619450
	197.859459, 552.875676

face #2892: 
	197.859459, 552.875676
	256.250000, 420.937500
	207.912177, 575.194558

face #2893: 
	209.381003, 578.176361
	195.059605, 559.305336
	194.275108, 556.619450

face #2894: 
	194.275108, 556.619450
	207.912177, 575.194558
	209.381003, 578.176361

face #2895: 
	215.267857, 579.548319
	200.511292, 560.590021
	195.059605, 559.305336

face #2896: 
	195.059605, 559.305336
	209.381003, 578.176361
	215.267857, 579.548319

face #2897: 
	266.893559, 490.082634
	210.741110, 560.199743
	200.511292, 560.590021

face #2898: 
	200.511292, 560.590021
	215.267857, 579.548319
	266.893559, 490.082634

face #2899: 
	265.954198, 478.625954
	241.724537, 554.405404
	210.741110, 560.199743

face #2900: 
	210.741110, 560.199743
	266.893559, 490.082634
	265.954198, 478.625954

face #2901: 
	293.820253, 606.371714
	293.328912, 450.752004
	226.464865, 588.827027

face #2902: 
	226.464865, 588.827027
	280.640000, 562.620000
	293.820253, 606.371714

face #2903: 
	252.015494, 571.749265
	239.445903, 555.565179
	293.328912, 450.752004

face #2904: 
	293.328912, 450.752004
	293.820253, 606.371714
	252.015494, 571.749265

face #2905: 
	240.575080, 577.474386
	226.998399, 560.700961
	239.445903, 555.565179

face #2906: 
	239.445903, 555.565179
	252.015494, 571.749265
	240.575080, 577.474386

face #2907: 
	272.840000, 453.540000
	217.182112, 565.999461
	226.998399, 560.700961

face #2908: 
	226.998399, 560.700961
	240.575080, 577.474386
	272.840000, 453.540000

face #2909: 
	285.694693, 452.725560
	256.250000, 420.937500
	217.182112, 565.999461

face #2910: 
	217.182112, 565.999461
	272.840000, 453.540000
	285.694693, 452.725560

face #2911: 
	290.794370, 545.895086
	207.912177, 575.194558
	256.250000, 420.937500

face #2912: 
	256.250000, 420.937500
	285.694693, 452.725560
	290.794370, 545.895086

face #2913: 
	227.044984, 596.623799
	209.381003, 578.176361
	207.912177, 575.194558

face #2914: 
	207.912177, 575.194558
	290.794370, 545.895086
	227.044984, 596.623799

face #2915: 
	233.446691, 598.030147
	215.267857, 579.548319
	209.381003, 578.176361

face #2916: 
	209.381003, 578.176361
	227.044984, 596.623799
	233.446691, 598.030147

face #2917: 
	295.471082, 550.417444
	266.893559, 490.082634
	215.267857, 579.548319

face #2918: 
	215.267857, 579.548319
	233.446691, 598.030147
	295.471082, 550.417444

face #2919: 
	258.320000, 594.210000
	265.954198, 478.625954
	266.893559, 490.082634

face #2920: 
	266.893559, 490.082634
	295.471082, 550.417444
	258.320000, 594.210000

face #2921: 
	294.245000, 577.335000
	293.820253, 606.371714
	280.640000, 562.620000

face #2922: 
	280.640000, 562.620000
	331.308629, 438.143983
	294.245000, 577.335000

face #2923: 
	267.160924, 587.493277
	252.015494, 571.749265
	293.820253, 606.371714

face #2924: 
	293.820253, 606.371714
	294.245000, 577.335000
	267.160924, 587.493277

face #2925: 
	256.898186, 593.784205
	240.575080, 577.474386
	252.015494, 571.749265

face #2926: 
	252.015494, 571.749265
	267.160924, 587.493277
	256.898186, 593.784205

face #2927: 
	249.506304, 600.193319
	272.840000, 453.540000
	240.575080, 577.474386

face #2928: 
	240.575080, 577.474386
	256.898186, 593.784205
	249.506304, 600.193319

face #2929: 
	245.401351, 606.155027
	285.694693, 452.725560
	272.840000, 453.540000

face #2930: 
	272.840000, 453.540000
	249.506304, 600.193319
	245.401351, 606.155027

face #2931: 
	244.882166, 611.107274
	290.794370, 545.895086
	285.694693, 452.725560

face #2932: 
	285.694693, 452.725560
	245.401351, 606.155027
	244.882166, 611.107274

face #2933: 
	307.307538, 421.474523
	227.044984, 596.623799
	290.794370, 545.895086

face #2934: 
	290.794370, 545.895086
	244.882166, 611.107274
	307.307538, 421.474523

face #2935: 
	255.100105, 615.959401
	233.446691, 598.030147
	227.044984, 596.623799

face #2936: 
	227.044984, 596.623799
	307.307538, 421.474523
	255.100105, 615.959401

face #2937: 
	265.728058, 615.050103
	295.471082, 550.417444
	233.446691, 598.030147

face #2938: 
	233.446691, 598.030147
	255.100105, 615.959401
	265.728058, 615.050103

face #2939: 
	265.585920, 566.654214
	258.320000, 594.210000
	295.471082, 550.417444

face #2940: 
	295.471082, 550.417444
	265.728058, 615.050103
	265.585920, 566.654214

face #2941: 
	310.250000, 414.322500
	294.245000, 577.335000
	331.308629, 438.143983

face #2942: 
	331.308629, 438.143983
	323.611100, 416.155794
	310.250000, 414.322500

face #2943: 
	284.972164, 602.412132
	267.160924, 587.493277
	294.245000, 577.335000

face #2944: 
	294.245000, 577.335000
	310.250000, 414.322500
	284.972164, 602.412132

face #2945: 
	332.150286, 588.450716
	256.898186, 593.784205
	267.160924, 587.493277

face #2946: 
	267.160924, 587.493277
	284.972164, 602.412132
	332.150286, 588.450716

face #2947: 
	276.053042, 609.284152
	249.506304, 600.193319
	256.898186, 593.784205

face #2948: 
	256.898186, 593.784205
	332.150286, 588.450716
	276.053042, 609.284152

face #2949: 
	270.145205, 616.263039
	245.401351, 606.155027
	249.506304, 600.193319

face #2950: 
	249.506304, 600.193319
	276.053042, 609.284152
	270.145205, 616.263039

face #2951: 
	267.524324, 622.735135
	244.882166, 611.107274
	245.401351, 606.155027

face #2952: 
	245.401351, 606.155027
	270.145205, 616.263039
	267.524324, 622.735135

face #2953: 
	306.560000, 448.410000
	307.307538, 421.474523
	244.882166, 611.107274

face #2954: 
	244.882166, 611.107274
	267.524324, 622.735135
	306.560000, 448.410000

face #2955: 
	318.835784, 447.590506
	255.100105, 615.959401
	307.307538, 421.474523

face #2956: 
	307.307538, 421.474523
	306.560000, 448.410000
	318.835784, 447.590506

face #2957: 
	280.279937, 633.260137
	265.728058, 615.050103
	255.100105, 615.959401

face #2958: 
	255.100105, 615.959401
	318.835784, 447.590506
	280.279937, 633.260137

face #2959: 
	291.056475, 632.201131
	265.585920, 566.654214
	265.728058, 615.050103

face #2960: 
	265.728058, 615.050103
	280.279937, 633.260137
	291.056475, 632.201131

face #2961: 
	305.538393, 616.121061
	310.250000, 414.322500
	323.611100, 416.155794

face #2962: 
	323.611100, 416.155794
	315.881552, 609.368294
	305.538393, 616.121061

face #2963: 
	298.125774, 623.627481
	284.972164, 602.412132
	310.250000, 414.322500

face #2964: 
	310.250000, 414.322500
	305.538393, 616.121061
	298.125774, 623.627481

face #2965: 
	293.875108, 631.254149
	332.150286, 588.450716
	284.972164, 602.412132

face #2966: 
	284.972164, 602.412132
	298.125774, 623.627481
	293.875108, 631.254149

face #2967: 
	292.906757, 638.330108
	276.053042, 609.284152
	332.150286, 588.450716

face #2968: 
	332.150286, 588.450716
	293.875108, 631.254149
	292.906757, 638.330108

face #2969: 
	295.217026, 644.188416
	270.145205, 616.263039
	276.053042, 609.284152

face #2970: 
	276.053042, 609.284152
	292.906757, 638.330108
	295.217026, 644.188416

face #2971: 
	300.676254, 648.208911
	267.524324, 622.735135
	270.145205, 616.263039

face #2972: 
	270.145205, 616.263039
	295.217026, 644.188416
	300.676254, 648.208911

face #2973: 
	309.038813, 649.856408
	306.560000, 448.410000
	267.524324, 622.735135

face #2974: 
	267.524324, 622.735135
	300.676254, 648.208911
	309.038813, 649.856408

face #2975: 
	319.963772, 648.710380
	318.835784, 447.590506
	306.560000, 448.410000

face #2976: 
	306.560000, 448.410000
	309.038813, 649.856408
	319.963772, 648.710380

face #2977: 
	333.042500, 644.480550
	280.279937, 633.260137
	318.835784, 447.590506

face #2978: 
	318.835784, 447.590506
	319.963772, 648.710380
	333.042500, 644.480550

face #2979: 
	344.000000, 413.040000
	291.056475, 632.201131
	280.279937, 633.260137

face #2980: 
	280.279937, 633.260137
	333.042500, 644.480550
	344.000000, 413.040000

face #2981: 
	377.309172, 439.923189
	305.538393, 616.121061
	315.881552, 609.368294

face #2982: 
	315.881552, 609.368294
	337.944502, 620.873587
	377.309172, 439.923189

face #2983: 
	329.027258, 442.687027
	298.125774, 623.627481
	305.538393, 616.121061

face #2984: 
	305.538393, 616.121061
	377.309172, 439.923189
	329.027258, 442.687027

face #2985: 
	397.853469, 598.730830
	293.875108, 631.254149
	298.125774, 623.627481

face #2986: 
	298.125774, 623.627481
	329.027258, 442.687027
	397.853469, 598.730830

face #2987: 
	399.445618, 616.196338
	292.906757, 638.330108
	293.875108, 631.254149

face #2988: 
	293.875108, 631.254149
	397.853469, 598.730830
	399.445618, 616.196338

face #2989: 
	321.621622, 652.702703
	295.217026, 644.188416
	292.906757, 638.330108

face #2990: 
	292.906757, 638.330108
	399.445618, 616.196338
	321.621622, 652.702703

face #2991: 
	403.778044, 632.134866
	300.676254, 648.208911
	295.217026, 644.188416

face #2992: 
	295.217026, 644.188416
	321.621622, 652.702703
	403.778044, 632.134866

face #2993: 
	404.778024, 541.781533
	309.038813, 649.856408
	300.676254, 648.208911

face #2994: 
	300.676254, 648.208911
	403.778044, 632.134866
	404.778024, 541.781533

face #2995: 
	352.497431, 664.532374
	319.963772, 648.710380
	309.038813, 649.856408

face #2996: 
	309.038813, 649.856408
	404.778024, 541.781533
	352.497431, 664.532374

face #2997: 
	365.000000, 660.000000
	333.042500, 644.480550
	319.963772, 648.710380

face #2998: 
	319.963772, 648.710380
	352.497431, 664.532374
	365.000000, 660.000000

face #2999: 
	441.353681, 586.060779
	344.000000, 413.040000
	333.042500, 644.480550

face #3000: 
	333.042500, 644.480550
	365.000000, 660.000000
	441.353681, 586.060779

face #3001: 
	219.179114, 461.649026
	201.582500, 500.075700
	217.000974, 479.211295

face #3002: 
	217.000974, 479.211295
	202.250000, 461.707500
	219.179114, 461.649026

face #3003: 
	206.360000, 519.780000
	233.390315, 496.888454
	201.582500, 500.075700

face #3004: 
	201.582500, 500.075700
	219.179114, 461.649026
	206.360000, 519.780000

face #3005: 
	246.725776, 462.872201
	193.839979, 447.452312
	233.390315, 496.888454

face #3006: 
	233.390315, 496.888454
	206.360000, 519.780000
	246.725776, 462.872201

face #3007: 
	257.020849, 463.924394
	256.331716, 493.755224
	193.839979, 447.452312

face #3008: 
	193.839979, 447.452312
	246.725776, 462.872201
	257.020849, 463.924394

face #3009: 
	263.952326, 492.393349
	184.022519, 540.132231
	256.331716, 493.755224

face #3010: 
	256.331716, 493.755224
	257.020849, 463.924394
	263.952326, 492.393349

face #3011: 
	184.367568, 455.724324
	255.426288, 550.459637
	184.022519, 540.132231

face #3012: 
	184.022519, 540.132231
	263.952326, 492.393349
	184.367568, 455.724324

face #3013: 
	274.734981, 457.213153
	236.000000, 427.080000
	255.426288, 550.459637

face #3014: 
	255.426288, 550.459637
	184.367568, 455.724324
	274.734981, 457.213153

face #3015: 
	267.703531, 468.991031
	279.555814, 446.966930
	236.000000, 427.080000

face #3016: 
	236.000000, 427.080000
	274.734981, 457.213153
	267.703531, 468.991031

face #3017: 
	245.000000, 480.000000
	276.912041, 433.814958
	279.555814, 446.966930

face #3018: 
	279.555814, 446.966930
	267.703531, 468.991031
	245.000000, 480.000000

face #3019: 
	283.696922, 450.019729
	207.741089, 527.151067
	276.912041, 433.814958

face #3020: 
	276.912041, 433.814958
	245.000000, 480.000000
	283.696922, 450.019729

face #3021: 
	209.000000, 447.060000
	219.179114, 461.649026
	202.250000, 461.707500

face #3022: 
	202.250000, 461.707500
	234.047424, 462.078865
	209.000000, 447.060000

face #3023: 
	246.056773, 495.277846
	206.360000, 519.780000
	219.179114, 461.649026

face #3024: 
	219.179114, 461.649026
	209.000000, 447.060000
	246.056773, 495.277846

face #3025: 
	255.074627, 477.985075
	246.725776, 462.872201
	206.360000, 519.780000

face #3026: 
	206.360000, 519.780000
	246.056773, 495.277846
	255.074627, 477.985075

face #3027: 
	260.140625, 509.832929
	257.020849, 463.924394
	246.725776, 462.872201

face #3028: 
	246.725776, 462.872201
	255.074627, 477.985075
	260.140625, 509.832929

face #3029: 
	183.782705, 537.867996
	263.952326, 492.393349
	257.020849, 463.924394

face #3030: 
	257.020849, 463.924394
	260.140625, 509.832929
	183.782705, 537.867996

face #3031: 
	271.836987, 505.409608
	184.367568, 455.724324
	263.952326, 492.393349

face #3032: 
	263.952326, 492.393349
	183.782705, 537.867996
	271.836987, 505.409608

face #3033: 
	196.263093, 531.037500
	274.734981, 457.213153
	184.367568, 455.724324

face #3034: 
	184.367568, 455.724324
	271.836987, 505.409608
	196.263093, 531.037500

face #3035: 
	259.273369, 490.235784
	267.703531, 468.991031
	274.734981, 457.213153

face #3036: 
	274.734981, 457.213153
	196.263093, 531.037500
	259.273369, 490.235784

face #3037: 
	272.900429, 461.275906
	245.000000, 480.000000
	267.703531, 468.991031

face #3038: 
	267.703531, 468.991031
	259.273369, 490.235784
	272.900429, 461.275906

face #3039: 
	285.977285, 437.307789
	283.696922, 450.019729
	245.000000, 480.000000

face #3040: 
	245.000000, 480.000000
	272.900429, 461.275906
	285.977285, 437.307789

face #3041: 
	230.840409, 536.153603
	209.000000, 447.060000
	234.047424, 462.078865

face #3042: 
	234.047424, 462.078865
	214.377500, 539.079450
	230.840409, 536.153603

face #3043: 
	220.250000, 435.652500
	246.056773, 495.277846
	209.000000, 447.060000

face #3044: 
	209.000000, 447.060000
	230.840409, 536.153603
	220.250000, 435.652500

face #3045: 
	257.035842, 529.448636
	255.074627, 477.985075
	246.056773, 495.277846

face #3046: 
	246.056773, 495.277846
	220.250000, 435.652500
	257.035842, 529.448636

face #3047: 
	266.558162, 526.064832
	260.140625, 509.832929
	255.074627, 477.985075

face #3048: 
	255.074627, 477.985075
	257.035842, 529.448636
	266.558162, 526.064832

face #3049: 
	273.433721, 522.904326
	183.782705, 537.867996
	260.140625, 509.832929

face #3050: 
	260.140625, 509.832929
	266.558162, 526.064832
	273.433721, 522.904326

face #3051: 
	277.362080, 520.151866
	271.836987, 505.409608
	183.782705, 537.867996

face #3052: 
	183.782705, 537.867996
	273.433721, 522.904326
	277.362080, 520.151866

face #3053: 
	277.942992, 518.006162
	196.263093, 531.037500
	271.836987, 505.409608

face #3054: 
	271.836987, 505.409608
	277.362080, 520.151866
	277.942992, 518.006162

face #3055: 
	287.446362, 558.377379
	259.273369, 490.235784
	196.263093, 531.037500

face #3056: 
	196.263093, 531.037500
	277.942992, 518.006162
	287.446362, 558.377379

face #3057: 
	266.805648, 516.469864
	272.900429, 461.275906
	259.273369, 490.235784

face #3058: 
	259.273369, 490.235784
	287.446362, 558.377379
	266.805648, 516.469864

face #3059: 
	292.483721, 440.986047
	285.977285, 437.307789
	272.900429, 461.275906

face #3060: 
	272.900429, 461.275906
	266.805648, 516.469864
	292.483721, 440.986047

face #3061: 
	267.479070, 507.460465
	230.840409, 536.153603
	214.377500, 539.079450

face #3062: 
	214.377500, 539.079450
	241.724537, 554.405404
	267.479070, 507.460465

face #3063: 
	268.572668, 491.268610
	220.250000, 435.652500
	230.840409, 536.153603

face #3064: 
	230.840409, 536.153603
	267.479070, 507.460465
	268.572668, 491.268610

face #3065: 
	189.880657, 514.007651
	257.035842, 529.448636
	220.250000, 435.652500

face #3066: 
	220.250000, 435.652500
	268.572668, 491.268610
	189.880657, 514.007651

face #3067: 
	272.784854, 503.829116
	266.558162, 526.064832
	257.035842, 529.448636

face #3068: 
	257.035842, 529.448636
	189.880657, 514.007651
	272.784854, 503.829116

face #3069: 
	268.831107, 567.681298
	273.433721, 522.904326
	266.558162, 526.064832

face #3070: 
	266.558162, 526.064832
	272.784854, 503.829116
	268.831107, 567.681298

face #3071: 
	248.720000, 503.760000
	277.362080, 520.151866
	273.433721, 522.904326

face #3072: 
	273.433721, 522.904326
	268.831107, 567.681298
	248.720000, 503.760000

face #3073: 
	253.505000, 517.665000
	277.942992, 518.006162
	277.362080, 520.151866

face #3074: 
	277.362080, 520.151866
	248.720000, 503.760000
	253.505000, 517.665000

face #3075: 
	271.414314, 422.506621
	287.446362, 558.377379
	277.942992, 518.006162

face #3076: 
	277.942992, 518.006162
	253.505000, 517.665000
	271.414314, 422.506621

face #3077: 
	284.317748, 425.199189
	266.805648, 516.469864
	287.446362, 558.377379

face #3078: 
	287.446362, 558.377379
	271.414314, 422.506621
	284.317748, 425.199189

face #3079: 
	285.344704, 584.470134
	292.483721, 440.986047
	266.805648, 516.469864

face #3080: 
	266.805648, 516.469864
	284.317748, 425.199189
	285.344704, 584.470134

face #3081: 
	255.819133, 572.220935
	267.479070, 507.460465
	241.724537, 554.405404

face #3082: 
	241.724537, 554.405404
	240.312500, 576.328050
	255.819133, 572.220935

face #3083: 
	258.364167, 479.211295
	268.572668, 491.268610
	267.479070, 507.460465

face #3084: 
	267.479070, 507.460465
	255.819133, 572.220935
	258.364167, 479.211295

face #3085: 
	246.785000, 470.853750
	189.880657, 514.007651
	268.572668, 491.268610

face #3086: 
	268.572668, 491.268610
	258.364167, 479.211295
	246.785000, 470.853750

face #3087: 
	235.635868, 463.431552
	272.784854, 503.829116
	189.880657, 514.007651

face #3088: 
	189.880657, 514.007651
	246.785000, 470.853750
	235.635868, 463.431552

face #3089: 
	292.877907, 554.106140
	268.831107, 567.681298
	272.784854, 503.829116

face #3090: 
	272.784854, 503.829116
	235.635868, 463.431552
	292.877907, 554.106140

face #3091: 
	273.601655, 530.911052
	248.720000, 503.760000
	268.831107, 567.681298

face #3092: 
	268.831107, 567.681298
	292.877907, 554.106140
	273.601655, 530.911052

face #3093: 
	294.952963, 428.660630
	253.505000, 517.665000
	248.720000, 503.760000

face #3094: 
	248.720000, 503.760000
	273.601655, 530.911052
	294.952963, 428.660630

face #3095: 
	303.236940, 432.586287
	271.414314, 422.506621
	253.505000, 517.665000

face #3096: 
	253.505000, 517.665000
	294.952963, 428.660630
	303.236940, 432.586287

face #3097: 
	282.532863, 545.722639
	284.317748, 425.199189
	271.414314, 422.506621

face #3098: 
	271.414314, 422.506621
	303.236940, 432.586287
	282.532863, 545.722639

face #3099: 
	269.375000, 547.500000
	285.344704, 584.470134
	284.317748, 425.199189

face #3100: 
	284.317748, 425.199189
	282.532863, 545.722639
	269.375000, 547.500000

face #3101: 
	273.169328, 589.557400
	255.819133, 572.220935
	240.312500, 576.328050

face #3102: 
	240.312500, 576.328050
	243.931038, 597.302621
	273.169328, 589.557400

face #3103: 
	260.795000, 457.826250
	258.364167, 479.211295
	255.819133, 572.220935

face #3104: 
	255.819133, 572.220935
	273.169328, 589.557400
	260.795000, 457.826250

face #3105: 
	296.596896, 447.953622
	246.785000, 470.853750
	258.364167, 479.211295

face #3106: 
	258.364167, 479.211295
	260.795000, 457.826250
	296.596896, 447.953622

face #3107: 
	302.030504, 574.151446
	235.635868, 463.431552
	246.785000, 470.853750

face #3108: 
	246.785000, 470.853750
	296.596896, 447.953622
	302.030504, 574.151446

face #3109: 
	306.493023, 569.455814
	292.877907, 554.106140
	235.635868, 463.431552

face #3110: 
	235.635868, 463.431552
	302.030504, 574.151446
	306.493023, 569.455814

face #3111: 
	308.193377, 565.428778
	273.601655, 530.911052
	292.877907, 554.106140

face #3112: 
	292.877907, 554.106140
	306.493023, 569.455814
	308.193377, 565.428778

face #3113: 
	312.038246, 440.740438
	294.952963, 428.660630
	273.601655, 530.911052

face #3114: 
	273.601655, 530.911052
	308.193377, 565.428778
	312.038246, 440.740438

face #3115: 
	279.747500, 611.551950
	303.236940, 432.586287
	294.952963, 428.660630

face #3116: 
	294.952963, 428.660630
	312.038246, 440.740438
	279.747500, 611.551950

face #3117: 
	293.685589, 560.520497
	282.532863, 545.722639
	303.236940, 432.586287

face #3118: 
	303.236940, 432.586287
	279.747500, 611.551950
	293.685589, 560.520497

face #3119: 
	281.000000, 416.820000
	269.375000, 547.500000
	282.532863, 545.722639

face #3120: 
	282.532863, 545.722639
	293.685589, 560.520497
	281.000000, 416.820000

face #3121: 
	280.640000, 562.620000
	273.169328, 589.557400
	243.931038, 597.302621

face #3122: 
	243.931038, 597.302621
	265.585920, 566.654214
	280.640000, 562.620000

face #3123: 
	295.341431, 418.553603
	260.795000, 457.826250
	273.169328, 589.557400

face #3124: 
	273.169328, 589.557400
	280.640000, 562.620000
	295.341431, 418.553603

face #3125: 
	313.526717, 595.024459
	296.596896, 447.953622
	260.795000, 457.826250

face #3126: 
	260.795000, 457.826250
	295.341431, 418.553603
	313.526717, 595.024459

face #3127: 
	316.952869, 425.205550
	302.030504, 574.151446
	296.596896, 447.953622

face #3128: 
	296.596896, 447.953622
	313.526717, 595.024459
	316.952869, 425.205550

face #3129: 
	300.713242, 449.651363
	306.493023, 569.455814
	302.030504, 574.151446

face #3130: 
	302.030504, 574.151446
	316.952869, 425.205550
	300.713242, 449.651363

face #3131: 
	324.251073, 429.421315
	308.193377, 565.428778
	306.493023, 569.455814

face #3132: 
	306.493023, 569.455814
	300.713242, 449.651363
	324.251073, 429.421315

face #3133: 
	315.970611, 574.898473
	312.038246, 440.740438
	308.193377, 565.428778

face #3134: 
	308.193377, 565.428778
	324.251073, 429.421315
	315.970611, 574.898473

face #3135: 
	329.097674, 433.827907
	279.747500, 611.551950
	312.038246, 440.740438

face #3136: 
	312.038246, 440.740438
	315.970611, 574.898473
	329.097674, 433.827907

face #3137: 
	307.146154, 574.920204
	293.685589, 560.520497
	279.747500, 611.551950

face #3138: 
	279.747500, 611.551950
	329.097674, 433.827907
	307.146154, 574.920204

face #3139: 
	331.308629, 438.143983
	281.000000, 416.820000
	293.685589, 560.520497

face #3140: 
	293.685589, 560.520497
	307.146154, 574.920204
	331.308629, 438.143983

face #3141: 
	317.816894, 622.620935
	280.640000, 562.620000
	265.585920, 566.654214

face #3142: 
	265.585920, 566.654214
	304.640000, 628.320000
	317.816894, 622.620935

face #3143: 
	327.887882, 616.472948
	295.341431, 418.553603
	280.640000, 562.620000

face #3144: 
	280.640000, 562.620000
	317.816894, 622.620935
	327.887882, 616.472948

face #3145: 
	335.144214, 610.217074
	313.526717, 595.024459
	295.341431, 418.553603

face #3146: 
	295.341431, 418.553603
	327.887882, 616.472948
	335.144214, 610.217074

face #3147: 
	339.762360, 604.167817
	316.952869, 425.205550
	313.526717, 595.024459

face #3148: 
	313.526717, 595.024459
	335.144214, 610.217074
	339.762360, 604.167817

face #3149: 
	341.823256, 598.632558
	300.713242, 449.651363
	316.952869, 425.205550

face #3150: 
	316.952869, 425.205550
	339.762360, 604.167817
	341.823256, 598.632558

face #3151: 
	341.319729, 593.929198
	324.251073, 429.421315
	300.713242, 449.651363

face #3152: 
	300.713242, 449.651363
	341.823256, 598.632558
	341.319729, 593.929198

face #3153: 
	338.157761, 590.403810
	315.970611, 574.898473
	324.251073, 429.421315

face #3154: 
	324.251073, 429.421315
	341.319729, 593.929198
	338.157761, 590.403810

face #3155: 
	296.528314, 596.226413
	329.097674, 433.827907
	315.970611, 574.898473

face #3156: 
	315.970611, 574.898473
	338.157761, 590.403810
	296.528314, 596.226413

face #3157: 
	323.001022, 588.537780
	307.146154, 574.920204
	329.097674, 433.827907

face #3158: 
	329.097674, 433.827907
	296.528314, 596.226413
	323.001022, 588.537780

face #3159: 
	310.280000, 591.240000
	331.308629, 438.143983
	307.146154, 574.920204

face #3160: 
	307.146154, 574.920204
	323.001022, 588.537780
	310.280000, 591.240000

face #3161: 
	345.204236, 638.262123
	317.816894, 622.620935
	304.640000, 628.320000

face #3162: 
	304.640000, 628.320000
	333.042500, 644.480550
	345.204236, 638.262123

face #3163: 
	354.012357, 631.548950
	327.887882, 616.472948
	317.816894, 622.620935

face #3164: 
	317.816894, 622.620935
	345.204236, 638.262123
	354.012357, 631.548950

face #3165: 
	359.862324, 624.714722
	335.144214, 610.217074
	327.887882, 616.472948

face #3166: 
	327.887882, 616.472948
	354.012357, 631.548950
	359.862324, 624.714722

face #3167: 
	363.023694, 618.103405
	339.762360, 604.167817
	335.144214, 610.217074

face #3168: 
	335.144214, 610.217074
	359.862324, 624.714722
	363.023694, 618.103405

face #3169: 
	363.663953, 612.051488
	341.823256, 598.632558
	339.762360, 604.167817

face #3170: 
	339.762360, 604.167817
	363.023694, 618.103405
	363.663953, 612.051488

face #3171: 
	361.862034, 606.906576
	341.319729, 593.929198
	341.823256, 598.632558

face #3172: 
	341.823256, 598.632558
	363.663953, 612.051488
	361.862034, 606.906576

face #3173: 
	357.614158, 603.046990
	338.157761, 590.403810
	341.319729, 593.929198

face #3174: 
	341.319729, 593.929198
	361.862034, 606.906576
	357.614158, 603.046990

face #3175: 
	350.832586, 600.903865
	296.528314, 596.226413
	338.157761, 590.403810

face #3176: 
	338.157761, 590.403810
	357.614158, 603.046990
	350.832586, 600.903865

face #3177: 
	341.336660, 600.988656
	323.001022, 588.537780
	296.528314, 596.226413

face #3178: 
	296.528314, 596.226413
	350.832586, 600.903865
	341.336660, 600.988656

face #3179: 
	328.835000, 603.930000
	310.280000, 591.240000
	323.001022, 588.537780

face #3180: 
	323.001022, 588.537780
	341.336660, 600.988656
	328.835000, 603.930000

face #3181: 
	376.027264, 653.252191
	345.204236, 638.262123
	333.042500, 644.480550

face #3182: 
	333.042500, 644.480550
	365.000000, 660.000000
	376.027264, 653.252191

face #3183: 
	383.435115, 645.916031
	354.012357, 631.548950
	345.204236, 638.262123

face #3184: 
	345.204236, 638.262123
	376.027264, 653.252191
	383.435115, 645.916031

face #3185: 
	387.732832, 638.410160
	359.862324, 624.714722
	354.012357, 631.548950

face #3186: 
	354.012357, 631.548950
	383.435115, 645.916031
	387.732832, 638.410160

face #3187: 
	389.291045, 631.119403
	363.023694, 618.103405
	359.862324, 624.714722

face #3188: 
	359.862324, 624.714722
	387.732832, 638.410160
	389.291045, 631.119403

face #3189: 
	357.800000, 651.540000
	363.663953, 612.051488
	363.023694, 618.103405

face #3190: 
	363.023694, 618.103405
	389.291045, 631.119403
	357.800000, 651.540000

face #3191: 
	385.149254, 618.694030
	361.862034, 606.906576
	363.663953, 612.051488

face #3192: 
	363.663953, 612.051488
	357.800000, 651.540000
	385.149254, 618.694030

face #3193: 
	379.717780, 614.365005
	357.614158, 603.046990
	361.862034, 606.906576

face #3194: 
	361.862034, 606.906576
	385.149254, 618.694030
	379.717780, 614.365005

face #3195: 
	372.099237, 611.908397
	350.832586, 600.903865
	357.614158, 603.046990

face #3196: 
	357.614158, 603.046990
	379.717780, 614.365005
	372.099237, 611.908397

face #3197: 
	362.239533, 611.888997
	341.336660, 600.988656
	350.832586, 600.903865

face #3198: 
	350.832586, 600.903865
	372.099237, 611.908397
	362.239533, 611.888997

face #3199: 
	350.000000, 615.000000
	328.835000, 603.930000
	341.336660, 600.988656

face #3200: 
	341.336660, 600.988656
	362.239533, 611.888997
	350.000000, 615.000000

face #3201: 
	949.643279, 541.879553
	905.000000, 536.250000
	907.737500, 460.571250

face #3202: 
	907.737500, 460.571250
	940.385000, 533.370000
	949.643279, 541.879553

face #3203: 
	958.810563, 556.063837
	917.397138, 560.822898
	905.000000, 536.250000

face #3204: 
	905.000000, 536.250000
	949.643279, 541.879553
	958.810563, 556.063837

face #3205: 
	967.199313, 574.617239
	894.971056, 539.652677
	917.397138, 560.822898

face #3206: 
	917.397138, 560.822898
	958.810563, 556.063837
	967.199313, 574.617239

face #3207: 
	974.067119, 595.590837
	924.762357, 604.241920
	894.971056, 539.652677

face #3208: 
	894.971056, 539.652677
	967.199313, 574.617239
	974.067119, 595.590837

face #3209: 
	978.721043, 616.569695
	925.748503, 627.395210
	924.762357, 604.241920

face #3210: 
	924.762357, 604.241920
	974.067119, 595.590837
	978.721043, 616.569695

face #3211: 
	980.629522, 634.989771
	924.762357, 647.766160
	925.748503, 627.395210

face #3212: 
	925.748503, 627.395210
	978.721043, 616.569695
	980.629522, 634.989771

face #3213: 
	979.508608, 648.517808
	890.642265, 593.680939
	924.762357, 647.766160

face #3214: 
	924.762357, 647.766160
	980.629522, 634.989771
	979.508608, 648.517808

face #3215: 
	968.410457, 654.549524
	917.397138, 670.404741
	890.642265, 593.680939

face #3216: 
	890.642265, 593.680939
	979.508608, 648.517808
	968.410457, 654.549524

face #3217: 
	959.105000, 645.757500
	894.971056, 628.301375
	917.397138, 670.404741

face #3218: 
	917.397138, 670.404741
	968.410457, 654.549524
	959.105000, 645.757500

face #3219: 
	959.105000, 645.757500
	911.630874, 669.577929
	894.971056, 628.301375

face #3220: 
	894.971056, 628.301375
	959.105000, 645.757500
	959.105000, 645.757500

face #3221: 
	977.403820, 532.728594
	949.643279, 541.879553
	940.385000, 533.370000

face #3222: 
	940.385000, 533.370000
	966.680000, 525.360000
	977.403820, 532.728594

face #3223: 
	988.521626, 545.044249
	958.810563, 556.063837
	949.643279, 541.879553

face #3224: 
	949.643279, 541.879553
	977.403820, 532.728594
	988.521626, 545.044249

face #3225: 
	999.191632, 561.154729
	967.199313, 574.617239
	958.810563, 556.063837

face #3226: 
	958.810563, 556.063837
	988.521626, 545.044249
	999.191632, 561.154729

face #3227: 
	1008.465522, 579.377371
	974.067119, 595.590837
	967.199313, 574.617239

face #3228: 
	967.199313, 574.617239
	999.191632, 561.154729
	1008.465522, 579.377371

face #3229: 
	1015.405719, 597.647991
	978.721043, 616.569695
	974.067119, 595.590837

face #3230: 
	974.067119, 595.590837
	1008.465522, 579.377371
	1015.405719, 597.647991

face #3231: 
	1019.223608, 613.778453
	980.629522, 634.989771
	978.721043, 616.569695

face #3232: 
	978.721043, 616.569695
	1015.405719, 597.647991
	1019.223608, 613.778453

face #3233: 
	1019.396506, 625.762898
	979.508608, 648.517808
	980.629522, 634.989771

face #3234: 
	980.629522, 634.989771
	1019.223608, 613.778453
	1019.396506, 625.762898

face #3235: 
	1015.729341, 632.046088
	968.410457, 654.549524
	979.508608, 648.517808

face #3236: 
	979.508608, 648.517808
	1019.396506, 625.762898
	1015.729341, 632.046088

face #3237: 
	1008.349536, 631.682716
	959.105000, 645.757500
	968.410457, 654.549524

face #3238: 
	968.410457, 654.549524
	1015.729341, 632.046088
	1008.349536, 631.682716

face #3239: 
	997.640000, 624.360000
	959.105000, 645.757500
	959.105000, 645.757500

face #3240: 
	959.105000, 645.757500
	1008.349536, 631.682716
	997.640000, 624.360000

face #3241: 
	996.789361, 519.076955
	977.403820, 532.728594
	966.680000, 525.360000

face #3242: 
	966.680000, 525.360000
	985.595000, 513.165000
	996.789361, 519.076955

face #3243: 
	1008.660169, 529.166521
	988.521626, 545.044249
	977.403820, 532.728594

face #3244: 
	977.403820, 532.728594
	996.789361, 519.076955
	1008.660169, 529.166521

face #3245: 
	1020.314789, 542.461268
	999.191632, 561.154729
	988.521626, 545.044249

face #3246: 
	988.521626, 545.044249
	1008.660169, 529.166521
	1020.314789, 542.461268

face #3247: 
	1030.734948, 557.579456
	1008.465522, 579.377371
	999.191632, 561.154729

face #3248: 
	999.191632, 561.154729
	1020.314789, 542.461268
	1030.734948, 557.579456

face #3249: 
	1038.893296, 572.846034
	1015.405719, 597.647991
	1008.465522, 579.377371

face #3250: 
	1008.465522, 579.377371
	1030.734948, 557.579456
	1038.893296, 572.846034

face #3251: 
	1043.887458, 586.485494
	1019.223608, 613.778453
	1015.405719, 597.647991

face #3252: 
	1015.405719, 597.647991
	1038.893296, 572.846034
	1043.887458, 586.485494

face #3253: 
	1045.061445, 596.849026
	1019.396506, 625.762898
	1019.223608, 613.778453

face #3254: 
	1019.223608, 613.778453
	1043.887458, 586.485494
	1045.061445, 596.849026

face #3255: 
	1042.081271, 602.618126
	1015.729341, 632.046088
	1019.396506, 625.762898

face #3256: 
	1019.396506, 625.762898
	1045.061445, 596.849026
	1042.081271, 602.618126

face #3257: 
	1034.944571, 602.933467
	1008.349536, 631.682716
	1015.729341, 632.046088

face #3258: 
	1015.729341, 632.046088
	1042.081271, 602.618126
	1034.944571, 602.933467

face #3259: 
	1023.935000, 597.427500
	997.640000, 624.360000
	1008.349536, 631.682716

face #3260: 
	1008.349536, 631.682716
	1034.944571, 602.933467
	1023.935000, 597.427500

face #3261: 
	1009.764972, 502.074654
	996.789361, 519.076955
	985.595000, 513.165000

face #3262: 
	985.595000, 513.165000
	998.840000, 497.730000
	1009.764972, 502.074654

face #3263: 
	1021.536643, 509.826614
	1008.660169, 529.166521
	996.789361, 519.076955

face #3264: 
	996.789361, 519.076955
	1009.764972, 502.074654
	1021.536643, 509.826614

face #3265: 
	1033.277940, 520.204200
	1020.314789, 542.461268
	1008.660169, 529.166521

face #3266: 
	1008.660169, 529.166521
	1021.536643, 509.826614
	1033.277940, 520.204200

face #3267: 
	1043.989904, 532.129866
	1030.734948, 557.579456
	1020.314789, 542.461268

face #3268: 
	1020.314789, 542.461268
	1033.277940, 520.204200
	1043.989904, 532.129866

face #3269: 
	1052.651880, 544.313955
	1038.893296, 572.846034
	1030.734948, 557.579456

face #3270: 
	1030.734948, 557.579456
	1043.989904, 532.129866
	1052.651880, 544.313955

face #3271: 
	1058.340136, 555.387966
	1043.887458, 586.485494
	1038.893296, 572.846034

face #3272: 
	1038.893296, 572.846034
	1052.651880, 544.313955
	1058.340136, 555.387966

face #3273: 
	1060.336930, 564.060293
	1045.061445, 596.849026
	1043.887458, 586.485494

face #3274: 
	1043.887458, 586.485494
	1058.340136, 555.387966
	1060.336930, 564.060293

face #3275: 
	1058.206308, 569.259546
	1042.081271, 602.618126
	1045.061445, 596.849026

face #3276: 
	1045.061445, 596.849026
	1060.336930, 564.060293
	1058.206308, 569.259546

face #3277: 
	1051.817695, 570.232343
	1034.944571, 602.933467
	1042.081271, 602.618126

face #3278: 
	1042.081271, 602.618126
	1058.206308, 569.259546
	1051.817695, 570.232343

face #3279: 
	1041.320000, 566.580000
	1023.935000, 597.427500
	1034.944571, 602.933467

face #3280: 
	1034.944571, 602.933467
	1051.817695, 570.232343
	1041.320000, 566.580000

face #3281: 
	985.059273, 553.563777
	1009.764972, 502.074654
	998.840000, 497.730000

face #3282: 
	998.840000, 497.730000
	1018.325426, 482.841093
	985.059273, 553.563777

face #3283: 
	1029.513589, 488.349331
	1021.536643, 509.826614
	1009.764972, 502.074654

face #3284: 
	1009.764972, 502.074654
	985.059273, 553.563777
	1029.513589, 488.349331

face #3285: 
	1040.859086, 495.931229
	1033.277940, 520.204200
	1021.536643, 509.826614

face #3286: 
	1021.536643, 509.826614
	1029.513589, 488.349331
	1040.859086, 495.931229

face #3287: 
	1051.420072, 504.793444
	1043.989904, 532.129866
	1033.277940, 520.204200

face #3288: 
	1033.277940, 520.204200
	1040.859086, 495.931229
	1051.420072, 504.793444

face #3289: 
	1060.225670, 513.998590
	1052.651880, 544.313955
	1043.989904, 532.129866

face #3290: 
	1043.989904, 532.129866
	1051.420072, 504.793444
	1060.225670, 513.998590

face #3291: 
	1066.372923, 522.549955
	1058.340136, 555.387966
	1052.651880, 544.313955

face #3292: 
	1052.651880, 544.313955
	1060.225670, 513.998590
	1066.372923, 522.549955

face #3293: 
	1069.119354, 529.490298
	1060.336930, 564.060293
	1058.340136, 555.387966

face #3294: 
	1058.340136, 555.387966
	1066.372923, 522.549955
	1069.119354, 529.490298

face #3295: 
	1067.951898, 533.994823
	1058.206308, 569.259546
	1060.336930, 564.060293

face #3296: 
	1060.336930, 564.060293
	1069.119354, 529.490298
	1067.951898, 533.994823

face #3297: 
	1075.204610, 494.985968
	1051.817695, 570.232343
	1058.206308, 569.259546

face #3298: 
	1058.206308, 569.259546
	1067.951898, 533.994823
	1075.204610, 494.985968

face #3299: 
	1055.000000, 390.000000
	1041.320000, 566.580000
	1051.817695, 570.232343

face #3300: 
	1051.817695, 570.232343
	1075.204610, 494.985968
	1055.000000, 390.000000

face #3301: 
	998.845329, 487.919310
	985.059273, 553.563777
	1018.325426, 482.841093

face #3302: 
	1018.325426, 482.841093
	992.547367, 565.380831
	998.845329, 487.919310

face #3303: 
	1021.655000, 441.435000
	1029.513589, 488.349331
	985.059273, 553.563777

face #3304: 
	985.059273, 553.563777
	998.845329, 487.919310
	1021.655000, 441.435000

face #3305: 
	1001.436631, 532.174598
	1040.859086, 495.931229
	1029.513589, 488.349331

face #3306: 
	1029.513589, 488.349331
	1021.655000, 441.435000
	1001.436631, 532.174598

face #3307: 
	1056.126012, 477.107791
	1051.420072, 504.793444
	1040.859086, 495.931229

face #3308: 
	1040.859086, 495.931229
	1001.436631, 532.174598
	1056.126012, 477.107791

face #3309: 
	1065.048479, 483.580351
	1060.225670, 513.998590
	1051.420072, 504.793444

face #3310: 
	1051.420072, 504.793444
	1056.126012, 477.107791
	1065.048479, 483.580351

face #3311: 
	1071.662095, 489.760391
	1066.372923, 522.549955
	1060.225670, 513.998590

face #3312: 
	1060.225670, 513.998590
	1065.048479, 483.580351
	1071.662095, 489.760391

face #3313: 
	1053.125000, 533.437500
	1069.119354, 529.490298
	1066.372923, 522.549955

face #3314: 
	1066.372923, 522.549955
	1071.662095, 489.760391
	1053.125000, 533.437500

face #3315: 
	1041.194230, 430.864922
	1067.951898, 533.994823
	1069.119354, 529.490298

face #3316: 
	1069.119354, 529.490298
	1053.125000, 533.437500
	1041.194230, 430.864922

face #3317: 
	1056.406518, 388.311545
	1075.204610, 494.985968
	1067.951898, 533.994823

face #3318: 
	1067.951898, 533.994823
	1041.194230, 430.864922
	1056.406518, 388.311545

face #3319: 
	1063.760000, 384.600000
	1055.000000, 390.000000
	1075.204610, 494.985968

face #3320: 
	1075.204610, 494.985968
	1056.406518, 388.311545
	1063.760000, 384.600000

face #3321: 
	1030.113072, 441.896844
	998.845329, 487.919310
	992.547367, 565.380831

face #3322: 
	992.547367, 565.380831
	1011.960397, 587.972282
	1030.113072, 441.896844

face #3323: 
	1029.320000, 422.490000
	1021.655000, 441.435000
	998.845329, 487.919310

face #3324: 
	998.845329, 487.919310
	1030.113072, 441.896844
	1029.320000, 422.490000

face #3325: 
	1050.632915, 446.665419
	1001.436631, 532.174598
	1021.655000, 441.435000

face #3326: 
	1021.655000, 441.435000
	1029.320000, 422.490000
	1050.632915, 446.665419

face #3327: 
	1061.050864, 450.375512
	1056.126012, 477.107791
	1001.436631, 532.174598

face #3328: 
	1001.436631, 532.174598
	1050.632915, 446.665419
	1061.050864, 450.375512

face #3329: 
	1031.585570, 522.595078
	1065.048479, 483.580351
	1056.126012, 477.107791

face #3330: 
	1056.126012, 477.107791
	1061.050864, 450.375512
	1031.585570, 522.595078

face #3331: 
	1077.694534, 458.530652
	1071.662095, 489.760391
	1065.048479, 483.580351

face #3332: 
	1065.048479, 483.580351
	1031.585570, 522.595078
	1077.694534, 458.530652

face #3333: 
	1082.221812, 462.143365
	1053.125000, 533.437500
	1071.662095, 489.760391

face #3334: 
	1071.662095, 489.760391
	1077.694534, 458.530652
	1082.221812, 462.143365

face #3335: 
	1059.034372, 389.277352
	1041.194230, 430.864922
	1053.125000, 533.437500

face #3336: 
	1053.125000, 533.437500
	1082.221812, 462.143365
	1059.034372, 389.277352

face #3337: 
	1073.315000, 466.747500
	1056.406518, 388.311545
	1041.194230, 430.864922

face #3338: 
	1041.194230, 430.864922
	1059.034372, 389.277352
	1073.315000, 466.747500

face #3339: 
	1073.630000, 386.962500
	1063.760000, 384.600000
	1056.406518, 388.311545

face #3340: 
	1056.406518, 388.311545
	1073.315000, 466.747500
	1073.630000, 386.962500

face #3341: 
	1037.220998, 422.147017
	1030.113072, 441.896844
	1011.960397, 587.972282

face #3342: 
	1011.960397, 587.972282
	1007.070707, 500.925926
	1037.220998, 422.147017

face #3343: 
	1047.026455, 422.660711
	1029.320000, 422.490000
	1030.113072, 441.896844

face #3344: 
	1030.113072, 441.896844
	1037.220998, 422.147017
	1047.026455, 422.660711

face #3345: 
	1057.923198, 423.899192
	1050.632915, 446.665419
	1029.320000, 422.490000

face #3346: 
	1029.320000, 422.490000
	1047.026455, 422.660711
	1057.923198, 423.899192

face #3347: 
	1068.994522, 425.693248
	1061.050864, 450.375512
	1050.632915, 446.665419

face #3348: 
	1050.632915, 446.665419
	1057.923198, 423.899192
	1068.994522, 425.693248

face #3349: 
	1079.271503, 427.844072
	1031.585570, 522.595078
	1061.050864, 450.375512

face #3350: 
	1061.050864, 450.375512
	1068.994522, 425.693248
	1079.271503, 427.844072

face #3351: 
	1087.790534, 430.134364
	1077.694534, 458.530652
	1031.585570, 522.595078

face #3352: 
	1031.585570, 522.595078
	1079.271503, 427.844072
	1087.790534, 430.134364

face #3353: 
	1093.653585, 432.341616
	1082.221812, 462.143365
	1077.694534, 458.530652

face #3354: 
	1077.694534, 458.530652
	1087.790534, 430.134364
	1093.653585, 432.341616

face #3355: 
	1096.083207, 434.251834
	1059.034372, 389.277352
	1082.221812, 462.143365

face #3356: 
	1082.221812, 462.143365
	1093.653585, 432.341616
	1096.083207, 434.251834

face #3357: 
	1094.462300, 435.672035
	1073.315000, 466.747500
	1059.034372, 389.277352

face #3358: 
	1059.034372, 389.277352
	1096.083207, 434.251834
	1094.462300, 435.672035

face #3359: 
	1075.233548, 385.508233
	1073.630000, 386.962500
	1073.315000, 466.747500

face #3360: 
	1073.315000, 466.747500
	1094.462300, 435.672035
	1075.233548, 385.508233

face #3361: 
	1028.057574, 426.921475
	1037.220998, 422.147017
	1007.070707, 500.925926

face #3362: 
	1007.070707, 500.925926
	1029.480026, 559.567047
	1028.057574, 426.921475

face #3363: 
	1070.369035, 454.469553
	1047.026455, 422.660711
	1037.220998, 422.147017

face #3364: 
	1037.220998, 422.147017
	1028.057574, 426.921475
	1070.369035, 454.469553

face #3365: 
	1063.447570, 388.618926
	1057.923198, 423.899192
	1047.026455, 422.660711

face #3366: 
	1047.026455, 422.660711
	1070.369035, 454.469553
	1063.447570, 388.618926

face #3367: 
	1060.830207, 385.936172
	1068.994522, 425.693248
	1057.923198, 423.899192

face #3368: 
	1057.923198, 423.899192
	1063.447570, 388.618926
	1060.830207, 385.936172

face #3369: 
	1075.520000, 381.900000
	1079.271503, 427.844072
	1068.994522, 425.693248

face #3370: 
	1068.994522, 425.693248
	1060.830207, 385.936172
	1075.520000, 381.900000

face #3371: 
	1070.452830, 393.396226
	1087.790534, 430.134364
	1079.271503, 427.844072

face #3372: 
	1079.271503, 427.844072
	1075.520000, 381.900000
	1070.452830, 393.396226

face #3373: 
	1108.460358, 384.035552
	1093.653585, 432.341616
	1087.790534, 430.134364

face #3374: 
	1087.790534, 430.134364
	1070.452830, 393.396226
	1108.460358, 384.035552

face #3375: 
	1089.263013, 384.289555
	1096.083207, 434.251834
	1093.653585, 432.341616

face #3376: 
	1093.653585, 432.341616
	1108.460358, 384.035552
	1089.263013, 384.289555

face #3377: 
	1111.145000, 410.317500
	1094.462300, 435.672035
	1096.083207, 434.251834

face #3378: 
	1096.083207, 434.251834
	1089.263013, 384.289555
	1111.145000, 410.317500

face #3379: 
	1094.254175, 387.531843
	1075.233548, 385.508233
	1094.462300, 435.672035

face #3380: 
	1094.462300, 435.672035
	1111.145000, 410.317500
	1094.254175, 387.531843

face #3381: 
	1051.853301, 391.320293
	1028.057574, 426.921475
	1029.480026, 559.567047

face #3382: 
	1029.480026, 559.567047
	1055.000000, 390.000000
	1051.853301, 391.320293

face #3383: 
	1054.192308, 392.307692
	1070.369035, 454.469553
	1028.057574, 426.921475

face #3384: 
	1028.057574, 426.921475
	1051.853301, 391.320293
	1054.192308, 392.307692

face #3385: 
	1060.750594, 392.992874
	1063.447570, 388.618926
	1070.369035, 454.469553

face #3386: 
	1070.369035, 454.469553
	1054.192308, 392.307692
	1060.750594, 392.992874

face #3387: 
	1070.452830, 393.396226
	1060.830207, 385.936172
	1063.447570, 388.618926

face #3388: 
	1063.447570, 388.618926
	1060.750594, 392.992874
	1070.452830, 393.396226

face #3389: 
	1082.352941, 393.529412
	1075.520000, 381.900000
	1060.830207, 385.936172

face #3390: 
	1060.830207, 385.936172
	1070.452830, 393.396226
	1082.352941, 393.529412

face #3391: 
	1095.584906, 393.396226
	1070.452830, 393.396226
	1075.520000, 381.900000

face #3392: 
	1075.520000, 381.900000
	1082.352941, 393.529412
	1095.584906, 393.396226

face #3393: 
	1115.876117, 387.826377
	1108.460358, 384.035552
	1070.452830, 393.396226

face #3394: 
	1070.452830, 393.396226
	1095.584906, 393.396226
	1115.876117, 387.826377

face #3395: 
	1133.980056, 386.434305
	1089.263013, 384.289555
	1108.460358, 384.035552

face #3396: 
	1108.460358, 384.035552
	1115.876117, 387.826377
	1133.980056, 386.434305

face #3397: 
	1129.864076, 382.004385
	1111.145000, 410.317500
	1089.263013, 384.289555

face #3398: 
	1089.263013, 384.289555
	1133.980056, 386.434305
	1129.864076, 382.004385

face #3399: 
	1142.200346, 383.202390
	1094.254175, 387.531843
	1111.145000, 410.317500

face #3400: 
	1111.145000, 410.317500
	1129.864076, 382.004385
	1142.200346, 383.202390

face #3401: 
	949.835501, 631.988583
	899.112705, 644.954691
	905.000000, 660.000000

face #3402: 
	905.000000, 660.000000
	966.680000, 525.360000
	949.835501, 631.988583

face #3403: 
	942.383920, 616.765098
	921.894590, 662.758300
	899.112705, 644.954691

face #3404: 
	899.112705, 644.954691
	949.835501, 631.988583
	942.383920, 616.765098

face #3405: 
	975.353404, 655.380127
	892.218514, 610.960829
	921.894590, 662.758300

face #3406: 
	921.894590, 662.758300
	942.383920, 616.765098
	975.353404, 655.380127

face #3407: 
	936.475009, 600.927134
	890.128755, 577.145923
	892.218514, 610.960829

face #3408: 
	892.218514, 610.960829
	975.353404, 655.380127
	936.475009, 600.927134

face #3409: 
	950.000000, 615.000000
	890.642265, 562.059738
	890.128755, 577.145923

face #3410: 
	890.128755, 577.145923
	936.475009, 600.927134
	950.000000, 615.000000

face #3411: 
	947.900000, 634.248750
	921.894590, 581.158579
	890.642265, 562.059738

face #3412: 
	890.642265, 562.059738
	950.000000, 615.000000
	947.900000, 634.248750

face #3413: 
	930.805913, 580.229984
	892.218514, 549.227121
	921.894590, 581.158579

face #3414: 
	921.894590, 581.158579
	947.900000, 634.248750
	930.805913, 580.229984

face #3415: 
	929.947926, 616.196338
	911.630874, 545.380608
	892.218514, 549.227121

face #3416: 
	892.218514, 549.227121
	930.805913, 580.229984
	929.947926, 616.196338

face #3417: 
	928.166689, 561.241961
	899.112705, 534.684727
	911.630874, 545.380608

face #3418: 
	911.630874, 545.380608
	929.947926, 616.196338
	928.166689, 561.241961

face #3419: 
	940.887500, 551.516250
	905.000000, 536.250000
	899.112705, 534.684727

face #3420: 
	899.112705, 534.684727
	928.166689, 561.241961
	940.887500, 551.516250

face #3421: 
	997.640000, 624.360000
	949.835501, 631.988583
	966.680000, 525.360000

face #3422: 
	966.680000, 525.360000
	998.840000, 497.730000
	997.640000, 624.360000

face #3423: 
	986.415471, 612.556009
	942.383920, 616.765098
	949.835501, 631.988583

face #3424: 
	949.835501, 631.988583
	997.640000, 624.360000
	986.415471, 612.556009

face #3425: 
	973.103657, 522.647795
	975.353404, 655.380127
	942.383920, 616.765098

face #3426: 
	942.383920, 616.765098
	986.415471, 612.556009
	973.103657, 522.647795

face #3427: 
	973.700780, 515.902786
	936.475009, 600.927134
	975.353404, 655.380127

face #3428: 
	975.353404, 655.380127
	973.103657, 522.647795
	973.700780, 515.902786

face #3429: 
	985.595000, 513.165000
	950.000000, 615.000000
	936.475009, 600.927134

face #3430: 
	936.475009, 600.927134
	973.700780, 515.902786
	985.595000, 513.165000

face #3431: 
	957.804460, 558.165705
	947.900000, 634.248750
	950.000000, 615.000000

face #3432: 
	950.000000, 615.000000
	985.595000, 513.165000
	957.804460, 558.165705

face #3433: 
	954.662216, 545.986093
	930.805913, 580.229984
	947.900000, 634.248750

face #3434: 
	947.900000, 634.248750
	957.804460, 558.165705
	954.662216, 545.986093

face #3435: 
	953.470513, 535.641014
	929.947926, 616.196338
	930.805913, 580.229984

face #3436: 
	930.805913, 580.229984
	954.662216, 545.986093
	953.470513, 535.641014

face #3437: 
	954.626277, 527.955716
	928.166689, 561.241961
	929.947926, 616.196338

face #3438: 
	929.947926, 616.196338
	953.470513, 535.641014
	954.626277, 527.955716

face #3439: 
	958.727576, 524.019314
	940.887500, 551.516250
	928.166689, 561.241961

face #3440: 
	928.166689, 561.241961
	954.626277, 527.955716
	958.727576, 524.019314

face #3441: 
	1016.504486, 442.376054
	997.640000, 624.360000
	998.840000, 497.730000

face #3442: 
	998.840000, 497.730000
	1001.915795, 494.004688
	1016.504486, 442.376054

face #3443: 
	994.947383, 522.773093
	986.415471, 612.556009
	997.640000, 624.360000

face #3444: 
	997.640000, 624.360000
	1016.504486, 442.376054
	994.947383, 522.773093

face #3445: 
	1024.456149, 462.445266
	973.103657, 522.647795
	986.415471, 612.556009

face #3446: 
	986.415471, 612.556009
	994.947383, 522.773093
	1024.456149, 462.445266

face #3447: 
	998.364094, 483.144575
	973.700780, 515.902786
	973.103657, 522.647795

face #3448: 
	973.103657, 522.647795
	1024.456149, 462.445266
	998.364094, 483.144575

face #3449: 
	987.690180, 506.484719
	985.595000, 513.165000
	973.700780, 515.902786

face #3450: 
	973.700780, 515.902786
	998.364094, 483.144575
	987.690180, 506.484719

face #3451: 
	991.157620, 497.455335
	957.804460, 558.165705
	985.595000, 513.165000

face #3452: 
	985.595000, 513.165000
	987.690180, 506.484719
	991.157620, 497.455335

face #3453: 
	976.942166, 599.315012
	954.662216, 545.986093
	957.804460, 558.165705

face #3454: 
	957.804460, 558.165705
	991.157620, 497.455335
	976.942166, 599.315012

face #3455: 
	969.037695, 585.419455
	953.470513, 535.641014
	954.662216, 545.986093

face #3456: 
	954.662216, 545.986093
	976.942166, 599.315012
	969.037695, 585.419455

face #3457: 
	962.643726, 571.508527
	954.626277, 527.955716
	953.470513, 535.641014

face #3458: 
	953.470513, 535.641014
	969.037695, 585.419455
	962.643726, 571.508527

face #3459: 
	977.537838, 512.319290
	958.727576, 524.019314
	954.626277, 527.955716

face #3460: 
	954.626277, 527.955716
	962.643726, 571.508527
	977.537838, 512.319290

face #3461: 
	1041.320000, 566.580000
	1016.504486, 442.376054
	1001.915795, 494.004688

face #3462: 
	1001.915795, 494.004688
	1047.689868, 404.097819
	1041.320000, 566.580000

face #3463: 
	1013.924450, 508.264966
	994.947383, 522.773093
	1016.504486, 442.376054

face #3464: 
	1016.504486, 442.376054
	1041.320000, 566.580000
	1013.924450, 508.264966

face #3465: 
	1017.359730, 447.108107
	1024.456149, 462.445266
	994.947383, 522.773093

face #3466: 
	994.947383, 522.773093
	1013.924450, 508.264966
	1017.359730, 447.108107

face #3467: 
	1040.030048, 443.727733
	998.364094, 483.144575
	1024.456149, 462.445266

face #3468: 
	1024.456149, 462.445266
	1017.359730, 447.108107
	1040.030048, 443.727733

face #3469: 
	1034.923699, 465.951181
	987.690180, 506.484719
	998.364094, 483.144575

face #3470: 
	998.364094, 483.144575
	1040.030048, 443.727733
	1034.923699, 465.951181

face #3471: 
	1015.160000, 460.920000
	991.157620, 497.455335
	987.690180, 506.484719

face #3472: 
	987.690180, 506.484719
	1034.923699, 465.951181
	1015.160000, 460.920000

face #3473: 
	1008.125000, 480.000000
	976.942166, 599.315012
	991.157620, 497.455335

face #3474: 
	991.157620, 497.455335
	1015.160000, 460.920000
	1008.125000, 480.000000

face #3475: 
	979.168927, 542.133988
	969.037695, 585.419455
	976.942166, 599.315012

face #3476: 
	976.942166, 599.315012
	1008.125000, 480.000000
	979.168927, 542.133988

face #3477: 
	987.765656, 500.706661
	962.643726, 571.508527
	969.037695, 585.419455

face #3478: 
	969.037695, 585.419455
	979.168927, 542.133988
	987.765656, 500.706661

face #3479: 
	975.079285, 531.630175
	977.537838, 512.319290
	962.643726, 571.508527

face #3480: 
	962.643726, 571.508527
	987.765656, 500.706661
	975.079285, 531.630175

face #3481: 
	1041.956866, 528.717758
	1041.320000, 566.580000
	1047.689868, 404.097819

face #3482: 
	1047.689868, 404.097819
	1053.125000, 533.437500
	1041.956866, 528.717758

face #3483: 
	1033.689201, 428.883490
	1013.924450, 508.264966
	1041.320000, 566.580000

face #3484: 
	1041.320000, 566.580000
	1041.956866, 528.717758
	1033.689201, 428.883490

face #3485: 
	1024.689075, 482.885432
	1017.359730, 447.108107
	1013.924450, 508.264966

face #3486: 
	1013.924450, 508.264966
	1033.689201, 428.883490
	1024.689075, 482.885432

face #3487: 
	1017.480748, 477.553751
	1040.030048, 443.727733
	1017.359730, 447.108107

face #3488: 
	1017.359730, 447.108107
	1024.689075, 482.885432
	1017.480748, 477.553751

face #3489: 
	1025.045964, 423.576532
	1034.923699, 465.951181
	1040.030048, 443.727733

face #3490: 
	1040.030048, 443.727733
	1017.480748, 477.553751
	1025.045964, 423.576532

face #3491: 
	1045.776442, 471.019793
	1015.160000, 460.920000
	1034.923699, 465.951181

face #3492: 
	1034.923699, 465.951181
	1025.045964, 423.576532
	1045.776442, 471.019793

face #3493: 
	1001.522436, 577.048146
	1008.125000, 480.000000
	1015.160000, 460.920000

face #3494: 
	1015.160000, 460.920000
	1045.776442, 471.019793
	1001.522436, 577.048146

face #3495: 
	990.247264, 514.039463
	979.168927, 542.133988
	1008.125000, 480.000000

face #3496: 
	1008.125000, 480.000000
	1001.522436, 577.048146
	990.247264, 514.039463

face #3497: 
	1001.147990, 480.257217
	987.765656, 500.706661
	979.168927, 542.133988

face #3498: 
	979.168927, 542.133988
	990.247264, 514.039463
	1001.147990, 480.257217

face #3499: 
	1008.125000, 480.000000
	975.079285, 531.630175
	987.765656, 500.706661

face #3500: 
	987.765656, 500.706661
	1001.147990, 480.257217
	1008.125000, 480.000000

face #3501: 
	1052.392429, 496.872942
	1041.956866, 528.717758
	1053.125000, 533.437500

face #3502: 
	1053.125000, 533.437500
	1062.680000, 499.620000
	1052.392429, 496.872942

face #3503: 
	1042.441963, 492.889259
	1033.689201, 428.883490
	1041.956866, 528.717758

face #3504: 
	1041.956866, 528.717758
	1052.392429, 496.872942
	1042.441963, 492.889259

face #3505: 
	1033.112246, 488.105394
	1024.689075, 482.885432
	1033.689201, 428.883490

face #3506: 
	1033.689201, 428.883490
	1042.441963, 492.889259
	1033.112246, 488.105394

face #3507: 
	1058.075154, 403.640368
	1017.480748, 477.553751
	1024.689075, 482.885432

face #3508: 
	1024.689075, 482.885432
	1033.112246, 488.105394
	1058.075154, 403.640368

face #3509: 
	1021.815851, 450.319074
	1025.045964, 423.576532
	1017.480748, 477.553751

face #3510: 
	1017.480748, 477.553751
	1058.075154, 403.640368
	1021.815851, 450.319074

face #3511: 
	1009.461234, 541.770345
	1045.776442, 471.019793
	1025.045964, 423.576532

face #3512: 
	1025.045964, 423.576532
	1021.815851, 450.319074
	1009.461234, 541.770345

face #3513: 
	1008.185097, 467.804830
	1001.522436, 577.048146
	1045.776442, 471.019793

face #3514: 
	1045.776442, 471.019793
	1009.461234, 541.770345
	1008.185097, 467.804830

face #3515: 
	1007.039643, 464.057870
	990.247264, 514.039463
	1001.522436, 577.048146

face #3516: 
	1001.522436, 577.048146
	1008.185097, 467.804830
	1007.039643, 464.057870

face #3517: 
	1009.070854, 461.592208
	1001.147990, 480.257217
	990.247264, 514.039463

face #3518: 
	990.247264, 514.039463
	1007.039643, 464.057870
	1009.070854, 461.592208

face #3519: 
	1015.160000, 460.920000
	1008.125000, 480.000000
	1001.147990, 480.257217

face #3520: 
	1001.147990, 480.257217
	1009.070854, 461.592208
	1015.160000, 460.920000

face #3521: 
	1063.829575, 465.564495
	1052.392429, 496.872942
	1062.680000, 499.620000

face #3522: 
	1062.680000, 499.620000
	1073.315000, 466.747500
	1063.829575, 465.564495

face #3523: 
	1054.173790, 463.389685
	1042.441963, 492.889259
	1052.392429, 496.872942

face #3524: 
	1052.392429, 496.872942
	1063.829575, 465.564495
	1054.173790, 463.389685

face #3525: 
	1062.680000, 499.620000
	1033.112246, 488.105394
	1042.441963, 492.889259

face #3526: 
	1042.441963, 492.889259
	1054.173790, 463.389685
	1062.680000, 499.620000

face #3527: 
	1070.092404, 403.625654
	1058.075154, 403.640368
	1033.112246, 488.105394

face #3528: 
	1033.112246, 488.105394
	1062.680000, 499.620000
	1070.092404, 403.625654

face #3529: 
	1028.172481, 453.771989
	1021.815851, 450.319074
	1058.075154, 403.640368

face #3530: 
	1058.075154, 403.640368
	1070.092404, 403.625654
	1028.172481, 453.771989

face #3531: 
	1039.865000, 405.030000
	1009.461234, 541.770345
	1021.815851, 450.319074

face #3532: 
	1021.815851, 450.319074
	1028.172481, 453.771989
	1039.865000, 405.030000

face #3533: 
	1024.928426, 425.106377
	1008.185097, 467.804830
	1009.461234, 541.770345

face #3534: 
	1009.461234, 541.770345
	1039.865000, 405.030000
	1024.928426, 425.106377

face #3535: 
	1015.361632, 444.372348
	1007.039643, 464.057870
	1008.185097, 467.804830

face #3536: 
	1008.185097, 467.804830
	1024.928426, 425.106377
	1015.361632, 444.372348

face #3537: 
	1023.935000, 597.427500
	1009.070854, 461.592208
	1007.039643, 464.057870

face #3538: 
	1007.039643, 464.057870
	1015.361632, 444.372348
	1023.935000, 597.427500

face #3539: 
	1021.655000, 441.435000
	1015.160000, 460.920000
	1009.070854, 461.592208

face #3540: 
	1009.070854, 461.592208
	1023.935000, 597.427500
	1021.655000, 441.435000

face #3541: 
	1079.105851, 388.620350
	1063.829575, 465.564495
	1073.315000, 466.747500

face #3542: 
	1073.315000, 466.747500
	1075.233548, 385.508233
	1079.105851, 388.620350

face #3543: 
	1074.318953, 391.832283
	1054.173790, 463.389685
	1063.829575, 465.564495

face #3544: 
	1063.829575, 465.564495
	1079.105851, 388.620350
	1074.318953, 391.832283

face #3545: 
	1075.640000, 384.600000
	1062.680000, 499.620000
	1054.173790, 463.389685

face #3546: 
	1054.173790, 463.389685
	1074.318953, 391.832283
	1075.640000, 384.600000

face #3547: 
	1067.690000, 382.912500
	1070.092404, 403.625654
	1062.680000, 499.620000

face #3548: 
	1062.680000, 499.620000
	1075.640000, 384.600000
	1067.690000, 382.912500

face #3549: 
	1059.470000, 386.962500
	1028.172481, 453.771989
	1070.092404, 403.625654

face #3550: 
	1070.092404, 403.625654
	1067.690000, 382.912500
	1059.470000, 386.962500

face #3551: 
	1062.619259, 535.440019
	1039.865000, 405.030000
	1028.172481, 453.771989

face #3552: 
	1028.172481, 453.771989
	1059.470000, 386.962500
	1062.619259, 535.440019

face #3553: 
	1022.176076, 515.624572
	1024.928426, 425.106377
	1039.865000, 405.030000

face #3554: 
	1039.865000, 405.030000
	1062.619259, 535.440019
	1022.176076, 515.624572

face #3555: 
	1018.845407, 551.079653
	1015.361632, 444.372348
	1024.928426, 425.106377

face #3556: 
	1024.928426, 425.106377
	1022.176076, 515.624572
	1018.845407, 551.079653

face #3557: 
	1011.839332, 472.420590
	1023.935000, 597.427500
	1015.361632, 444.372348

face #3558: 
	1015.361632, 444.372348
	1018.845407, 551.079653
	1011.839332, 472.420590

face #3559: 
	1007.070707, 500.925926
	1021.655000, 441.435000
	1023.935000, 597.427500

face #3560: 
	1023.935000, 597.427500
	1011.839332, 472.420590
	1007.070707, 500.925926

face #3561: 
	1102.041067, 411.085244
	1079.105851, 388.620350
	1075.233548, 385.508233

face #3562: 
	1075.233548, 385.508233
	1111.145000, 410.317500
	1102.041067, 411.085244

face #3563: 
	1091.534997, 411.383198
	1074.318953, 391.832283
	1079.105851, 388.620350

face #3564: 
	1079.105851, 388.620350
	1102.041067, 411.085244
	1091.534997, 411.383198

face #3565: 
	1080.354118, 411.300420
	1075.640000, 384.600000
	1074.318953, 391.832283

face #3566: 
	1074.318953, 391.832283
	1091.534997, 411.383198
	1080.354118, 411.300420

face #3567: 
	1069.163081, 410.909441
	1067.690000, 382.912500
	1075.640000, 384.600000

face #3568: 
	1075.640000, 384.600000
	1080.354118, 411.300420
	1069.163081, 410.909441

face #3569: 
	1058.600298, 410.270845
	1059.470000, 386.962500
	1067.690000, 382.912500

face #3570: 
	1067.690000, 382.912500
	1069.163081, 410.909441
	1058.600298, 410.270845

face #3571: 
	1049.309970, 409.436760
	1062.619259, 535.440019
	1059.470000, 386.962500

face #3572: 
	1059.470000, 386.962500
	1058.600298, 410.270845
	1049.309970, 409.436760

face #3573: 
	1041.974471, 408.453449
	1022.176076, 515.624572
	1062.619259, 535.440019

face #3574: 
	1062.619259, 535.440019
	1049.309970, 409.436760
	1041.974471, 408.453449

face #3575: 
	1037.348289, 407.363662
	1018.845407, 551.079653
	1022.176076, 515.624572

face #3576: 
	1022.176076, 515.624572
	1041.974471, 408.453449
	1037.348289, 407.363662

face #3577: 
	1036.299974, 406.208607
	1011.839332, 472.420590
	1018.845407, 551.079653

face #3578: 
	1018.845407, 551.079653
	1037.348289, 407.363662
	1036.299974, 406.208607

face #3579: 
	1039.865000, 405.030000
	1007.070707, 500.925926
	1011.839332, 472.420590

face #3580: 
	1011.839332, 472.420590
	1036.299974, 406.208607
	1039.865000, 405.030000

face #3581: 
	1134.943765, 391.320293
	1102.041067, 411.085244
	1111.145000, 410.317500

face #3582: 
	1111.145000, 410.317500
	1145.000000, 390.000000
	1134.943765, 391.320293

face #3583: 
	1122.730769, 392.307692
	1091.534997, 411.383198
	1102.041067, 411.085244

face #3584: 
	1102.041067, 411.085244
	1134.943765, 391.320293
	1122.730769, 392.307692

face #3585: 
	1109.320665, 392.992874
	1080.354118, 411.300420
	1091.534997, 411.383198

face #3586: 
	1091.534997, 411.383198
	1122.730769, 392.307692
	1109.320665, 392.992874

face #3587: 
	1098.657223, 385.446788
	1069.163081, 410.909441
	1080.354118, 411.300420

face #3588: 
	1080.354118, 411.300420
	1109.320665, 392.992874
	1098.657223, 385.446788

face #3589: 
	1085.828571, 385.630243
	1058.600298, 410.270845
	1069.163081, 410.909441

face #3590: 
	1069.163081, 410.909441
	1098.657223, 385.446788
	1085.828571, 385.630243

face #3591: 
	1079.349438, 436.407397
	1049.309970, 409.436760
	1058.600298, 410.270845

face #3592: 
	1058.600298, 410.270845
	1085.828571, 385.630243
	1079.349438, 436.407397

face #3593: 
	1060.750594, 392.992874
	1041.974471, 408.453449
	1049.309970, 409.436760

face #3594: 
	1049.309970, 409.436760
	1079.349438, 436.407397
	1060.750594, 392.992874

face #3595: 
	1054.192308, 392.307692
	1037.348289, 407.363662
	1041.974471, 408.453449

face #3596: 
	1041.974471, 408.453449
	1060.750594, 392.992874
	1054.192308, 392.307692

face #3597: 
	1051.853301, 391.320293
	1036.299974, 406.208607
	1037.348289, 407.363662

face #3598: 
	1037.348289, 407.363662
	1054.192308, 392.307692
	1051.853301, 391.320293

face #3599: 
	1055.000000, 390.000000
	1039.865000, 405.030000
	1036.299974, 406.208607

face #3600: 
	1036.299974, 406.208607
	1051.853301, 391.320293
	1055.000000, 390.000000

face #3601: 
	1068.075187, 385.504197
	1063.447570, 388.618926
	1035.958037, 457.248526

face #3602: 
	1035.958037, 457.248526
	1070.965712, 500.322270
	1068.075187, 385.504197

face #3603: 
	1080.368849, 384.276140
	1075.375000, 387.500000
	1063.447570, 388.618926

face #3604: 
	1063.447570, 388.618926
	1068.075187, 385.504197
	1080.368849, 384.276140

face #3605: 
	1095.166588, 383.320588
	1089.646438, 386.675462
	1075.375000, 387.500000

face #3606: 
	1075.375000, 387.500000
	1080.368849, 384.276140
	1095.166588, 383.320588

face #3607: 
	1111.130660, 382.674195
	1104.978723, 386.170213
	1089.646438, 386.675462

face #3608: 
	1089.646438, 386.675462
	1095.166588, 383.320588
	1111.130660, 382.674195

face #3609: 
	1126.829887, 382.365061
	1089.156627, 392.168675
	1104.978723, 386.170213

face #3610: 
	1104.978723, 386.170213
	1111.130660, 382.674195
	1126.829887, 382.365061

face #3611: 
	1140.811516, 382.411244
	1133.319149, 386.170213
	1089.156627, 392.168675

face #3612: 
	1089.156627, 392.168675
	1126.829887, 382.365061
	1140.811516, 382.411244

face #3613: 
	1151.676057, 382.820160
	1143.598945, 386.675462
	1133.319149, 386.170213

face #3614: 
	1133.319149, 386.170213
	1140.811516, 382.411244
	1151.676057, 382.820160

face #3615: 
	1158.149582, 383.587243
	1149.625000, 387.500000
	1143.598945, 386.675462

face #3616: 
	1143.598945, 386.675462
	1151.676057, 382.820160
	1158.149582, 383.587243

face #3617: 
	1159.142911, 384.697705
	1150.363171, 388.618926
	1149.625000, 387.500000

face #3618: 
	1149.625000, 387.500000
	1158.149582, 383.587243
	1159.142911, 384.697705

face #3619: 
	1148.535025, 381.049521
	1145.000000, 390.000000
	1150.363171, 388.618926

face #3620: 
	1150.363171, 388.618926
	1159.142911, 384.697705
	1148.535025, 381.049521

face #3621: 
	1072.327214, 383.112334
	1068.075187, 385.504197
	1070.965712, 500.322270

face #3622: 
	1070.965712, 500.322270
	1075.375000, 387.500000
	1072.327214, 383.112334

face #3623: 
	1084.682488, 381.817714
	1080.368849, 384.276140
	1068.075187, 385.504197

face #3624: 
	1068.075187, 385.504197
	1072.327214, 383.112334
	1084.682488, 381.817714

face #3625: 
	1099.623770, 380.766497
	1095.166588, 383.320588
	1080.368849, 384.276140

face #3626: 
	1080.368849, 384.276140
	1084.682488, 381.817714
	1099.623770, 380.766497

face #3627: 
	1115.795982, 380.004690
	1111.130660, 382.674195
	1095.166588, 383.320588

face #3628: 
	1095.166588, 383.320588
	1099.623770, 380.766497
	1115.795982, 380.004690

face #3629: 
	1131.751941, 379.571322
	1126.829887, 382.365061
	1111.130660, 382.674195

face #3630: 
	1111.130660, 382.674195
	1115.795982, 380.004690
	1131.751941, 379.571322

face #3631: 
	1146.021150, 379.496040
	1140.811516, 382.411244
	1126.829887, 382.365061

face #3632: 
	1126.829887, 382.365061
	1131.751941, 379.571322
	1146.021150, 379.496040

face #3633: 
	1157.184179, 379.797648
	1151.676057, 382.820160
	1140.811516, 382.411244

face #3634: 
	1140.811516, 382.411244
	1146.021150, 379.496040
	1157.184179, 379.797648

face #3635: 
	1163.943228, 380.483464
	1158.149582, 383.587243
	1151.676057, 382.820160

face #3636: 
	1151.676057, 382.820160
	1157.184179, 379.797648
	1163.943228, 380.483464

face #3637: 
	1165.179991, 381.549228
	1159.142911, 384.697705
	1158.149582, 383.587243

face #3638: 
	1158.149582, 383.587243
	1163.943228, 380.483464
	1165.179991, 381.549228

face #3639: 
	1153.769955, 382.069970
	1148.535025, 381.049521
	1159.142911, 384.697705

face #3640: 
	1159.142911, 384.697705
	1165.179991, 381.549228
	1153.769955, 382.069970

face #3641: 
	1076.053761, 381.438653
	1072.327214, 383.112334
	1075.375000, 387.500000

face #3642: 
	1075.375000, 387.500000
	1067.690000, 382.912500
	1076.053761, 381.438653

face #3643: 
	1088.210723, 380.119227
	1084.682488, 381.817714
	1072.327214, 383.112334

face #3644: 
	1072.327214, 383.112334
	1076.053761, 381.438653
	1088.210723, 380.119227

face #3645: 
	1102.966327, 379.009985
	1099.623770, 380.766497
	1084.682488, 381.817714

face #3646: 
	1084.682488, 381.817714
	1088.210723, 380.119227
	1102.966327, 379.009985

face #3647: 
	1118.981860, 378.163987
	1115.795982, 380.004690
	1099.623770, 380.766497

face #3648: 
	1099.623770, 380.766497
	1102.966327, 379.009985
	1118.981860, 378.163987

face #3649: 
	1134.829462, 377.628381
	1131.751941, 379.571322
	1115.795982, 380.004690

face #3650: 
	1115.795982, 380.004690
	1118.981860, 378.163987
	1134.829462, 377.628381

face #3651: 
	1149.058702, 377.442540
	1146.021150, 379.496040
	1131.751941, 379.571322

face #3652: 
	1131.751941, 379.571322
	1134.829462, 377.628381
	1149.058702, 377.442540

face #3653: 
	1160.266208, 377.635772
	1157.184179, 379.797648
	1146.021150, 379.496040

face #3654: 
	1146.021150, 379.496040
	1149.058702, 377.442540
	1160.266208, 377.635772

face #3655: 
	1167.160410, 378.225731
	1163.943228, 380.483464
	1157.184179, 379.797648

face #3656: 
	1157.184179, 379.797648
	1160.266208, 377.635772
	1167.160410, 378.225731

face #3657: 
	1168.619390, 379.218618
	1165.179991, 381.549228
	1163.943228, 380.483464

face #3658: 
	1163.943228, 380.483464
	1167.160410, 378.225731
	1168.619390, 379.218618

face #3659: 
	1164.218750, 378.398400
	1153.769955, 382.069970
	1165.179991, 381.549228

face #3660: 
	1165.179991, 381.549228
	1168.619390, 379.218618
	1164.218750, 378.398400

face #3661: 
	1079.108220, 380.476624
	1076.053761, 381.438653
	1067.690000, 382.912500

face #3662: 
	1067.690000, 382.912500
	1068.061174, 390.799211
	1079.108220, 380.476624

face #3663: 
	1090.854125, 379.170844
	1088.210723, 380.119227
	1076.053761, 381.438653

face #3664: 
	1076.053761, 381.438653
	1079.108220, 380.476624
	1090.854125, 379.170844

face #3665: 
	1105.153201, 378.041810
	1102.966327, 379.009985
	1088.210723, 380.119227

face #3666: 
	1088.210723, 380.119227
	1090.854125, 379.170844
	1105.153201, 378.041810

face #3667: 
	1120.708252, 377.146296
	1118.981860, 378.163987
	1102.966327, 379.009985

face #3668: 
	1102.966327, 379.009985
	1105.153201, 378.041810
	1120.708252, 377.146296

face #3669: 
	1133.815665, 376.895250
	1134.829462, 377.628381
	1118.981860, 378.163987

face #3670: 
	1118.981860, 378.163987
	1120.708252, 377.146296
	1133.815665, 376.895250

face #3671: 
	1150.050714, 376.261587
	1149.058702, 377.442540
	1134.829462, 377.628381

face #3672: 
	1134.829462, 377.628381
	1133.815665, 376.895250
	1150.050714, 376.261587

face #3673: 
	1161.079211, 376.355337
	1160.266208, 377.635772
	1149.058702, 377.442540

face #3674: 
	1149.058702, 377.442540
	1150.050714, 376.261587
	1161.079211, 376.355337

face #3675: 
	1167.968284, 376.845734
	1167.160410, 378.225731
	1160.266208, 377.635772

face #3676: 
	1160.266208, 377.635772
	1161.079211, 376.355337
	1167.968284, 376.845734

face #3677: 
	1169.612856, 377.747566
	1168.619390, 379.218618
	1167.160410, 378.225731

face #3678: 
	1167.160410, 378.225731
	1167.968284, 376.845734
	1169.612856, 377.747566

face #3679: 
	650.000000, 750.000000
	1164.218750, 378.398400
	1168.619390, 379.218618

face #3680: 
	1168.619390, 379.218618
	1169.612856, 377.747566
	650.000000, 750.000000

face #3681: 
	1081.347301, 380.217770
	1079.108220, 380.476624
	1068.061174, 390.799211

face #3682: 
	1068.061174, 390.799211
	1073.750000, 381.562500
	1081.347301, 380.217770

face #3683: 
	1092.519370, 378.960124
	1090.854125, 379.170844
	1079.108220, 380.476624

face #3684: 
	1079.108220, 380.476624
	1081.347301, 380.217770
	1092.519370, 378.960124

face #3685: 
	1106.149530, 377.848747
	1105.153201, 378.041810
	1090.854125, 379.170844

face #3686: 
	1090.854125, 379.170844
	1092.519370, 378.960124
	1106.149530, 377.848747

face #3687: 
	1121.003151, 376.941964
	1120.708252, 377.146296
	1105.153201, 378.041810

face #3688: 
	1105.153201, 378.041810
	1106.149530, 377.848747
	1121.003151, 376.941964

face #3689: 
	1135.772947, 376.295211
	1133.815665, 376.895250
	1120.708252, 377.146296

face #3690: 
	1120.708252, 377.146296
	1121.003151, 376.941964
	1135.772947, 376.295211

face #3691: 
	1149.132090, 375.958141
	1150.050714, 376.261587
	1133.815665, 376.895250

face #3692: 
	1133.815665, 376.895250
	1135.772947, 376.295211
	1149.132090, 375.958141

face #3693: 
	1159.788622, 375.972651
	1161.079211, 376.355337
	1150.050714, 376.261587

face #3694: 
	1150.050714, 376.261587
	1149.132090, 375.958141
	1159.788622, 375.972651

face #3695: 
	1166.539256, 376.371384
	1167.968284, 376.845734
	1161.079211, 376.355337

face #3696: 
	1161.079211, 376.355337
	1159.788622, 375.972651
	1166.539256, 376.371384

face #3697: 
	1168.315224, 377.176222
	1169.612856, 377.747566
	1167.968284, 376.845734

face #3698: 
	1167.968284, 376.845734
	1166.539256, 376.371384
	1168.315224, 377.176222

face #3699: 
	1164.218750, 378.398400
	650.000000, 750.000000
	1169.612856, 377.747566

face #3700: 
	1169.612856, 377.747566
	1168.315224, 377.176222
	1164.218750, 378.398400

face #3701: 
	1082.629976, 380.653381
	1081.347301, 380.217770
	1073.750000, 381.562500

face #3702: 
	1073.750000, 381.562500
	1059.650643, 434.386328
	1082.629976, 380.653381

face #3703: 
	1076.921201, 384.400403
	1092.519370, 378.960124
	1081.347301, 380.217770

face #3704: 
	1081.347301, 380.217770
	1082.629976, 380.653381
	1076.921201, 384.400403

face #3705: 
	1105.924880, 378.416057
	1106.149530, 377.848747
	1092.519370, 378.960124

face #3706: 
	1092.519370, 378.960124
	1076.921201, 384.400403
	1105.924880, 378.416057

face #3707: 
	1088.784894, 390.238180
	1121.003151, 376.941964
	1106.149530, 377.848747

face #3708: 
	1106.149530, 377.848747
	1105.924880, 378.416057
	1088.784894, 390.238180

face #3709: 
	1103.794571, 383.314714
	1135.772947, 376.295211
	1121.003151, 376.941964

face #3710: 
	1121.003151, 376.941964
	1088.784894, 390.238180
	1103.794571, 383.314714

face #3711: 
	1115.728466, 383.491591
	1149.132090, 375.958141
	1135.772947, 376.295211

face #3712: 
	1135.772947, 376.295211
	1103.794571, 383.314714
	1115.728466, 383.491591

face #3713: 
	1156.560501, 376.501392
	1159.788622, 375.972651
	1149.132090, 375.958141

face #3714: 
	1149.132090, 375.958141
	1115.728466, 383.491591
	1156.560501, 376.501392

face #3715: 
	1141.271475, 383.286624
	1166.539256, 376.371384
	1159.788622, 375.972651

face #3716: 
	1159.788622, 375.972651
	1156.560501, 376.501392
	1141.271475, 383.286624

face #3717: 
	1164.882766, 377.543037
	1168.315224, 377.176222
	1166.539256, 376.371384

face #3718: 
	1166.539256, 376.371384
	1141.271475, 383.286624
	1164.882766, 377.543037

face #3719: 
	1155.290324, 379.751523
	1164.218750, 378.398400
	1168.315224, 377.176222

face #3720: 
	1168.315224, 377.176222
	1164.882766, 377.543037
	1155.290324, 379.751523

face #3721: 
	1082.816264, 381.774526
	1082.629976, 380.653381
	1059.650643, 434.386328

face #3722: 
	1059.650643, 434.386328
	1076.210000, 382.912500
	1082.816264, 381.774526

face #3723: 
	1092.556789, 380.696503
	1076.921201, 384.400403
	1082.629976, 380.653381

face #3724: 
	1082.629976, 380.653381
	1082.816264, 381.774526
	1092.556789, 380.696503

face #3725: 
	1104.449596, 379.729533
	1105.924880, 378.416057
	1076.921201, 384.400403

face #3726: 
	1076.921201, 384.400403
	1092.556789, 380.696503
	1104.449596, 379.729533

face #3727: 
	1117.423833, 378.924997
	1088.784894, 390.238180
	1105.924880, 378.416057

face #3728: 
	1105.924880, 378.416057
	1104.449596, 379.729533
	1117.423833, 378.924997

face #3729: 
	1130.355292, 378.331784
	1103.794571, 383.314714
	1088.784894, 390.238180

face #3730: 
	1088.784894, 390.238180
	1117.423833, 378.924997
	1130.355292, 378.331784

face #3731: 
	1142.104429, 377.995100
	1115.728466, 383.491591
	1103.794571, 383.314714

face #3732: 
	1103.794571, 383.314714
	1130.355292, 378.331784
	1142.104429, 377.995100

face #3733: 
	1151.556490, 377.954675
	1156.560501, 376.501392
	1115.728466, 383.491591

face #3734: 
	1115.728466, 383.491591
	1142.104429, 377.995100
	1151.556490, 377.954675

face #3735: 
	1157.661864, 378.243401
	1141.271475, 383.286624
	1156.560501, 376.501392

face #3736: 
	1156.560501, 376.501392
	1151.556490, 377.954675
	1157.661864, 378.243401

face #3737: 
	1159.469446, 378.886371
	1164.882766, 377.543037
	1141.271475, 383.286624

face #3738: 
	1141.271475, 383.286624
	1157.661864, 378.243401
	1159.469446, 378.886371

face #3739: 
	1156.156250, 379.900350
	1155.290324, 379.751523
	1164.882766, 377.543037

face #3740: 
	1164.882766, 377.543037
	1159.469446, 378.886371
	1156.156250, 379.900350

face #3741: 
	1081.767242, 383.572959
	1082.816264, 381.774526
	1076.210000, 382.912500

face #3742: 
	1076.210000, 382.912500
	1075.640000, 384.600000
	1081.767242, 383.572959

face #3743: 
	1090.752164, 382.617957
	1092.556789, 380.696503
	1082.816264, 381.774526

face #3744: 
	1082.816264, 381.774526
	1081.767242, 383.572959
	1090.752164, 382.617957

face #3745: 
	1101.691062, 381.777131
	1104.449596, 379.729533
	1092.556789, 380.696503

face #3746: 
	1092.556789, 380.696503
	1090.752164, 382.617957
	1101.691062, 381.777131

face #3747: 
	1113.605716, 381.092018
	1117.423833, 378.924997
	1104.449596, 379.729533

face #3748: 
	1104.449596, 379.729533
	1101.691062, 381.777131
	1113.605716, 381.092018

face #3749: 
	1125.471403, 380.602146
	1130.355292, 378.331784
	1117.423833, 378.924997

face #3750: 
	1117.423833, 378.924997
	1113.605716, 381.092018
	1125.471403, 380.602146

face #3751: 
	1136.251175, 380.343816
	1142.104429, 377.995100
	1130.355292, 378.331784

face #3752: 
	1130.355292, 378.331784
	1125.471403, 380.602146
	1136.251175, 380.343816

face #3753: 
	1144.929712, 380.348716
	1151.556490, 377.954675
	1142.104429, 377.995100

face #3754: 
	1142.104429, 377.995100
	1136.251175, 380.343816
	1144.929712, 380.348716

face #3755: 
	1150.546116, 380.642766
	1157.661864, 378.243401
	1151.556490, 377.954675

face #3756: 
	1151.556490, 377.954675
	1144.929712, 380.348716
	1150.546116, 380.642766

face #3757: 
	1152.225071, 381.245561
	1159.469446, 378.886371
	1157.661864, 378.243401

face #3758: 
	1157.661864, 378.243401
	1150.546116, 380.642766
	1152.225071, 381.245561

face #3759: 
	1149.200000, 382.170000
	1156.156250, 379.900350
	1159.469446, 378.886371

face #3760: 
	1159.469446, 378.886371
	1152.225071, 381.245561
	1149.200000, 382.170000

face #3761: 
	1079.342316, 386.042608
	1081.767242, 383.572959
	1075.640000, 384.600000

face #3762: 
	1075.640000, 384.600000
	1068.521443, 383.113696
	1079.342316, 386.042608

face #3763: 
	1087.610092, 385.228978
	1090.752164, 382.617957
	1081.767242, 383.572959

face #3764: 
	1081.767242, 383.572959
	1079.342316, 386.042608
	1087.610092, 385.228978

face #3765: 
	1097.611560, 384.550662
	1101.691062, 381.777131
	1090.752164, 382.617957

face #3766: 
	1090.752164, 382.617957
	1087.610092, 385.228978
	1097.611560, 384.550662

face #3767: 
	1081.451843, 387.616974
	1113.605716, 381.092018
	1101.691062, 381.777131

face #3768: 
	1101.691062, 381.777131
	1097.611560, 384.550662
	1081.451843, 387.616974

face #3769: 
	1098.146718, 392.084942
	1125.471403, 380.602146
	1113.605716, 381.092018

face #3770: 
	1113.605716, 381.092018
	1081.451843, 387.616974
	1098.146718, 392.084942

face #3771: 
	1107.358216, 391.832283
	1136.251175, 380.343816
	1125.471403, 380.602146

face #3772: 
	1125.471403, 380.602146
	1098.146718, 392.084942
	1107.358216, 391.832283

face #3773: 
	1136.819825, 383.704045
	1144.929712, 380.348716
	1136.251175, 380.343816

face #3774: 
	1136.251175, 380.343816
	1107.358216, 391.832283
	1136.819825, 383.704045

face #3775: 
	1141.852766, 384.057641
	1150.546116, 380.642766
	1144.929712, 380.348716

face #3776: 
	1144.929712, 380.348716
	1136.819825, 383.704045
	1141.852766, 384.057641

face #3777: 
	1143.293928, 384.661617
	1152.225071, 381.245561
	1150.546116, 380.642766

face #3778: 
	1150.546116, 380.642766
	1141.852766, 384.057641
	1143.293928, 384.661617

face #3779: 
	1133.003498, 384.113657
	1149.200000, 382.170000
	1152.225071, 381.245561

face #3780: 
	1152.225071, 381.245561
	1143.293928, 384.661617
	1133.003498, 384.113657

face #3781: 
	1075.397871, 389.178915
	1079.342316, 386.042608
	1068.521443, 383.113696

face #3782: 
	1068.521443, 383.113696
	1064.933232, 384.200573
	1075.397871, 389.178915

face #3783: 
	1083.032787, 388.524590
	1087.610092, 385.228978
	1079.342316, 386.042608

face #3784: 
	1079.342316, 386.042608
	1075.397871, 389.178915
	1083.032787, 388.524590

face #3785: 
	1092.163139, 388.048529
	1097.611560, 384.550662
	1087.610092, 385.228978

face #3786: 
	1087.610092, 385.228978
	1083.032787, 388.524590
	1092.163139, 388.048529

face #3787: 
	1101.991701, 387.759336
	1081.451843, 387.616974
	1097.611560, 384.550662

face #3788: 
	1097.611560, 384.550662
	1092.163139, 388.048529
	1101.991701, 387.759336

face #3789: 
	1111.688312, 387.662338
	1098.146718, 392.084942
	1081.451843, 387.616974

face #3790: 
	1081.451843, 387.616974
	1101.991701, 387.759336
	1111.688312, 387.662338

face #3791: 
	1120.414938, 387.759336
	1107.358216, 391.832283
	1098.146718, 392.084942

face #3792: 
	1098.146718, 392.084942
	1111.688312, 387.662338
	1120.414938, 387.759336

face #3793: 
	1127.351575, 388.048529
	1136.819825, 383.704045
	1107.358216, 391.832283

face #3794: 
	1107.358216, 391.832283
	1120.414938, 387.759336
	1127.351575, 388.048529

face #3795: 
	1131.721311, 388.524590
	1141.852766, 384.057641
	1136.819825, 383.704045

face #3796: 
	1136.819825, 383.704045
	1127.351575, 388.048529
	1131.721311, 388.524590

face #3797: 
	1132.812975, 389.178915
	1143.293928, 384.661617
	1141.852766, 384.057641

face #3798: 
	1141.852766, 384.057641
	1131.721311, 388.524590
	1132.812975, 389.178915

face #3799: 
	1146.439231, 376.535081
	1133.003498, 384.113657
	1143.293928, 384.661617

face #3800: 
	1143.293928, 384.661617
	1132.812975, 389.178915
	1146.439231, 376.535081

face #3801: 
	1163.047060, 376.828688
	1134.943765, 391.320293
	1145.000000, 390.000000

face #3802: 
	1145.000000, 390.000000
	1148.535025, 381.049521
	1163.047060, 376.828688

face #3803: 
	1130.784549, 381.940451
	1122.730769, 392.307692
	1134.943765, 391.320293

face #3804: 
	1134.943765, 391.320293
	1163.047060, 376.828688
	1130.784549, 381.940451

face #3805: 
	1125.536435, 387.205012
	1109.320665, 392.992874
	1122.730769, 392.307692

face #3806: 
	1122.730769, 392.307692
	1130.784549, 381.940451
	1125.536435, 387.205012

face #3807: 
	1111.322191, 385.507985
	1098.657223, 385.446788
	1109.320665, 392.992874

face #3808: 
	1109.320665, 392.992874
	1125.536435, 387.205012
	1111.322191, 385.507985

face #3809: 
	1119.231441, 383.708827
	1085.828571, 385.630243
	1098.657223, 385.446788

face #3810: 
	1098.657223, 385.446788
	1111.322191, 385.507985
	1119.231441, 383.708827

face #3811: 
	1081.469530, 383.665163
	1079.349438, 436.407397
	1085.828571, 385.630243

face #3812: 
	1085.828571, 385.630243
	1119.231441, 383.708827
	1081.469530, 383.665163

face #3813: 
	1073.882715, 388.320442
	1071.763508, 387.777829
	1079.349438, 436.407397

face #3814: 
	1079.349438, 436.407397
	1081.469530, 383.665163
	1073.882715, 388.320442

face #3815: 
	1070.000000, 390.000000
	1082.696194, 404.004753
	1071.763508, 387.777829

face #3816: 
	1071.763508, 387.777829
	1073.882715, 388.320442
	1070.000000, 390.000000

face #3817: 
	1044.754991, 460.531253
	1075.093997, 498.665576
	1082.696194, 404.004753

face #3818: 
	1082.696194, 404.004753
	1070.000000, 390.000000
	1044.754991, 460.531253

face #3819: 
	1070.965712, 500.322270
	1035.958037, 457.248526
	1075.093997, 498.665576

face #3820: 
	1075.093997, 498.665576
	1044.754991, 460.531253
	1070.965712, 500.322270

face #3821: 
	1152.918455, 379.918862
	1163.047060, 376.828688
	1148.535025, 381.049521

face #3822: 
	1148.535025, 381.049521
	1153.769955, 382.069970
	1152.918455, 379.918862

face #3823: 
	1143.510283, 387.540157
	1130.784549, 381.940451
	1163.047060, 376.828688

face #3824: 
	1163.047060, 376.828688
	1152.918455, 379.918862
	1143.510283, 387.540157

face #3825: 
	1140.443750, 385.519650
	1125.536435, 387.205012
	1130.784549, 381.940451

face #3826: 
	1130.784549, 381.940451
	1143.510283, 387.540157
	1140.443750, 385.519650

face #3827: 
	1115.040569, 383.691403
	1111.322191, 385.507985
	1125.536435, 387.205012

face #3828: 
	1125.536435, 387.205012
	1140.443750, 385.519650
	1115.040569, 383.691403

face #3829: 
	1100.374964, 385.953274
	1119.231441, 383.708827
	1111.322191, 385.507985

face #3830: 
	1111.322191, 385.507985
	1115.040569, 383.691403
	1100.374964, 385.953274

face #3831: 
	1082.352941, 393.529412
	1081.469530, 383.665163
	1119.231441, 383.708827

face #3832: 
	1119.231441, 383.708827
	1100.374964, 385.953274
	1082.352941, 393.529412

face #3833: 
	1105.207925, 405.674648
	1073.882715, 388.320442
	1081.469530, 383.665163

face #3834: 
	1081.469530, 383.665163
	1082.352941, 393.529412
	1105.207925, 405.674648

face #3835: 
	1089.646438, 386.675462
	1070.000000, 390.000000
	1073.882715, 388.320442

face #3836: 
	1073.882715, 388.320442
	1105.207925, 405.674648
	1089.646438, 386.675462

face #3837: 
	1050.018251, 432.741713
	1044.754991, 460.531253
	1070.000000, 390.000000

face #3838: 
	1070.000000, 390.000000
	1089.646438, 386.675462
	1050.018251, 432.741713

face #3839: 
	1075.375000, 387.500000
	1070.965712, 500.322270
	1044.754991, 460.531253

face #3840: 
	1044.754991, 460.531253
	1050.018251, 432.741713
	1075.375000, 387.500000

face #3841: 
	1161.200000, 378.660000
	1152.918455, 379.918862
	1153.769955, 382.069970

face #3842: 
	1153.769955, 382.069970
	1164.218750, 378.398400
	1161.200000, 378.660000

face #3843: 
	1153.793750, 386.127150
	1143.510283, 387.540157
	1152.918455, 379.918862

face #3844: 
	1152.918455, 379.918862
	1161.200000, 378.660000
	1153.793750, 386.127150

face #3845: 
	1130.896434, 388.640876
	1140.443750, 385.519650
	1143.510283, 387.540157

face #3846: 
	1143.510283, 387.540157
	1153.793750, 386.127150
	1130.896434, 388.640876

face #3847: 
	1130.000000, 390.000000
	1115.040569, 383.691403
	1140.443750, 385.519650

face #3848: 
	1140.443750, 385.519650
	1130.896434, 388.640876
	1130.000000, 390.000000

face #3849: 
	1103.176767, 384.227970
	1100.374964, 385.953274
	1115.040569, 383.691403

face #3850: 
	1115.040569, 383.691403
	1130.000000, 390.000000
	1103.176767, 384.227970

face #3851: 
	1090.355620, 386.200717
	1082.352941, 393.529412
	1100.374964, 385.953274

face #3852: 
	1100.374964, 385.953274
	1103.176767, 384.227970
	1090.355620, 386.200717

face #3853: 
	1081.003861, 392.084942
	1105.207925, 405.674648
	1082.352941, 393.529412

face #3854: 
	1082.352941, 393.529412
	1090.355620, 386.200717
	1081.003861, 392.084942

face #3855: 
	1073.747826, 385.463548
	1089.646438, 386.675462
	1105.207925, 405.674648

face #3856: 
	1105.207925, 405.674648
	1081.003861, 392.084942
	1073.747826, 385.463548

face #3857: 
	1071.080000, 381.900000
	1050.018251, 432.741713
	1089.646438, 386.675462

face #3858: 
	1089.646438, 386.675462
	1073.747826, 385.463548
	1071.080000, 381.900000

face #3859: 
	1083.287912, 464.923395
	1075.375000, 387.500000
	1050.018251, 432.741713

face #3860: 
	1050.018251, 432.741713
	1071.080000, 381.900000
	1083.287912, 464.923395

face #3861: 
	1163.731250, 380.609100
	1161.200000, 378.660000
	1164.218750, 378.398400

face #3862: 
	1164.218750, 378.398400
	650.000000, 750.000000
	1163.731250, 380.609100

face #3863: 
	1156.156250, 379.900350
	1153.793750, 386.127150
	1161.200000, 378.660000

face #3864: 
	1161.200000, 378.660000
	1163.731250, 380.609100
	1156.156250, 379.900350

face #3865: 
	1145.000000, 390.000000
	1130.896434, 388.640876
	1153.793750, 386.127150

face #3866: 
	1153.793750, 386.127150
	1156.156250, 379.900350
	1145.000000, 390.000000

face #3867: 
	1117.150525, 382.740601
	1130.000000, 390.000000
	1130.896434, 388.640876

face #3868: 
	1130.896434, 388.640876
	1145.000000, 390.000000
	1117.150525, 382.740601

face #3869: 
	1101.879093, 384.025339
	1103.176767, 384.227970
	1130.000000, 390.000000

face #3870: 
	1130.000000, 390.000000
	1117.150525, 382.740601
	1101.879093, 384.025339

face #3871: 
	1092.312454, 384.547736
	1090.355620, 386.200717
	1103.176767, 384.227970

face #3872: 
	1103.176767, 384.227970
	1101.879093, 384.025339
	1092.312454, 384.547736

face #3873: 
	1082.029034, 386.223401
	1081.003861, 392.084942
	1090.355620, 386.200717

face #3874: 
	1090.355620, 386.200717
	1092.312454, 384.547736
	1082.029034, 386.223401

face #3875: 
	1069.596751, 435.660604
	1073.747826, 385.463548
	1081.003861, 392.084942

face #3876: 
	1081.003861, 392.084942
	1082.029034, 386.223401
	1069.596751, 435.660604

face #3877: 
	1073.750000, 381.562500
	1071.080000, 381.900000
	1073.747826, 385.463548

face #3878: 
	1073.747826, 385.463548
	1069.596751, 435.660604
	1073.750000, 381.562500

face #3879: 
	1068.061174, 390.799211
	1083.287912, 464.923395
	1071.080000, 381.900000

face #3880: 
	1071.080000, 381.900000
	1073.750000, 381.562500
	1068.061174, 390.799211

face #3881: 
	1155.593173, 380.488153
	1163.731250, 380.609100
	650.000000, 750.000000

face #3882: 
	650.000000, 750.000000
	1165.100000, 379.065000
	1155.593173, 380.488153

face #3883: 
	1143.515992, 381.706994
	1156.156250, 379.900350
	1163.731250, 380.609100

face #3884: 
	1163.731250, 380.609100
	1155.593173, 380.488153
	1143.515992, 381.706994

face #3885: 
	1129.910067, 382.712504
	1145.000000, 390.000000
	1156.156250, 379.900350

face #3886: 
	1156.156250, 379.900350
	1143.515992, 381.706994
	1129.910067, 382.712504

face #3887: 
	1122.449704, 384.888080
	1117.150525, 382.740601
	1145.000000, 390.000000

face #3888: 
	1145.000000, 390.000000
	1129.910067, 382.712504
	1122.449704, 384.888080

face #3889: 
	1102.637002, 389.981904
	1101.879093, 384.025339
	1117.150525, 382.740601

face #3890: 
	1117.150525, 382.740601
	1122.449704, 384.888080
	1102.637002, 389.981904

face #3891: 
	1119.898132, 377.538794
	1092.312454, 384.547736
	1101.879093, 384.025339

face #3892: 
	1101.879093, 384.025339
	1102.637002, 389.981904
	1119.898132, 377.538794

face #3893: 
	1083.270514, 384.617909
	1082.029034, 386.223401
	1092.312454, 384.547736

face #3894: 
	1092.312454, 384.547736
	1119.898132, 377.538794
	1083.270514, 384.617909

face #3895: 
	1076.201856, 385.990003
	1069.596751, 435.660604
	1082.029034, 386.223401

face #3896: 
	1082.029034, 386.223401
	1083.270514, 384.617909
	1076.201856, 385.990003

face #3897: 
	1067.888628, 385.046607
	1073.750000, 381.562500
	1069.596751, 435.660604

face #3898: 
	1069.596751, 435.660604
	1076.201856, 385.990003
	1067.888628, 385.046607

face #3899: 
	1063.661185, 386.852377
	1068.061174, 390.799211
	1073.750000, 381.562500

face #3900: 
	1073.750000, 381.562500
	1067.888628, 385.046607
	1063.661185, 386.852377

face #3901: 
	1160.000000, 382.980000
	1155.593173, 380.488153
	1165.100000, 379.065000

face #3902: 
	1165.100000, 379.065000
	1161.200000, 378.660000
	1160.000000, 382.980000

face #3903: 
	1142.150642, 381.040313
	1143.515992, 381.706994
	1155.593173, 380.488153

face #3904: 
	1155.593173, 380.488153
	1160.000000, 382.980000
	1142.150642, 381.040313

face #3905: 
	1127.288342, 384.259812
	1129.910067, 382.712504
	1143.515992, 381.706994

face #3906: 
	1143.515992, 381.706994
	1142.150642, 381.040313
	1127.288342, 384.259812

face #3907: 
	1116.952783, 382.787894
	1122.449704, 384.888080
	1129.910067, 382.712504

face #3908: 
	1129.910067, 382.712504
	1127.288342, 384.259812
	1116.952783, 382.787894

face #3909: 
	1104.272197, 383.365192
	1102.637002, 389.981904
	1122.449704, 384.888080

face #3910: 
	1122.449704, 384.888080
	1116.952783, 382.787894
	1104.272197, 383.365192

face #3911: 
	1092.670674, 383.706178
	1119.898132, 377.538794
	1102.637002, 389.981904

face #3912: 
	1102.637002, 389.981904
	1104.272197, 383.365192
	1092.670674, 383.706178

face #3913: 
	1112.931846, 406.803449
	1083.270514, 384.617909
	1119.898132, 377.538794

face #3914: 
	1119.898132, 377.538794
	1092.670674, 383.706178
	1112.931846, 406.803449

face #3915: 
	1076.245056, 383.532660
	1076.201856, 385.990003
	1083.270514, 384.617909

face #3916: 
	1083.270514, 384.617909
	1112.931846, 406.803449
	1076.245056, 383.532660

face #3917: 
	1074.213497, 383.849823
	1067.888628, 385.046607
	1076.201856, 385.990003

face #3918: 
	1076.201856, 385.990003
	1076.245056, 383.532660
	1074.213497, 383.849823

face #3919: 
	1075.520000, 381.900000
	1063.661185, 386.852377
	1067.888628, 385.046607

face #3920: 
	1067.888628, 385.046607
	1074.213497, 383.849823
	1075.520000, 381.900000

face #3921: 
	1143.808140, 380.937500
	1160.000000, 382.980000
	1161.200000, 378.660000

face #3922: 
	1161.200000, 378.660000
	1149.762961, 384.439056
	1143.808140, 380.937500

face #3923: 
	1149.200000, 382.170000
	1142.150642, 381.040313
	1160.000000, 382.980000

face #3924: 
	1160.000000, 382.980000
	1143.808140, 380.937500
	1149.200000, 382.170000

face #3925: 
	1122.961947, 386.523818
	1127.288342, 384.259812
	1142.150642, 381.040313

face #3926: 
	1142.150642, 381.040313
	1149.200000, 382.170000
	1122.961947, 386.523818

face #3927: 
	1123.946719, 390.799211
	1116.952783, 382.787894
	1127.288342, 384.259812

face #3928: 
	1127.288342, 384.259812
	1122.961947, 386.523818
	1123.946719, 390.799211

face #3929: 
	1128.989970, 383.592245
	1104.272197, 383.365192
	1116.952783, 382.787894

face #3930: 
	1116.952783, 382.787894
	1123.946719, 390.799211
	1128.989970, 383.592245

face #3931: 
	1091.598282, 383.634303
	1092.670674, 383.706178
	1104.272197, 383.365192

face #3932: 
	1104.272197, 383.365192
	1128.989970, 383.592245
	1091.598282, 383.634303

face #3933: 
	1083.019650, 383.775696
	1112.931846, 406.803449
	1092.670674, 383.706178

face #3934: 
	1092.670674, 383.706178
	1091.598282, 383.634303
	1083.019650, 383.775696

face #3935: 
	1070.916467, 387.399840
	1076.245056, 383.532660
	1112.931846, 406.803449

face #3936: 
	1112.931846, 406.803449
	1083.019650, 383.775696
	1070.916467, 387.399840

face #3937: 
	1066.033566, 389.901864
	1074.213497, 383.849823
	1076.245056, 383.532660

face #3938: 
	1076.245056, 383.532660
	1070.916467, 387.399840
	1066.033566, 389.901864

face #3939: 
	1069.765625, 391.406250
	1075.520000, 381.900000
	1074.213497, 383.849823

face #3940: 
	1074.213497, 383.849823
	1066.033566, 389.901864
	1069.765625, 391.406250

face #3941: 
	1138.546760, 382.078405
	1143.808140, 380.937500
	1149.762961, 384.439056

face #3942: 
	1149.762961, 384.439056
	1137.069215, 385.616650
	1138.546760, 382.078405

face #3943: 
	1134.943765, 391.320293
	1149.200000, 382.170000
	1143.808140, 380.937500

face #3944: 
	1143.808140, 380.937500
	1138.546760, 382.078405
	1134.943765, 391.320293

face #3945: 
	1116.965535, 389.450829
	1122.961947, 386.523818
	1149.200000, 382.170000

face #3946: 
	1149.200000, 382.170000
	1134.943765, 391.320293
	1116.965535, 389.450829

face #3947: 
	1116.171875, 391.406250
	1123.946719, 390.799211
	1122.961947, 386.523818

face #3948: 
	1122.961947, 386.523818
	1116.965535, 389.450829
	1116.171875, 391.406250

face #3949: 
	1095.584906, 393.396226
	1128.989970, 383.592245
	1123.946719, 390.799211

face #3950: 
	1123.946719, 390.799211
	1116.171875, 391.406250
	1095.584906, 393.396226

face #3951: 
	1116.993815, 408.010917
	1091.598282, 383.634303
	1128.989970, 383.592245

face #3952: 
	1128.989970, 383.592245
	1095.584906, 393.396226
	1116.993815, 408.010917

face #3953: 
	1076.280718, 390.215401
	1083.019650, 383.775696
	1091.598282, 383.634303

face #3954: 
	1091.598282, 383.634303
	1116.993815, 408.010917
	1076.280718, 390.215401

face #3955: 
	1093.116374, 379.473251
	1070.916467, 387.399840
	1083.019650, 383.775696

face #3956: 
	1083.019650, 383.775696
	1076.280718, 390.215401
	1093.116374, 379.473251

face #3957: 
	1073.362691, 382.927219
	1066.033566, 389.901864
	1070.916467, 387.399840

face #3958: 
	1070.916467, 387.399840
	1093.116374, 379.473251
	1073.362691, 382.927219

face #3959: 
	1076.210000, 382.912500
	1069.765625, 391.406250
	1066.033566, 389.901864

face #3960: 
	1066.033566, 389.901864
	1073.362691, 382.927219
	1076.210000, 382.912500

face #3961: 
	1127.100410, 382.966519
	1138.546760, 382.078405
	1137.069215, 385.616650

face #3962: 
	1137.069215, 385.616650
	1140.443750, 385.519650
	1127.100410, 382.966519

face #3963: 
	1122.730769, 392.307692
	1134.943765, 391.320293
	1138.546760, 382.078405

face #3964: 
	1138.546760, 382.078405
	1127.100410, 382.966519
	1122.730769, 392.307692

face #3965: 
	1108.389897, 387.163642
	1116.965535, 389.450829
	1134.943765, 391.320293

face #3966: 
	1134.943765, 391.320293
	1122.730769, 392.307692
	1108.389897, 387.163642

face #3967: 
	1105.714102, 388.290559
	1116.171875, 391.406250
	1116.965535, 389.450829

face #3968: 
	1116.965535, 389.450829
	1108.389897, 387.163642
	1105.714102, 388.290559

face #3969: 
	1095.739549, 388.587122
	1095.584906, 393.396226
	1116.171875, 391.406250

face #3970: 
	1116.171875, 391.406250
	1105.714102, 388.290559
	1095.739549, 388.587122

face #3971: 
	1086.636950, 388.702502
	1116.993815, 408.010917
	1095.584906, 393.396226

face #3972: 
	1095.584906, 393.396226
	1095.739549, 388.587122
	1086.636950, 388.702502

face #3973: 
	1088.360000, 436.440000
	1076.280718, 390.215401
	1116.993815, 408.010917

face #3974: 
	1116.993815, 408.010917
	1086.636950, 388.702502
	1088.360000, 436.440000

face #3975: 
	1071.526236, 383.877595
	1093.116374, 379.473251
	1076.280718, 390.215401

face #3976: 
	1076.280718, 390.215401
	1088.360000, 436.440000
	1071.526236, 383.877595

face #3977: 
	1094.774403, 404.713363
	1073.362691, 382.927219
	1093.116374, 379.473251

face #3978: 
	1093.116374, 379.473251
	1071.526236, 383.877595
	1094.774403, 404.713363

face #3979: 
	1073.630000, 386.962500
	1076.210000, 382.912500
	1073.362691, 382.927219

face #3980: 
	1073.362691, 382.927219
	1094.774403, 404.713363
	1073.630000, 386.962500

face #3981: 
	1112.779385, 384.983779
	1127.100410, 382.966519
	1140.443750, 385.519650

face #3982: 
	1140.443750, 385.519650
	1146.439231, 376.535081
	1112.779385, 384.983779

face #3983: 
	1109.320665, 392.992874
	1122.730769, 392.307692
	1127.100410, 382.966519

face #3984: 
	1127.100410, 382.966519
	1112.779385, 384.983779
	1109.320665, 392.992874

face #3985: 
	1136.140759, 376.537567
	1108.389897, 387.163642
	1122.730769, 392.307692

face #3986: 
	1122.730769, 392.307692
	1109.320665, 392.992874
	1136.140759, 376.537567

face #3987: 
	1116.599747, 409.209514
	1105.714102, 388.290559
	1108.389897, 387.163642

face #3988: 
	1108.389897, 387.163642
	1136.140759, 376.537567
	1116.599747, 409.209514

face #3989: 
	1120.000000, 386.000000
	1095.739549, 388.587122
	1105.714102, 388.290559

face #3990: 
	1105.714102, 388.290559
	1116.599747, 409.209514
	1120.000000, 386.000000

face #3991: 
	1078.811711, 384.253398
	1086.636950, 388.702502
	1095.739549, 388.587122

face #3992: 
	1095.739549, 388.587122
	1120.000000, 386.000000
	1078.811711, 384.253398

face #3993: 
	1074.378634, 383.365698
	1088.360000, 436.440000
	1086.636950, 388.702502

face #3994: 
	1086.636950, 388.702502
	1078.811711, 384.253398
	1074.378634, 383.365698

face #3995: 
	1071.397888, 382.685511
	1071.526236, 383.877595
	1088.360000, 436.440000

face #3996: 
	1088.360000, 436.440000
	1074.378634, 383.365698
	1071.397888, 382.685511

face #3997: 
	1080.412822, 466.542815
	1094.774403, 404.713363
	1071.526236, 383.877595

face #3998: 
	1071.526236, 383.877595
	1071.397888, 382.685511
	1080.412822, 466.542815

face #3999: 
	1064.933232, 384.200573
	1073.630000, 386.962500
	1094.774403, 404.713363

face #4000: 
	1094.774403, 404.713363
	1080.412822, 466.542815
	1064.933232, 384.200573

face #4001: 
	667.189056, 715.333023
	679.190000, 278.782500
	677.507503, 276.933690

face #4002: 
	667.189056, 715.333023
	677.507503, 276.933690
	675.138713, 275.153146

face #4003: 
	667.189056, 715.333023
	675.138713, 275.153146
	672.139390, 273.468550

face #4004: 
	667.189056, 715.333023
	672.139390, 273.468550
	668.571323, 271.908957

face #4005: 
	667.189056, 715.333023
	668.571323, 271.908957
	664.503650, 270.504904

face #4006: 
	667.189056, 715.333023
	664.503650, 270.504904
	660.012845, 269.287504

face #4007: 
	667.189056, 715.333023
	660.012845, 269.287504
	655.182445, 268.288349

face #4008: 
	667.189056, 715.333023
	655.182445, 268.288349
	650.103690, 267.538622

face #4009: 
	667.189056, 715.333023
	650.103690, 267.538622
	644.873576, 267.068350

face #4010: 
	667.189056, 715.333023
	644.873576, 267.068350
	627.700083, 794.225081

face #4011: 
	693.928359, 279.469219
	677.507503, 276.933690
	679.190000, 278.782500

face #4012: 
	679.190000, 278.782500
	696.320000, 282.360000
	693.928359, 279.469219

face #4013: 
	690.393791, 276.650204
	675.138713, 275.153146
	677.507503, 276.933690

face #4014: 
	677.507503, 276.933690
	693.928359, 279.469219
	690.393791, 276.650204

face #4015: 
	685.783416, 273.950651
	672.139390, 273.468550
	675.138713, 275.153146

face #4016: 
	675.138713, 275.153146
	690.393791, 276.650204
	685.783416, 273.950651

face #4017: 
	680.180761, 271.423118
	668.571323, 271.908957
	672.139390, 273.468550

face #4018: 
	672.139390, 273.468550
	685.783416, 273.950651
	680.180761, 271.423118

face #4019: 
	673.686982, 269.123715
	664.503650, 270.504904
	668.571323, 271.908957

face #4020: 
	668.571323, 271.908957
	680.180761, 271.423118
	673.686982, 269.123715

face #4021: 
	666.423031, 267.111554
	660.012845, 269.287504
	664.503650, 270.504904

face #4022: 
	664.503650, 270.504904
	673.686982, 269.123715
	666.423031, 267.111554

face #4023: 
	658.530509, 265.447078
	655.182445, 268.288349
	660.012845, 269.287504

face #4024: 
	660.012845, 269.287504
	666.423031, 267.111554
	658.530509, 265.447078

face #4025: 
	650.170802, 264.190288
	650.103690, 267.538622
	655.182445, 268.288349

face #4026: 
	655.182445, 268.288349
	658.530509, 265.447078
	650.170802, 264.190288

face #4027: 
	641.524909, 263.398626
	644.873576, 267.068350
	650.103690, 267.538622

face #4028: 
	650.103690, 267.538622
	650.170802, 264.190288
	641.524909, 263.398626

face #4029: 
	672.369391, 373.753474
	627.700083, 794.225081
	644.873576, 267.068350

face #4030: 
	644.873576, 267.068350
	641.524909, 263.398626
	672.369391, 373.753474

face #4031: 
	701.096799, 284.574799
	693.928359, 279.469219
	696.320000, 282.360000

face #4032: 
	696.320000, 282.360000
	703.760000, 294.780000
	701.096799, 284.574799

face #4033: 
	697.112392, 281.385353
	690.393791, 276.650204
	693.928359, 279.469219

face #4034: 
	693.928359, 279.469219
	701.096799, 284.574799
	697.112392, 281.385353

face #4035: 
	691.843418, 278.314946
	685.783416, 273.950651
	690.393791, 276.650204

face #4036: 
	690.393791, 276.650204
	697.112392, 281.385353
	691.843418, 278.314946

face #4037: 
	685.377826, 275.425557
	680.180761, 271.423118
	685.783416, 273.950651

face #4038: 
	685.783416, 273.950651
	691.843418, 278.314946
	685.377826, 275.425557

face #4039: 
	677.827411, 272.784697
	673.686982, 269.123715
	680.180761, 271.423118

face #4040: 
	680.180761, 271.423118
	685.377826, 275.425557
	677.827411, 272.784697

face #4041: 
	669.331114, 270.464105
	666.423031, 267.111554
	673.686982, 269.123715

face #4042: 
	673.686982, 269.123715
	677.827411, 272.784697
	669.331114, 270.464105

face #4043: 
	686.968053, 309.702171
	658.530509, 265.447078
	666.423031, 267.111554

face #4044: 
	666.423031, 267.111554
	669.331114, 270.464105
	686.968053, 309.702171

face #4045: 
	650.201225, 267.078810
	650.170802, 264.190288
	658.530509, 265.447078

face #4046: 
	658.530509, 265.447078
	686.968053, 309.702171
	650.201225, 267.078810

face #4047: 
	639.987530, 266.158049
	641.524909, 263.398626
	650.170802, 264.190288

face #4048: 
	650.170802, 264.190288
	650.201225, 267.078810
	639.987530, 266.158049

face #4049: 
	650.000000, 750.000000
	672.369391, 373.753474
	641.524909, 263.398626

face #4050: 
	641.524909, 263.398626
	639.987530, 266.158049
	650.000000, 750.000000

face #4051: 
	701.126001, 291.665239
	701.096799, 284.574799
	703.760000, 294.780000

face #4052: 
	703.760000, 294.780000
	703.760000, 294.780000
	701.126001, 291.665239

face #4053: 
	697.139680, 288.610846
	697.112392, 281.385353
	701.096799, 284.574799

face #4054: 
	701.096799, 284.574799
	701.126001, 291.665239
	697.139680, 288.610846

face #4055: 
	691.867965, 285.670330
	691.843418, 278.314946
	697.112392, 281.385353

face #4056: 
	697.112392, 281.385353
	697.139680, 288.610846
	691.867965, 285.670330

face #4057: 
	685.398613, 282.903086
	685.377826, 275.425557
	691.843418, 278.314946

face #4058: 
	691.843418, 278.314946
	691.867965, 285.670330
	685.398613, 282.903086

face #4059: 
	677.843533, 280.373756
	677.827411, 272.784697
	685.377826, 275.425557

face #4060: 
	685.377826, 275.425557
	685.398613, 282.903086
	677.843533, 280.373756

face #4061: 
	669.341976, 278.151035
	669.331114, 270.464105
	677.827411, 272.784697

face #4062: 
	677.827411, 272.784697
	677.843533, 280.373756
	669.341976, 278.151035

face #4063: 
	660.062001, 276.305765
	686.968053, 309.702171
	669.331114, 270.464105

face #4064: 
	669.331114, 270.464105
	669.341976, 278.151035
	660.062001, 276.305765

face #4065: 
	650.200280, 274.908452
	650.201225, 267.078810
	686.968053, 309.702171

face #4066: 
	686.968053, 309.702171
	660.062001, 276.305765
	650.200280, 274.908452

face #4067: 
	639.980379, 274.026441
	639.987530, 266.158049
	650.201225, 267.078810

face #4068: 
	650.201225, 267.078810
	650.200280, 274.908452
	639.980379, 274.026441

face #4069: 
	666.007623, 311.344688
	650.000000, 750.000000
	639.987530, 266.158049

face #4070: 
	639.987530, 266.158049
	639.980379, 274.026441
	666.007623, 311.344688

face #4071: 
	696.275062, 300.139590
	701.126001, 291.665239
	703.760000, 294.780000

face #4072: 
	703.760000, 294.780000
	698.750000, 302.812500
	696.275062, 300.139590

face #4073: 
	692.588874, 297.528025
	697.139680, 288.610846
	701.126001, 291.665239

face #4074: 
	701.126001, 291.665239
	696.275062, 300.139590
	692.588874, 297.528025

face #4075: 
	687.759296, 295.022668
	691.867965, 285.670330
	697.139680, 288.610846

face #4076: 
	697.139680, 288.610846
	692.588874, 297.528025
	687.759296, 295.022668

face #4077: 
	681.871497, 292.672871
	685.398613, 282.903086
	691.867965, 285.670330

face #4078: 
	691.867965, 285.670330
	687.759296, 295.022668
	681.871497, 292.672871

face #4079: 
	675.030724, 290.531801
	677.843533, 280.373756
	685.398613, 282.903086

face #4080: 
	685.398613, 282.903086
	681.871497, 292.672871
	675.030724, 290.531801

face #4081: 
	667.364205, 288.655487
	669.341976, 278.151035
	677.843533, 280.373756

face #4082: 
	677.843533, 280.373756
	675.030724, 290.531801
	667.364205, 288.655487

face #4083: 
	659.022102, 287.101481
	660.062001, 276.305765
	669.341976, 278.151035

face #4084: 
	669.341976, 278.151035
	667.364205, 288.655487
	659.022102, 287.101481

face #4085: 
	650.177464, 285.926980
	650.200280, 274.908452
	660.062001, 276.305765

face #4086: 
	660.062001, 276.305765
	659.022102, 287.101481
	650.177464, 285.926980

face #4087: 
	641.024632, 285.186584
	639.980379, 274.026441
	650.200280, 274.908452

face #4088: 
	650.200280, 274.908452
	650.177464, 285.926980
	641.024632, 285.186584

face #4089: 
	659.137294, 289.212264
	666.007623, 311.344688
	639.980379, 274.026441

face #4090: 
	639.980379, 274.026441
	641.024632, 285.186584
	659.137294, 289.212264

face #4091: 
	688.845294, 309.409645
	696.275062, 300.139590
	698.750000, 302.812500

face #4092: 
	698.750000, 302.812500
	696.197532, 290.002596
	688.845294, 309.409645

face #4093: 
	685.650899, 307.359118
	692.588874, 297.528025
	696.275062, 300.139590

face #4094: 
	696.275062, 300.139590
	688.845294, 309.409645
	685.650899, 307.359118

face #4095: 
	681.522982, 305.402564
	687.759296, 295.022668
	692.588874, 297.528025

face #4096: 
	692.588874, 297.528025
	685.650899, 307.359118
	681.522982, 305.402564

face #4097: 
	676.540265, 303.576785
	681.871497, 292.672871
	687.759296, 295.022668

face #4098: 
	687.759296, 295.022668
	681.522982, 305.402564
	676.540265, 303.576785

face #4099: 
	670.795230, 301.920922
	675.030724, 290.531801
	681.871497, 292.672871

face #4100: 
	681.871497, 292.672871
	676.540265, 303.576785
	670.795230, 301.920922

face #4101: 
	664.395798, 300.475901
	667.364205, 288.655487
	675.030724, 290.531801

face #4102: 
	675.030724, 290.531801
	670.795230, 301.920922
	664.395798, 300.475901

face #4103: 
	657.465687, 299.283367
	659.022102, 287.101481
	667.364205, 288.655487

face #4104: 
	667.364205, 288.655487
	664.395798, 300.475901
	657.465687, 299.283367

face #4105: 
	650.143590, 298.384542
	650.177464, 285.926980
	659.022102, 287.101481

face #4106: 
	659.022102, 287.101481
	657.465687, 299.283367
	650.143590, 298.384542

face #4107: 
	642.582387, 297.819047
	641.024632, 285.186584
	650.177464, 285.926980

face #4108: 
	650.177464, 285.926980
	650.143590, 298.384542
	642.582387, 297.819047

face #4109: 
	663.999033, 298.005319
	659.137294, 289.212264
	641.024632, 285.186584

face #4110: 
	641.024632, 285.186584
	642.582387, 297.819047
	663.999033, 298.005319

face #4111: 
	690.913225, 293.791155
	688.845294, 309.409645
	696.197532, 290.002596

face #4112: 
	696.197532, 290.002596
	689.245971, 318.645749
	690.913225, 293.791155

face #4113: 
	716.422380, 403.416751
	685.650899, 307.359118
	688.845294, 309.409645

face #4114: 
	688.845294, 309.409645
	690.913225, 293.791155
	716.422380, 403.416751

face #4115: 
	675.105406, 315.942910
	681.522982, 305.402564
	685.650899, 307.359118

face #4116: 
	685.650899, 307.359118
	716.422380, 403.416751
	675.105406, 315.942910

face #4117: 
	671.081500, 314.598178
	676.540265, 303.576785
	681.522982, 305.402564

face #4118: 
	681.522982, 305.402564
	675.105406, 315.942910
	671.081500, 314.598178

face #4119: 
	666.477952, 313.384380
	670.795230, 301.920922
	676.540265, 303.576785

face #4120: 
	676.540265, 303.576785
	671.081500, 314.598178
	666.477952, 313.384380

face #4121: 
	661.381883, 312.329559
	664.395798, 300.475901
	670.795230, 301.920922

face #4122: 
	670.795230, 301.920922
	666.477952, 313.384380
	661.381883, 312.329559

face #4123: 
	655.889991, 311.462154
	657.465687, 299.283367
	664.395798, 300.475901

face #4124: 
	664.395798, 300.475901
	661.381883, 312.329559
	655.889991, 311.462154

face #4125: 
	650.108340, 310.810166
	650.143590, 298.384542
	657.465687, 299.283367

face #4126: 
	657.465687, 299.283367
	655.889991, 311.462154
	650.108340, 310.810166

face #4127: 
	644.151607, 310.400802
	642.582387, 297.819047
	650.143590, 298.384542

face #4128: 
	650.143590, 298.384542
	650.108340, 310.810166
	644.151607, 310.400802

face #4129: 
	677.504355, 379.834495
	663.999033, 298.005319
	642.582387, 297.819047

face #4130: 
	642.582387, 297.819047
	644.151607, 310.400802
	677.504355, 379.834495

face #4131: 
	672.768321, 341.656073
	690.913225, 293.791155
	689.245971, 318.645749

face #4132: 
	689.245971, 318.645749
	689.669864, 718.725286
	672.768321, 341.656073

face #4133: 
	679.612165, 283.785878
	716.422380, 403.416751
	690.913225, 293.791155

face #4134: 
	690.913225, 293.791155
	672.768321, 341.656073
	679.612165, 283.785878

face #4135: 
	669.095271, 340.671161
	675.105406, 315.942910
	716.422380, 403.416751

face #4136: 
	716.422380, 403.416751
	679.612165, 283.785878
	669.095271, 340.671161

face #4137: 
	668.959123, 334.662052
	671.081500, 314.598178
	675.105406, 315.942910

face #4138: 
	675.105406, 315.942910
	669.095271, 340.671161
	668.959123, 334.662052

face #4139: 
	657.601570, 342.184973
	666.477952, 313.384380
	671.081500, 314.598178

face #4140: 
	671.081500, 314.598178
	668.959123, 334.662052
	657.601570, 342.184973

face #4141: 
	659.166327, 323.208445
	661.381883, 312.329559
	666.477952, 313.384380

face #4142: 
	666.477952, 313.384380
	657.601570, 342.184973
	659.166327, 323.208445

face #4143: 
	654.733931, 322.564869
	655.889991, 311.462154
	661.381883, 312.329559

face #4144: 
	661.381883, 312.329559
	659.166327, 323.208445
	654.733931, 322.564869

face #4145: 
	650.080731, 322.082155
	650.108340, 310.810166
	655.889991, 311.462154

face #4146: 
	655.889991, 311.462154
	654.733931, 322.564869
	650.080731, 322.082155

face #4147: 
	645.295230, 321.779386
	644.151607, 310.400802
	650.108340, 310.810166

face #4148: 
	650.108340, 310.810166
	650.080731, 322.082155
	645.295230, 321.779386

face #4149: 
	660.239766, 329.338002
	677.504355, 379.834495
	644.151607, 310.400802

face #4150: 
	644.151607, 310.400802
	645.295230, 321.779386
	660.239766, 329.338002

face #4151: 
	683.659825, 358.050338
	672.768321, 341.656073
	689.669864, 718.725286

face #4152: 
	689.669864, 718.725286
	692.977721, 373.177908
	683.659825, 358.050338

face #4153: 
	704.406490, 390.059137
	679.612165, 283.785878
	672.768321, 341.656073

face #4154: 
	672.768321, 341.656073
	683.659825, 358.050338
	704.406490, 390.059137

face #4155: 
	683.823761, 315.759544
	669.095271, 340.671161
	679.612165, 283.785878

face #4156: 
	679.612165, 283.785878
	704.406490, 390.059137
	683.823761, 315.759544

face #4157: 
	676.449839, 286.330292
	668.959123, 334.662052
	669.095271, 340.671161

face #4158: 
	669.095271, 340.671161
	683.823761, 315.759544
	676.449839, 286.330292

face #4159: 
	650.162870, 791.673121
	657.601570, 342.184973
	668.959123, 334.662052

face #4160: 
	668.959123, 334.662052
	676.449839, 286.330292
	650.162870, 791.673121

face #4161: 
	673.536608, 328.426446
	659.166327, 323.208445
	657.601570, 342.184973

face #4162: 
	657.601570, 342.184973
	650.162870, 791.673121
	673.536608, 328.426446

face #4163: 
	654.398409, 331.771717
	654.733931, 322.564869
	659.166327, 323.208445

face #4164: 
	659.166327, 323.208445
	673.536608, 328.426446
	654.398409, 331.771717

face #4165: 
	650.068057, 331.354485
	650.080731, 322.082155
	654.733931, 322.564869

face #4166: 
	654.733931, 322.564869
	654.398409, 331.771717
	650.068057, 331.354485

face #4167: 
	645.618404, 331.092899
	645.295230, 321.779386
	650.080731, 322.082155

face #4168: 
	650.080731, 322.082155
	650.068057, 331.354485
	645.618404, 331.092899

face #4169: 
	580.227830, 885.538991
	660.239766, 329.338002
	645.295230, 321.779386

face #4170: 
	645.295230, 321.779386
	645.618404, 331.092899
	580.227830, 885.538991

face #4171: 
	680.916218, 346.136132
	683.659825, 358.050338
	692.977721, 373.177908

face #4172: 
	692.977721, 373.177908
	680.000000, 345.000000
	680.916218, 346.136132

face #4173: 
	681.023354, 347.186769
	704.406490, 390.059137
	683.659825, 358.050338

face #4174: 
	683.659825, 358.050338
	680.916218, 346.136132
	681.023354, 347.186769

face #4175: 
	680.386938, 348.143693
	683.823761, 315.759544
	704.406490, 390.059137

face #4176: 
	704.406490, 390.059137
	681.023354, 347.186769
	680.386938, 348.143693

face #4177: 
	679.066713, 348.999097
	676.449839, 286.330292
	683.823761, 315.759544

face #4178: 
	683.823761, 315.759544
	680.386938, 348.143693
	679.066713, 348.999097

face #4179: 
	677.116486, 349.745385
	650.162870, 791.673121
	676.449839, 286.330292

face #4180: 
	676.449839, 286.330292
	679.066713, 348.999097
	677.116486, 349.745385

face #4181: 
	674.584042, 350.374970
	673.536608, 328.426446
	650.162870, 791.673121

face #4182: 
	650.162870, 791.673121
	677.116486, 349.745385
	674.584042, 350.374970

face #4183: 
	655.305113, 338.378303
	654.398409, 331.771717
	673.536608, 328.426446

face #4184: 
	673.536608, 328.426446
	674.584042, 350.374970
	655.305113, 338.378303

face #4185: 
	650.078575, 337.902271
	650.068057, 331.354485
	654.398409, 331.771717

face #4186: 
	654.398409, 331.771717
	655.305113, 338.378303
	650.078575, 337.902271

face #4187: 
	644.702588, 337.603405
	645.618404, 331.092899
	650.068057, 331.354485

face #4188: 
	650.068057, 331.354485
	650.078575, 337.902271
	644.702588, 337.603405

face #4189: 
	500.703347, 1010.410535
	580.227830, 885.538991
	645.618404, 331.092899

face #4190: 
	645.618404, 331.092899
	644.702588, 337.603405
	500.703347, 1010.410535

face #4191: 
	667.189056, 715.333023
	639.595067, 266.905789
	634.601390, 267.068350

face #4192: 
	667.189056, 715.333023
	634.601390, 267.068350
	630.195266, 267.538622

face #4193: 
	667.189056, 715.333023
	630.195266, 267.538622
	626.430152, 268.288349

face #4194: 
	667.189056, 715.333023
	626.430152, 268.288349
	623.350428, 269.287504

face #4195: 
	667.189056, 715.333023
	623.350428, 269.287504
	620.992699, 270.504904

face #4196: 
	667.189056, 715.333023
	620.992699, 270.504904
	619.385149, 271.908957

face #4197: 
	667.189056, 715.333023
	619.385149, 271.908957
	618.549734, 273.468550

face #4198: 
	667.189056, 715.333023
	618.549734, 273.468550
	618.502087, 275.153146

face #4199: 
	667.189056, 715.333023
	618.502087, 275.153146
	619.253091, 276.933690

face #4200: 
	667.189056, 715.333023
	619.253091, 276.933690
	620.810000, 278.782500

face #4201: 
	624.542782, 263.398626
	634.601390, 267.068350
	639.595067, 266.905789

face #4202: 
	639.595067, 266.905789
	632.788347, 263.124257
	624.542782, 263.398626

face #4203: 
	617.313607, 264.190288
	630.195266, 267.538622
	634.601390, 267.068350

face #4204: 
	634.601390, 267.068350
	624.542782, 263.398626
	617.313607, 264.190288

face #4205: 
	611.202988, 265.447078
	626.430152, 268.288349
	630.195266, 267.538622

face #4206: 
	630.195266, 267.538622
	617.313607, 264.190288
	611.202988, 265.447078

face #4207: 
	606.289127, 267.111554
	623.350428, 269.287504
	626.430152, 268.288349

face #4208: 
	626.430152, 268.288349
	611.202988, 265.447078
	606.289127, 267.111554

face #4209: 
	602.626037, 269.123715
	620.992699, 270.504904
	623.350428, 269.287504

face #4210: 
	623.350428, 269.287504
	606.289127, 267.111554
	602.626037, 269.123715

face #4211: 
	600.247154, 271.423118
	619.385149, 271.908957
	620.992699, 270.504904

face #4212: 
	620.992699, 270.504904
	602.626037, 269.123715
	600.247154, 271.423118

face #4213: 
	599.167641, 273.950651
	618.549734, 273.468550
	619.385149, 271.908957

face #4214: 
	619.385149, 271.908957
	600.247154, 271.423118
	599.167641, 273.950651

face #4215: 
	599.388250, 276.650204
	618.502087, 275.153146
	618.549734, 273.468550

face #4216: 
	618.549734, 273.468550
	599.167641, 273.950651
	599.388250, 276.650204

face #4217: 
	600.898447, 279.469219
	619.253091, 276.933690
	618.502087, 275.153146

face #4218: 
	618.502087, 275.153146
	599.388250, 276.650204
	600.898447, 279.469219

face #4219: 
	603.680000, 282.360000
	620.810000, 278.782500
	619.253091, 276.933690

face #4220: 
	619.253091, 276.933690
	600.898447, 279.469219
	603.680000, 282.360000

face #4221: 
	619.926541, 266.158049
	624.542782, 263.398626
	632.788347, 263.124257

face #4222: 
	632.788347, 263.124257
	629.661594, 265.838633
	619.926541, 266.158049

face #4223: 
	611.416146, 267.078810
	617.313607, 264.190288
	624.542782, 263.398626

face #4224: 
	624.542782, 263.398626
	619.926541, 266.158049
	611.416146, 267.078810

face #4225: 
	637.366686, 358.050338
	611.202988, 265.447078
	617.313607, 264.190288

face #4226: 
	617.313607, 264.190288
	611.416146, 267.078810
	637.366686, 358.050338

face #4227: 
	598.548653, 270.464105
	606.289127, 267.111554
	611.202988, 265.447078

face #4228: 
	611.202988, 265.447078
	637.366686, 358.050338
	598.548653, 270.464105

face #4229: 
	594.345177, 272.784697
	602.626037, 269.123715
	606.289127, 267.111554

face #4230: 
	606.289127, 267.111554
	598.548653, 270.464105
	594.345177, 272.784697

face #4231: 
	591.680042, 275.425557
	600.247154, 271.423118
	602.626037, 269.123715

face #4232: 
	602.626037, 269.123715
	594.345177, 272.784697
	591.680042, 275.425557

face #4233: 
	590.559479, 278.314946
	599.167641, 273.950651
	600.247154, 271.423118

face #4234: 
	600.247154, 271.423118
	591.680042, 275.425557
	590.559479, 278.314946

face #4235: 
	590.970395, 281.385353
	599.388250, 276.650204
	599.167641, 273.950651

face #4236: 
	599.167641, 273.950651
	590.559479, 278.314946
	590.970395, 281.385353

face #4237: 
	592.886088, 284.574799
	600.898447, 279.469219
	599.388250, 276.650204

face #4238: 
	599.388250, 276.650204
	590.970395, 281.385353
	592.886088, 284.574799

face #4239: 
	600.846694, 297.774578
	603.680000, 282.360000
	600.898447, 279.469219

face #4240: 
	600.898447, 279.469219
	592.886088, 284.574799
	600.846694, 297.774578

face #4241: 
	619.908374, 274.026441
	619.926541, 266.158049
	629.661594, 265.838633

face #4242: 
	629.661594, 265.838633
	629.648698, 273.720472
	619.908374, 274.026441

face #4243: 
	611.393171, 274.908452
	611.416146, 267.078810
	619.926541, 266.158049

face #4244: 
	619.926541, 266.158049
	619.908374, 274.026441
	611.393171, 274.908452

face #4245: 
	604.232095, 276.305765
	637.366686, 358.050338
	611.416146, 267.078810

face #4246: 
	611.416146, 267.078810
	611.393171, 274.908452
	604.232095, 276.305765

face #4247: 
	598.518547, 278.151035
	598.548653, 270.464105
	637.366686, 358.050338

face #4248: 
	637.366686, 358.050338
	604.232095, 276.305765
	598.518547, 278.151035

face #4249: 
	594.312935, 280.373756
	594.345177, 272.784697
	598.548653, 270.464105

face #4250: 
	598.548653, 270.464105
	598.518547, 278.151035
	594.312935, 280.373756

face #4251: 
	591.646392, 282.903086
	591.680042, 275.425557
	594.345177, 272.784697

face #4252: 
	594.345177, 272.784697
	594.312935, 280.373756
	591.646392, 282.903086

face #4253: 
	590.525406, 285.670330
	590.559479, 278.314946
	591.680042, 275.425557

face #4254: 
	591.680042, 275.425557
	591.646392, 282.903086
	590.525406, 285.670330

face #4255: 
	590.936945, 288.610846
	590.970395, 281.385353
	590.559479, 278.314946

face #4256: 
	590.559479, 278.314946
	590.525406, 285.670330
	590.936945, 288.610846

face #4257: 
	592.853973, 291.665239
	592.886088, 284.574799
	590.970395, 281.385353

face #4258: 
	590.970395, 281.385353
	590.936945, 288.610846
	592.853973, 291.665239

face #4259: 
	596.240000, 294.780000
	600.846694, 297.774578
	592.886088, 284.574799

face #4260: 
	592.886088, 284.574799
	592.853973, 291.665239
	596.240000, 294.780000

face #4261: 
	623.049934, 285.186584
	619.908374, 274.026441
	629.648698, 273.720472

face #4262: 
	629.648698, 273.720472
	631.775701, 284.929907
	623.049934, 285.186584

face #4263: 
	615.406190, 285.926980
	611.393171, 274.908452
	619.908374, 274.026441

face #4264: 
	619.908374, 274.026441
	623.049934, 285.186584
	615.406190, 285.926980

face #4265: 
	608.955439, 287.101481
	604.232095, 276.305765
	611.393171, 274.908452

face #4266: 
	611.393171, 274.908452
	615.406190, 285.926980
	608.955439, 287.101481

face #4267: 
	603.780737, 288.655487
	598.518547, 278.151035
	604.232095, 276.305765

face #4268: 
	604.232095, 276.305765
	608.955439, 287.101481
	603.780737, 288.655487

face #4269: 
	599.938551, 290.531801
	594.312935, 280.373756
	598.518547, 278.151035

face #4270: 
	598.518547, 278.151035
	603.780737, 288.655487
	599.938551, 290.531801

face #4271: 
	597.461744, 292.672871
	591.646392, 282.903086
	594.312935, 280.373756

face #4272: 
	594.312935, 280.373756
	599.938551, 290.531801
	597.461744, 292.672871

face #4273: 
	596.363339, 295.022668
	590.525406, 285.670330
	591.646392, 282.903086

face #4274: 
	591.646392, 282.903086
	597.461744, 292.672871
	596.363339, 295.022668

face #4275: 
	596.640221, 297.528025
	590.936945, 288.610846
	590.525406, 285.670330

face #4276: 
	590.525406, 285.670330
	596.363339, 295.022668
	596.640221, 297.528025

face #4277: 
	598.276968, 300.139590
	592.853973, 291.665239
	590.936945, 288.610846

face #4278: 
	590.936945, 288.610846
	596.640221, 297.528025
	598.276968, 300.139590

face #4279: 
	601.250000, 302.812500
	596.240000, 294.780000
	592.853973, 291.665239

face #4280: 
	592.853973, 291.665239
	598.276968, 300.139590
	601.250000, 302.812500

face #4281: 
	627.736173, 297.819047
	623.049934, 285.186584
	631.775701, 284.929907

face #4282: 
	631.775701, 284.929907
	634.947183, 297.623239
	627.736173, 297.819047

face #4283: 
	621.400045, 298.384542
	615.406190, 285.926980
	623.049934, 285.186584

face #4284: 
	623.049934, 285.186584
	627.736173, 297.819047
	621.400045, 298.384542

face #4285: 
	616.025143, 299.283367
	608.955439, 287.101481
	615.406190, 285.926980

face #4286: 
	615.406190, 285.926980
	621.400045, 298.384542
	616.025143, 299.283367

face #4287: 
	611.678511, 300.475901
	603.780737, 288.655487
	608.955439, 287.101481

face #4288: 
	608.955439, 287.101481
	616.025143, 299.283367
	611.678511, 300.475901

face #4289: 
	608.409540, 301.920922
	599.938551, 290.531801
	603.780737, 288.655487

face #4290: 
	603.780737, 288.655487
	611.678511, 300.475901
	608.409540, 301.920922

face #4291: 
	606.251729, 303.576785
	597.461744, 292.672871
	599.938551, 290.531801

face #4292: 
	599.938551, 290.531801
	608.409540, 301.920922
	606.251729, 303.576785

face #4293: 
	605.224341, 305.402564
	596.363339, 295.022668
	597.461744, 292.672871

face #4294: 
	597.461744, 292.672871
	606.251729, 303.576785
	605.224341, 305.402564

face #4295: 
	605.335059, 307.359118
	596.640221, 297.528025
	596.363339, 295.022668

face #4296: 
	596.363339, 295.022668
	605.224341, 305.402564
	605.335059, 307.359118

face #4297: 
	606.582880, 309.409645
	598.276968, 300.139590
	596.640221, 297.528025

face #4298: 
	596.640221, 297.528025
	605.335059, 307.359118
	606.582880, 309.409645

face #4299: 
	676.440518, 441.674545
	601.250000, 302.812500
	598.276968, 300.139590

face #4300: 
	598.276968, 300.139590
	606.582880, 309.409645
	676.440518, 441.674545

face #4301: 
	632.458810, 310.400802
	627.736173, 297.819047
	634.947183, 297.623239

face #4302: 
	634.947183, 297.623239
	638.141141, 310.259154
	632.458810, 310.400802

face #4303: 
	627.450392, 310.810166
	621.400045, 298.384542
	627.736173, 297.819047

face #4304: 
	627.736173, 297.819047
	632.458810, 310.400802
	627.450392, 310.810166

face #4305: 
	623.179109, 311.462154
	616.025143, 299.283367
	621.400045, 298.384542

face #4306: 
	621.400045, 298.384542
	627.450392, 310.810166
	623.179109, 311.462154

face #4307: 
	619.696610, 312.329559
	611.678511, 300.475901
	616.025143, 299.283367

face #4308: 
	616.025143, 299.283367
	623.179109, 311.462154
	619.696610, 312.329559

face #4309: 
	617.044096, 313.384380
	608.409540, 301.920922
	611.678511, 300.475901

face #4310: 
	611.678511, 300.475901
	619.696610, 312.329559
	617.044096, 313.384380

face #4311: 
	615.252381, 314.598178
	606.251729, 303.576785
	608.409540, 301.920922

face #4312: 
	608.409540, 301.920922
	617.044096, 313.384380
	615.252381, 314.598178

face #4313: 
	614.343625, 315.942910
	605.224341, 305.402564
	606.251729, 303.576785

face #4314: 
	606.251729, 303.576785
	615.252381, 314.598178
	614.343625, 315.942910

face #4315: 
	620.000000, 345.000000
	605.335059, 307.359118
	605.224341, 305.402564

face #4316: 
	605.224341, 305.402564
	614.343625, 315.942910
	620.000000, 345.000000

face #4317: 
	649.795714, 379.182105
	606.582880, 309.409645
	605.335059, 307.359118

face #4318: 
	605.335059, 307.359118
	620.000000, 345.000000
	649.795714, 379.182105

face #4319: 
	629.543388, 293.791155
	676.440518, 441.674545
	606.582880, 309.409645

face #4320: 
	606.582880, 309.409645
	649.795714, 379.182105
	629.543388, 293.791155

face #4321: 
	635.906625, 321.779386
	632.458810, 310.400802
	638.141141, 310.259154

face #4322: 
	638.141141, 310.259154
	640.470788, 321.674702
	635.906625, 321.779386

face #4323: 
	631.873906, 322.082155
	627.450392, 310.810166
	632.458810, 310.400802

face #4324: 
	632.458810, 310.400802
	635.906625, 321.779386
	631.873906, 322.082155

face #4325: 
	628.420889, 322.564869
	623.179109, 311.462154
	627.450392, 310.810166

face #4326: 
	627.450392, 310.810166
	631.873906, 322.082155
	628.420889, 322.564869

face #4327: 
	625.588633, 323.208445
	619.696610, 312.329559
	623.179109, 311.462154

face #4328: 
	623.179109, 311.462154
	628.420889, 322.564869
	625.588633, 323.208445

face #4329: 
	643.655553, 321.918865
	617.044096, 313.384380
	619.696610, 312.329559

face #4330: 
	619.696610, 312.329559
	625.588633, 323.208445
	643.655553, 321.918865

face #4331: 
	642.901752, 296.433265
	615.252381, 314.598178
	617.044096, 313.384380

face #4332: 
	617.044096, 313.384380
	643.655553, 321.918865
	642.901752, 296.433265

face #4333: 
	668.200253, 390.059137
	614.343625, 315.942910
	615.252381, 314.598178

face #4334: 
	615.252381, 314.598178
	642.901752, 296.433265
	668.200253, 390.059137

face #4335: 
	649.834157, 373.177908
	620.000000, 345.000000
	614.343625, 315.942910

face #4336: 
	614.343625, 315.942910
	668.200253, 390.059137
	649.834157, 373.177908

face #4337: 
	629.154540, 283.785878
	649.795714, 379.182105
	620.000000, 345.000000

face #4338: 
	620.000000, 345.000000
	649.834157, 373.177908
	629.154540, 283.785878

face #4339: 
	630.678805, 325.904229
	629.543388, 293.791155
	649.795714, 379.182105

face #4340: 
	649.795714, 379.182105
	629.154540, 283.785878
	630.678805, 325.904229

face #4341: 
	636.893841, 331.092899
	635.906625, 321.779386
	640.470788, 321.674702

face #4342: 
	640.470788, 321.674702
	641.135353, 331.002436
	636.893841, 331.092899

face #4343: 
	633.142638, 331.354485
	631.873906, 322.082155
	635.906625, 321.779386

face #4344: 
	635.906625, 321.779386
	636.893841, 331.092899
	633.142638, 331.354485

face #4345: 
	629.926314, 331.771717
	628.420889, 322.564869
	631.873906, 322.082155

face #4346: 
	631.873906, 322.082155
	633.142638, 331.354485
	629.926314, 331.771717

face #4347: 
	649.859627, 297.292734
	625.588633, 323.208445
	628.420889, 322.564869

face #4348: 
	628.420889, 322.564869
	629.926314, 331.771717
	649.859627, 297.292734

face #4349: 
	640.773014, 350.374970
	643.655553, 321.918865
	625.588633, 323.208445

face #4350: 
	625.588633, 323.208445
	649.859627, 297.292734
	640.773014, 350.374970

face #4351: 
	666.055426, 385.113861
	642.901752, 296.433265
	643.655553, 321.918865

face #4352: 
	643.655553, 321.918865
	640.773014, 350.374970
	666.055426, 385.113861

face #4353: 
	621.915530, 324.898349
	668.200253, 390.059137
	642.901752, 296.433265

face #4354: 
	642.901752, 296.433265
	666.055426, 385.113861
	621.915530, 324.898349

face #4355: 
	632.808950, 285.145182
	649.834157, 373.177908
	668.200253, 390.059137

face #4356: 
	668.200253, 390.059137
	621.915530, 324.898349
	632.808950, 285.145182

face #4357: 
	637.584527, 321.044843
	629.154540, 283.785878
	649.834157, 373.177908

face #4358: 
	649.834157, 373.177908
	632.808950, 285.145182
	637.584527, 321.044843

face #4359: 
	641.872632, 309.702171
	630.678805, 325.904229
	629.154540, 283.785878

face #4360: 
	629.154540, 283.785878
	637.584527, 321.044843
	641.872632, 309.702171

face #4361: 
	634.164283, 337.603405
	636.893841, 331.092899
	641.135353, 331.002436

face #4362: 
	641.135353, 331.002436
	639.285714, 337.500000
	634.164283, 337.603405

face #4363: 
	629.642198, 337.902271
	633.142638, 331.354485
	636.893841, 331.092899

face #4364: 
	636.893841, 331.092899
	634.164283, 337.603405
	629.642198, 337.902271

face #4365: 
	625.775753, 338.378303
	629.926314, 331.771717
	633.142638, 331.354485

face #4366: 
	633.142638, 331.354485
	629.642198, 337.902271
	625.775753, 338.378303

face #4367: 
	640.986820, 287.329532
	649.859627, 297.292734
	629.926314, 331.771717

face #4368: 
	629.926314, 331.771717
	625.775753, 338.378303
	640.986820, 287.329532

face #4369: 
	636.775080, 286.330292
	640.773014, 350.374970
	649.859627, 297.292734

face #4370: 
	649.859627, 297.292734
	640.986820, 287.329532
	636.775080, 286.330292

face #4371: 
	621.123892, 325.904754
	666.055426, 385.113861
	640.773014, 350.374970

face #4372: 
	640.773014, 350.374970
	636.775080, 286.330292
	621.123892, 325.904754

face #4373: 
	621.715288, 328.143778
	621.915530, 324.898349
	666.055426, 385.113861

face #4374: 
	666.055426, 385.113861
	621.123892, 325.904754
	621.715288, 328.143778

face #4375: 
	514.376393, 923.489282
	632.808950, 285.145182
	621.915530, 324.898349

face #4376: 
	621.915530, 324.898349
	621.715288, 328.143778
	514.376393, 923.489282

face #4377: 
	626.544452, 324.752774
	637.584527, 321.044843
	632.808950, 285.145182

face #4378: 
	632.808950, 285.145182
	514.376393, 923.489282
	626.544452, 324.752774

face #4379: 
	631.392983, 357.252873
	641.872632, 309.702171
	637.584527, 321.044843

face #4380: 
	637.584527, 321.044843
	626.544452, 324.752774
	631.392983, 357.252873

face #4381: 
	667.189056, 715.333023
	631.736700, 319.950339
	625.224557, 347.186769

face #4382: 
	667.189056, 715.333023
	625.224557, 347.186769
	636.104774, 295.261431

face #4383: 
	667.189056, 715.333023
	636.104774, 295.261431
	621.053085, 326.992776

face #4384: 
	667.189056, 715.333023
	621.053085, 326.992776
	547.396499, 882.945221

face #4385: 
	667.189056, 715.333023
	547.396499, 882.945221
	623.837084, 333.790304

face #4386: 
	667.189056, 715.333023
	623.837084, 333.790304
	582.327590, 838.671110

face #4387: 
	667.189056, 715.333023
	582.327590, 838.671110
	649.905508, 359.155582

face #4388: 
	667.189056, 715.333023
	649.905508, 359.155582
	657.905598, 311.154801

face #4389: 
	667.189056, 715.333023
	657.905598, 311.154801
	654.180825, 336.058629

face #4390: 
	667.189056, 715.333023
	654.180825, 336.058629
	632.788347, 263.124257

face #4391: 
	519.990980, 875.593257
	625.224557, 347.186769
	631.736700, 319.950339

face #4392: 
	631.736700, 319.950339
	610.264383, 307.742940
	519.990980, 875.593257

face #4393: 
	677.815404, 471.285346
	636.104774, 295.261431
	625.224557, 347.186769

face #4394: 
	625.224557, 347.186769
	519.990980, 875.593257
	677.815404, 471.285346

face #4395: 
	608.960000, 311.520000
	621.053085, 326.992776
	636.104774, 295.261431

face #4396: 
	636.104774, 295.261431
	677.815404, 471.285346
	608.960000, 311.520000

face #4397: 
	604.267450, 346.664482
	547.396499, 882.945221
	621.053085, 326.992776

face #4398: 
	621.053085, 326.992776
	608.960000, 311.520000
	604.267450, 346.664482

face #4399: 
	615.226195, 318.917652
	623.837084, 333.790304
	547.396499, 882.945221

face #4400: 
	547.396499, 882.945221
	604.267450, 346.664482
	615.226195, 318.917652

face #4401: 
	599.577472, 343.841951
	582.327590, 838.671110
	623.837084, 333.790304

face #4402: 
	623.837084, 333.790304
	615.226195, 318.917652
	599.577472, 343.841951

face #4403: 
	636.441757, 349.745385
	649.905508, 359.155582
	582.327590, 838.671110

face #4404: 
	582.327590, 838.671110
	599.577472, 343.841951
	636.441757, 349.745385

face #4405: 
	645.289065, 350.880059
	657.905598, 311.154801
	649.905508, 359.155582

face #4406: 
	649.905508, 359.155582
	636.441757, 349.745385
	645.289065, 350.880059

face #4407: 
	656.331383, 359.445049
	654.180825, 336.058629
	657.905598, 311.154801

face #4408: 
	657.905598, 311.154801
	645.289065, 350.880059
	656.331383, 359.445049

face #4409: 
	699.571505, 640.251741
	632.788347, 263.124257
	654.180825, 336.058629

face #4410: 
	654.180825, 336.058629
	656.331383, 359.445049
	699.571505, 640.251741

face #4411: 
	649.699698, 394.085504
	519.990980, 875.593257
	610.264383, 307.742940

face #4412: 
	610.264383, 307.742940
	596.270000, 287.827500
	649.699698, 394.085504

face #4413: 
	679.846570, 549.512689
	677.815404, 471.285346
	519.990980, 875.593257

face #4414: 
	519.990980, 875.593257
	649.699698, 394.085504
	679.846570, 549.512689

face #4415: 
	679.293128, 511.972302
	608.960000, 311.520000
	677.815404, 471.285346

face #4416: 
	677.815404, 471.285346
	679.846570, 549.512689
	679.293128, 511.972302

face #4417: 
	615.854929, 309.856709
	604.267450, 346.664482
	608.960000, 311.520000

face #4418: 
	608.960000, 311.520000
	679.293128, 511.972302
	615.854929, 309.856709

face #4419: 
	675.420972, 627.378249
	615.226195, 318.917652
	604.267450, 346.664482

face #4420: 
	604.267450, 346.664482
	615.854929, 309.856709
	675.420972, 627.378249

face #4421: 
	672.339633, 655.937406
	599.577472, 343.841951
	615.226195, 318.917652

face #4422: 
	615.226195, 318.917652
	675.420972, 627.378249
	672.339633, 655.937406

face #4423: 
	641.875819, 303.410325
	636.441757, 349.745385
	599.577472, 343.841951

face #4424: 
	599.577472, 343.841951
	672.339633, 655.937406
	641.875819, 303.410325

face #4425: 
	663.643612, 379.668391
	645.289065, 350.880059
	636.441757, 349.745385

face #4426: 
	636.441757, 349.745385
	641.875819, 303.410325
	663.643612, 379.668391

face #4427: 
	649.927939, 335.818470
	656.331383, 359.445049
	645.289065, 350.880059

face #4428: 
	645.289065, 350.880059
	663.643612, 379.668391
	649.927939, 335.818470

face #4429: 
	618.123030, 341.346698
	699.571505, 640.251741
	656.331383, 359.445049

face #4430: 
	656.331383, 359.445049
	649.927939, 335.818470
	618.123030, 341.346698

face #4431: 
	600.873851, 290.954754
	649.699698, 394.085504
	596.270000, 287.827500

face #4432: 
	596.270000, 287.827500
	596.270000, 287.827500
	600.873851, 290.954754

face #4433: 
	606.355111, 293.795501
	679.846570, 549.512689
	649.699698, 394.085504

face #4434: 
	649.699698, 394.085504
	600.873851, 290.954754
	606.355111, 293.795501

face #4435: 
	612.549993, 296.341269
	679.293128, 511.972302
	679.846570, 549.512689

face #4436: 
	679.846570, 549.512689
	606.355111, 293.795501
	612.549993, 296.341269

face #4437: 
	619.315320, 298.584228
	615.854929, 309.856709
	679.293128, 511.972302

face #4438: 
	679.293128, 511.972302
	612.549993, 296.341269
	619.315320, 298.584228

face #4439: 
	626.527175, 300.516322
	675.420972, 627.378249
	615.854929, 309.856709

face #4440: 
	615.854929, 309.856709
	619.315320, 298.584228
	626.527175, 300.516322

face #4441: 
	634.078282, 302.128543
	672.339633, 655.937406
	675.420972, 627.378249

face #4442: 
	675.420972, 627.378249
	626.527175, 300.516322
	634.078282, 302.128543

face #4443: 
	604.259140, 268.537626
	641.875819, 303.410325
	672.339633, 655.937406

face #4444: 
	672.339633, 655.937406
	634.078282, 302.128543
	604.259140, 268.537626

face #4445: 
	649.839774, 304.348681
	663.643612, 379.668391
	641.875819, 303.410325

face #4446: 
	641.875819, 303.410325
	604.259140, 268.537626
	649.839774, 304.348681

face #4447: 
	657.901008, 304.927228
	649.927939, 335.818470
	663.643612, 379.668391

face #4448: 
	663.643612, 379.668391
	649.839774, 304.348681
	657.901008, 304.927228

face #4449: 
	665.999643, 305.125514
	618.123030, 341.346698
	649.927939, 335.818470

face #4450: 
	649.927939, 335.818470
	657.901008, 304.927228
	665.999643, 305.125514

face #4451: 
	679.373663, 572.817602
	600.873851, 290.954754
	596.270000, 287.827500

face #4452: 
	596.270000, 287.827500
	679.593139, 524.742232
	679.373663, 572.817602

face #4453: 
	607.536133, 285.154408
	606.355111, 293.795501
	600.873851, 290.954754

face #4454: 
	600.873851, 290.954754
	679.373663, 572.817602
	607.536133, 285.154408

face #4455: 
	677.479027, 603.788980
	612.549993, 296.341269
	606.355111, 293.795501

face #4456: 
	606.355111, 293.795501
	607.536133, 285.154408
	677.479027, 603.788980

face #4457: 
	649.759274, 384.585279
	619.315320, 298.584228
	612.549993, 296.341269

face #4458: 
	612.549993, 296.341269
	677.479027, 603.788980
	649.759274, 384.585279

face #4459: 
	632.910519, 721.261545
	626.527175, 300.516322
	619.315320, 298.584228

face #4460: 
	619.315320, 298.584228
	649.759274, 384.585279
	632.910519, 721.261545

face #4461: 
	623.073992, 280.592227
	634.078282, 302.128543
	626.527175, 300.516322

face #4462: 
	626.527175, 300.516322
	632.910519, 721.261545
	623.073992, 280.592227

face #4463: 
	623.082936, 334.662052
	604.259140, 268.537626
	634.078282, 302.128543

face #4464: 
	634.078282, 302.128543
	623.073992, 280.592227
	623.082936, 334.662052

face #4465: 
	644.831252, 328.426446
	649.839774, 304.348681
	604.259140, 268.537626

face #4466: 
	604.259140, 268.537626
	623.082936, 334.662052
	644.831252, 328.426446

face #4467: 
	649.938794, 343.297552
	657.901008, 304.927228
	649.839774, 304.348681

face #4468: 
	649.839774, 304.348681
	644.831252, 328.426446
	649.938794, 343.297552

face #4469: 
	639.595067, 266.905789
	665.999643, 305.125514
	657.901008, 304.927228

face #4470: 
	657.901008, 304.927228
	649.938794, 343.297552
	639.595067, 266.905789

face #4471: 
	615.672533, 353.973274
	679.373663, 572.817602
	679.593139, 524.742232

face #4472: 
	679.593139, 524.742232
	608.960000, 311.520000
	615.672533, 353.973274

face #4473: 
	675.666406, 426.032596
	607.536133, 285.154408
	679.373663, 572.817602

face #4474: 
	679.373663, 572.817602
	615.672533, 353.973274
	675.666406, 426.032596

face #4475: 
	579.022970, 343.832130
	677.479027, 603.788980
	607.536133, 285.154408

face #4476: 
	607.536133, 285.154408
	675.666406, 426.032596
	579.022970, 343.832130

face #4477: 
	617.030000, 320.497500
	649.759274, 384.585279
	677.479027, 603.788980

face #4478: 
	677.479027, 603.788980
	579.022970, 343.832130
	617.030000, 320.497500

face #4479: 
	635.437198, 314.685533
	632.910519, 721.261545
	649.759274, 384.585279

face #4480: 
	649.759274, 384.585279
	617.030000, 320.497500
	635.437198, 314.685533

face #4481: 
	632.359278, 348.999097
	623.073992, 280.592227
	632.910519, 721.261545

face #4482: 
	632.910519, 721.261545
	635.437198, 314.685533
	632.359278, 348.999097

face #4483: 
	649.871958, 366.501213
	623.082936, 334.662052
	623.073992, 280.592227

face #4484: 
	623.073992, 280.592227
	632.359278, 348.999097
	649.871958, 366.501213

face #4485: 
	661.091514, 373.606746
	644.831252, 328.426446
	623.082936, 334.662052

face #4486: 
	623.082936, 334.662052
	649.871958, 366.501213
	661.091514, 373.606746

face #4487: 
	655.059467, 329.232193
	649.938794, 343.297552
	644.831252, 328.426446

face #4488: 
	644.831252, 328.426446
	661.091514, 373.606746
	655.059467, 329.232193

face #4489: 
	606.568088, 339.202201
	639.595067, 266.905789
	649.938794, 343.297552

face #4490: 
	649.938794, 343.297552
	655.059467, 329.232193
	606.568088, 339.202201

face #4491: 
	619.627065, 322.039720
	615.672533, 353.973274
	608.960000, 311.520000

face #4492: 
	608.960000, 311.520000
	617.030000, 320.497500
	619.627065, 322.039720

face #4493: 
	622.830793, 323.461455
	675.666406, 426.032596
	615.672533, 353.973274

face #4494: 
	615.672533, 353.973274
	619.627065, 322.039720
	622.830793, 323.461455

face #4495: 
	620.810000, 278.782500
	579.022970, 343.832130
	675.666406, 426.032596

face #4496: 
	675.666406, 426.032596
	622.830793, 323.461455
	620.810000, 278.782500

face #4497: 
	628.595043, 348.143693
	617.030000, 320.497500
	579.022970, 343.832130

face #4498: 
	579.022970, 343.832130
	620.810000, 278.782500
	628.595043, 348.143693

face #4499: 
	642.565119, 315.759544
	635.437198, 314.685533
	617.030000, 320.497500

face #4500: 
	617.030000, 320.497500
	628.595043, 348.143693
	642.565119, 315.759544

face #4501: 
	615.289733, 342.184973
	632.359278, 348.999097
	635.437198, 314.685533

face #4502: 
	635.437198, 314.685533
	642.565119, 315.759544
	615.289733, 342.184973

face #4503: 
	627.282667, 332.328083
	649.871958, 366.501213
	632.359278, 348.999097

face #4504: 
	632.359278, 348.999097
	615.289733, 342.184973
	627.282667, 332.328083

face #4505: 
	658.575951, 366.861602
	661.091514, 373.606746
	649.871958, 366.501213

face #4506: 
	649.871958, 366.501213
	627.282667, 332.328083
	658.575951, 366.861602

face #4507: 
	654.643238, 351.483194
	655.059467, 329.232193
	661.091514, 373.606746

face #4508: 
	661.091514, 373.606746
	658.575951, 366.861602
	654.643238, 351.483194

face #4509: 
	686.145847, 675.633314
	606.568088, 339.202201
	655.059467, 329.232193

face #4510: 
	655.059467, 329.232193
	654.643238, 351.483194
	686.145847, 675.633314

face #4511: 
	625.181584, 330.512964
	619.627065, 322.039720
	617.030000, 320.497500

face #4512: 
	617.030000, 320.497500
	623.120000, 329.340000
	625.181584, 330.512964

face #4513: 
	627.754538, 331.599322
	622.830793, 323.461455
	619.627065, 322.039720

face #4514: 
	619.627065, 322.039720
	625.181584, 330.512964
	627.754538, 331.599322

face #4515: 
	630.760543, 332.590178
	620.810000, 278.782500
	622.830793, 323.461455

face #4516: 
	622.830793, 323.461455
	627.754538, 331.599322
	630.760543, 332.590178

face #4517: 
	634.127493, 333.477069
	628.595043, 348.143693
	620.810000, 278.782500

face #4518: 
	620.810000, 278.782500
	630.760543, 332.590178
	634.127493, 333.477069

face #4519: 
	637.787820, 334.251739
	642.565119, 315.759544
	628.595043, 348.143693

face #4520: 
	628.595043, 348.143693
	634.127493, 333.477069
	637.787820, 334.251739

face #4521: 
	649.855655, 316.546792
	615.289733, 342.184973
	642.565119, 315.759544

face #4522: 
	642.565119, 315.759544
	637.787820, 334.251739
	649.855655, 316.546792

face #4523: 
	646.017744, 342.957822
	627.282667, 332.328083
	615.289733, 342.184973

face #4524: 
	615.289733, 342.184973
	649.855655, 316.546792
	646.017744, 342.957822

face #4525: 
	657.241103, 317.032649
	658.575951, 366.861602
	627.282667, 332.328083

face #4526: 
	627.282667, 332.328083
	646.017744, 342.957822
	657.241103, 317.032649

face #4527: 
	653.924104, 343.508243
	654.643238, 351.483194
	658.575951, 366.861602

face #4528: 
	658.575951, 366.861602
	657.241103, 317.032649
	653.924104, 343.508243

face #4529: 
	641.135353, 331.002436
	686.145847, 675.633314
	654.643238, 351.483194

face #4530: 
	654.643238, 351.483194
	653.924104, 343.508243
	641.135353, 331.002436

face #4531: 
	626.799764, 338.662353
	625.181584, 330.512964
	623.120000, 329.340000

face #4532: 
	623.120000, 329.340000
	624.890000, 337.642500
	626.799764, 338.662353

face #4533: 
	629.192714, 339.608499
	627.754538, 331.599322
	625.181584, 330.512964

face #4534: 
	625.181584, 330.512964
	626.799764, 338.662353
	629.192714, 339.608499

face #4535: 
	631.996040, 340.472793
	630.760543, 332.590178
	627.754538, 331.599322

face #4536: 
	627.754538, 331.599322
	629.192714, 339.608499
	631.996040, 340.472793

face #4537: 
	635.141490, 341.247500
	634.127493, 333.477069
	630.760543, 332.590178

face #4538: 
	630.760543, 332.590178
	631.996040, 340.472793
	635.141490, 341.247500

face #4539: 
	638.565681, 341.924938
	637.787820, 334.251739
	634.127493, 333.477069

face #4540: 
	634.127493, 333.477069
	635.141490, 341.247500
	638.565681, 341.924938

face #4541: 
	642.209397, 342.497630
	649.855655, 316.546792
	637.787820, 334.251739

face #4542: 
	637.787820, 334.251739
	638.565681, 341.924938
	642.209397, 342.497630

face #4543: 
	649.905759, 328.924138
	646.017744, 342.957822
	649.855655, 316.546792

face #4544: 
	649.855655, 316.546792
	642.209397, 342.497630
	649.905759, 328.924138

face #4545: 
	656.911584, 297.823331
	657.241103, 317.032649
	646.017744, 342.957822

face #4546: 
	646.017744, 342.957822
	649.905759, 328.924138
	656.911584, 297.823331

face #4547: 
	476.724138, 1012.491918
	653.924104, 343.508243
	657.241103, 317.032649

face #4548: 
	657.241103, 317.032649
	656.911584, 297.823331
	476.724138, 1012.491918

face #4549: 
	699.921605, 637.389288
	641.135353, 331.002436
	653.924104, 343.508243

face #4550: 
	653.924104, 343.508243
	476.724138, 1012.491918
	699.921605, 637.389288

face #4551: 
	622.329874, 346.136132
	626.799764, 338.662353
	624.890000, 337.642500

face #4552: 
	624.890000, 337.642500
	620.000000, 345.000000
	622.329874, 346.136132

face #4553: 
	625.224557, 347.186769
	629.192714, 339.608499
	626.799764, 338.662353

face #4554: 
	626.799764, 338.662353
	622.329874, 346.136132
	625.224557, 347.186769

face #4555: 
	628.595043, 348.143693
	631.996040, 340.472793
	629.192714, 339.608499

face #4556: 
	629.192714, 339.608499
	625.224557, 347.186769
	628.595043, 348.143693

face #4557: 
	632.359278, 348.999097
	635.141490, 341.247500
	631.996040, 340.472793

face #4558: 
	631.996040, 340.472793
	628.595043, 348.143693
	632.359278, 348.999097

face #4559: 
	636.441757, 349.745385
	638.565681, 341.924938
	635.141490, 341.247500

face #4560: 
	635.141490, 341.247500
	632.359278, 348.999097
	636.441757, 349.745385

face #4561: 
	640.773014, 350.374970
	642.209397, 342.497630
	638.565681, 341.924938

face #4562: 
	638.565681, 341.924938
	636.441757, 349.745385
	640.773014, 350.374970

face #4563: 
	645.383463, 288.130721
	649.905759, 328.924138
	642.209397, 342.497630

face #4564: 
	642.209397, 342.497630
	640.773014, 350.374970
	645.383463, 288.130721

face #4565: 
	617.073473, 793.567210
	656.911584, 297.823331
	649.905759, 328.924138

face #4566: 
	649.905759, 328.924138
	645.383463, 288.130721
	617.073473, 793.567210

face #4567: 
	654.509388, 289.086691
	476.724138, 1012.491918
	656.911584, 297.823331

face #4568: 
	656.911584, 297.823331
	617.073473, 793.567210
	654.509388, 289.086691

face #4569: 
	702.343750, 619.919434
	699.921605, 637.389288
	476.724138, 1012.491918

face #4570: 
	476.724138, 1012.491918
	654.509388, 289.086691
	702.343750, 619.919434

face #4571: 
	667.189056, 715.333023
	650.000000, 277.500000
	663.880174, 351.483194

face #4572: 
	667.189056, 715.333023
	663.880174, 351.483194
	638.985282, 793.567210

face #4573: 
	667.189056, 715.333023
	638.985282, 793.567210
	671.511104, 350.880059

face #4574: 
	667.189056, 715.333023
	671.511104, 350.880059
	660.279394, 339.011974

face #4575: 
	667.189056, 715.333023
	660.279394, 339.011974
	664.905528, 339.783065

face #4576: 
	667.189056, 715.333023
	664.905528, 339.783065
	671.561852, 335.605205

face #4577: 
	667.189056, 715.333023
	671.561852, 335.605205
	675.310515, 328.143778

face #4578: 
	667.189056, 715.333023
	675.310515, 328.143778
	604.630838, 923.489282

face #4579: 
	667.189056, 715.333023
	604.630838, 923.489282
	688.762613, 314.685533

face #4580: 
	667.189056, 715.333023
	688.762613, 314.685533
	683.313136, 324.752774

face #4581: 
	665.160470, 343.297552
	663.880174, 351.483194
	650.000000, 277.500000

face #4582: 
	650.000000, 277.500000
	659.137294, 289.212264
	665.160470, 343.297552

face #4583: 
	658.527581, 332.328083
	638.985282, 793.567210
	663.880174, 351.483194

face #4584: 
	663.880174, 351.483194
	665.160470, 343.297552
	658.527581, 332.328083

face #4585: 
	667.041082, 324.898349
	671.511104, 350.880059
	638.985282, 793.567210

face #4586: 
	638.985282, 793.567210
	658.527581, 332.328083
	667.041082, 324.898349

face #4587: 
	680.216878, 282.264247
	660.279394, 339.011974
	671.511104, 350.880059

face #4588: 
	671.511104, 350.880059
	667.041082, 324.898349
	680.216878, 282.264247

face #4589: 
	682.970000, 320.497500
	664.905528, 339.783065
	660.279394, 339.011974

face #4590: 
	660.279394, 339.011974
	680.216878, 282.264247
	682.970000, 320.497500

face #4591: 
	725.991646, 627.378249
	671.561852, 335.605205
	664.905528, 339.783065

face #4592: 
	664.905528, 339.783065
	682.970000, 320.497500
	725.991646, 627.378249

face #4593: 
	729.905039, 612.735881
	675.310515, 328.143778
	671.561852, 335.605205

face #4594: 
	671.561852, 335.605205
	725.991646, 627.378249
	729.905039, 612.735881

face #4595: 
	734.314626, 594.059784
	604.630838, 923.489282
	675.310515, 328.143778

face #4596: 
	675.310515, 328.143778
	729.905039, 612.735881
	734.314626, 594.059784

face #4597: 
	699.784921, 307.742940
	688.762613, 314.685533
	604.630838, 923.489282

face #4598: 
	604.630838, 923.489282
	734.314626, 594.059784
	699.784921, 307.742940

face #4599: 
	720.777724, 389.505009
	683.313136, 324.752774
	688.762613, 314.685533

face #4600: 
	688.762613, 314.685533
	699.784921, 307.742940
	720.777724, 389.505009

face #4601: 
	673.742645, 311.154801
	665.160470, 343.297552
	659.137294, 289.212264

face #4602: 
	659.137294, 289.212264
	663.999033, 298.005319
	673.742645, 311.154801

face #4603: 
	680.736853, 310.600747
	658.527581, 332.328083
	665.160470, 343.297552

face #4604: 
	665.160470, 343.297552
	673.742645, 311.154801
	680.736853, 310.600747

face #4605: 
	686.950568, 303.410325
	667.041082, 324.898349
	658.527581, 332.328083

face #4606: 
	658.527581, 332.328083
	680.736853, 310.600747
	686.950568, 303.410325

face #4607: 
	692.397277, 308.474696
	680.216878, 282.264247
	667.041082, 324.898349

face #4608: 
	667.041082, 324.898349
	686.950568, 303.410325
	692.397277, 308.474696

face #4609: 
	696.968589, 306.930774
	682.970000, 320.497500
	680.216878, 282.264247

face #4610: 
	680.216878, 282.264247
	692.397277, 308.474696
	696.968589, 306.930774

face #4611: 
	700.608779, 305.080582
	725.991646, 627.378249
	682.970000, 320.497500

face #4612: 
	682.970000, 320.497500
	696.968589, 306.930774
	700.608779, 305.080582

face #4613: 
	703.226946, 302.932723
	729.905039, 612.735881
	725.991646, 627.378249

face #4614: 
	725.991646, 627.378249
	700.608779, 305.080582
	703.226946, 302.932723

face #4615: 
	704.713893, 300.494883
	734.314626, 594.059784
	729.905039, 612.735881

face #4616: 
	729.905039, 612.735881
	703.226946, 302.932723
	704.713893, 300.494883

face #4617: 
	704.941050, 297.774578
	699.784921, 307.742940
	734.314626, 594.059784

face #4618: 
	734.314626, 594.059784
	704.713893, 300.494883
	704.941050, 297.774578

face #4619: 
	703.730000, 287.827500
	720.777724, 389.505009
	699.784921, 307.742940

face #4620: 
	699.784921, 307.742940
	704.941050, 297.774578
	703.730000, 287.827500

face #4621: 
	667.505550, 288.721047
	673.742645, 311.154801
	663.999033, 298.005319

face #4622: 
	663.999033, 298.005319
	629.648698, 273.720472
	667.505550, 288.721047

face #4623: 
	627.361996, 838.671110
	680.736853, 310.600747
	673.742645, 311.154801

face #4624: 
	673.742645, 311.154801
	667.505550, 288.721047
	627.361996, 838.671110

face #4625: 
	675.110000, 337.642500
	686.950568, 303.410325
	680.736853, 310.600747

face #4626: 
	680.736853, 310.600747
	627.361996, 838.671110
	675.110000, 337.642500

face #4627: 
	717.349512, 407.975895
	692.397277, 308.474696
	686.950568, 303.410325

face #4628: 
	686.950568, 303.410325
	675.110000, 337.642500
	717.349512, 407.975895

face #4629: 
	726.725399, 426.032596
	696.968589, 306.930774
	692.397277, 308.474696

face #4630: 
	692.397277, 308.474696
	717.349512, 407.975895
	726.725399, 426.032596

face #4631: 
	733.149553, 471.285346
	700.608779, 305.080582
	696.968589, 306.930774

face #4632: 
	696.968589, 306.930774
	726.725399, 426.032596
	733.149553, 471.285346

face #4633: 
	737.807638, 572.817602
	703.226946, 302.932723
	700.608779, 305.080582

face #4634: 
	700.608779, 305.080582
	733.149553, 471.285346
	737.807638, 572.817602

face #4635: 
	707.375393, 732.732779
	704.713893, 300.494883
	703.226946, 302.932723

face #4636: 
	703.226946, 302.932723
	737.807638, 572.817602
	707.375393, 732.732779

face #4637: 
	703.730000, 287.827500
	704.941050, 297.774578
	704.713893, 300.494883

face #4638: 
	704.713893, 300.494883
	707.375393, 732.732779
	703.730000, 287.827500

face #4639: 
	650.659611, 912.919324
	703.730000, 287.827500
	704.941050, 297.774578

face #4640: 
	704.941050, 297.774578
	703.730000, 287.827500
	650.659611, 912.919324

face #4641: 
	666.179644, 335.818470
	667.505550, 288.721047
	629.648698, 273.720472

face #4642: 
	629.648698, 273.720472
	666.007623, 311.344688
	666.179644, 335.818470

face #4643: 
	672.159244, 334.905875
	627.361996, 838.671110
	667.505550, 288.721047

face #4644: 
	667.505550, 288.721047
	666.179644, 335.818470
	672.159244, 334.905875

face #4645: 
	679.693936, 326.906565
	675.110000, 337.642500
	627.361996, 838.671110

face #4646: 
	627.361996, 838.671110
	672.159244, 334.905875
	679.693936, 326.906565

face #4647: 
	686.526600, 319.950339
	717.349512, 407.975895
	675.110000, 337.642500

face #4648: 
	675.110000, 337.642500
	679.693936, 326.906565
	686.526600, 319.950339

face #4649: 
	695.842989, 365.117636
	726.725399, 426.032596
	717.349512, 407.975895

face #4650: 
	717.349512, 407.975895
	686.526600, 319.950339
	695.842989, 365.117636

face #4651: 
	565.506498, 1004.245525
	733.149553, 471.285346
	726.725399, 426.032596

face #4652: 
	726.725399, 426.032596
	695.842989, 365.117636
	565.506498, 1004.245525

face #4653: 
	700.583358, 298.584228
	737.807638, 572.817602
	733.149553, 471.285346

face #4654: 
	733.149553, 471.285346
	565.506498, 1004.245525
	700.583358, 298.584228

face #4655: 
	696.320000, 282.360000
	707.375393, 732.732779
	737.807638, 572.817602

face #4656: 
	737.807638, 572.817602
	700.583358, 298.584228
	696.320000, 282.360000

face #4657: 
	738.463745, 524.742232
	703.730000, 287.827500
	707.375393, 732.732779

face #4658: 
	707.375393, 732.732779
	696.320000, 282.360000
	738.463745, 524.742232

face #4659: 
	716.292517, 697.182985
	650.659611, 912.919324
	703.730000, 287.827500

face #4660: 
	703.730000, 287.827500
	738.463745, 524.742232
	716.292517, 697.182985

face #4661: 
	668.926653, 359.445049
	666.179644, 335.818470
	666.007623, 311.344688

face #4662: 
	666.007623, 311.344688
	664.661654, 317.199248
	668.926653, 359.445049

face #4663: 
	674.474293, 359.155582
	672.159244, 334.905875
	666.179644, 335.818470

face #4664: 
	666.179644, 335.818470
	668.926653, 359.445049
	674.474293, 359.155582

face #4665: 
	663.294550, 323.992932
	679.693936, 326.906565
	672.159244, 334.905875

face #4666: 
	672.159244, 334.905875
	674.474293, 359.155582
	663.294550, 323.992932

face #4667: 
	673.629193, 336.603791
	686.526600, 319.950339
	679.693936, 326.906565

face #4668: 
	679.693936, 326.906565
	663.294550, 323.992932
	673.629193, 336.603791

face #4669: 
	679.190000, 278.782500
	695.842989, 365.117636
	686.526600, 319.950339

face #4670: 
	686.526600, 319.950339
	673.629193, 336.603791
	679.190000, 278.782500

face #4671: 
	650.332915, 834.292636
	565.506498, 1004.245525
	695.842989, 365.117636

face #4672: 
	695.842989, 365.117636
	679.190000, 278.782500
	650.332915, 834.292636

face #4673: 
	577.051418, 1003.317080
	700.583358, 298.584228
	565.506498, 1004.245525

face #4674: 
	565.506498, 1004.245525
	650.332915, 834.292636
	577.051418, 1003.317080

face #4675: 
	712.369012, 384.585279
	696.320000, 282.360000
	700.583358, 298.584228

face #4676: 
	700.583358, 298.584228
	577.051418, 1003.317080
	712.369012, 384.585279

face #4677: 
	729.039499, 441.674545
	738.463745, 524.742232
	696.320000, 282.360000

face #4678: 
	696.320000, 282.360000
	712.369012, 384.585279
	729.039499, 441.674545

face #4679: 
	691.040000, 311.520000
	716.292517, 697.182985
	738.463745, 524.742232

face #4680: 
	738.463745, 524.742232
	729.039499, 441.674545
	691.040000, 311.520000

face #4681: 
	668.586083, 322.957703
	668.926653, 359.445049
	664.661654, 317.199248

face #4682: 
	664.661654, 317.199248
	662.536657, 323.093842
	668.586083, 322.957703

face #4683: 
	668.174425, 342.957822
	674.474293, 359.155582
	668.926653, 359.445049

face #4684: 
	668.926653, 359.445049
	668.586083, 322.957703
	668.174425, 342.957822

face #4685: 
	678.137807, 316.546792
	663.294550, 323.992932
	674.474293, 359.155582

face #4686: 
	674.474293, 359.155582
	668.174425, 342.957822
	678.137807, 316.546792

face #4687: 
	697.994979, 385.113861
	673.629193, 336.603791
	663.294550, 323.992932

face #4688: 
	663.294550, 323.992932
	678.137807, 316.546792
	697.994979, 385.113861

face #4689: 
	615.676785, 882.945221
	679.190000, 278.782500
	673.629193, 336.603791

face #4690: 
	673.629193, 336.603791
	697.994979, 385.113861
	615.676785, 882.945221

face #4691: 
	676.880000, 329.340000
	650.332915, 834.292636
	679.190000, 278.782500

face #4692: 
	679.190000, 278.782500
	615.676785, 882.945221
	676.880000, 329.340000

face #4693: 
	678.282169, 343.838737
	577.051418, 1003.317080
	650.332915, 834.292636

face #4694: 
	650.332915, 834.292636
	676.880000, 329.340000
	678.282169, 343.838737

face #4695: 
	684.035378, 323.461455
	712.369012, 384.585279
	577.051418, 1003.317080

face #4696: 
	577.051418, 1003.317080
	678.282169, 343.838737
	684.035378, 323.461455

face #4697: 
	683.945577, 322.039720
	729.039499, 441.674545
	712.369012, 384.585279

face #4698: 
	712.369012, 384.585279
	684.035378, 323.461455
	683.945577, 322.039720

face #4699: 
	682.970000, 320.497500
	691.040000, 311.520000
	729.039499, 441.674545

face #4700: 
	729.039499, 441.674545
	683.945577, 322.039720
	682.970000, 320.497500

face #4701: 
	663.545176, 289.086691
	668.586083, 322.957703
	662.536657, 323.093842

face #4702: 
	662.536657, 323.093842
	660.239766, 329.338002
	663.545176, 289.086691

face #4703: 
	673.731471, 304.927228
	668.174425, 342.957822
	668.586083, 322.957703

face #4704: 
	668.586083, 322.957703
	663.545176, 289.086691
	673.731471, 304.927228

face #4705: 
	683.156045, 373.606746
	678.137807, 316.546792
	668.174425, 342.957822

face #4706: 
	668.174425, 342.957822
	673.731471, 304.927228
	683.156045, 373.606746

face #4707: 
	690.785130, 379.668391
	697.994979, 385.113861
	678.137807, 316.546792

face #4708: 
	678.137807, 316.546792
	683.156045, 373.606746
	690.785130, 379.668391

face #4709: 
	674.424360, 334.251739
	615.676785, 882.945221
	697.994979, 385.113861

face #4710: 
	697.994979, 385.113861
	690.785130, 379.668391
	674.424360, 334.251739

face #4711: 
	676.158606, 333.477069
	676.880000, 329.340000
	615.676785, 882.945221

face #4712: 
	615.676785, 882.945221
	674.424360, 334.251739
	676.158606, 333.477069

face #4713: 
	677.320456, 332.590178
	678.282169, 343.838737
	676.880000, 329.340000

face #4714: 
	676.880000, 329.340000
	676.158606, 333.477069
	677.320456, 332.590178

face #4715: 
	677.862871, 331.599322
	684.035378, 323.461455
	678.282169, 343.838737

face #4716: 
	678.282169, 343.838737
	677.320456, 332.590178
	677.862871, 331.599322

face #4717: 
	677.734787, 330.512964
	683.945577, 322.039720
	684.035378, 323.461455

face #4718: 
	684.035378, 323.461455
	677.862871, 331.599322
	677.734787, 330.512964

face #4719: 
	676.880000, 329.340000
	682.970000, 320.497500
	683.945577, 322.039720

face #4720: 
	683.945577, 322.039720
	677.734787, 330.512964
	676.880000, 329.340000

face #4721: 
	662.523872, 336.058629
	663.545176, 289.086691
	660.239766, 329.338002

face #4722: 
	660.239766, 329.338002
	658.454957, 336.141168
	662.523872, 336.058629

face #4723: 
	671.742641, 317.032649
	673.731471, 304.927228
	663.545176, 289.086691

face #4724: 
	663.545176, 289.086691
	662.523872, 336.058629
	671.742641, 317.032649

face #4725: 
	669.400420, 335.431094
	683.156045, 373.606746
	673.731471, 304.927228

face #4726: 
	673.731471, 304.927228
	671.742641, 317.032649
	669.400420, 335.431094

face #4727: 
	670.754035, 342.497630
	690.785130, 379.668391
	683.156045, 373.606746

face #4728: 
	683.156045, 373.606746
	669.400420, 335.431094
	670.754035, 342.497630

face #4729: 
	672.868638, 341.924938
	674.424360, 334.251739
	690.785130, 379.668391

face #4730: 
	690.785130, 379.668391
	670.754035, 342.497630
	672.868638, 341.924938

face #4731: 
	674.484037, 341.247500
	676.158606, 333.477069
	674.424360, 334.251739

face #4732: 
	674.424360, 334.251739
	672.868638, 341.924938
	674.484037, 341.247500

face #4733: 
	675.560979, 340.472793
	677.320456, 332.590178
	676.158606, 333.477069

face #4734: 
	676.158606, 333.477069
	674.484037, 341.247500
	675.560979, 340.472793

face #4735: 
	676.056599, 339.608499
	677.862871, 331.599322
	677.320456, 332.590178

face #4736: 
	677.320456, 332.590178
	675.560979, 340.472793
	676.056599, 339.608499

face #4737: 
	675.923293, 338.662353
	677.734787, 330.512964
	677.862871, 331.599322

face #4738: 
	677.862871, 331.599322
	676.056599, 339.608499
	675.923293, 338.662353

face #4739: 
	675.110000, 337.642500
	676.880000, 329.340000
	677.734787, 330.512964

face #4740: 
	677.734787, 330.512964
	675.923293, 338.662353
	675.110000, 337.642500

face #4741: 
	663.880174, 351.483194
	662.523872, 336.058629
	658.454957, 336.141168

face #4742: 
	658.454957, 336.141168
	639.285714, 337.500000
	663.880174, 351.483194

face #4743: 
	667.933311, 351.252433
	671.742641, 317.032649
	662.523872, 336.058629

face #4744: 
	662.523872, 336.058629
	663.880174, 351.483194
	667.933311, 351.252433

face #4745: 
	671.511104, 350.880059
	669.400420, 335.431094
	671.742641, 317.032649

face #4746: 
	671.742641, 317.032649
	667.933311, 351.252433
	671.511104, 350.880059

face #4747: 
	674.584042, 350.374970
	670.754035, 342.497630
	669.400420, 335.431094

face #4748: 
	669.400420, 335.431094
	671.511104, 350.880059
	674.584042, 350.374970

face #4749: 
	677.116486, 349.745385
	672.868638, 341.924938
	670.754035, 342.497630

face #4750: 
	670.754035, 342.497630
	674.584042, 350.374970
	677.116486, 349.745385

face #4751: 
	679.066713, 348.999097
	674.484037, 341.247500
	672.868638, 341.924938

face #4752: 
	672.868638, 341.924938
	677.116486, 349.745385
	679.066713, 348.999097

face #4753: 
	680.386938, 348.143693
	675.560979, 340.472793
	674.484037, 341.247500

face #4754: 
	674.484037, 341.247500
	679.066713, 348.999097
	680.386938, 348.143693

face #4755: 
	681.023354, 347.186769
	676.056599, 339.608499
	675.560979, 340.472793

face #4756: 
	675.560979, 340.472793
	680.386938, 348.143693
	681.023354, 347.186769

face #4757: 
	680.916218, 346.136132
	675.923293, 338.662353
	676.056599, 339.608499

face #4758: 
	676.056599, 339.608499
	681.023354, 347.186769
	680.916218, 346.136132

face #4759: 
	680.000000, 345.000000
	675.110000, 337.642500
	675.923293, 338.662353

face #4760: 
	675.923293, 338.662353
	680.916218, 346.136132
	680.000000, 345.000000

face #4761: 
	689.684380, 349.585533
	678.282169, 343.838737
	680.000000, 345.000000

face #4762: 
	680.000000, 345.000000
	552.177154, 474.322580
	689.684380, 349.585533

face #4763: 
	686.429904, 348.091973
	675.852260, 342.718187
	678.282169, 343.838737

face #4764: 
	678.282169, 343.838737
	689.684380, 349.585533
	686.429904, 348.091973

face #4765: 
	694.010351, 292.034542
	672.768321, 341.656073
	675.852260, 342.718187

face #4766: 
	675.852260, 342.718187
	686.429904, 348.091973
	694.010351, 292.034542

face #4767: 
	677.120007, 345.330337
	669.095271, 340.671161
	672.768321, 341.656073

face #4768: 
	672.768321, 341.656073
	694.010351, 292.034542
	677.120007, 345.330337

face #4769: 
	671.242022, 344.118630
	664.905528, 339.783065
	669.095271, 340.671161

face #4770: 
	669.095271, 340.671161
	677.120007, 345.330337
	671.242022, 344.118630

face #4771: 
	664.692920, 343.059811
	660.279394, 339.011974
	664.905528, 339.783065

face #4772: 
	664.905528, 339.783065
	671.242022, 344.118630
	664.692920, 343.059811

face #4773: 
	676.908998, 327.750521
	655.305113, 338.378303
	660.279394, 339.011974

face #4774: 
	660.279394, 339.011974
	664.692920, 343.059811
	676.908998, 327.750521

face #4775: 
	650.112830, 341.524908
	650.078575, 337.902271
	655.305113, 338.378303

face #4776: 
	655.305113, 338.378303
	676.908998, 327.750521
	650.112830, 341.524908

face #4777: 
	642.386624, 341.109277
	644.702588, 337.603405
	650.078575, 337.902271

face #4778: 
	650.078575, 337.902271
	650.112830, 341.524908
	642.386624, 341.109277

face #4779: 
	634.595310, 340.965228
	664.661654, 317.199248
	644.702588, 337.603405

face #4780: 
	644.702588, 337.603405
	642.386624, 341.109277
	634.595310, 340.965228

face #4781: 
	705.911022, 354.108301
	689.684380, 349.585533
	552.177154, 474.322580

face #4782: 
	552.177154, 474.322580
	708.680000, 356.160000
	705.911022, 354.108301

face #4783: 
	701.639856, 352.086539
	686.429904, 348.091973
	689.684380, 349.585533

face #4784: 
	689.684380, 349.585533
	705.911022, 354.108301
	701.639856, 352.086539

face #4785: 
	695.933240, 350.130903
	694.010351, 292.034542
	686.429904, 348.091973

face #4786: 
	686.429904, 348.091973
	701.639856, 352.086539
	695.933240, 350.130903

face #4787: 
	688.882767, 348.282230
	677.120007, 345.330337
	694.010351, 292.034542

face #4788: 
	694.010351, 292.034542
	695.933240, 350.130903
	688.882767, 348.282230

face #4789: 
	680.609114, 346.585469
	671.242022, 344.118630
	677.120007, 345.330337

face #4790: 
	677.120007, 345.330337
	688.882767, 348.282230
	680.609114, 346.585469

face #4791: 
	671.266001, 345.088712
	664.692920, 343.059811
	671.242022, 344.118630

face #4792: 
	671.242022, 344.118630
	680.609114, 346.585469
	671.266001, 345.088712

face #4793: 
	686.982970, 295.261431
	676.908998, 327.750521
	664.692920, 343.059811

face #4794: 
	664.692920, 343.059811
	671.266001, 345.088712
	686.982970, 295.261431

face #4795: 
	650.164241, 342.895215
	650.112830, 341.524908
	676.908998, 327.750521

face #4796: 
	676.908998, 327.750521
	686.982970, 295.261431
	650.164241, 342.895215

face #4797: 
	638.890077, 342.296350
	642.386624, 341.109277
	650.112830, 341.524908

face #4798: 
	650.112830, 341.524908
	650.164241, 342.895215
	638.890077, 342.296350

face #4799: 
	667.303609, 366.985138
	634.595310, 340.965228
	642.386624, 341.109277

face #4800: 
	642.386624, 341.109277
	638.890077, 342.296350
	667.303609, 366.985138

face #4801: 
	753.255123, 441.562261
	705.911022, 354.108301
	708.680000, 356.160000

face #4802: 
	708.680000, 356.160000
	747.294294, 670.518561
	753.255123, 441.562261

face #4803: 
	720.459960, 355.082498
	701.639856, 352.086539
	705.911022, 354.108301

face #4804: 
	705.911022, 354.108301
	753.255123, 441.562261
	720.459960, 355.082498

face #4805: 
	713.133213, 352.476841
	695.933240, 350.130903
	701.639856, 352.086539

face #4806: 
	701.639856, 352.086539
	720.459960, 355.082498
	713.133213, 352.476841

face #4807: 
	741.587616, 401.670695
	688.882767, 348.282230
	695.933240, 350.130903

face #4808: 
	695.933240, 350.130903
	713.133213, 352.476841
	741.587616, 401.670695

face #4809: 
	692.637594, 347.654151
	680.609114, 346.585469
	688.882767, 348.282230

face #4810: 
	688.882767, 348.282230
	741.587616, 401.670695
	692.637594, 347.654151

face #4811: 
	679.792218, 345.578954
	671.266001, 345.088712
	680.609114, 346.585469

face #4812: 
	680.609114, 346.585469
	692.637594, 347.654151
	679.792218, 345.578954

face #4813: 
	691.140819, 317.140829
	686.982970, 295.261431
	671.266001, 345.088712

face #4814: 
	671.266001, 345.088712
	679.792218, 345.578954
	691.140819, 317.140829

face #4815: 
	650.232083, 342.494489
	650.164241, 342.895215
	686.982970, 295.261431

face #4816: 
	686.982970, 295.261431
	691.140819, 317.140829
	650.232083, 342.494489

face #4817: 
	634.267718, 341.643275
	638.890077, 342.296350
	650.164241, 342.895215

face #4818: 
	650.164241, 342.895215
	650.232083, 342.494489
	634.267718, 341.643275

face #4819: 
	659.375000, 351.562500
	667.303609, 366.985138
	638.890077, 342.296350

face #4820: 
	638.890077, 342.296350
	634.267718, 341.643275
	659.375000, 351.562500

face #4821: 
	747.816075, 360.793514
	753.255123, 441.562261
	747.294294, 670.518561

face #4822: 
	747.294294, 670.518561
	751.040000, 364.080000
	747.816075, 360.793514

face #4823: 
	741.794122, 357.450195
	720.459960, 355.082498
	753.255123, 441.562261

face #4824: 
	753.255123, 441.562261
	747.816075, 360.793514
	741.794122, 357.450195

face #4825: 
	732.938340, 354.112494
	713.133213, 352.476841
	720.459960, 355.082498

face #4826: 
	720.459960, 355.082498
	741.794122, 357.450195
	732.938340, 354.112494

face #4827: 
	721.270705, 350.859060
	741.587616, 401.670695
	713.133213, 352.476841

face #4828: 
	713.133213, 352.476841
	732.938340, 354.112494
	721.270705, 350.859060

face #4829: 
	706.895863, 347.785025
	692.637594, 347.654151
	741.587616, 401.670695

face #4830: 
	741.587616, 401.670695
	721.270705, 350.859060
	706.895863, 347.785025

face #4831: 
	690.026413, 345.000507
	679.792218, 345.578954
	692.637594, 347.654151

face #4832: 
	692.637594, 347.654151
	706.895863, 347.785025
	690.026413, 345.000507

face #4833: 
	671.004339, 342.627022
	691.140819, 317.140829
	679.792218, 345.578954

face #4834: 
	679.792218, 345.578954
	690.026413, 345.000507
	671.004339, 342.627022

face #4835: 
	650.315031, 340.790860
	650.232083, 342.494489
	691.140819, 317.140829

face #4836: 
	691.140819, 317.140829
	671.004339, 342.627022
	650.315031, 340.790860

face #4837: 
	628.586222, 339.613871
	634.267718, 341.643275
	650.232083, 342.494489

face #4838: 
	650.232083, 342.494489
	650.315031, 340.790860
	628.586222, 339.613871

face #4839: 
	503.791469, 1011.137441
	659.375000, 351.562500
	634.267718, 341.643275

face #4840: 
	634.267718, 341.643275
	628.586222, 339.613871
	503.791469, 1011.137441

face #4841: 
	770.840359, 363.601528
	747.816075, 360.793514
	751.040000, 364.080000

face #4842: 
	751.040000, 364.080000
	773.750000, 367.500000
	770.840359, 363.601528

face #4843: 
	764.410302, 359.565652
	741.794122, 357.450195
	747.816075, 360.793514

face #4844: 
	747.816075, 360.793514
	770.840359, 363.601528
	764.410302, 359.565652

face #4845: 
	754.299370, 355.464279
	732.938340, 354.112494
	741.794122, 357.450195

face #4846: 
	741.794122, 357.450195
	764.410302, 359.565652
	754.299370, 355.464279

face #4847: 
	740.416794, 351.395051
	721.270705, 350.859060
	732.938340, 354.112494

face #4848: 
	732.938340, 354.112494
	754.299370, 355.464279
	740.416794, 351.395051

face #4849: 
	722.786580, 347.483691
	706.895863, 347.785025
	721.270705, 350.859060

face #4850: 
	721.270705, 350.859060
	740.416794, 351.395051
	722.786580, 347.483691

face #4851: 
	701.598049, 343.883578
	690.026413, 345.000507
	706.895863, 347.785025

face #4852: 
	706.895863, 347.785025
	722.786580, 347.483691
	701.598049, 343.883578

face #4853: 
	677.254817, 340.771011
	671.004339, 342.627022
	690.026413, 345.000507

face #4854: 
	690.026413, 345.000507
	701.598049, 343.883578
	677.254817, 340.771011

face #4855: 
	650.410928, 338.334849
	650.315031, 340.790860
	671.004339, 342.627022

face #4856: 
	671.004339, 342.627022
	677.254817, 340.771011
	650.410928, 338.334849

face #4857: 
	621.979927, 336.760132
	628.586222, 339.613871
	650.315031, 340.790860

face #4858: 
	650.315031, 340.790860
	650.410928, 338.334849
	621.979927, 336.760132

face #4859: 
	682.352941, 385.294118
	503.791469, 1011.137441
	628.586222, 339.613871

face #4860: 
	628.586222, 339.613871
	621.979927, 336.760132
	682.352941, 385.294118

face #4861: 
	793.331208, 366.487637
	770.840359, 363.601528
	773.750000, 367.500000

face #4862: 
	773.750000, 367.500000
	795.560000, 370.920000
	793.331208, 366.487637

face #4863: 
	786.894589, 361.819935
	764.410302, 359.565652
	770.840359, 363.601528

face #4864: 
	770.840359, 363.601528
	793.331208, 366.487637
	786.894589, 361.819935

face #4865: 
	775.918967, 356.991842
	754.299370, 355.464279
	764.410302, 359.565652

face #4866: 
	764.410302, 359.565652
	786.894589, 361.819935
	775.918967, 356.991842

face #4867: 
	760.141377, 352.114983
	740.416794, 351.395051
	754.299370, 355.464279

face #4868: 
	754.299370, 355.464279
	775.918967, 356.991842
	760.141377, 352.114983

face #4869: 
	739.439104, 347.343852
	722.786580, 347.483691
	740.416794, 351.395051

face #4870: 
	740.416794, 351.395051
	760.141377, 352.114983
	739.439104, 347.343852

face #4871: 
	713.916489, 342.878188
	701.598049, 343.883578
	722.786580, 347.483691

face #4872: 
	722.786580, 347.483691
	739.439104, 347.343852
	713.916489, 342.878188

face #4873: 
	683.999571, 338.958525
	677.254817, 340.771011
	701.598049, 343.883578

face #4874: 
	701.598049, 343.883578
	713.916489, 342.878188
	683.999571, 338.958525

face #4875: 
	650.515384, 335.851922
	650.410928, 338.334849
	677.254817, 340.771011

face #4876: 
	677.254817, 340.771011
	683.999571, 338.958525
	650.515384, 335.851922

face #4877: 
	614.725119, 333.825417
	621.979927, 336.760132
	650.410928, 338.334849

face #4878: 
	650.410928, 338.334849
	650.515384, 335.851922
	614.725119, 333.825417

face #4879: 
	662.536657, 323.093842
	682.352941, 385.294118
	621.979927, 336.760132

face #4880: 
	621.979927, 336.760132
	614.725119, 333.825417
	662.536657, 323.093842

face #4881: 
	814.711025, 786.209075
	793.331208, 366.487637
	795.560000, 370.920000

face #4882: 
	795.560000, 370.920000
	824.163365, 873.522718
	814.711025, 786.209075

face #4883: 
	807.631846, 364.620354
	786.894589, 361.819935
	793.331208, 366.487637

face #4884: 
	793.331208, 366.487637
	814.711025, 786.209075
	807.631846, 364.620354

face #4885: 
	797.748238, 397.651859
	775.918967, 356.991842
	786.894589, 361.819935

face #4886: 
	786.894589, 361.819935
	807.631846, 364.620354
	797.748238, 397.651859

face #4887: 
	778.976327, 353.616727
	760.141377, 352.114983
	775.918967, 356.991842

face #4888: 
	775.918967, 356.991842
	797.748238, 397.651859
	778.976327, 353.616727

face #4889: 
	755.614059, 348.069187
	739.439104, 347.343852
	760.141377, 352.114983

face #4890: 
	760.141377, 352.114983
	778.976327, 353.616727
	755.614059, 348.069187

face #4891: 
	726.074217, 342.791627
	713.916489, 342.878188
	739.439104, 347.343852

face #4892: 
	739.439104, 347.343852
	755.614059, 348.069187
	726.074217, 342.791627

face #4893: 
	751.594336, 622.951566
	683.999571, 338.958525
	713.916489, 342.878188

face #4894: 
	713.916489, 342.878188
	726.074217, 342.791627
	751.594336, 622.951566

face #4895: 
	650.621306, 334.316399
	650.515384, 335.851922
	683.999571, 338.958525

face #4896: 
	683.999571, 338.958525
	751.594336, 622.951566
	650.621306, 334.316399

face #4897: 
	607.329604, 331.832065
	614.725119, 333.825417
	650.515384, 335.851922

face #4898: 
	650.515384, 335.851922
	650.621306, 334.316399
	607.329604, 331.832065

face #4899: 
	658.454957, 336.141168
	662.536657, 323.093842
	614.725119, 333.825417

face #4900: 
	614.725119, 333.825417
	607.329604, 331.832065
	658.454957, 336.141168

face #4901: 
	830.395180, 373.820154
	814.711025, 786.209075
	824.163365, 873.522718

face #4902: 
	824.163365, 873.522718
	830.720000, 378.840000
	830.395180, 373.820154

face #4903: 
	824.820855, 368.382671
	807.631846, 364.620354
	814.711025, 786.209075

face #4904: 
	814.711025, 786.209075
	830.395180, 373.820154
	824.820855, 368.382671

face #4905: 
	813.281142, 362.587942
	797.748238, 397.651859
	807.631846, 364.620354

face #4906: 
	807.631846, 364.620354
	824.820855, 368.382671
	813.281142, 362.587942

face #4907: 
	795.079527, 356.550606
	778.976327, 353.616727
	797.748238, 397.651859

face #4908: 
	797.748238, 397.651859
	813.281142, 362.587942
	795.079527, 356.550606

face #4909: 
	769.660243, 350.456590
	755.614059, 348.069187
	778.976327, 353.616727

face #4910: 
	778.976327, 353.616727
	795.079527, 356.550606
	769.660243, 350.456590

face #4911: 
	736.789344, 344.576684
	726.074217, 342.791627
	755.614059, 348.069187

face #4912: 
	755.614059, 348.069187
	769.660243, 350.456590
	736.789344, 344.576684

face #4913: 
	696.779121, 339.269322
	751.594336, 622.951566
	726.074217, 342.791627

face #4914: 
	726.074217, 342.791627
	736.789344, 344.576684
	696.779121, 339.269322

face #4915: 
	650.716646, 334.961651
	650.621306, 334.316399
	751.594336, 622.951566

face #4916: 
	751.594336, 622.951566
	696.779121, 339.269322
	650.716646, 334.961651

face #4917: 
	600.608267, 332.102017
	607.329604, 331.832065
	650.621306, 334.316399

face #4918: 
	650.621306, 334.316399
	650.716646, 334.961651
	600.608267, 332.102017

face #4919: 
	657.927638, 343.580697
	658.454957, 336.141168
	607.329604, 331.832065

face #4920: 
	607.329604, 331.832065
	600.608267, 332.102017
	657.927638, 343.580697

face #4921: 
	832.408442, 389.156118
	830.395180, 373.820154
	830.720000, 378.840000

face #4922: 
	830.720000, 378.840000
	834.429524, 390.753778
	832.408442, 389.156118

face #4923: 
	844.988405, 849.102720
	824.820855, 368.382671
	830.395180, 373.820154

face #4924: 
	830.395180, 373.820154
	832.408442, 389.156118
	844.988405, 849.102720

face #4925: 
	815.908943, 391.487876
	813.281142, 362.587942
	824.820855, 368.382671

face #4926: 
	824.820855, 368.382671
	844.988405, 849.102720
	815.908943, 391.487876

face #4927: 
	804.048791, 398.381148
	795.079527, 356.550606
	813.281142, 362.587942

face #4928: 
	813.281142, 362.587942
	815.908943, 391.487876
	804.048791, 398.381148

face #4929: 
	789.866244, 674.674685
	769.660243, 350.456590
	795.079527, 356.550606

face #4930: 
	795.079527, 356.550606
	804.048791, 398.381148
	789.866244, 674.674685

face #4931: 
	773.577190, 667.582343
	736.789344, 344.576684
	769.660243, 350.456590

face #4932: 
	769.660243, 350.456590
	789.866244, 674.674685
	773.577190, 667.582343

face #4933: 
	755.967021, 662.148204
	696.779121, 339.269322
	736.789344, 344.576684

face #4934: 
	736.789344, 344.576684
	773.577190, 667.582343
	755.967021, 662.148204

face #4935: 
	650.786281, 339.149430
	650.716646, 334.961651
	696.779121, 339.269322

face #4936: 
	696.779121, 339.269322
	755.967021, 662.148204
	650.786281, 339.149430

face #4937: 
	595.679569, 336.118921
	600.608267, 332.102017
	650.716646, 334.961651

face #4938: 
	650.716646, 334.961651
	650.786281, 339.149430
	595.679569, 336.118921

face #4939: 
	539.190912, 335.035354
	657.927638, 343.580697
	600.608267, 332.102017

face #4940: 
	600.608267, 332.102017
	595.679569, 336.118921
	539.190912, 335.035354

face #4941: 
	845.740619, 385.407378
	832.408442, 389.156118
	834.429524, 390.753778

face #4942: 
	834.429524, 390.753778
	845.000000, 390.000000
	845.740619, 385.407378

face #4943: 
	840.850858, 380.374185
	844.988405, 849.102720
	832.408442, 389.156118

face #4944: 
	832.408442, 389.156118
	845.740619, 385.407378
	840.850858, 380.374185

face #4945: 
	829.421154, 374.942205
	815.908943, 391.487876
	844.988405, 849.102720

face #4946: 
	844.988405, 849.102720
	840.850858, 380.374185
	829.421154, 374.942205

face #4947: 
	810.516073, 369.206573
	804.048791, 398.381148
	815.908943, 391.487876

face #4948: 
	815.908943, 391.487876
	829.421154, 374.942205
	810.516073, 369.206573

face #4949: 
	783.317285, 363.336543
	789.866244, 674.674685
	804.048791, 398.381148

face #4950: 
	804.048791, 398.381148
	810.516073, 369.206573
	783.317285, 363.336543

face #4951: 
	747.351042, 357.594500
	773.577190, 667.582343
	789.866244, 674.674685

face #4952: 
	789.866244, 674.674685
	783.317285, 363.336543
	747.351042, 357.594500

face #4953: 
	702.795344, 352.344174
	755.967021, 662.148204
	773.577190, 667.582343

face #4954: 
	773.577190, 667.582343
	747.351042, 357.594500
	702.795344, 352.344174

face #4955: 
	650.813001, 348.035022
	650.786281, 339.149430
	755.967021, 662.148204

face #4956: 
	755.967021, 662.148204
	702.795344, 352.344174
	650.813001, 348.035022

face #4957: 
	593.788008, 345.150354
	595.679569, 336.118921
	650.786281, 339.149430

face #4958: 
	650.786281, 339.149430
	650.813001, 348.035022
	593.788008, 345.150354

face #4959: 
	699.560858, 406.265081
	539.190912, 335.035354
	595.679569, 336.118921

face #4960: 
	595.679569, 336.118921
	593.788008, 345.150354
	699.560858, 406.265081

face #4961: 
	627.241035, 341.109277
	634.164283, 337.603405
	659.375000, 351.562500

face #4962: 
	659.375000, 351.562500
	634.595310, 340.965228
	627.241035, 341.109277

face #4963: 
	620.775847, 341.524908
	629.642198, 337.902271
	634.164283, 337.603405

face #4964: 
	634.164283, 337.603405
	627.241035, 341.109277
	620.775847, 341.524908

face #4965: 
	623.410900, 323.992932
	625.775753, 338.378303
	629.642198, 337.902271

face #4966: 
	629.642198, 337.902271
	620.775847, 341.524908
	623.410900, 323.992932

face #4967: 
	610.852623, 343.059811
	622.611960, 339.011974
	625.775753, 338.378303

face #4968: 
	625.775753, 338.378303
	623.410900, 323.992932
	610.852623, 343.059811

face #4969: 
	607.515957, 344.118630
	620.188943, 339.783065
	622.611960, 339.011974

face #4970: 
	622.611960, 339.011974
	610.852623, 343.059811
	607.515957, 344.118630

face #4971: 
	605.314268, 345.330337
	618.536618, 340.671161
	620.188943, 339.783065

face #4972: 
	620.188943, 339.783065
	607.515957, 344.118630
	605.314268, 345.330337

face #4973: 
	675.005529, 632.515575
	617.677601, 341.656073
	618.536618, 340.671161

face #4974: 
	618.536618, 340.671161
	605.314268, 345.330337
	675.005529, 632.515575

face #4975: 
	604.383120, 348.091973
	617.628275, 342.718187
	617.677601, 341.656073

face #4976: 
	617.677601, 341.656073
	675.005529, 632.515575
	604.383120, 348.091973

face #4977: 
	605.660077, 349.585533
	618.399937, 343.838737
	617.628275, 342.718187

face #4978: 
	617.628275, 342.718187
	604.383120, 348.091973
	605.660077, 349.585533

face #4979: 
	624.578431, 364.111867
	620.000000, 345.000000
	618.399937, 343.838737

face #4980: 
	618.399937, 343.838737
	605.660077, 349.585533
	624.578431, 364.111867

face #4981: 
	616.788792, 342.296350
	627.241035, 341.109277
	634.595310, 340.965228

face #4982: 
	634.595310, 340.965228
	627.506900, 342.088316
	616.788792, 342.296350

face #4983: 
	607.429158, 342.895215
	620.775847, 341.524908
	627.241035, 341.109277

face #4984: 
	627.241035, 341.109277
	616.788792, 342.296350
	607.429158, 342.895215

face #4985: 
	669.987597, 394.647970
	623.410900, 323.992932
	620.775847, 341.524908

face #4986: 
	620.775847, 341.524908
	607.429158, 342.895215
	669.987597, 394.647970

face #4987: 
	593.339855, 345.088712
	610.852623, 343.059811
	623.410900, 323.992932

face #4988: 
	623.410900, 323.992932
	669.987597, 394.647970
	593.339855, 345.088712

face #4989: 
	588.781772, 346.585469
	607.515957, 344.118630
	610.852623, 343.059811

face #4990: 
	610.852623, 343.059811
	593.339855, 345.088712
	588.781772, 346.585469

face #4991: 
	585.932547, 348.282230
	605.314268, 345.330337
	607.515957, 344.118630

face #4992: 
	607.515957, 344.118630
	588.781772, 346.585469
	585.932547, 348.282230

face #4993: 
	584.792152, 350.130903
	675.005529, 632.515575
	605.314268, 345.330337

face #4994: 
	605.314268, 345.330337
	585.932547, 348.282230
	584.792152, 350.130903

face #4995: 
	585.337570, 352.086539
	604.383120, 348.091973
	675.005529, 632.515575

face #4996: 
	675.005529, 632.515575
	584.792152, 350.130903
	585.337570, 352.086539

face #4997: 
	587.529838, 354.108301
	605.660077, 349.585533
	604.383120, 348.091973

face #4998: 
	604.383120, 348.091973
	585.337570, 352.086539
	587.529838, 354.108301

face #4999: 
	591.320000, 356.160000
	624.578431, 364.111867
	605.660077, 349.585533

face #5000: 
	605.660077, 349.585533
	587.529838, 354.108301
	591.320000, 356.160000

face #5001: 
	602.971235, 341.643275
	616.788792, 342.296350
	627.506900, 342.088316

face #5002: 
	627.506900, 342.088316
	618.123030, 341.346698
	602.971235, 341.643275

face #5003: 
	589.856599, 342.494489
	607.429158, 342.895215
	616.788792, 342.296350

face #5004: 
	616.788792, 342.296350
	602.971235, 341.643275
	589.856599, 342.494489

face #5005: 
	436.386714, 1004.179915
	669.987597, 394.647970
	607.429158, 342.895215

face #5006: 
	607.429158, 342.895215
	589.856599, 342.494489
	436.386714, 1004.179915

face #5007: 
	570.622759, 345.578954
	593.339855, 345.088712
	669.987597, 394.647970

face #5008: 
	669.987597, 394.647970
	436.386714, 1004.179915
	570.622759, 345.578954

face #5009: 
	564.724813, 347.654151
	588.781772, 346.585469
	593.339855, 345.088712

face #5010: 
	593.339855, 345.088712
	570.622759, 345.578954
	564.724813, 347.654151

face #5011: 
	621.259491, 701.106306
	585.932547, 348.282230
	588.781772, 346.585469

face #5012: 
	588.781772, 346.585469
	564.724813, 347.654151
	621.259491, 701.106306

face #5013: 
	560.374791, 352.476841
	584.792152, 350.130903
	585.932547, 348.282230

face #5014: 
	585.932547, 348.282230
	621.259491, 701.106306
	560.374791, 352.476841

face #5015: 
	561.771370, 355.082498
	585.337570, 352.086539
	584.792152, 350.130903

face #5016: 
	584.792152, 350.130903
	560.374791, 352.476841
	561.771370, 355.082498

face #5017: 
	649.607905, 622.951566
	587.529838, 354.108301
	585.337570, 352.086539

face #5018: 
	585.337570, 352.086539
	561.771370, 355.082498
	649.607905, 622.951566

face #5019: 
	649.601442, 441.562261
	591.320000, 356.160000
	587.529838, 354.108301

face #5020: 
	587.529838, 354.108301
	649.607905, 622.951566
	649.601442, 441.562261

face #5021: 
	585.987351, 339.613871
	602.971235, 341.643275
	618.123030, 341.346698

face #5022: 
	618.123030, 341.346698
	606.568088, 339.202201
	585.987351, 339.613871

face #5023: 
	568.368138, 340.790860
	589.856599, 342.494489
	602.971235, 341.643275

face #5024: 
	602.971235, 341.643275
	585.987351, 339.613871
	568.368138, 340.790860

face #5025: 
	554.090012, 342.627022
	436.386714, 1004.179915
	589.856599, 342.494489

face #5026: 
	589.856599, 342.494489
	568.368138, 340.790860
	554.090012, 342.627022

face #5027: 
	543.355246, 345.000507
	570.622759, 345.578954
	436.386714, 1004.179915

face #5028: 
	436.386714, 1004.179915
	554.090012, 342.627022
	543.355246, 345.000507

face #5029: 
	536.208275, 347.785025
	564.724813, 347.654151
	570.622759, 345.578954

face #5030: 
	570.622759, 345.578954
	543.355246, 345.000507
	536.208275, 347.785025

face #5031: 
	532.566795, 350.859060
	621.259491, 701.106306
	564.724813, 347.654151

face #5032: 
	564.724813, 347.654151
	536.208275, 347.785025
	532.566795, 350.859060

face #5033: 
	532.258914, 354.112494
	560.374791, 352.476841
	621.259491, 701.106306

face #5034: 
	621.259491, 701.106306
	532.566795, 350.859060
	532.258914, 354.112494

face #5035: 
	535.057117, 357.450195
	561.771370, 355.082498
	560.374791, 352.476841

face #5036: 
	560.374791, 352.476841
	532.258914, 354.112494
	535.057117, 357.450195

face #5037: 
	540.708765, 360.793514
	649.607905, 622.951566
	561.771370, 355.082498

face #5038: 
	561.771370, 355.082498
	535.057117, 357.450195
	540.708765, 360.793514

face #5039: 
	548.960000, 364.080000
	649.601442, 441.562261
	649.607905, 622.951566

face #5040: 
	649.607905, 622.951566
	540.708765, 360.793514
	548.960000, 364.080000

face #5041: 
	566.238734, 336.760132
	585.987351, 339.613871
	606.568088, 339.202201

face #5042: 
	606.568088, 339.202201
	593.103448, 336.206897
	566.238734, 336.760132

face #5043: 
	543.533979, 338.334849
	568.368138, 340.790860
	585.987351, 339.613871

face #5044: 
	585.987351, 339.613871
	566.238734, 336.760132
	543.533979, 338.334849

face #5045: 
	525.548859, 340.771011
	554.090012, 342.627022
	568.368138, 340.790860

face #5046: 
	568.368138, 340.790860
	543.533979, 338.334849
	525.548859, 340.771011

face #5047: 
	512.524053, 343.883578
	543.355246, 345.000507
	554.090012, 342.627022

face #5048: 
	554.090012, 342.627022
	525.548859, 340.771011
	512.524053, 343.883578

face #5049: 
	504.426841, 347.483691
	536.208275, 347.785025
	543.355246, 345.000507

face #5050: 
	543.355246, 345.000507
	512.524053, 343.883578
	504.426841, 347.483691

face #5051: 
	501.019754, 351.395051
	532.566795, 350.859060
	536.208275, 347.785025

face #5052: 
	536.208275, 347.785025
	504.426841, 347.483691
	501.019754, 351.395051

face #5053: 
	501.934373, 355.464279
	532.258914, 354.112494
	532.566795, 350.859060

face #5054: 
	532.566795, 350.859060
	501.019754, 351.395051
	501.934373, 355.464279

face #5055: 
	506.737523, 359.565652
	535.057117, 357.450195
	532.258914, 354.112494

face #5056: 
	532.258914, 354.112494
	501.934373, 355.464279
	506.737523, 359.565652

face #5057: 
	514.983380, 363.601528
	540.708765, 360.793514
	535.057117, 357.450195

face #5058: 
	535.057117, 357.450195
	506.737523, 359.565652
	514.983380, 363.601528

face #5059: 
	526.250000, 367.500000
	548.960000, 364.080000
	540.708765, 360.793514

face #5060: 
	540.708765, 360.793514
	514.983380, 363.601528
	526.250000, 367.500000

face #5061: 
	544.551880, 333.825417
	566.238734, 336.760132
	593.103448, 336.206897

face #5062: 
	593.103448, 336.206897
	578.281435, 333.109972
	544.551880, 333.825417

face #5063: 
	516.449419, 335.851922
	543.533979, 338.334849
	566.238734, 336.760132

face #5064: 
	566.238734, 336.760132
	544.551880, 333.825417
	516.449419, 335.851922

face #5065: 
	494.750524, 338.958525
	525.548859, 340.771011
	543.533979, 338.334849

face #5066: 
	543.533979, 338.334849
	516.449419, 335.851922
	494.750524, 338.958525

face #5067: 
	479.703342, 342.878188
	512.524053, 343.883578
	525.548859, 340.771011

face #5068: 
	525.548859, 340.771011
	494.750524, 338.958525
	479.703342, 342.878188

face #5069: 
	471.121792, 347.343852
	504.426841, 347.483691
	512.524053, 343.883578

face #5070: 
	512.524053, 343.883578
	479.703342, 342.878188
	471.121792, 347.343852

face #5071: 
	468.519409, 352.114983
	501.019754, 351.395051
	504.426841, 347.483691

face #5072: 
	504.426841, 347.483691
	471.121792, 347.343852
	468.519409, 352.114983

face #5073: 
	471.242802, 356.991842
	501.934373, 355.464279
	501.019754, 351.395051

face #5074: 
	501.019754, 351.395051
	468.519409, 352.114983
	471.242802, 356.991842

face #5075: 
	478.583161, 361.819935
	506.737523, 359.565652
	501.934373, 355.464279

face #5076: 
	501.934373, 355.464279
	471.242802, 356.991842
	478.583161, 361.819935

face #5077: 
	489.854061, 366.487637
	514.983380, 363.601528
	506.737523, 359.565652

face #5078: 
	506.737523, 359.565652
	478.583161, 361.819935
	489.854061, 366.487637

face #5079: 
	504.440000, 370.920000
	526.250000, 367.500000
	514.983380, 363.601528

face #5080: 
	514.983380, 363.601528
	489.854061, 366.487637
	504.440000, 370.920000

face #5081: 
	522.443835, 331.832065
	544.551880, 333.825417
	578.281435, 333.109972

face #5082: 
	578.281435, 333.109972
	563.132961, 330.950626
	522.443835, 331.832065

face #5083: 
	489.038062, 334.316399
	516.449419, 335.851922
	544.551880, 333.825417

face #5084: 
	544.551880, 333.825417
	522.443835, 331.832065
	489.038062, 334.316399

face #5085: 
	649.613325, 425.718947
	494.750524, 338.958525
	516.449419, 335.851922

face #5086: 
	516.449419, 335.851922
	489.038062, 334.316399
	649.613325, 425.718947

face #5087: 
	447.310690, 342.791627
	479.703342, 342.878188
	494.750524, 338.958525

face #5088: 
	494.750524, 338.958525
	649.613325, 425.718947
	447.310690, 342.791627

face #5089: 
	438.771882, 348.069187
	471.121792, 347.343852
	479.703342, 342.878188

face #5090: 
	479.703342, 342.878188
	447.310690, 342.791627
	438.771882, 348.069187

face #5091: 
	437.484983, 353.616727
	468.519409, 352.114983
	471.121792, 347.343852

face #5092: 
	471.121792, 347.343852
	438.771882, 348.069187
	437.484983, 353.616727

face #5093: 
	594.528362, 441.111507
	471.242802, 356.991842
	468.519409, 352.114983

face #5094: 
	468.519409, 352.114983
	437.484983, 353.616727
	594.528362, 441.111507

face #5095: 
	452.616278, 364.620354
	478.583161, 361.819935
	471.242802, 356.991842

face #5096: 
	471.242802, 356.991842
	594.528362, 441.111507
	452.616278, 364.620354

face #5097: 
	590.557886, 604.499638
	489.854061, 366.487637
	478.583161, 361.819935

face #5098: 
	478.583161, 361.819935
	452.616278, 364.620354
	590.557886, 604.499638

face #5099: 
	590.128024, 487.878914
	504.440000, 370.920000
	489.854061, 366.487637

face #5100: 
	489.854061, 366.487637
	590.557886, 604.499638
	590.128024, 487.878914

face #5101: 
	502.351332, 332.102017
	522.443835, 331.832065
	563.132961, 330.950626

face #5102: 
	563.132961, 330.950626
	549.331551, 331.082888
	502.351332, 332.102017

face #5103: 
	464.298747, 334.961651
	489.038062, 334.316399
	522.443835, 331.832065

face #5104: 
	522.443835, 331.832065
	502.351332, 332.102017
	464.298747, 334.961651

face #5105: 
	436.396771, 339.269322
	649.613325, 425.718947
	489.038062, 334.316399

face #5106: 
	489.038062, 334.316399
	464.298747, 334.961651
	436.396771, 339.269322

face #5107: 
	418.761602, 344.576684
	447.310690, 342.791627
	649.613325, 425.718947

face #5108: 
	649.613325, 425.718947
	436.396771, 339.269322
	418.761602, 344.576684

face #5109: 
	410.679514, 350.456590
	438.771882, 348.069187
	447.310690, 342.791627

face #5110: 
	447.310690, 342.791627
	418.761602, 344.576684
	410.679514, 350.456590

face #5111: 
	410.951697, 356.550606
	437.484983, 353.616727
	438.771882, 348.069187

face #5112: 
	438.771882, 348.069187
	410.679514, 350.456590
	410.951697, 356.550606

face #5113: 
	418.202595, 362.587942
	594.528362, 441.111507
	437.484983, 353.616727

face #5114: 
	437.484983, 353.616727
	410.951697, 356.550606
	418.202595, 362.587942

face #5115: 
	431.092597, 368.382671
	452.616278, 364.620354
	594.528362, 441.111507

face #5116: 
	594.528362, 441.111507
	418.202595, 362.587942
	431.092597, 368.382671

face #5117: 
	448.441896, 373.820154
	590.557886, 604.499638
	452.616278, 364.620354

face #5118: 
	452.616278, 364.620354
	431.092597, 368.382671
	448.441896, 373.820154

face #5119: 
	469.280000, 378.840000
	590.128024, 487.878914
	590.557886, 604.499638

face #5120: 
	590.557886, 604.499638
	448.441896, 373.820154
	469.280000, 378.840000

face #5121: 
	487.618619, 336.118921
	502.351332, 332.102017
	549.331551, 331.082888

face #5122: 
	549.331551, 331.082888
	694.726992, 403.595658
	487.618619, 336.118921

face #5123: 
	446.261951, 339.149430
	464.298747, 334.961651
	502.351332, 332.102017

face #5124: 
	502.351332, 332.102017
	487.618619, 336.118921
	446.261951, 339.149430

face #5125: 
	649.571575, 485.813924
	436.396771, 339.269322
	464.298747, 334.961651

face #5126: 
	464.298747, 334.961651
	446.261951, 339.149430
	649.571575, 485.813924

face #5127: 
	299.726283, 948.993236
	418.761602, 344.576684
	436.396771, 339.269322

face #5128: 
	436.396771, 339.269322
	649.571575, 485.813924
	299.726283, 948.993236

face #5129: 
	482.116142, 780.768955
	410.679514, 350.456590
	418.761602, 344.576684

face #5130: 
	418.761602, 344.576684
	299.726283, 948.993236
	482.116142, 780.768955

face #5131: 
	573.536895, 664.089667
	410.951697, 356.550606
	410.679514, 350.456590

face #5132: 
	410.679514, 350.456590
	482.116142, 780.768955
	573.536895, 664.089667

face #5133: 
	549.484691, 403.020863
	418.202595, 362.587942
	410.951697, 356.550606

face #5134: 
	410.951697, 356.550606
	573.536895, 664.089667
	549.484691, 403.020863

face #5135: 
	469.280000, 378.840000
	431.092597, 368.382671
	418.202595, 362.587942

face #5136: 
	418.202595, 362.587942
	549.484691, 403.020863
	469.280000, 378.840000

face #5137: 
	311.508149, 836.808813
	448.441896, 373.820154
	431.092597, 368.382671

face #5138: 
	431.092597, 368.382671
	469.280000, 378.840000
	311.508149, 836.808813

face #5139: 
	539.920072, 422.261475
	469.280000, 378.840000
	448.441896, 373.820154

face #5140: 
	448.441896, 373.820154
	311.508149, 836.808813
	539.920072, 422.261475

face #5141: 
	481.963764, 345.150354
	487.618619, 336.118921
	694.726992, 403.595658

face #5142: 
	694.726992, 403.595658
	535.294118, 344.117647
	481.963764, 345.150354

face #5143: 
	439.362107, 348.035022
	446.261951, 339.149430
	487.618619, 336.118921

face #5144: 
	487.618619, 336.118921
	481.963764, 345.150354
	439.362107, 348.035022

face #5145: 
	408.925525, 352.344174
	649.571575, 485.813924
	446.261951, 339.149430

face #5146: 
	446.261951, 339.149430
	439.362107, 348.035022
	408.925525, 352.344174

face #5147: 
	390.621458, 357.594500
	299.726283, 948.993236
	649.571575, 485.813924

face #5148: 
	649.571575, 485.813924
	408.925525, 352.344174
	390.621458, 357.594500

face #5149: 
	383.365431, 363.336543
	482.116142, 780.768955
	299.726283, 948.993236

face #5150: 
	299.726283, 948.993236
	390.621458, 357.594500
	383.365431, 363.336543

face #5151: 
	385.516791, 369.206573
	573.536895, 664.089667
	482.116142, 780.768955

face #5152: 
	482.116142, 780.768955
	383.365431, 363.336543
	385.516791, 369.206573

face #5153: 
	395.289873, 374.942205
	549.484691, 403.020863
	573.536895, 664.089667

face #5154: 
	573.536895, 664.089667
	385.516791, 369.206573
	395.289873, 374.942205

face #5155: 
	411.020065, 380.374185
	469.280000, 378.840000
	549.484691, 403.020863

face #5156: 
	549.484691, 403.020863
	395.289873, 374.942205
	411.020065, 380.374185

face #5157: 
	431.296273, 385.407378
	311.508149, 836.808813
	469.280000, 378.840000

face #5158: 
	469.280000, 378.840000
	411.020065, 380.374185
	431.296273, 385.407378

face #5159: 
	455.000000, 390.000000
	539.920072, 422.261475
	311.508149, 836.808813

face #5160: 
	311.508149, 836.808813
	431.296273, 385.407378
	455.000000, 390.000000

face #5161: 
	624.752532, 724.453739
	618.399937, 343.838737
	620.000000, 345.000000

face #5162: 
	620.000000, 345.000000
	624.578431, 364.111867
	624.752532, 724.453739

face #5163: 
	397.420527, 1004.245525
	617.628275, 342.718187
	618.399937, 343.838737

face #5164: 
	618.399937, 343.838737
	624.752532, 724.453739
	397.420527, 1004.245525

face #5165: 
	620.448569, 355.207182
	617.677601, 341.656073
	617.628275, 342.718187

face #5166: 
	617.628275, 342.718187
	397.420527, 1004.245525
	620.448569, 355.207182

face #5167: 
	563.753613, 834.292636
	618.536618, 340.671161
	617.677601, 341.656073

face #5168: 
	617.677601, 341.656073
	620.448569, 355.207182
	563.753613, 834.292636

face #5169: 
	671.348408, 399.041387
	620.188943, 339.783065
	618.536618, 340.671161

face #5170: 
	618.536618, 340.671161
	563.753613, 834.292636
	671.348408, 399.041387

face #5171: 
	623.597402, 336.603791
	622.611960, 339.011974
	620.188943, 339.783065

face #5172: 
	620.188943, 339.783065
	671.348408, 399.041387
	623.597402, 336.603791

face #5173: 
	643.561945, 358.687409
	645.289065, 350.880059
	622.611960, 339.011974

face #5174: 
	622.611960, 339.011974
	623.597402, 336.603791
	643.561945, 358.687409

face #5175: 
	649.879306, 322.560899
	649.930783, 351.252433
	645.289065, 350.880059

face #5176: 
	645.289065, 350.880059
	643.561945, 358.687409
	649.879306, 322.560899

face #5177: 
	656.192303, 322.957703
	654.643238, 351.483194
	649.930783, 351.252433

face #5178: 
	649.930783, 351.252433
	649.879306, 322.560899
	656.192303, 322.957703

face #5179: 
	659.375000, 351.562500
	631.775701, 284.929907
	654.643238, 351.483194

face #5180: 
	654.643238, 351.483194
	656.192303, 322.957703
	659.375000, 351.562500

face #5181: 
	649.679099, 398.487925
	624.752532, 724.453739
	624.578431, 364.111867

face #5182: 
	624.578431, 364.111867
	591.758750, 749.673750
	649.679099, 398.487925

face #5183: 
	602.826426, 737.790405
	397.420527, 1004.245525
	624.752532, 724.453739

face #5184: 
	624.752532, 724.453739
	649.679099, 398.487925
	602.826426, 737.790405

face #5185: 
	609.584022, 732.732779
	620.448569, 355.207182
	397.420527, 1004.245525

face #5186: 
	397.420527, 1004.245525
	602.826426, 737.790405
	609.584022, 732.732779

face #5187: 
	616.938148, 728.282714
	563.753613, 834.292636
	620.448569, 355.207182

face #5188: 
	620.448569, 355.207182
	609.584022, 732.732779
	616.938148, 728.282714

face #5189: 
	611.510225, 352.608275
	671.348408, 399.041387
	563.753613, 834.292636

face #5190: 
	563.753613, 834.292636
	616.938148, 728.282714
	611.510225, 352.608275

face #5191: 
	628.548859, 313.336966
	623.597402, 336.603791
	671.348408, 399.041387

face #5192: 
	671.348408, 399.041387
	611.510225, 352.608275
	628.548859, 313.336966

face #5193: 
	641.253635, 365.916616
	643.561945, 358.687409
	623.597402, 336.603791

face #5194: 
	623.597402, 336.603791
	628.548859, 313.336966
	641.253635, 365.916616

face #5195: 
	607.792034, 791.673121
	649.879306, 322.560899
	643.561945, 358.687409

face #5196: 
	643.561945, 358.687409
	641.253635, 365.916616
	607.792034, 791.673121

face #5197: 
	649.930783, 351.252433
	656.192303, 322.957703
	649.879306, 322.560899

face #5198: 
	649.879306, 322.560899
	607.792034, 791.673121
	649.930783, 351.252433

face #5199: 
	662.779777, 359.544429
	659.375000, 351.562500
	656.192303, 322.957703

face #5200: 
	656.192303, 322.957703
	649.930783, 351.252433
	662.779777, 359.544429

face #5201: 
	578.515186, 362.894938
	649.679099, 398.487925
	591.758750, 749.673750

face #5202: 
	591.758750, 749.673750
	571.130000, 360.390000
	578.515186, 362.894938

face #5203: 
	607.196354, 706.116129
	602.826426, 737.790405
	649.679099, 398.487925

face #5204: 
	649.679099, 398.487925
	578.515186, 362.894938
	607.196354, 706.116129

face #5205: 
	649.632615, 402.499504
	609.584022, 732.732779
	602.826426, 737.790405

face #5206: 
	602.826426, 737.790405
	607.196354, 706.116129
	649.632615, 402.499504

face #5207: 
	606.331902, 368.838457
	616.938148, 728.282714
	609.584022, 732.732779

face #5208: 
	609.584022, 732.732779
	649.632615, 402.499504
	606.331902, 368.838457

face #5209: 
	602.485241, 359.908065
	611.510225, 352.608275
	616.938148, 728.282714

face #5210: 
	616.938148, 728.282714
	606.331902, 368.838457
	602.485241, 359.908065

face #5211: 
	635.991233, 378.387985
	628.548859, 313.336966
	611.510225, 352.608275

face #5212: 
	611.510225, 352.608275
	602.485241, 359.908065
	635.991233, 378.387985

face #5213: 
	638.650379, 372.479972
	641.253635, 365.916616
	628.548859, 313.336966

face #5214: 
	628.548859, 313.336966
	635.991233, 378.387985
	638.650379, 372.479972

face #5215: 
	624.890000, 337.642500
	607.792034, 791.673121
	641.253635, 365.916616

face #5216: 
	641.253635, 365.916616
	638.650379, 372.479972
	624.890000, 337.642500

face #5217: 
	645.744021, 335.431094
	649.930783, 351.252433
	607.792034, 791.673121

face #5218: 
	607.792034, 791.673121
	624.890000, 337.642500
	645.744021, 335.431094

face #5219: 
	639.285714, 337.500000
	662.779777, 359.544429
	649.930783, 351.252433

face #5220: 
	649.930783, 351.252433
	645.744021, 335.431094
	639.285714, 337.500000

face #5221: 
	625.071346, 397.805681
	578.515186, 362.894938
	571.130000, 360.390000

face #5222: 
	571.130000, 360.390000
	624.757659, 651.106400
	625.071346, 397.805681

face #5223: 
	625.562189, 400.725285
	607.196354, 706.116129
	578.515186, 362.894938

face #5224: 
	578.515186, 362.894938
	625.071346, 397.805681
	625.562189, 400.725285

face #5225: 
	626.793218, 662.148204
	649.632615, 402.499504
	607.196354, 706.116129

face #5226: 
	607.196354, 706.116129
	625.562189, 400.725285
	626.793218, 662.148204

face #5227: 
	649.597053, 614.954991
	606.331902, 368.838457
	649.632615, 402.499504

face #5228: 
	649.632615, 402.499504
	626.793218, 662.148204
	649.597053, 614.954991

face #5229: 
	378.867181, 983.722037
	602.485241, 359.908065
	606.331902, 368.838457

face #5230: 
	606.331902, 368.838457
	649.597053, 614.954991
	378.867181, 983.722037

face #5231: 
	591.320000, 356.160000
	635.991233, 378.387985
	602.485241, 359.908065

face #5232: 
	602.485241, 359.908065
	378.867181, 983.722037
	591.320000, 356.160000

face #5233: 
	678.890791, 498.846575
	638.650379, 372.479972
	635.991233, 378.387985

face #5234: 
	635.991233, 378.387985
	591.320000, 356.160000
	678.890791, 498.846575

face #5235: 
	672.529963, 407.975895
	624.890000, 337.642500
	638.650379, 372.479972

face #5236: 
	638.650379, 372.479972
	678.890791, 498.846575
	672.529963, 407.975895

face #5237: 
	641.679332, 334.905875
	645.744021, 335.431094
	624.890000, 337.642500

face #5238: 
	624.890000, 337.642500
	672.529963, 407.975895
	641.679332, 334.905875

face #5239: 
	638.141141, 310.259154
	639.285714, 337.500000
	645.744021, 335.431094

face #5240: 
	645.744021, 335.431094
	641.679332, 334.905875
	638.141141, 310.259154

face #5241: 
	427.347439, 854.909590
	625.071346, 397.805681
	624.757659, 651.106400

face #5242: 
	624.757659, 651.106400
	600.949182, 402.458608
	427.347439, 854.909590

face #5243: 
	588.023327, 390.184738
	625.562189, 400.725285
	625.071346, 397.805681

face #5244: 
	625.071346, 397.805681
	427.347439, 854.909590
	588.023327, 390.184738

face #5245: 
	623.217017, 425.198386
	626.793218, 662.148204
	625.562189, 400.725285

face #5246: 
	625.562189, 400.725285
	588.023327, 390.184738
	623.217017, 425.198386

face #5247: 
	363.945436, 323.678742
	649.597053, 614.954991
	626.793218, 662.148204

face #5248: 
	626.793218, 662.148204
	623.217017, 425.198386
	363.945436, 323.678742

face #5249: 
	649.574473, 596.134214
	378.867181, 983.722037
	649.597053, 614.954991

face #5250: 
	649.597053, 614.954991
	363.945436, 323.678742
	649.574473, 596.134214

face #5251: 
	649.623339, 634.841797
	591.320000, 356.160000
	378.867181, 983.722037

face #5252: 
	378.867181, 983.722037
	649.574473, 596.134214
	649.623339, 634.841797

face #5253: 
	616.799632, 370.306950
	678.890791, 498.846575
	591.320000, 356.160000

face #5254: 
	591.320000, 356.160000
	649.623339, 634.841797
	616.799632, 370.306950

face #5255: 
	616.370047, 315.445014
	672.529963, 407.975895
	678.890791, 498.846575

face #5256: 
	678.890791, 498.846575
	616.799632, 370.306950
	616.370047, 315.445014

face #5257: 
	639.893042, 327.750521
	641.679332, 334.905875
	672.529963, 407.975895

face #5258: 
	672.529963, 407.975895
	616.370047, 315.445014
	639.893042, 327.750521

face #5259: 
	677.504355, 379.834495
	638.141141, 310.259154
	641.679332, 334.905875

face #5260: 
	641.679332, 334.905875
	639.893042, 327.750521
	677.504355, 379.834495

face #5261: 
	282.091161, 910.940066
	427.347439, 854.909590
	600.949182, 402.458608

face #5262: 
	600.949182, 402.458608
	521.116411, 374.905586
	282.091161, 910.940066

face #5263: 
	618.815329, 565.947243
	588.023327, 390.184738
	427.347439, 854.909590

face #5264: 
	427.347439, 854.909590
	282.091161, 910.940066
	618.815329, 565.947243

face #5265: 
	599.436754, 656.722146
	623.217017, 425.198386
	588.023327, 390.184738

face #5266: 
	588.023327, 390.184738
	618.815329, 565.947243
	599.436754, 656.722146

face #5267: 
	554.046202, 374.154390
	363.945436, 323.678742
	623.217017, 425.198386

face #5268: 
	623.217017, 425.198386
	599.436754, 656.722146
	554.046202, 374.154390

face #5269: 
	624.327225, 647.439594
	649.574473, 596.134214
	363.945436, 323.678742

face #5270: 
	363.945436, 323.678742
	554.046202, 374.154390
	624.327225, 647.439594

face #5271: 
	649.580487, 471.587552
	649.623339, 634.841797
	649.574473, 596.134214

face #5272: 
	649.574473, 596.134214
	624.327225, 647.439594
	649.580487, 471.587552

face #5273: 
	649.642469, 398.230752
	616.799632, 370.306950
	649.623339, 634.841797

face #5274: 
	649.623339, 634.841797
	649.580487, 471.587552
	649.642469, 398.230752

face #5275: 
	603.680000, 282.360000
	616.370047, 315.445014
	616.799632, 370.306950

face #5276: 
	616.799632, 370.306950
	649.642469, 398.230752
	603.680000, 282.360000

face #5277: 
	622.998471, 335.605205
	639.893042, 327.750521
	616.370047, 315.445014

face #5278: 
	616.370047, 315.445014
	603.680000, 282.360000
	622.998471, 335.605205

face #5279: 
	634.947183, 297.623239
	677.504355, 379.834495
	639.893042, 327.750521

face #5280: 
	639.893042, 327.750521
	622.998471, 335.605205
	634.947183, 297.623239

face #5281: 
	504.855572, 378.889009
	282.091161, 910.940066
	521.116411, 374.905586

face #5282: 
	521.116411, 374.905586
	484.970000, 374.610000
	504.855572, 378.889009

face #5283: 
	556.103261, 683.576728
	618.815329, 565.947243
	282.091161, 910.940066

face #5284: 
	282.091161, 910.940066
	504.855572, 378.889009
	556.103261, 683.576728

face #5285: 
	546.234729, 385.552149
	599.436754, 656.722146
	618.815329, 565.947243

face #5286: 
	618.815329, 565.947243
	556.103261, 683.576728
	546.234729, 385.552149

face #5287: 
	324.882318, 921.002128
	554.046202, 374.154390
	599.436754, 656.722146

face #5288: 
	599.436754, 656.722146
	546.234729, 385.552149
	324.882318, 921.002128

face #5289: 
	622.066743, 618.643346
	624.327225, 647.439594
	554.046202, 374.154390

face #5290: 
	554.046202, 374.154390
	324.882318, 921.002128
	622.066743, 618.643346

face #5291: 
	625.278100, 397.206287
	649.580487, 471.587552
	624.327225, 647.439594

face #5292: 
	624.327225, 647.439594
	622.066743, 618.643346
	625.278100, 397.206287

face #5293: 
	629.302159, 393.159114
	649.642469, 398.230752
	649.580487, 471.587552

face #5294: 
	649.580487, 471.587552
	625.278100, 397.206287
	629.302159, 393.159114

face #5295: 
	609.296991, 361.502589
	603.680000, 282.360000
	649.642469, 398.230752

face #5296: 
	649.642469, 398.230752
	629.302159, 393.159114
	609.296991, 361.502589

face #5297: 
	641.312293, 718.725286
	622.998471, 335.605205
	603.680000, 282.360000

face #5298: 
	603.680000, 282.360000
	609.296991, 361.502589
	641.312293, 718.725286

face #5299: 
	640.470788, 321.674702
	634.947183, 297.623239
	622.998471, 335.605205

face #5300: 
	622.998471, 335.605205
	641.312293, 718.725286
	640.470788, 321.674702

face #5301: 
	586.832259, 557.176263
	504.855572, 378.889009
	484.970000, 374.610000

face #5302: 
	484.970000, 374.610000
	544.998643, 669.740960
	586.832259, 557.176263

face #5303: 
	478.460000, 745.320000
	556.103261, 683.576728
	504.855572, 378.889009

face #5304: 
	504.855572, 378.889009
	586.832259, 557.176263
	478.460000, 745.320000

face #5305: 
	571.402214, 405.719557
	546.234729, 385.552149
	556.103261, 683.576728

face #5306: 
	556.103261, 683.576728
	478.460000, 745.320000
	571.402214, 405.719557

face #5307: 
	504.440000, 370.920000
	324.882318, 921.002128
	546.234729, 385.552149

face #5308: 
	546.234729, 385.552149
	571.402214, 405.719557
	504.440000, 370.920000

face #5309: 
	599.595421, 397.843609
	622.066743, 618.643346
	324.882318, 921.002128

face #5310: 
	324.882318, 921.002128
	504.440000, 370.920000
	599.595421, 397.843609

face #5311: 
	544.520000, 748.740000
	625.278100, 397.206287
	622.066743, 618.643346

face #5312: 
	622.066743, 618.643346
	599.595421, 397.843609
	544.520000, 748.740000

face #5313: 
	649.590505, 456.846775
	629.302159, 393.159114
	625.278100, 397.206287

face #5314: 
	625.278100, 397.206287
	544.520000, 748.740000
	649.590505, 456.846775

face #5315: 
	596.823555, 743.442211
	609.296991, 361.502589
	629.302159, 393.159114

face #5316: 
	629.302159, 393.159114
	649.590505, 456.846775
	596.823555, 743.442211

face #5317: 
	622.329874, 346.136132
	641.312293, 718.725286
	609.296991, 361.502589

face #5318: 
	609.296991, 361.502589
	596.823555, 743.442211
	622.329874, 346.136132

face #5319: 
	372.243346, 1024.733840
	640.470788, 321.674702
	641.312293, 718.725286

face #5320: 
	641.312293, 718.725286
	622.329874, 346.136132
	372.243346, 1024.733840

face #5321: 
	483.347060, 388.188970
	586.832259, 557.176263
	544.998643, 669.740960

face #5322: 
	544.998643, 669.740960
	458.810000, 383.880000
	483.347060, 388.188970

face #5323: 
	507.996306, 391.772675
	478.460000, 745.320000
	586.832259, 557.176263

face #5324: 
	586.832259, 557.176263
	483.347060, 388.188970
	507.996306, 391.772675

face #5325: 
	532.489780, 394.747888
	571.402214, 405.719557
	478.460000, 745.320000

face #5326: 
	478.460000, 745.320000
	507.996306, 391.772675
	532.489780, 394.747888

face #5327: 
	556.673898, 397.202696
	504.440000, 370.920000
	571.402214, 405.719557

face #5328: 
	571.402214, 405.719557
	532.489780, 394.747888
	556.673898, 397.202696

face #5329: 
	580.475758, 399.203143
	599.595421, 397.843609
	504.440000, 370.920000

face #5330: 
	504.440000, 370.920000
	556.673898, 397.202696
	580.475758, 399.203143

face #5331: 
	603.881203, 400.797568
	544.520000, 748.740000
	599.595421, 397.843609

face #5332: 
	599.595421, 397.843609
	580.475758, 399.203143
	603.881203, 400.797568

face #5333: 
	626.921344, 402.019622
	649.590505, 456.846775
	544.520000, 748.740000

face #5334: 
	544.520000, 748.740000
	603.881203, 400.797568
	626.921344, 402.019622

face #5335: 
	622.283225, 377.291826
	596.823555, 743.442211
	649.590505, 456.846775

face #5336: 
	649.590505, 456.846775
	626.921344, 402.019622
	622.283225, 377.291826

face #5337: 
	614.331935, 317.391364
	622.329874, 346.136132
	596.823555, 743.442211

face #5338: 
	596.823555, 743.442211
	622.283225, 377.291826
	614.331935, 317.391364

face #5339: 
	539.190912, 335.035354
	372.243346, 1024.733840
	622.329874, 346.136132

face #5340: 
	622.329874, 346.136132
	614.331935, 317.391364
	539.190912, 335.035354

face #5341: 
	520.085423, 390.753778
	483.347060, 388.188970
	458.810000, 383.880000

face #5342: 
	458.810000, 383.880000
	518.569424, 393.317474
	520.085423, 390.753778

face #5343: 
	524.034580, 396.192568
	507.996306, 391.772675
	483.347060, 388.188970

face #5344: 
	483.347060, 388.188970
	520.085423, 390.753778
	524.034580, 396.192568

face #5345: 
	588.092004, 516.649673
	532.489780, 394.747888
	507.996306, 391.772675

face #5346: 
	507.996306, 391.772675
	524.034580, 396.192568
	588.092004, 516.649673

face #5347: 
	572.147186, 660.417814
	556.673898, 397.202696
	532.489780, 394.747888

face #5348: 
	532.489780, 394.747888
	588.092004, 516.649673
	572.147186, 660.417814

face #5349: 
	94.771559, 803.180219
	580.475758, 399.203143
	556.673898, 397.202696

face #5350: 
	556.673898, 397.202696
	572.147186, 660.417814
	94.771559, 803.180219

face #5351: 
	472.662052, 816.341684
	603.881203, 400.797568
	580.475758, 399.203143

face #5352: 
	580.475758, 399.203143
	94.771559, 803.180219
	472.662052, 816.341684

face #5353: 
	582.680919, 372.170388
	626.921344, 402.019622
	603.881203, 400.797568

face #5354: 
	603.881203, 400.797568
	472.662052, 816.341684
	582.680919, 372.170388

face #5355: 
	443.628662, 943.725395
	622.283225, 377.291826
	626.921344, 402.019622

face #5356: 
	626.921344, 402.019622
	582.680919, 372.170388
	443.628662, 943.725395

face #5357: 
	634.071018, 308.474696
	614.331935, 317.391364
	622.283225, 377.291826

face #5358: 
	622.283225, 377.291826
	443.628662, 943.725395
	634.071018, 308.474696

face #5359: 
	521.202546, 328.601273
	539.190912, 335.035354
	614.331935, 317.391364

face #5360: 
	614.331935, 317.391364
	634.071018, 308.474696
	521.202546, 328.601273

face #5361: 
	670.760805, 297.823331
	665.174951, 329.232193
	657.927638, 343.580697

face #5362: 
	657.927638, 343.580697
	659.375000, 351.562500
	670.760805, 297.823331

face #5363: 
	670.996091, 288.130721
	675.636333, 366.861602
	665.174951, 329.232193

face #5364: 
	665.174951, 329.232193
	670.760805, 297.823331
	670.996091, 288.130721

face #5365: 
	679.397427, 358.687409
	676.863234, 297.292734
	675.636333, 366.861602

face #5366: 
	675.636333, 366.861602
	670.996091, 288.130721
	679.397427, 358.687409

face #5367: 
	660.056869, 268.537626
	662.377869, 333.006679
	676.863234, 297.292734

face #5368: 
	676.863234, 297.292734
	679.397427, 358.687409
	660.056869, 268.537626

face #5369: 
	680.000000, 345.000000
	682.283046, 296.433265
	662.377869, 333.006679

face #5370: 
	662.377869, 333.006679
	660.056869, 268.537626
	680.000000, 345.000000

face #5371: 
	720.213816, 402.242001
	683.049881, 321.044843
	682.283046, 296.433265

face #5372: 
	682.283046, 296.433265
	680.000000, 345.000000
	720.213816, 402.242001

face #5373: 
	691.951862, 355.207182
	681.846193, 325.904229
	683.049881, 321.044843

face #5374: 
	683.049881, 321.044843
	720.213816, 402.242001
	691.951862, 355.207182

face #5375: 
	692.132956, 313.567936
	680.096934, 280.592227
	681.846193, 325.904229

face #5376: 
	681.846193, 325.904229
	691.951862, 355.207182
	692.132956, 313.567936

face #5377: 
	700.843139, 364.111867
	713.817642, 399.041387
	680.096934, 280.592227

face #5378: 
	680.096934, 280.592227
	692.132956, 313.567936
	700.843139, 364.111867

face #5379: 
	552.177154, 474.322580
	678.472521, 317.391364
	713.817642, 399.041387

face #5380: 
	713.817642, 399.041387
	700.843139, 364.111867
	552.177154, 474.322580

face #5381: 
	669.615033, 328.924138
	670.760805, 297.823331
	659.375000, 351.562500

face #5382: 
	659.375000, 351.562500
	627.506900, 342.088316
	669.615033, 328.924138

face #5383: 
	678.872316, 321.918865
	670.996091, 288.130721
	670.760805, 297.823331

face #5384: 
	670.760805, 297.823331
	669.615033, 328.924138
	678.872316, 321.918865

face #5385: 
	689.937592, 365.916616
	679.397427, 358.687409
	670.996091, 288.130721

face #5386: 
	670.996091, 288.130721
	678.872316, 321.918865
	689.937592, 365.916616

face #5387: 
	721.579795, 399.443521
	660.056869, 268.537626
	679.397427, 358.687409

face #5388: 
	679.397427, 358.687409
	689.937592, 365.916616
	721.579795, 399.443521

face #5389: 
	691.910000, 351.120000
	680.000000, 345.000000
	660.056869, 268.537626

face #5390: 
	660.056869, 268.537626
	721.579795, 399.443521
	691.910000, 351.120000

face #5391: 
	737.566826, 511.972302
	720.213816, 402.242001
	680.000000, 345.000000

face #5392: 
	680.000000, 345.000000
	691.910000, 351.120000
	737.566826, 511.972302

face #5393: 
	727.799322, 394.085504
	691.951862, 355.207182
	720.213816, 402.242001

face #5394: 
	720.213816, 402.242001
	737.566826, 511.972302
	727.799322, 394.085504

face #5395: 
	716.400737, 370.306950
	692.132956, 313.567936
	691.951862, 355.207182

face #5396: 
	691.951862, 355.207182
	727.799322, 394.085504
	716.400737, 370.306950

face #5397: 
	708.241250, 749.673750
	700.843139, 364.111867
	692.132956, 313.567936

face #5398: 
	692.132956, 313.567936
	716.400737, 370.306950
	708.241250, 749.673750

face #5399: 
	723.847454, 377.291826
	552.177154, 474.322580
	700.843139, 364.111867

face #5400: 
	700.843139, 364.111867
	708.241250, 749.673750
	723.847454, 377.291826

face #5401: 
	674.039452, 322.560899
	669.615033, 328.924138
	627.506900, 342.088316

face #5402: 
	627.506900, 342.088316
	667.303609, 366.985138
	674.039452, 322.560899

face #5403: 
	673.110953, 326.992776
	678.872316, 321.918865
	669.615033, 328.924138

face #5404: 
	669.615033, 328.924138
	674.039452, 322.560899
	673.110953, 326.992776

face #5405: 
	701.824920, 372.479972
	689.937592, 365.916616
	678.872316, 321.918865

face #5406: 
	678.872316, 321.918865
	673.110953, 326.992776
	701.824920, 372.479972

face #5407: 
	704.476175, 728.282714
	721.579795, 399.443521
	689.937592, 365.916616

face #5408: 
	689.937592, 365.916616
	701.824920, 372.479972
	704.476175, 728.282714

face #5409: 
	725.517592, 383.719288
	691.910000, 351.120000
	721.579795, 399.443521

face #5410: 
	721.579795, 399.443521
	704.476175, 728.282714
	725.517592, 383.719288

face #5411: 
	721.952185, 368.838457
	737.566826, 511.972302
	691.910000, 351.120000

face #5412: 
	691.910000, 351.120000
	725.517592, 383.719288
	721.952185, 368.838457

face #5413: 
	746.101865, 405.526841
	727.799322, 394.085504
	737.566826, 511.972302

face #5414: 
	737.566826, 511.972302
	721.952185, 368.838457
	746.101865, 405.526841

face #5415: 
	750.192487, 425.718947
	716.400737, 370.306950
	727.799322, 394.085504

face #5416: 
	727.799322, 394.085504
	746.101865, 405.526841
	750.192487, 425.718947

face #5417: 
	729.870948, 362.894938
	708.241250, 749.673750
	716.400737, 370.306950

face #5418: 
	716.400737, 370.306950
	750.192487, 425.718947
	729.870948, 362.894938

face #5419: 
	728.870000, 360.390000
	723.847454, 377.291826
	708.241250, 749.673750

face #5420: 
	708.241250, 749.673750
	729.870948, 362.894938
	728.870000, 360.390000

face #5421: 
	680.722461, 304.348681
	674.039452, 322.560899
	667.303609, 366.985138

face #5422: 
	667.303609, 366.985138
	672.369391, 373.753474
	680.722461, 304.348681

face #5423: 
	681.113996, 318.917652
	673.110953, 326.992776
	674.039452, 322.560899

face #5424: 
	674.039452, 322.560899
	680.722461, 304.348681
	681.113996, 318.917652

face #5425: 
	709.656712, 371.521381
	701.824920, 372.479972
	673.110953, 326.992776

face #5426: 
	673.110953, 326.992776
	681.113996, 318.917652
	709.656712, 371.521381

face #5427: 
	736.586073, 402.889922
	704.476175, 728.282714
	701.824920, 372.479972

face #5428: 
	701.824920, 372.479972
	709.656712, 371.521381
	736.586073, 402.889922

face #5429: 
	746.967889, 638.150900
	725.517592, 383.719288
	704.476175, 728.282714

face #5430: 
	704.476175, 728.282714
	736.586073, 402.889922
	746.967889, 638.150900

face #5431: 
	756.105831, 456.846775
	721.952185, 368.838457
	725.517592, 383.719288

face #5432: 
	725.517592, 383.719288
	746.967889, 638.150900
	756.105831, 456.846775

face #5433: 
	756.897434, 406.697376
	746.101865, 405.526841
	721.952185, 368.838457

face #5434: 
	721.952185, 368.838457
	756.105831, 456.846775
	756.897434, 406.697376

face #5435: 
	708.455087, 327.285809
	750.192487, 425.718947
	746.101865, 405.526841

face #5436: 
	746.101865, 405.526841
	756.897434, 406.697376
	708.455087, 327.285809

face #5437: 
	712.645987, 323.678742
	729.870948, 362.894938
	750.192487, 425.718947

face #5438: 
	750.192487, 425.718947
	708.455087, 327.285809
	712.645987, 323.678742

face #5439: 
	766.056002, 401.533099
	728.870000, 360.390000
	729.870948, 362.894938

face #5440: 
	729.870948, 362.894938
	712.645987, 323.678742
	766.056002, 401.533099

face #5441: 
	665.877363, 333.790304
	680.722461, 304.348681
	672.369391, 373.753474

face #5442: 
	672.369391, 373.753474
	593.103448, 336.206897
	665.877363, 333.790304

face #5443: 
	696.176176, 311.724278
	681.113996, 318.917652
	680.722461, 304.348681

face #5444: 
	680.722461, 304.348681
	665.877363, 333.790304
	696.176176, 311.724278

face #5445: 
	709.414768, 743.442211
	709.656712, 371.521381
	681.113996, 318.917652

face #5446: 
	681.113996, 318.917652
	696.176176, 311.724278
	709.414768, 743.442211

face #5447: 
	749.221932, 629.677016
	736.586073, 402.889922
	709.656712, 371.521381

face #5448: 
	709.656712, 371.521381
	709.414768, 743.442211
	749.221932, 629.677016

face #5449: 
	760.999406, 485.813924
	746.967889, 638.150900
	736.586073, 402.889922

face #5450: 
	736.586073, 402.889922
	749.221932, 629.677016
	760.999406, 485.813924

face #5451: 
	753.647062, 727.953782
	756.105831, 456.846775
	746.967889, 638.150900

face #5452: 
	746.967889, 638.150900
	760.999406, 485.813924
	753.647062, 727.953782

face #5453: 
	726.710032, 948.993236
	756.897434, 406.697376
	756.105831, 456.846775

face #5454: 
	756.105831, 456.846775
	753.647062, 727.953782
	726.710032, 948.993236

face #5455: 
	772.988097, 383.664025
	708.455087, 327.285809
	756.897434, 406.697376

face #5456: 
	756.897434, 406.697376
	726.710032, 948.993236
	772.988097, 383.664025

face #5457: 
	780.309378, 399.394360
	712.645987, 323.678742
	708.455087, 327.285809

face #5458: 
	708.455087, 327.285809
	772.988097, 383.664025
	780.309378, 399.394360

face #5459: 
	780.982245, 396.055343
	766.056002, 401.533099
	712.645987, 323.678742

face #5460: 
	712.645987, 323.678742
	780.309378, 399.394360
	780.982245, 396.055343

face #5461: 
	670.334969, 325.904754
	665.877363, 333.790304
	593.103448, 336.206897

face #5462: 
	593.103448, 336.206897
	682.352941, 385.294118
	670.334969, 325.904754

face #5463: 
	736.251854, 583.704414
	696.176176, 311.724278
	665.877363, 333.790304

face #5464: 
	665.877363, 333.790304
	670.334969, 325.904754
	736.251854, 583.704414

face #5465: 
	743.391076, 398.826817
	709.414768, 743.442211
	696.176176, 311.724278

face #5466: 
	696.176176, 311.724278
	736.251854, 583.704414
	743.391076, 398.826817

face #5467: 
	760.245655, 596.134214
	749.221932, 629.677016
	709.414768, 743.442211

face #5468: 
	709.414768, 743.442211
	743.391076, 398.826817
	760.245655, 596.134214

face #5469: 
	717.143188, 955.036482
	760.999406, 485.813924
	749.221932, 629.677016

face #5470: 
	749.221932, 629.677016
	760.245655, 596.134214
	717.143188, 955.036482

face #5471: 
	737.436065, 471.558844
	753.647062, 727.953782
	760.999406, 485.813924

face #5472: 
	760.999406, 485.813924
	717.143188, 955.036482
	737.436065, 471.558844

face #5473: 
	785.673744, 400.170106
	726.710032, 948.993236
	753.647062, 727.953782

face #5474: 
	753.647062, 727.953782
	737.436065, 471.558844
	785.673744, 400.170106

face #5475: 
	779.812924, 910.941160
	772.988097, 383.664025
	726.710032, 948.993236

face #5476: 
	726.710032, 948.993236
	785.673744, 400.170106
	779.812924, 910.941160

face #5477: 
	795.560000, 370.920000
	780.309378, 399.394360
	772.988097, 383.664025

face #5478: 
	772.988097, 383.664025
	779.812924, 910.941160
	795.560000, 370.920000

face #5479: 
	796.974732, 392.544250
	780.982245, 396.055343
	780.309378, 399.394360

face #5480: 
	780.309378, 399.394360
	795.560000, 370.920000
	796.974732, 392.544250

face #5481: 
	661.042575, 343.841951
	670.334969, 325.904754
	682.352941, 385.294118

face #5482: 
	682.352941, 385.294118
	686.661294, 390.247834
	661.042575, 343.841951

face #5483: 
	704.911199, 290.954754
	736.251854, 583.704414
	670.334969, 325.904754

face #5484: 
	670.334969, 325.904754
	661.042575, 343.841951
	704.911199, 290.954754

face #5485: 
	744.510470, 393.159114
	743.391076, 398.826817
	736.251854, 583.704414

face #5486: 
	736.251854, 583.704414
	704.911199, 290.954754
	744.510470, 393.159114

face #5487: 
	763.829284, 397.805681
	760.245655, 596.134214
	743.391076, 398.826817

face #5488: 
	743.391076, 398.826817
	744.510470, 393.159114
	763.829284, 397.805681

face #5489: 
	770.151581, 374.154390
	717.143188, 955.036482
	760.245655, 596.134214

face #5490: 
	760.245655, 596.134214
	763.829284, 397.805681
	770.151581, 374.154390

face #5491: 
	788.347192, 647.559517
	737.436065, 471.558844
	717.143188, 955.036482

face #5492: 
	717.143188, 955.036482
	770.151581, 374.154390
	788.347192, 647.559517

face #5493: 
	797.307449, 385.552149
	785.673744, 400.170106
	737.436065, 471.558844

face #5494: 
	737.436065, 471.558844
	788.347192, 647.559517
	797.307449, 385.552149

face #5495: 
	805.668668, 401.630424
	779.812924, 910.941160
	785.673744, 400.170106

face #5496: 
	785.673744, 400.170106
	797.307449, 385.552149
	805.668668, 401.630424

face #5497: 
	812.171921, 378.889009
	795.560000, 370.920000
	779.812924, 910.941160

face #5498: 
	779.812924, 910.941160
	805.668668, 401.630424
	812.171921, 378.889009

face #5499: 
	815.030000, 374.610000
	796.974732, 392.544250
	795.560000, 370.920000

face #5500: 
	795.560000, 370.920000
	812.171921, 378.889009
	815.030000, 374.610000

face #5501: 
	687.214034, 357.252873
	661.042575, 343.841951
	686.661294, 390.247834

face #5502: 
	686.661294, 390.247834
	698.626388, 401.068275
	687.214034, 357.252873

face #5503: 
	709.852937, 358.125742
	704.911199, 290.954754
	661.042575, 343.841951

face #5504: 
	661.042575, 343.841951
	687.214034, 357.252873
	709.852937, 358.125742

face #5505: 
	757.367527, 605.945683
	744.510470, 393.159114
	704.911199, 290.954754

face #5506: 
	704.911199, 290.954754
	709.852937, 358.125742
	757.367527, 605.945683

face #5507: 
	721.759602, 946.538536
	763.829284, 397.805681
	744.510470, 393.159114

face #5508: 
	744.510470, 393.159114
	757.367527, 605.945683
	721.759602, 946.538536

face #5509: 
	784.718982, 656.722146
	770.151581, 374.154390
	763.829284, 397.805681

face #5510: 
	763.829284, 397.805681
	721.759602, 946.538536
	784.718982, 656.722146

face #5511: 
	797.796568, 441.111507
	788.347192, 647.559517
	770.151581, 374.154390

face #5512: 
	770.151581, 374.154390
	784.718982, 656.722146
	797.796568, 441.111507

face #5513: 
	808.275705, 651.307565
	797.307449, 385.552149
	788.347192, 647.559517

face #5514: 
	788.347192, 647.559517
	797.796568, 441.111507
	808.275705, 651.307565

face #5515: 
	817.448054, 392.099755
	805.668668, 401.630424
	797.307449, 385.552149

face #5516: 
	797.307449, 385.552149
	808.275705, 651.307565
	817.448054, 392.099755

face #5517: 
	820.401627, 630.774995
	812.171921, 378.889009
	805.668668, 401.630424

face #5518: 
	805.668668, 401.630424
	817.448054, 392.099755
	820.401627, 630.774995

face #5519: 
	836.537192, 373.512119
	815.030000, 374.610000
	812.171921, 378.889009

face #5520: 
	812.171921, 378.889009
	820.401627, 630.774995
	836.537192, 373.512119

face #5521: 
	716.780464, 655.937406
	687.214034, 357.252873
	698.626388, 401.068275

face #5522: 
	698.626388, 401.068275
	699.094089, 403.280563
	716.780464, 655.937406

face #5523: 
	650.796533, 943.725395
	709.852937, 358.125742
	687.214034, 357.252873

face #5524: 
	687.214034, 357.252873
	716.780464, 655.937406
	650.796533, 943.725395

face #5525: 
	755.381840, 402.019622
	757.367527, 605.945683
	709.852937, 358.125742

face #5526: 
	709.852937, 358.125742
	650.796533, 943.725395
	755.381840, 402.019622

face #5527: 
	772.877271, 400.797568
	721.759602, 946.538536
	757.367527, 605.945683

face #5528: 
	757.367527, 605.945683
	755.381840, 402.019622
	772.877271, 400.797568

face #5529: 
	789.048483, 399.203143
	784.718982, 656.722146
	721.759602, 946.538536

face #5530: 
	721.759602, 946.538536
	772.877271, 400.797568
	789.048483, 399.203143

face #5531: 
	803.773905, 397.202696
	797.796568, 441.111507
	784.718982, 656.722146

face #5532: 
	784.718982, 656.722146
	789.048483, 399.203143
	803.773905, 397.202696

face #5533: 
	816.820057, 394.747888
	808.275705, 651.307565
	797.796568, 441.111507

face #5534: 
	797.796568, 441.111507
	803.773905, 397.202696
	816.820057, 394.747888

face #5535: 
	827.814379, 391.772675
	817.448054, 392.099755
	808.275705, 651.307565

face #5536: 
	808.275705, 651.307565
	816.820057, 394.747888
	827.814379, 391.772675

face #5537: 
	836.203623, 388.188970
	820.401627, 630.774995
	817.448054, 392.099755

face #5538: 
	817.448054, 392.099755
	827.814379, 391.772675
	836.203623, 388.188970

face #5539: 
	841.190000, 383.880000
	836.537192, 373.512119
	820.401627, 630.774995

face #5540: 
	820.401627, 630.774995
	836.203623, 388.188970
	841.190000, 383.880000

face #5541: 
	702.935099, 379.182105
	716.780464, 655.937406
	699.094089, 403.280563

face #5542: 
	699.094089, 403.280563
	518.750000, 337.500000
	702.935099, 379.182105

face #5543: 
	726.575109, 701.106306
	650.796533, 943.725395
	716.780464, 655.937406

face #5544: 
	716.780464, 655.937406
	702.935099, 379.182105
	726.575109, 701.106306

face #5545: 
	762.816092, 585.674604
	755.381840, 402.019622
	650.796533, 943.725395

face #5546: 
	650.796533, 943.725395
	726.575109, 701.106306
	762.816092, 585.674604

face #5547: 
	777.549054, 618.643346
	772.877271, 400.797568
	755.381840, 402.019622

face #5548: 
	755.381840, 402.019622
	762.816092, 585.674604
	777.549054, 618.643346

face #5549: 
	785.553149, 831.748825
	789.048483, 399.203143
	772.877271, 400.797568

face #5550: 
	772.877271, 400.797568
	777.549054, 618.643346
	785.553149, 831.748825

face #5551: 
	806.030675, 472.805032
	803.773905, 397.202696
	789.048483, 399.203143

face #5552: 
	789.048483, 399.203143
	785.553149, 831.748825
	806.030675, 472.805032

face #5553: 
	815.433313, 582.114725
	816.820057, 394.747888
	803.773905, 397.202696

face #5554: 
	803.773905, 397.202696
	806.030675, 472.805032
	815.433313, 582.114725

face #5555: 
	829.277362, 388.927277
	827.814379, 391.772675
	816.820057, 394.747888

face #5556: 
	816.820057, 394.747888
	815.433313, 582.114725
	829.277362, 388.927277

face #5557: 
	842.656250, 742.968750
	836.203623, 388.188970
	827.814379, 391.772675

face #5558: 
	827.814379, 391.772675
	829.277362, 388.927277
	842.656250, 742.968750

face #5559: 
	866.306320, 832.883891
	841.190000, 383.880000
	836.203623, 388.188970

face #5560: 
	836.203623, 388.188970
	842.656250, 742.968750
	866.306320, 832.883891

face #5561: 
	667.189056, 715.333023
	708.241250, 749.673750
	733.153635, 398.487925

face #5562: 
	667.189056, 715.333023
	733.153635, 398.487925
	709.497063, 359.908065

face #5563: 
	667.189056, 715.333023
	709.497063, 359.908065
	707.782897, 361.502589

face #5564: 
	667.189056, 715.333023
	707.782897, 361.502589
	704.857066, 362.905256

face #5565: 
	667.189056, 715.333023
	704.857066, 362.905256
	693.005174, 352.608275

face #5566: 
	667.189056, 715.333023
	693.005174, 352.608275
	692.902281, 313.336966

face #5567: 
	667.189056, 715.333023
	692.902281, 313.336966
	709.749649, 394.647970

face #5568: 
	667.189056, 715.333023
	709.749649, 394.647970
	682.967230, 716.869446

face #5569: 
	667.189056, 715.333023
	682.967230, 716.869446
	675.466368, 715.725227

face #5570: 
	667.189056, 715.333023
	675.466368, 715.725227
	665.999643, 305.125514

face #5571: 
	717.428118, 949.927938
	733.153635, 398.487925
	708.241250, 749.673750

face #5572: 
	708.241250, 749.673750
	767.798849, 396.294623
	717.428118, 949.927938

face #5573: 
	765.261631, 651.106400
	709.497063, 359.908065
	733.153635, 398.487925

face #5574: 
	733.153635, 398.487925
	717.428118, 949.927938
	765.261631, 651.106400

face #5575: 
	749.356017, 719.495028
	707.782897, 361.502589
	709.497063, 359.908065

face #5576: 
	709.497063, 359.908065
	765.261631, 651.106400
	749.356017, 719.495028

face #5577: 
	758.700578, 471.587552
	704.857066, 362.905256
	707.782897, 361.502589

face #5578: 
	707.782897, 361.502589
	749.356017, 719.495028
	758.700578, 471.587552

face #5579: 
	728.884183, 365.135375
	693.005174, 352.608275
	704.857066, 362.905256

face #5580: 
	704.857066, 362.905256
	758.700578, 471.587552
	728.884183, 365.135375

face #5581: 
	703.815599, 349.978309
	692.902281, 313.336966
	693.005174, 352.608275

face #5582: 
	693.005174, 352.608275
	728.884183, 365.135375
	703.815599, 349.978309

face #5583: 
	738.843556, 561.431340
	709.749649, 394.647970
	692.902281, 313.336966

face #5584: 
	692.902281, 313.336966
	703.815599, 349.978309
	738.843556, 561.431340

face #5585: 
	704.837725, 694.343381
	682.967230, 716.869446
	709.749649, 394.647970

face #5586: 
	709.749649, 394.647970
	738.843556, 561.431340
	704.837725, 694.343381

face #5587: 
	692.240623, 692.605660
	675.466368, 715.725227
	682.967230, 716.869446

face #5588: 
	682.967230, 716.869446
	704.837725, 694.343381
	692.240623, 692.605660

face #5589: 
	686.145847, 675.633314
	665.999643, 305.125514
	675.466368, 715.725227

face #5590: 
	675.466368, 715.725227
	692.240623, 692.605660
	686.145847, 675.633314

face #5591: 
	791.468136, 732.547951
	717.428118, 949.927938
	767.798849, 396.294623

face #5592: 
	767.798849, 396.294623
	792.863750, 747.266250
	791.468136, 732.547951

face #5593: 
	787.002711, 719.926150
	765.261631, 651.106400
	717.428118, 949.927938

face #5594: 
	717.428118, 949.927938
	791.468136, 732.547951
	787.002711, 719.926150

face #5595: 
	785.802043, 486.666524
	749.356017, 719.495028
	765.261631, 651.106400

face #5596: 
	765.261631, 651.106400
	787.002711, 719.926150
	785.802043, 486.666524

face #5597: 
	771.071461, 700.107343
	758.700578, 471.587552
	749.356017, 719.495028

face #5598: 
	749.356017, 719.495028
	785.802043, 486.666524
	771.071461, 700.107343

face #5599: 
	760.366893, 692.585663
	728.884183, 365.135375
	758.700578, 471.587552

face #5600: 
	758.700578, 471.587552
	771.071461, 700.107343
	760.366893, 692.585663

face #5601: 
	748.166891, 686.502524
	703.815599, 349.978309
	728.884183, 365.135375

face #5602: 
	728.884183, 365.135375
	760.366893, 692.585663
	748.166891, 686.502524

face #5603: 
	734.612383, 681.786188
	738.843556, 561.431340
	703.815599, 349.978309

face #5604: 
	703.815599, 349.978309
	748.166891, 686.502524
	734.612383, 681.786188

face #5605: 
	719.770500, 678.398417
	704.837725, 694.343381
	738.843556, 561.431340

face #5606: 
	738.843556, 561.431340
	734.612383, 681.786188
	719.770500, 678.398417

face #5607: 
	703.639220, 676.335784
	692.240623, 692.605660
	704.837725, 694.343381

face #5608: 
	704.837725, 694.343381
	719.770500, 678.398417
	703.639220, 676.335784

face #5609: 
	694.967177, 655.142232
	686.145847, 675.633314
	692.240623, 692.605660

face #5610: 
	692.240623, 692.605660
	703.639220, 676.335784
	694.967177, 655.142232

face #5611: 
	815.619623, 403.020863
	791.468136, 732.547951
	792.863750, 747.266250

face #5612: 
	792.863750, 747.266250
	821.540000, 745.320000
	815.619623, 403.020863

face #5613: 
	811.520767, 713.298200
	787.002711, 719.926150
	791.468136, 732.547951

face #5614: 
	791.468136, 732.547951
	815.619623, 403.020863
	811.520767, 713.298200

face #5615: 
	802.246659, 701.019921
	785.802043, 486.666524
	787.002711, 719.926150

face #5616: 
	787.002711, 719.926150
	811.520767, 713.298200
	802.246659, 701.019921

face #5617: 
	790.887126, 690.801890
	771.071461, 700.107343
	785.802043, 486.666524

face #5618: 
	785.802043, 486.666524
	802.246659, 701.019921
	790.887126, 690.801890

face #5619: 
	777.801475, 682.416114
	760.366893, 692.585663
	771.071461, 700.107343

face #5620: 
	771.071461, 700.107343
	790.887126, 690.801890
	777.801475, 682.416114

face #5621: 
	767.201115, 404.613108
	748.166891, 686.502524
	760.366893, 692.585663

face #5622: 
	760.366893, 692.585663
	777.801475, 682.416114
	767.201115, 404.613108

face #5623: 
	754.401293, 614.954991
	734.612383, 681.786188
	748.166891, 686.502524

face #5624: 
	748.166891, 686.502524
	767.201115, 404.613108
	754.401293, 614.954991

face #5625: 
	730.052499, 666.820446
	719.770500, 678.398417
	734.612383, 681.786188

face #5626: 
	734.612383, 681.786188
	754.401293, 614.954991
	730.052499, 666.820446

face #5627: 
	711.462192, 664.576870
	703.639220, 676.335784
	719.770500, 678.398417

face #5628: 
	719.770500, 678.398417
	730.052499, 666.820446
	711.462192, 664.576870

face #5629: 
	694.967177, 655.142232
	694.967177, 655.142232
	703.639220, 676.335784

face #5630: 
	703.639220, 676.335784
	711.462192, 664.576870
	694.967177, 655.142232

face #5631: 
	831.379324, 422.261475
	815.619623, 403.020863
	821.540000, 745.320000

face #5632: 
	821.540000, 745.320000
	842.656250, 742.968750
	831.379324, 422.261475

face #5633: 
	855.606047, 467.816293
	811.520767, 713.298200
	815.619623, 403.020863

face #5634: 
	815.619623, 403.020863
	831.379324, 422.261475
	855.606047, 467.816293

face #5635: 
	821.540000, 745.320000
	802.246659, 701.019921
	811.520767, 713.298200

face #5636: 
	811.520767, 713.298200
	855.606047, 467.816293
	821.540000, 745.320000

face #5637: 
	806.033021, 382.506876
	790.887126, 690.801890
	802.246659, 701.019921

face #5638: 
	802.246659, 701.019921
	821.540000, 745.320000
	806.033021, 382.506876

face #5639: 
	791.762083, 527.757802
	777.801475, 682.416114
	790.887126, 690.801890

face #5640: 
	790.887126, 690.801890
	806.033021, 382.506876
	791.762083, 527.757802

face #5641: 
	776.117777, 441.375713
	767.201115, 404.613108
	777.801475, 682.416114

face #5642: 
	777.801475, 682.416114
	791.762083, 527.757802
	776.117777, 441.375713

face #5643: 
	745.567643, 372.170388
	754.401293, 614.954991
	767.201115, 404.613108

face #5644: 
	767.201115, 404.613108
	776.117777, 441.375713
	745.567643, 372.170388

face #5645: 
	737.058195, 658.279125
	730.052499, 666.820446
	754.401293, 614.954991

face #5646: 
	754.401293, 614.954991
	745.567643, 372.170388
	737.058195, 658.279125

face #5647: 
	692.376961, 302.128543
	711.462192, 664.576870
	730.052499, 666.820446

face #5648: 
	730.052499, 666.820446
	737.058195, 658.279125
	692.376961, 302.128543

face #5649: 
	697.316539, 648.713034
	694.967177, 655.142232
	711.462192, 664.576870

face #5650: 
	711.462192, 664.576870
	692.376961, 302.128543
	697.316539, 648.713034

face #5651: 
	847.708151, 387.206583
	831.379324, 422.261475
	842.656250, 742.968750

face #5652: 
	842.656250, 742.968750
	857.360000, 740.280000
	847.708151, 387.206583

face #5653: 
	840.925580, 703.074578
	855.606047, 467.816293
	831.379324, 422.261475

face #5654: 
	831.379324, 422.261475
	847.708151, 387.206583
	840.925580, 703.074578

face #5655: 
	828.823208, 396.192568
	821.540000, 745.320000
	855.606047, 467.816293

face #5656: 
	855.606047, 467.816293
	840.925580, 703.074578
	828.823208, 396.192568

face #5657: 
	814.313001, 398.747047
	806.033021, 382.506876
	821.540000, 745.320000

face #5658: 
	821.540000, 745.320000
	828.823208, 396.192568
	814.313001, 398.747047

face #5659: 
	797.909534, 668.721368
	791.762083, 527.757802
	806.033021, 382.506876

face #5660: 
	806.033021, 382.506876
	814.313001, 398.747047
	797.909534, 668.721368

face #5661: 
	780.446915, 661.433132
	776.117777, 441.375713
	791.762083, 527.757802

face #5662: 
	791.762083, 527.757802
	797.909534, 668.721368
	780.446915, 661.433132

face #5663: 
	761.904607, 403.712500
	745.567643, 372.170388
	776.117777, 441.375713

face #5664: 
	776.117777, 441.375713
	780.446915, 661.433132
	761.904607, 403.712500

face #5665: 
	741.679902, 651.912938
	737.058195, 658.279125
	745.567643, 372.170388

face #5666: 
	745.567643, 372.170388
	761.904607, 403.712500
	741.679902, 651.912938

face #5667: 
	720.283738, 649.523667
	692.376961, 302.128543
	737.058195, 658.279125

face #5668: 
	737.058195, 658.279125
	741.679902, 651.912938
	720.283738, 649.523667

face #5669: 
	440.000000, 1031.625000
	697.316539, 648.713034
	692.376961, 302.128543

face #5670: 
	692.376961, 302.128543
	720.283738, 649.523667
	440.000000, 1031.625000

face #5671: 
	885.960183, 797.137185
	847.708151, 387.206583
	857.360000, 740.280000

face #5672: 
	857.360000, 740.280000
	868.940000, 380.550000
	885.960183, 797.137185

face #5673: 
	838.746919, 519.581434
	840.925580, 703.074578
	847.708151, 387.206583

face #5674: 
	847.708151, 387.206583
	885.960183, 797.137185
	838.746919, 519.581434

face #5675: 
	830.911936, 611.013634
	828.823208, 396.192568
	840.925580, 703.074578

face #5676: 
	840.925580, 703.074578
	838.746919, 519.581434
	830.911936, 611.013634

face #5677: 
	818.353605, 440.762767
	814.313001, 398.747047
	828.823208, 396.192568

face #5678: 
	828.823208, 396.192568
	830.911936, 611.013634
	818.353605, 440.762767

face #5679: 
	806.321294, 361.564474
	797.909534, 668.721368
	814.313001, 398.747047

face #5680: 
	814.313001, 398.747047
	818.353605, 440.762767
	806.321294, 361.564474

face #5681: 
	782.191942, 381.219950
	780.446915, 661.433132
	797.909534, 668.721368

face #5682: 
	797.909534, 668.721368
	806.321294, 361.564474
	782.191942, 381.219950

face #5683: 
	751.040000, 364.080000
	761.904607, 403.712500
	780.446915, 661.433132

face #5684: 
	780.446915, 661.433132
	782.191942, 381.219950
	751.040000, 364.080000

face #5685: 
	744.542929, 647.123376
	741.679902, 651.912938
	761.904607, 403.712500

face #5686: 
	761.904607, 403.712500
	751.040000, 364.080000
	744.542929, 647.123376

face #5687: 
	722.451882, 644.718865
	720.283738, 649.523667
	741.679902, 651.912938

face #5688: 
	741.679902, 651.912938
	744.542929, 647.123376
	722.451882, 644.718865

face #5689: 
	510.550437, 1004.433402
	440.000000, 1031.625000
	720.283738, 649.523667

face #5690: 
	720.283738, 649.523667
	722.451882, 644.718865
	510.550437, 1004.433402

face #5691: 
	855.781967, 439.763372
	885.960183, 797.137185
	868.940000, 380.550000

face #5692: 
	868.940000, 380.550000
	858.559859, 650.597417
	855.781967, 439.763372

face #5693: 
	841.842288, 575.337580
	838.746919, 519.581434
	885.960183, 797.137185

face #5694: 
	885.960183, 797.137185
	855.781967, 439.763372
	841.842288, 575.337580

face #5695: 
	841.864088, 385.378793
	830.911936, 611.013634
	838.746919, 519.581434

face #5696: 
	838.746919, 519.581434
	841.842288, 575.337580
	841.864088, 385.378793

face #5697: 
	830.720000, 378.840000
	818.353605, 440.762767
	830.911936, 611.013634

face #5698: 
	830.911936, 611.013634
	841.864088, 385.378793
	830.720000, 378.840000

face #5699: 
	806.211083, 402.281172
	806.321294, 361.564474
	818.353605, 440.762767

face #5700: 
	818.353605, 440.762767
	830.720000, 378.840000
	806.211083, 402.281172

face #5701: 
	772.024497, 921.002128
	782.191942, 381.219950
	806.321294, 361.564474

face #5702: 
	806.321294, 361.564474
	806.211083, 402.281172
	772.024497, 921.002128

face #5703: 
	762.060773, 385.689610
	751.040000, 364.080000
	782.191942, 381.219950

face #5704: 
	782.191942, 381.219950
	772.024497, 921.002128
	762.060773, 385.689610

face #5705: 
	746.122814, 643.463833
	744.542929, 647.123376
	751.040000, 364.080000

face #5706: 
	751.040000, 364.080000
	762.060773, 385.689610
	746.122814, 643.463833

face #5707: 
	723.647614, 641.065029
	722.451882, 644.718865
	744.542929, 647.123376

face #5708: 
	744.542929, 647.123376
	746.122814, 643.463833
	723.647614, 641.065029

face #5709: 
	700.310146, 631.727127
	510.550437, 1004.433402
	722.451882, 644.718865

face #5710: 
	722.451882, 644.718865
	723.647614, 641.065029
	700.310146, 631.727127

face #5711: 
	866.164604, 709.614958
	855.781967, 439.763372
	858.559859, 650.597417

face #5712: 
	858.559859, 650.597417
	874.471250, 730.863750
	866.164604, 709.614958

face #5713: 
	854.517597, 692.302516
	841.842288, 575.337580
	855.781967, 439.763372

face #5714: 
	855.781967, 439.763372
	866.164604, 709.614958
	854.517597, 692.302516

face #5715: 
	840.411077, 678.170880
	841.864088, 385.378793
	841.842288, 575.337580

face #5716: 
	841.842288, 575.337580
	854.517597, 692.302516
	840.411077, 678.170880

face #5717: 
	824.424113, 666.672054
	830.720000, 378.840000
	841.864088, 385.378793

face #5718: 
	841.864088, 385.378793
	840.411077, 678.170880
	824.424113, 666.672054

face #5719: 
	806.922750, 657.407230
	806.211083, 402.281172
	830.720000, 378.840000

face #5720: 
	830.720000, 378.840000
	824.424113, 666.672054
	806.922750, 657.407230

face #5721: 
	788.115530, 650.089728
	772.024497, 921.002128
	806.211083, 402.281172

face #5722: 
	806.211083, 402.281172
	806.922750, 657.407230
	788.115530, 650.089728

face #5723: 
	768.086696, 644.520911
	762.060773, 385.689610
	772.024497, 921.002128

face #5724: 
	772.024497, 921.002128
	788.115530, 650.089728
	768.086696, 644.520911

face #5725: 
	746.813228, 640.575798
	746.122814, 643.463833
	762.060773, 385.689610

face #5726: 
	762.060773, 385.689610
	768.086696, 644.520911
	746.813228, 640.575798

face #5727: 
	724.169995, 638.196027
	723.647614, 641.065029
	746.122814, 643.463833

face #5728: 
	746.122814, 643.463833
	746.813228, 640.575798
	724.169995, 638.196027

face #5729: 
	692.979452, 399.229452
	700.310146, 631.727127
	723.647614, 641.065029

face #5730: 
	723.647614, 641.065029
	724.169995, 638.196027
	692.979452, 399.229452

face #5731: 
	866.635245, 706.460020
	866.164604, 709.614958
	874.471250, 730.863750

face #5732: 
	874.471250, 730.863750
	875.000000, 727.500000
	866.635245, 706.460020

face #5733: 
	854.933076, 398.254450
	854.517597, 692.302516
	866.164604, 709.614958

face #5734: 
	866.164604, 709.614958
	866.635245, 706.460020
	854.933076, 398.254450

face #5735: 
	840.775327, 401.278137
	840.411077, 678.170880
	854.517597, 692.302516

face #5736: 
	854.517597, 692.302516
	854.933076, 398.254450
	840.775327, 401.278137

face #5737: 
	824.740933, 403.737972
	824.424113, 666.672054
	840.411077, 678.170880

face #5738: 
	840.411077, 678.170880
	840.775327, 401.278137
	824.740933, 403.737972

face #5739: 
	807.195572, 405.719557
	806.922750, 657.407230
	824.424113, 666.672054

face #5740: 
	824.424113, 666.672054
	824.740933, 403.737972
	807.195572, 405.719557

face #5741: 
	772.507390, 349.220640
	788.115530, 650.089728
	806.922750, 657.407230

face #5742: 
	806.922750, 657.407230
	807.195572, 405.719557
	772.507390, 349.220640

face #5743: 
	768.279213, 408.475210
	768.086696, 644.520911
	788.115530, 650.089728

face #5744: 
	788.115530, 650.089728
	772.507390, 349.220640
	768.279213, 408.475210

face #5745: 
	651.051188, 978.450640
	746.813228, 640.575798
	768.086696, 644.520911

face #5746: 
	768.086696, 644.520911
	768.279213, 408.475210
	651.051188, 978.450640

face #5747: 
	576.711950, 997.942501
	724.169995, 638.196027
	746.813228, 640.575798

face #5748: 
	746.813228, 640.575798
	651.051188, 978.450640
	576.711950, 997.942501

face #5749: 
	500.000000, 1005.000000
	692.979452, 399.229452
	724.169995, 638.196027

face #5750: 
	724.169995, 638.196027
	576.711950, 997.942501
	500.000000, 1005.000000

face #5751: 
	667.189056, 715.333023
	678.483474, 692.012314
	658.519115, 715.725227

face #5752: 
	667.189056, 715.333023
	658.519115, 715.725227
	649.872787, 716.869446

face #5753: 
	667.189056, 715.333023
	649.872787, 716.869446
	623.120000, 329.340000

face #5754: 
	667.189056, 715.333023
	623.120000, 329.340000
	673.752666, 398.849626

face #5755: 
	667.189056, 715.333023
	673.752666, 398.849626
	676.730084, 612.735881

face #5756: 
	667.189056, 715.333023
	676.730084, 612.735881
	627.609378, 371.521381

face #5757: 
	667.189056, 715.333023
	627.609378, 371.521381
	606.331493, 300.494883

face #5758: 
	667.189056, 715.333023
	606.331493, 300.494883
	479.085082, 912.919324

face #5759: 
	667.189056, 715.333023
	479.085082, 912.919324
	633.461637, 383.719288

face #5760: 
	667.189056, 715.333023
	633.461637, 383.719288
	591.758750, 749.673750

face #5761: 
	664.130476, 692.605660
	658.519115, 715.725227
	678.483474, 692.012314

face #5762: 
	678.483474, 692.012314
	686.145847, 675.633314
	664.130476, 692.605660

face #5763: 
	649.788324, 694.343381
	649.872787, 716.869446
	658.519115, 715.725227

face #5764: 
	658.519115, 715.725227
	664.130476, 692.605660
	649.788324, 694.343381

face #5765: 
	601.250000, 302.812500
	623.120000, 329.340000
	649.872787, 716.869446

face #5766: 
	649.872787, 716.869446
	649.788324, 694.343381
	601.250000, 302.812500

face #5767: 
	649.661085, 407.493917
	673.752666, 398.849626
	623.120000, 329.340000

face #5768: 
	623.120000, 329.340000
	601.250000, 302.812500
	649.661085, 407.493917

face #5769: 
	649.617056, 629.677016
	676.730084, 612.735881
	673.752666, 398.849626

face #5770: 
	673.752666, 398.849626
	649.661085, 407.493917
	649.617056, 629.677016

face #5771: 
	483.948429, 850.049502
	627.609378, 371.521381
	676.730084, 612.735881

face #5772: 
	676.730084, 612.735881
	649.617056, 629.677016
	483.948429, 850.049502

face #5773: 
	580.012302, 719.495028
	606.331493, 300.494883
	627.609378, 371.521381

face #5774: 
	627.609378, 371.521381
	483.948429, 850.049502
	580.012302, 719.495028

face #5775: 
	584.971736, 379.082769
	479.085082, 912.919324
	606.331493, 300.494883

face #5776: 
	606.331493, 300.494883
	580.012302, 719.495028
	584.971736, 379.082769

face #5777: 
	343.410392, 955.036482
	633.461637, 383.719288
	479.085082, 912.919324

face #5778: 
	479.085082, 912.919324
	584.971736, 379.082769
	343.410392, 955.036482

face #5779: 
	336.893281, 946.324530
	591.758750, 749.673750
	633.461637, 383.719288

face #5780: 
	633.461637, 383.719288
	343.410392, 955.036482
	336.893281, 946.324530

face #5781: 
	667.943544, 676.335784
	664.130476, 692.605660
	686.145847, 675.633314

face #5782: 
	686.145847, 675.633314
	691.398784, 663.814075
	667.943544, 676.335784

face #5783: 
	649.730662, 678.398417
	649.788324, 694.343381
	664.130476, 692.605660

face #5784: 
	664.130476, 692.605660
	667.943544, 676.335784
	649.730662, 678.398417

face #5785: 
	631.469853, 681.786188
	601.250000, 302.812500
	649.788324, 694.343381

face #5786: 
	649.788324, 694.343381
	649.730662, 678.398417
	631.469853, 681.786188

face #5787: 
	613.155637, 686.502524
	649.661085, 407.493917
	601.250000, 302.812500

face #5788: 
	601.250000, 302.812500
	631.469853, 681.786188
	613.155637, 686.502524

face #5789: 
	594.816554, 692.585663
	649.617056, 629.677016
	649.661085, 407.493917

face #5790: 
	649.661085, 407.493917
	613.155637, 686.502524
	594.816554, 692.585663

face #5791: 
	576.521133, 700.107343
	483.948429, 850.049502
	649.617056, 629.677016

face #5792: 
	649.617056, 629.677016
	594.816554, 692.585663
	576.521133, 700.107343

face #5793: 
	197.212390, 952.247025
	580.012302, 719.495028
	483.948429, 850.049502

face #5794: 
	483.948429, 850.049502
	576.521133, 700.107343
	197.212390, 952.247025

face #5795: 
	540.588817, 719.926150
	584.971736, 379.082769
	580.012302, 719.495028

face #5796: 
	580.012302, 719.495028
	197.212390, 952.247025
	540.588817, 719.926150

face #5797: 
	523.385517, 732.547951
	343.410392, 955.036482
	584.971736, 379.082769

face #5798: 
	584.971736, 379.082769
	540.588817, 719.926150
	523.385517, 732.547951

face #5799: 
	507.136250, 747.266250
	336.893281, 946.324530
	343.410392, 955.036482

face #5800: 
	343.410392, 955.036482
	523.385517, 732.547951
	507.136250, 747.266250

face #5801: 
	670.560492, 664.576870
	667.943544, 676.335784
	691.398784, 663.814075

face #5802: 
	691.398784, 663.814075
	557.595346, 927.246283
	670.560492, 664.576870

face #5803: 
	649.691054, 666.820446
	649.730662, 678.398417
	667.943544, 676.335784

face #5804: 
	667.943544, 676.335784
	670.560492, 664.576870
	649.691054, 666.820446

face #5805: 
	571.130000, 360.390000
	631.469853, 681.786188
	649.730662, 678.398417

face #5806: 
	649.730662, 678.398417
	649.691054, 666.820446
	571.130000, 360.390000

face #5807: 
	475.399328, 833.771062
	613.155637, 686.502524
	631.469853, 681.786188

face #5808: 
	631.469853, 681.786188
	571.130000, 360.390000
	475.399328, 833.771062

face #5809: 
	586.099262, 682.416114
	594.816554, 692.585663
	613.155637, 686.502524

face #5810: 
	613.155637, 686.502524
	475.399328, 833.771062
	586.099262, 682.416114

face #5811: 
	564.494944, 690.801890
	576.521133, 700.107343
	594.816554, 692.585663

face #5812: 
	594.816554, 692.585663
	586.099262, 682.416114
	564.494944, 690.801890

face #5813: 
	542.755453, 701.019921
	197.212390, 952.247025
	576.521133, 700.107343

face #5814: 
	576.521133, 700.107343
	564.494944, 690.801890
	542.755453, 701.019921

face #5815: 
	521.008490, 713.298200
	540.588817, 719.926150
	197.212390, 952.247025

face #5816: 
	197.212390, 952.247025
	542.755453, 701.019921
	521.008490, 713.298200

face #5817: 
	589.005501, 502.478886
	523.385517, 732.547951
	540.588817, 719.926150

face #5818: 
	540.588817, 719.926150
	521.008490, 713.298200
	589.005501, 502.478886

face #5819: 
	478.460000, 745.320000
	507.136250, 747.266250
	523.385517, 732.547951

face #5820: 
	523.385517, 732.547951
	589.005501, 502.478886
	478.460000, 745.320000

face #5821: 
	672.219865, 403.416751
	670.560492, 664.576870
	557.595346, 927.246283

face #5822: 
	557.595346, 927.246283
	697.316539, 648.713034
	672.219865, 403.416751

face #5823: 
	649.663981, 658.279125
	649.691054, 666.820446
	670.560492, 664.576870

face #5824: 
	670.560492, 664.576870
	672.219865, 403.416751
	649.663981, 658.279125

face #5825: 
	416.498974, 343.686924
	571.130000, 360.390000
	649.691054, 666.820446

face #5826: 
	649.691054, 666.820446
	649.663981, 658.279125
	416.498974, 343.686924

face #5827: 
	398.345078, 349.232509
	475.399328, 833.771062
	571.130000, 360.390000

face #5828: 
	571.130000, 360.390000
	416.498974, 343.686924
	398.345078, 349.232509

face #5829: 
	390.825399, 355.318959
	586.099262, 682.416114
	475.399328, 833.771062

face #5830: 
	475.399328, 833.771062
	398.345078, 349.232509
	390.825399, 355.318959

face #5831: 
	592.196076, 614.626753
	564.494944, 690.801890
	586.099262, 682.416114

face #5832: 
	586.099262, 682.416114
	390.825399, 355.318959
	592.196076, 614.626753

face #5833: 
	281.383185, 871.342261
	542.755453, 701.019921
	564.494944, 690.801890

face #5834: 
	564.494944, 690.801890
	592.196076, 614.626753
	281.383185, 871.342261

face #5835: 
	543.948927, 403.737972
	521.008490, 713.298200
	542.755453, 701.019921

face #5836: 
	542.755453, 701.019921
	281.383185, 871.342261
	543.948927, 403.737972

face #5837: 
	560.938818, 473.751711
	589.005501, 502.478886
	521.008490, 713.298200

face #5838: 
	521.008490, 713.298200
	543.948927, 403.737972
	560.938818, 473.751711

face #5839: 
	457.343750, 742.968750
	478.460000, 745.320000
	589.005501, 502.478886

face #5840: 
	589.005501, 502.478886
	560.938818, 473.751711
	457.343750, 742.968750

face #5841: 
	673.511563, 649.523667
	672.219865, 403.416751
	697.316539, 648.713034

face #5842: 
	697.316539, 648.713034
	698.770056, 643.903427
	673.511563, 649.523667

face #5843: 
	649.646124, 651.912938
	649.663981, 658.279125
	672.219865, 403.416751

face #5844: 
	672.219865, 403.416751
	673.511563, 649.523667
	649.646124, 651.912938

face #5845: 
	383.082115, 327.285809
	416.498974, 343.686924
	649.663981, 658.279125

face #5846: 
	649.663981, 658.279125
	649.646124, 651.912938
	383.082115, 327.285809

face #5847: 
	601.040134, 661.433132
	398.345078, 349.232509
	416.498974, 343.686924

face #5848: 
	416.498974, 343.686924
	383.082115, 327.285809
	601.040134, 661.433132

face #5849: 
	576.045233, 668.721368
	390.825399, 355.318959
	398.345078, 349.232509

face #5850: 
	398.345078, 349.232509
	601.040134, 661.433132
	576.045233, 668.721368

face #5851: 
	550.486688, 393.152821
	592.196076, 614.626753
	390.825399, 355.318959

face #5852: 
	390.825399, 355.318959
	576.045233, 668.721368
	550.486688, 393.152821

face #5853: 
	524.311818, 390.325763
	281.383185, 871.342261
	592.196076, 614.626753

face #5854: 
	592.196076, 614.626753
	550.486688, 393.152821
	524.311818, 390.325763

face #5855: 
	497.525662, 703.074578
	543.948927, 403.737972
	281.383185, 871.342261

face #5856: 
	281.383185, 871.342261
	524.311818, 390.325763
	497.525662, 703.074578

face #5857: 
	470.264179, 382.685792
	560.938818, 473.751711
	543.948927, 403.737972

face #5858: 
	543.948927, 403.737972
	497.525662, 703.074578
	470.264179, 382.685792

face #5859: 
	442.640000, 740.280000
	457.343750, 742.968750
	560.938818, 473.751711

face #5860: 
	560.938818, 473.751711
	470.264179, 382.685792
	442.640000, 740.280000

face #5861: 
	674.236809, 644.718865
	673.511563, 649.523667
	698.770056, 643.903427

face #5862: 
	698.770056, 643.903427
	699.571505, 640.251741
	674.236809, 644.718865

face #5863: 
	649.635146, 647.123376
	649.646124, 651.912938
	673.511563, 649.523667

face #5864: 
	673.511563, 649.523667
	674.236809, 644.718865
	649.635146, 647.123376

face #5865: 
	567.226826, 727.953782
	383.082115, 327.285809
	649.646124, 651.912938

face #5866: 
	649.646124, 651.912938
	649.635146, 647.123376
	567.226826, 727.953782

face #5867: 
	583.438329, 394.628428
	601.040134, 661.433132
	383.082115, 327.285809

face #5868: 
	383.082115, 327.285809
	567.226826, 727.953782
	583.438329, 394.628428

face #5869: 
	573.785516, 395.990820
	576.045233, 668.721368
	601.040134, 661.433132

face #5870: 
	601.040134, 661.433132
	583.438329, 394.628428
	573.785516, 395.990820

face #5871: 
	547.304098, 393.650332
	550.486688, 393.152821
	576.045233, 668.721368

face #5872: 
	576.045233, 668.721368
	573.785516, 395.990820
	547.304098, 393.650332

face #5873: 
	457.343750, 742.968750
	524.311818, 390.325763
	550.486688, 393.152821

face #5874: 
	550.486688, 393.152821
	547.304098, 393.650332
	457.343750, 742.968750

face #5875: 
	469.300524, 381.066347
	497.525662, 703.074578
	524.311818, 390.325763

face #5876: 
	524.311818, 390.325763
	457.343750, 742.968750
	469.300524, 381.066347

face #5877: 
	486.339175, 398.254450
	470.264179, 382.685792
	497.525662, 703.074578

face #5878: 
	497.525662, 703.074578
	469.300524, 381.066347
	486.339175, 398.254450

face #5879: 
	529.110520, 474.963340
	442.640000, 740.280000
	470.264179, 382.685792

face #5880: 
	470.264179, 382.685792
	486.339175, 398.254450
	529.110520, 474.963340

face #5881: 
	674.636772, 641.065029
	674.236809, 644.718865
	699.571505, 640.251741

face #5882: 
	699.571505, 640.251741
	699.921605, 637.389288
	674.636772, 641.065029

face #5883: 
	649.629051, 643.463833
	649.635146, 647.123376
	674.236809, 644.718865

face #5884: 
	674.236809, 644.718865
	674.636772, 641.065029
	649.629051, 643.463833

face #5885: 
	624.332944, 404.613108
	567.226826, 727.953782
	649.635146, 647.123376

face #5886: 
	649.635146, 647.123376
	649.629051, 643.463833
	624.332944, 404.613108

face #5887: 
	598.561612, 403.323776
	583.438329, 394.628428
	567.226826, 727.953782

face #5888: 
	567.226826, 727.953782
	624.332944, 404.613108
	598.561612, 403.323776

face #5889: 
	572.165666, 401.630424
	573.785516, 395.990820
	583.438329, 394.628428

face #5890: 
	583.438329, 394.628428
	598.561612, 403.323776
	572.165666, 401.630424

face #5891: 
	545.024767, 399.487806
	547.304098, 393.650332
	573.785516, 395.990820

face #5892: 
	573.785516, 395.990820
	572.165666, 401.630424
	545.024767, 399.487806

face #5893: 
	517.050273, 396.830651
	457.343750, 742.968750
	547.304098, 393.650332

face #5894: 
	547.304098, 393.650332
	545.024767, 399.487806
	517.050273, 396.830651

face #5895: 
	488.193949, 393.568353
	469.300524, 381.066347
	457.343750, 742.968750

face #5896: 
	457.343750, 742.968750
	517.050273, 396.830651
	488.193949, 393.568353

face #5897: 
	458.463464, 389.576572
	486.339175, 398.254450
	469.300524, 381.066347

face #5898: 
	469.300524, 381.066347
	488.193949, 393.568353
	458.463464, 389.576572

face #5899: 
	456.110680, 394.549185
	529.110520, 474.963340
	486.339175, 398.254450

face #5900: 
	486.339175, 398.254450
	458.463464, 389.576572
	456.110680, 394.549185

face #5901: 
	674.811512, 638.196027
	674.636772, 641.065029
	699.921605, 637.389288

face #5902: 
	699.921605, 637.389288
	700.000000, 635.000000
	674.811512, 638.196027

face #5903: 
	649.626365, 640.575798
	649.629051, 643.463833
	674.636772, 641.065029

face #5904: 
	674.636772, 641.065029
	674.811512, 638.196027
	649.626365, 640.575798

face #5905: 
	624.138989, 644.520911
	624.332944, 404.613108
	649.629051, 643.463833

face #5906: 
	649.629051, 643.463833
	649.626365, 640.575798
	624.138989, 644.520911

face #5907: 
	598.161915, 650.089728
	598.561612, 403.323776
	624.332944, 404.613108

face #5908: 
	624.332944, 404.613108
	624.138989, 644.520911
	598.161915, 650.089728

face #5909: 
	571.538625, 657.407230
	572.165666, 401.630424
	598.561612, 403.323776

face #5910: 
	598.561612, 403.323776
	598.161915, 650.089728
	571.538625, 657.407230

face #5911: 
	544.141192, 666.672054
	545.024767, 399.487806
	572.165666, 401.630424

face #5912: 
	572.165666, 401.630424
	571.538625, 657.407230
	544.141192, 666.672054

face #5913: 
	515.871946, 678.170880
	517.050273, 396.830651
	545.024767, 399.487806

face #5914: 
	545.024767, 399.487806
	544.141192, 666.672054
	515.871946, 678.170880

face #5915: 
	486.670951, 692.302516
	488.193949, 393.568353
	517.050273, 396.830651

face #5916: 
	517.050273, 396.830651
	515.871946, 678.170880
	486.670951, 692.302516

face #5917: 
	456.531944, 709.614958
	458.463464, 389.576572
	488.193949, 393.568353

face #5918: 
	488.193949, 393.568353
	486.670951, 692.302516
	456.531944, 709.614958

face #5919: 
	425.528750, 730.863750
	456.110680, 394.549185
	458.463464, 389.576572

face #5920: 
	458.463464, 389.576572
	456.531944, 709.614958
	425.528750, 730.863750

face #5921: 
	674.850692, 409.827526
	674.811512, 638.196027
	700.000000, 635.000000

face #5922: 
	700.000000, 635.000000
	500.000000, 1005.000000
	674.850692, 409.827526

face #5923: 
	649.625732, 409.318724
	649.626365, 640.575798
	674.811512, 638.196027

face #5924: 
	674.811512, 638.196027
	674.850692, 409.827526
	649.625732, 409.318724

face #5925: 
	624.096836, 408.475210
	624.138989, 644.520911
	649.626365, 640.575798

face #5926: 
	649.626365, 640.575798
	649.625732, 409.318724
	624.096836, 408.475210

face #5927: 
	598.074952, 407.284429
	598.161915, 650.089728
	624.138989, 644.520911

face #5928: 
	624.138989, 644.520911
	624.096836, 408.475210
	598.074952, 407.284429

face #5929: 
	319.767442, 356.976744
	571.538625, 657.407230
	598.161915, 650.089728

face #5930: 
	598.161915, 650.089728
	598.074952, 407.284429
	319.767442, 356.976744

face #5931: 
	327.639964, 364.656350
	544.141192, 666.672054
	571.538625, 657.407230

face #5932: 
	571.538625, 657.407230
	319.767442, 356.976744
	327.639964, 364.656350

face #5933: 
	344.300734, 371.927861
	515.871946, 678.170880
	544.141192, 666.672054

face #5934: 
	544.141192, 666.672054
	327.639964, 364.656350
	344.300734, 371.927861

face #5935: 
	367.275842, 780.168475
	486.670951, 692.302516
	515.871946, 678.170880

face #5936: 
	515.871946, 678.170880
	344.300734, 371.927861
	367.275842, 780.168475

face #5937: 
	427.951250, 384.684450
	456.531944, 709.614958
	486.670951, 692.302516

face #5938: 
	486.670951, 692.302516
	367.275842, 780.168475
	427.951250, 384.684450

face #5939: 
	425.528750, 730.863750
	425.528750, 730.863750
	456.531944, 709.614958

face #5940: 
	456.531944, 709.614958
	427.951250, 384.684450
	425.528750, 730.863750

face #5941: 
	667.189056, 715.333023
	596.431404, 358.125742
	588.007017, 756.175697

face #5942: 
	667.189056, 715.333023
	588.007017, 756.175697
	585.841853, 762.580729

face #5943: 
	667.189056, 715.333023
	585.841853, 762.580729
	585.310650, 768.774280

face #5944: 
	667.189056, 715.333023
	585.310650, 768.774280
	586.451504, 774.627193

face #5945: 
	667.189056, 715.333023
	586.451504, 774.627193
	589.285878, 779.997798

face #5946: 
	667.189056, 715.333023
	589.285878, 779.997798
	593.813187, 784.734138

face #5947: 
	667.189056, 715.333023
	593.813187, 784.734138
	600.003466, 788.678571

face #5948: 
	667.189056, 715.333023
	600.003466, 788.678571
	625.244262, 333.006679

face #5949: 
	667.189056, 715.333023
	625.244262, 333.006679
	649.908348, 288.721047

face #5950: 
	667.189056, 715.333023
	649.908348, 288.721047
	629.661594, 265.838633

face #5951: 
	535.714023, 760.689211
	588.007017, 756.175697
	596.431404, 358.125742

face #5952: 
	596.431404, 358.125742
	336.893281, 946.324530
	535.714023, 760.689211

face #5953: 
	529.597867, 772.886415
	585.841853, 762.580729
	588.007017, 756.175697

face #5954: 
	588.007017, 756.175697
	535.714023, 760.689211
	529.597867, 772.886415

face #5955: 
	649.556569, 574.660525
	585.310650, 768.774280
	585.841853, 762.580729

face #5956: 
	585.841853, 762.580729
	529.597867, 772.886415
	649.556569, 574.660525

face #5957: 
	526.571792, 797.055304
	586.451504, 774.627193
	585.310650, 768.774280

face #5958: 
	585.310650, 768.774280
	649.556569, 574.660525
	526.571792, 797.055304

face #5959: 
	530.209603, 808.383639
	589.285878, 779.997798
	586.451504, 774.627193

face #5960: 
	586.451504, 774.627193
	526.571792, 797.055304
	530.209603, 808.383639

face #5961: 
	537.571856, 818.676144
	593.813187, 784.734138
	589.285878, 779.997798

face #5962: 
	589.285878, 779.997798
	530.209603, 808.383639
	537.571856, 818.676144

face #5963: 
	548.764839, 827.472607
	600.003466, 788.678571
	593.813187, 784.734138

face #5964: 
	593.813187, 784.734138
	537.571856, 818.676144
	548.764839, 827.472607

face #5965: 
	626.191093, 318.645749
	625.244262, 333.006679
	600.003466, 788.678571

face #5966: 
	600.003466, 788.678571
	548.764839, 827.472607
	626.191093, 318.645749

face #5967: 
	649.840547, 310.600747
	649.908348, 288.721047
	625.244262, 333.006679

face #5968: 
	625.244262, 333.006679
	626.191093, 318.645749
	649.840547, 310.600747

face #5969: 
	604.075235, 840.203762
	629.661594, 265.838633
	649.908348, 288.721047

face #5970: 
	649.908348, 288.721047
	649.840547, 310.600747
	604.075235, 840.203762

face #5971: 
	596.258809, 424.462289
	535.714023, 760.689211
	336.893281, 946.324530

face #5972: 
	336.893281, 946.324530
	492.983396, 763.602207
	596.258809, 424.462289

face #5973: 
	619.193549, 577.734605
	529.597867, 772.886415
	535.714023, 760.689211

face #5974: 
	535.714023, 760.689211
	596.258809, 424.462289
	619.193549, 577.734605

face #5975: 
	475.124430, 798.486166
	649.556569, 574.660525
	529.597867, 772.886415

face #5976: 
	529.597867, 772.886415
	619.193549, 577.734605
	475.124430, 798.486166

face #5977: 
	622.380182, 441.375713
	526.571792, 797.055304
	649.556569, 574.660525

face #5978: 
	649.556569, 574.660525
	475.124430, 798.486166
	622.380182, 441.375713

face #5979: 
	624.583734, 401.533099
	530.209603, 808.383639
	526.571792, 797.055304

face #5980: 
	526.571792, 797.055304
	622.380182, 441.375713
	624.583734, 401.533099

face #5981: 
	649.585593, 605.945683
	537.571856, 818.676144
	530.209603, 808.383639

face #5982: 
	530.209603, 808.383639
	624.583734, 401.533099
	649.585593, 605.945683

face #5983: 
	649.646490, 401.670695
	548.764839, 827.472607
	537.571856, 818.676144

face #5984: 
	537.571856, 818.676144
	649.585593, 605.945683
	649.646490, 401.670695

face #5985: 
	678.395231, 485.302105
	626.191093, 318.645749
	548.764839, 827.472607

face #5986: 
	548.764839, 827.472607
	649.646490, 401.670695
	678.395231, 485.302105

face #5987: 
	635.153032, 326.906565
	649.840547, 310.600747
	626.191093, 318.645749

face #5988: 
	626.191093, 318.645749
	678.395231, 485.302105
	635.153032, 326.906565

face #5989: 
	537.704918, 962.295082
	604.075235, 840.203762
	649.840547, 310.600747

face #5990: 
	649.840547, 310.600747
	635.153032, 326.906565
	537.704918, 962.295082

face #5991: 
	459.363602, 765.023905
	596.258809, 424.462289
	492.983396, 763.602207

face #5992: 
	492.983396, 763.602207
	531.737650, 694.506434
	459.363602, 765.023905

face #5993: 
	467.061521, 369.783052
	619.193549, 577.734605
	596.258809, 424.462289

face #5994: 
	596.258809, 424.462289
	459.363602, 765.023905
	467.061521, 369.783052

face #5995: 
	574.547649, 394.480594
	475.124430, 798.486166
	619.193549, 577.734605

face #5996: 
	619.193549, 577.734605
	467.061521, 369.783052
	574.547649, 394.480594

face #5997: 
	579.416263, 404.116747
	622.380182, 441.375713
	475.124430, 798.486166

face #5998: 
	475.124430, 798.486166
	574.547649, 394.480594
	579.416263, 404.116747

face #5999: 
	235.408725, 953.909986
	624.583734, 401.533099
	622.380182, 441.375713

face #6000: 
	622.380182, 441.375713
	579.416263, 404.116747
	235.408725, 953.909986

face #6001: 
	435.748084, 877.070142
	649.585593, 605.945683
	624.583734, 401.533099

face #6002: 
	624.583734, 401.533099
	235.408725, 953.909986
	435.748084, 877.070142

face #6003: 
	452.816918, 896.917567
	649.646490, 401.670695
	649.585593, 605.945683

face #6004: 
	649.585593, 605.945683
	435.748084, 877.070142
	452.816918, 896.917567

face #6005: 
	596.240000, 294.780000
	678.395231, 485.302105
	649.646490, 401.670695

face #6006: 
	649.646490, 401.670695
	452.816918, 896.917567
	596.240000, 294.780000

face #6007: 
	625.883690, 282.264247
	635.153032, 326.906565
	678.395231, 485.302105

face #6008: 
	678.395231, 485.302105
	596.240000, 294.780000
	625.883690, 282.264247

face #6009: 
	691.398784, 663.814075
	537.704918, 962.295082
	635.153032, 326.906565

face #6010: 
	635.153032, 326.906565
	625.883690, 282.264247
	691.398784, 663.814075

face #6011: 
	434.123603, 765.103737
	459.363602, 765.023905
	531.737650, 694.506434

face #6012: 
	531.737650, 694.506434
	480.246500, 393.982891
	434.123603, 765.103737

face #6013: 
	414.346817, 789.315517
	467.061521, 369.783052
	459.363602, 765.023905

face #6014: 
	459.363602, 765.023905
	434.123603, 765.103737
	414.346817, 789.315517

face #6015: 
	399.108168, 815.390939
	574.547649, 394.480594
	467.061521, 369.783052

face #6016: 
	467.061521, 369.783052
	414.346817, 789.315517
	399.108168, 815.390939

face #6017: 
	389.779585, 842.862746
	579.416263, 404.116747
	574.547649, 394.480594

face #6018: 
	574.547649, 394.480594
	399.108168, 815.390939
	389.779585, 842.862746

face #6019: 
	387.969842, 870.913163
	235.408725, 953.909986
	579.416263, 404.116747

face #6020: 
	579.416263, 404.116747
	389.779585, 842.862746
	387.969842, 870.913163

face #6021: 
	395.391774, 898.288671
	435.748084, 877.070142
	235.408725, 953.909986

face #6022: 
	235.408725, 953.909986
	387.969842, 870.913163
	395.391774, 898.288671

face #6023: 
	413.606341, 923.265075
	452.816918, 896.917567
	435.748084, 877.070142

face #6024: 
	435.748084, 877.070142
	395.391774, 898.288671
	413.606341, 923.265075

face #6025: 
	649.665840, 402.889922
	596.240000, 294.780000
	452.816918, 896.917567

face #6026: 
	452.816918, 896.917567
	413.606341, 923.265075
	649.665840, 402.889922

face #6027: 
	485.461803, 957.402429
	625.883690, 282.264247
	596.240000, 294.780000

face #6028: 
	596.240000, 294.780000
	649.665840, 402.889922
	485.461803, 957.402429

face #6029: 
	521.810089, 988.353116
	691.398784, 663.814075
	625.883690, 282.264247

face #6030: 
	625.883690, 282.264247
	485.461803, 957.402429
	521.810089, 988.353116

face #6031: 
	416.299957, 764.022622
	434.123603, 765.103737
	480.246500, 393.982891

face #6032: 
	480.246500, 393.982891
	442.666250, 377.596950
	416.299957, 764.022622

face #6033: 
	497.542448, 386.875880
	414.346817, 789.315517
	434.123603, 765.103737

face #6034: 
	434.123603, 765.103737
	416.299957, 764.022622
	497.542448, 386.875880

face #6035: 
	374.766928, 818.999375
	399.108168, 815.390939
	414.346817, 789.315517

face #6036: 
	414.346817, 789.315517
	497.542448, 386.875880
	374.766928, 818.999375

face #6037: 
	362.435812, 849.657636
	389.779585, 842.862746
	399.108168, 815.390939

face #6038: 
	399.108168, 815.390939
	374.766928, 818.999375
	362.435812, 849.657636

face #6039: 
	576.052273, 395.443753
	387.969842, 870.913163
	389.779585, 842.862746

face #6040: 
	389.779585, 842.862746
	362.435812, 849.657636
	576.052273, 395.443753

face #6041: 
	364.461572, 334.548763
	395.391774, 898.288671
	387.969842, 870.913163

face #6042: 
	387.969842, 870.913163
	576.052273, 395.443753
	364.461572, 334.548763

face #6043: 
	383.024773, 942.031968
	413.606341, 923.265075
	395.391774, 898.288671

face #6044: 
	395.391774, 898.288671
	364.461572, 334.548763
	383.024773, 942.031968

face #6045: 
	649.646180, 399.635954
	649.665840, 402.889922
	413.606341, 923.265075

face #6046: 
	413.606341, 923.265075
	383.024773, 942.031968
	649.646180, 399.635954

face #6047: 
	462.469323, 317.197315
	485.461803, 957.402429
	649.665840, 402.889922

face #6048: 
	649.665840, 402.889922
	649.646180, 399.635954
	462.469323, 317.197315

face #6049: 
	705.263158, 603.059211
	521.810089, 988.353116
	485.461803, 957.402429

face #6050: 
	485.461803, 957.402429
	462.469323, 317.197315
	705.263158, 603.059211

face #6051: 
	404.749207, 761.983437
	416.299957, 764.022622
	442.666250, 377.596950

face #6052: 
	442.666250, 377.596950
	433.201250, 737.321250
	404.749207, 761.983437

face #6053: 
	379.452862, 789.504975
	497.542448, 386.875880
	416.299957, 764.022622

face #6054: 
	416.299957, 764.022622
	404.749207, 761.983437
	379.452862, 789.504975

face #6055: 
	358.642173, 819.803125
	374.766928, 818.999375
	497.542448, 386.875880

face #6056: 
	497.542448, 386.875880
	379.452862, 789.504975
	358.642173, 819.803125

face #6057: 
	344.099719, 852.487191
	362.435812, 849.657636
	374.766928, 818.999375

face #6058: 
	374.766928, 818.999375
	358.642173, 819.803125
	344.099719, 852.487191

face #6059: 
	338.062279, 886.698476
	576.052273, 395.443753
	362.435812, 849.657636

face #6060: 
	362.435812, 849.657636
	344.099719, 852.487191
	338.062279, 886.698476

face #6061: 
	343.096316, 920.934292
	364.461572, 334.548763
	576.052273, 395.443753

face #6062: 
	576.052273, 395.443753
	338.062279, 886.698476
	343.096316, 920.934292

face #6063: 
	361.753249, 952.927693
	383.024773, 942.031968
	364.461572, 334.548763

face #6064: 
	364.461572, 334.548763
	343.096316, 920.934292
	361.753249, 952.927693

face #6065: 
	649.636123, 400.258145
	649.646180, 399.635954
	383.024773, 942.031968

face #6066: 
	383.024773, 942.031968
	361.753249, 952.927693
	649.636123, 400.258145

face #6067: 
	674.165138, 400.863106
	462.469323, 317.197315
	649.646180, 399.635954

face #6068: 
	649.646180, 399.635954
	649.636123, 400.258145
	674.165138, 400.863106

face #6069: 
	510.550437, 1004.433402
	705.263158, 603.059211
	462.469323, 317.197315

face #6070: 
	462.469323, 317.197315
	674.165138, 400.863106
	510.550437, 1004.433402

face #6071: 
	398.199095, 759.202294
	404.749207, 761.983437
	433.201250, 737.321250

face #6072: 
	433.201250, 737.321250
	427.880000, 734.160000
	398.199095, 759.202294

face #6073: 
	371.571128, 787.273092
	379.452862, 789.504975
	404.749207, 761.983437

face #6074: 
	404.749207, 761.983437
	398.199095, 759.202294
	371.571128, 787.273092

face #6075: 
	349.372766, 818.329568
	358.642173, 819.803125
	379.452862, 789.504975

face #6076: 
	379.452862, 789.504975
	371.571128, 787.273092
	349.372766, 818.329568

face #6077: 
	333.477402, 852.014031
	344.099719, 852.487191
	358.642173, 819.803125

face #6078: 
	358.642173, 819.803125
	349.372766, 818.329568
	333.477402, 852.014031

face #6079: 
	326.275048, 887.476137
	338.062279, 886.698476
	344.099719, 852.487191

face #6080: 
	344.099719, 852.487191
	333.477402, 852.014031
	326.275048, 887.476137

face #6081: 
	330.552731, 923.174669
	343.096316, 920.934292
	338.062279, 886.698476

face #6082: 
	338.062279, 886.698476
	326.275048, 887.476137
	330.552731, 923.174669

face #6083: 
	349.137087, 956.727297
	361.753249, 952.927693
	343.096316, 920.934292

face #6084: 
	343.096316, 920.934292
	330.552731, 923.174669
	349.137087, 956.727297

face #6085: 
	649.629047, 405.526841
	649.636123, 400.258145
	361.753249, 952.927693

face #6086: 
	361.753249, 952.927693
	349.137087, 956.727297
	649.629047, 405.526841

face #6087: 
	674.631460, 406.078162
	674.165138, 400.863106
	649.636123, 400.258145

face #6088: 
	649.636123, 400.258145
	649.629047, 405.526841
	674.631460, 406.078162

face #6089: 
	497.173620, 1002.029778
	510.550437, 1004.433402
	674.165138, 400.863106

face #6090: 
	674.165138, 400.863106
	674.631460, 406.078162
	497.173620, 1002.029778

face #6091: 
	527.119139, 619.362600
	398.199095, 759.202294
	427.880000, 734.160000

face #6092: 
	427.880000, 734.160000
	479.353248, 418.833228
	527.119139, 619.362600

face #6093: 
	463.417246, 382.879657
	371.571128, 787.273092
	398.199095, 759.202294

face #6094: 
	398.199095, 759.202294
	527.119139, 619.362600
	463.417246, 382.879657

face #6095: 
	495.835964, 397.775467
	349.372766, 818.329568
	371.571128, 787.273092

face #6096: 
	371.571128, 787.273092
	463.417246, 382.879657
	495.835964, 397.775467

face #6097: 
	416.421604, 373.512119
	333.477402, 852.014031
	349.372766, 818.329568

face #6098: 
	349.372766, 818.329568
	495.835964, 397.775467
	416.421604, 373.512119

face #6099: 
	591.437952, 472.805032
	326.275048, 887.476137
	333.477402, 852.014031

face #6100: 
	333.477402, 852.014031
	416.421604, 373.512119
	591.437952, 472.805032

face #6101: 
	598.549858, 653.049651
	330.552731, 923.174669
	326.275048, 887.476137

face #6102: 
	326.275048, 887.476137
	591.437952, 472.805032
	598.549858, 653.049651

face #6103: 
	593.969613, 385.689610
	349.137087, 956.727297
	330.552731, 923.174669

face #6104: 
	330.552731, 923.174669
	598.549858, 653.049651
	593.969613, 385.689610

face #6105: 
	384.213492, 984.941437
	649.629047, 405.526841
	349.137087, 956.727297

face #6106: 
	349.137087, 956.727297
	593.969613, 385.689610
	384.213492, 984.941437

face #6107: 
	621.036019, 317.140829
	674.631460, 406.078162
	649.629047, 405.526841

face #6108: 
	649.629047, 405.526841
	384.213492, 984.941437
	621.036019, 317.140829

face #6109: 
	549.331551, 331.082888
	497.173620, 1002.029778
	674.631460, 406.078162

face #6110: 
	674.631460, 406.078162
	621.036019, 317.140829
	549.331551, 331.082888

face #6111: 
	456.110680, 706.460020
	527.119139, 619.362600
	479.353248, 418.833228

face #6112: 
	479.353248, 418.833228
	425.528750, 730.863750
	456.110680, 706.460020

face #6113: 
	486.339175, 689.323168
	463.417246, 382.879657
	527.119139, 619.362600

face #6114: 
	527.119139, 619.362600
	456.110680, 706.460020
	486.339175, 689.323168

face #6115: 
	344.300734, 811.083641
	495.835964, 397.775467
	463.417246, 382.879657

face #6116: 
	463.417246, 382.879657
	486.339175, 689.323168
	344.300734, 811.083641

face #6117: 
	543.948927, 663.961880
	416.421604, 373.512119
	495.835964, 397.775467

face #6118: 
	495.835964, 397.775467
	344.300734, 811.083641
	543.948927, 663.961880

face #6119: 
	319.767442, 880.232558
	591.437952, 472.805032
	416.421604, 373.512119

face #6120: 
	416.421604, 373.512119
	543.948927, 663.961880
	319.767442, 880.232558

face #6121: 
	323.595808, 916.104542
	598.549858, 653.049651
	591.437952, 472.805032

face #6122: 
	591.437952, 472.805032
	319.767442, 880.232558
	323.595808, 916.104542

face #6123: 
	342.109246, 949.927938
	593.969613, 385.689610
	598.549858, 653.049651

face #6124: 
	598.549858, 653.049651
	323.595808, 916.104542
	342.109246, 949.927938

face #6125: 
	377.650823, 978.450640
	384.213492, 984.941437
	593.969613, 385.689610

face #6126: 
	593.969613, 385.689610
	342.109246, 949.927938
	377.650823, 978.450640

face #6127: 
	430.917779, 997.942501
	621.036019, 317.140829
	384.213492, 984.941437

face #6128: 
	384.213492, 984.941437
	377.650823, 978.450640
	430.917779, 997.942501

face #6129: 
	500.000000, 1005.000000
	549.331551, 331.082888
	621.036019, 317.140829

face #6130: 
	621.036019, 317.140829
	430.917779, 997.942501
	500.000000, 1005.000000

face #6131: 
	667.189056, 715.333023
	627.700083, 794.225081
	667.933311, 351.252433

face #6132: 
	667.189056, 715.333023
	667.933311, 351.252433
	683.188187, 366.501213

face #6133: 
	667.189056, 715.333023
	683.188187, 366.501213
	660.949250, 788.678571

face #6134: 
	667.189056, 715.333023
	660.949250, 788.678571
	671.088255, 784.734138

face #6135: 
	667.189056, 715.333023
	671.088255, 784.734138
	680.357061, 779.997798

face #6136: 
	667.189056, 715.333023
	680.357061, 779.997798
	688.567886, 774.627193

face #6137: 
	667.189056, 715.333023
	688.567886, 774.627193
	695.568025, 768.774280

face #6138: 
	667.189056, 715.333023
	695.568025, 768.774280
	701.237116, 762.580729

face #6139: 
	667.189056, 715.333023
	701.237116, 762.580729
	705.483957, 756.175697

face #6140: 
	667.189056, 715.333023
	705.483957, 756.175697
	708.680000, 356.160000

face #6141: 
	673.988924, 287.329532
	667.933311, 351.252433
	627.700083, 794.225081

face #6142: 
	627.700083, 794.225081
	604.075235, 840.203762
	673.988924, 287.329532

face #6143: 
	690.001377, 356.302739
	683.188187, 366.501213
	667.933311, 351.252433

face #6144: 
	667.933311, 351.252433
	673.988924, 287.329532
	690.001377, 356.302739

face #6145: 
	672.170482, 827.472607
	660.949250, 788.678571
	683.188187, 366.501213

face #6146: 
	683.188187, 366.501213
	690.001377, 356.302739
	672.170482, 827.472607

face #6147: 
	692.197030, 818.676144
	671.088255, 784.734138
	660.949250, 788.678571

face #6148: 
	660.949250, 788.678571
	672.170482, 827.472607
	692.197030, 818.676144

face #6149: 
	709.895199, 808.383639
	680.357061, 779.997798
	671.088255, 784.734138

face #6150: 
	671.088255, 784.734138
	692.197030, 818.676144
	709.895199, 808.383639

face #6151: 
	724.909124, 797.055304
	688.567886, 774.627193
	680.357061, 779.997798

face #6152: 
	680.357061, 779.997798
	709.895199, 808.383639
	724.909124, 797.055304

face #6153: 
	765.752852, 525.872263
	695.568025, 768.774280
	688.567886, 774.627193

face #6154: 
	688.567886, 774.627193
	724.909124, 797.055304
	765.752852, 525.872263

face #6155: 
	746.153875, 772.886415
	701.237116, 762.580729
	695.568025, 768.774280

face #6156: 
	695.568025, 768.774280
	765.752852, 525.872263
	746.153875, 772.886415

face #6157: 
	752.286368, 760.689211
	705.483957, 756.175697
	701.237116, 762.580729

face #6158: 
	701.237116, 762.580729
	746.153875, 772.886415
	752.286368, 760.689211

face #6159: 
	767.798849, 396.294623
	708.680000, 356.160000
	705.483957, 756.175697

face #6160: 
	705.483957, 756.175697
	752.286368, 760.689211
	767.798849, 396.294623

face #6161: 
	678.339469, 285.145182
	673.988924, 287.329532
	604.075235, 840.203762

face #6162: 
	604.075235, 840.203762
	580.227830, 885.538991
	678.339469, 285.145182

face #6163: 
	697.464596, 285.154408
	690.001377, 356.302739
	673.988924, 287.329532

face #6164: 
	673.988924, 287.329532
	678.339469, 285.145182
	697.464596, 285.154408

face #6165: 
	741.671814, 399.635954
	672.170482, 827.472607
	690.001377, 356.302739

face #6166: 
	690.001377, 356.302739
	697.464596, 285.154408
	741.671814, 399.635954

face #6167: 
	743.261720, 712.233204
	692.197030, 818.676144
	672.170482, 827.472607

face #6168: 
	672.170482, 827.472607
	741.671814, 399.635954
	743.261720, 712.233204

face #6169: 
	763.225804, 675.693945
	709.895199, 808.383639
	692.197030, 818.676144

face #6170: 
	692.197030, 818.676144
	743.261720, 712.233204
	763.225804, 675.693945

face #6171: 
	774.690232, 405.578194
	724.909124, 797.055304
	709.895199, 808.383639

face #6172: 
	709.895199, 808.383639
	763.225804, 675.693945
	774.690232, 405.578194

face #6173: 
	773.184620, 798.486166
	765.752852, 525.872263
	724.909124, 797.055304

face #6174: 
	724.909124, 797.055304
	774.690232, 405.578194
	773.184620, 798.486166

face #6175: 
	779.587300, 355.318959
	746.153875, 772.886415
	765.752852, 525.872263

face #6176: 
	765.752852, 525.872263
	773.184620, 798.486166
	779.587300, 355.318959

face #6177: 
	792.863750, 747.266250
	752.286368, 760.689211
	746.153875, 772.886415

face #6178: 
	746.153875, 772.886415
	779.587300, 355.318959
	792.863750, 747.266250

face #6179: 
	788.085058, 910.940066
	767.798849, 396.294623
	752.286368, 760.689211

face #6180: 
	752.286368, 760.689211
	792.863750, 747.266250
	788.085058, 910.940066

face #6181: 
	675.852260, 342.718187
	678.339469, 285.145182
	580.227830, 885.538991

face #6182: 
	580.227830, 885.538991
	557.595346, 927.246283
	675.852260, 342.718187

face #6183: 
	709.069857, 737.790405
	697.464596, 285.154408
	678.339469, 285.145182

face #6184: 
	678.339469, 285.145182
	675.852260, 342.718187
	709.069857, 737.790405

face #6185: 
	693.183115, 896.917567
	741.671814, 399.635954
	697.464596, 285.154408

face #6186: 
	697.464596, 285.154408
	709.069857, 737.790405
	693.183115, 896.917567

face #6187: 
	730.413901, 877.070142
	743.261720, 712.233204
	741.671814, 399.635954

face #6188: 
	741.671814, 399.635954
	693.183115, 896.917567
	730.413901, 877.070142

face #6189: 
	773.358230, 371.061847
	763.225804, 675.693945
	743.261720, 712.233204

face #6190: 
	743.261720, 712.233204
	730.413901, 877.070142
	773.358230, 371.061847

face #6191: 
	772.682575, 855.631310
	774.690232, 405.578194
	763.225804, 675.693945

face #6192: 
	763.225804, 675.693945
	773.358230, 371.061847
	772.682575, 855.631310

face #6193: 
	802.101413, 457.223192
	773.184620, 798.486166
	774.690232, 405.578194

face #6194: 
	774.690232, 405.578194
	772.682575, 855.631310
	802.101413, 457.223192

face #6195: 
	809.520693, 487.878914
	779.587300, 355.318959
	773.184620, 798.486166

face #6196: 
	773.184620, 798.486166
	802.101413, 457.223192
	809.520693, 487.878914

face #6197: 
	820.620241, 765.023905
	792.863750, 747.266250
	779.587300, 355.318959

face #6198: 
	779.587300, 355.318959
	809.520693, 487.878914
	820.620241, 765.023905

face #6199: 
	819.182825, 386.921958
	788.085058, 910.940066
	792.863750, 747.266250

face #6200: 
	792.863750, 747.266250
	820.620241, 765.023905
	819.182825, 386.921958

face #6201: 
	594.958110, 957.402429
	675.852260, 342.718187
	557.595346, 927.246283

face #6202: 
	557.595346, 927.246283
	537.704918, 962.295082
	594.958110, 957.402429

face #6203: 
	737.808500, 407.493917
	709.069857, 737.790405
	675.852260, 342.718187

face #6204: 
	675.852260, 342.718187
	594.958110, 957.402429
	737.808500, 407.493917

face #6205: 
	701.770222, 923.265075
	693.183115, 896.917567
	709.069857, 737.790405

face #6206: 
	709.069857, 737.790405
	737.808500, 407.493917
	701.770222, 923.265075

face #6207: 
	745.560627, 898.288671
	730.413901, 877.070142
	693.183115, 896.917567

face #6208: 
	693.183115, 896.917567
	701.770222, 923.265075
	745.560627, 898.288671

face #6209: 
	781.015079, 870.913163
	773.358230, 371.061847
	730.413901, 877.070142

face #6210: 
	730.413901, 877.070142
	745.560627, 898.288671
	781.015079, 870.913163

face #6211: 
	807.928963, 842.862746
	772.682575, 855.631310
	773.358230, 371.061847

face #6212: 
	773.358230, 371.061847
	781.015079, 870.913163
	807.928963, 842.862746

face #6213: 
	826.731510, 815.390939
	802.101413, 457.223192
	772.682575, 855.631310

face #6214: 
	772.682575, 855.631310
	807.928963, 842.862746
	826.731510, 815.390939

face #6215: 
	838.194093, 789.315517
	809.520693, 487.878914
	802.101413, 457.223192

face #6216: 
	802.101413, 457.223192
	826.731510, 815.390939
	838.194093, 789.315517

face #6217: 
	843.210170, 765.103737
	820.620241, 765.023905
	809.520693, 487.878914

face #6218: 
	809.520693, 487.878914
	838.194093, 789.315517
	843.210170, 765.103737

face #6219: 
	835.089700, 684.923325
	819.182825, 386.921958
	820.620241, 765.023905

face #6220: 
	820.620241, 765.023905
	843.210170, 765.103737
	835.089700, 684.923325

face #6221: 
	720.406877, 405.141179
	594.958110, 957.402429
	537.704918, 962.295082

face #6222: 
	537.704918, 962.295082
	521.810089, 988.353116
	720.406877, 405.141179

face #6223: 
	741.842427, 404.603055
	737.808500, 407.493917
	594.958110, 957.402429

face #6224: 
	594.958110, 957.402429
	720.406877, 405.141179
	741.842427, 404.603055

face #6225: 
	708.467612, 942.031968
	701.770222, 923.265075
	737.808500, 407.493917

face #6226: 
	737.808500, 407.493917
	741.842427, 404.603055
	708.467612, 942.031968

face #6227: 
	780.689070, 402.458608
	745.560627, 898.288671
	701.770222, 923.265075

face #6228: 
	701.770222, 923.265075
	708.467612, 942.031968
	780.689070, 402.458608

face #6229: 
	798.193565, 400.816690
	781.015079, 870.913163
	745.560627, 898.288671

face #6230: 
	745.560627, 898.288671
	780.689070, 402.458608
	798.193565, 400.816690

face #6231: 
	824.524052, 849.657636
	807.928963, 842.862746
	781.015079, 870.913163

face #6232: 
	781.015079, 870.913163
	798.193565, 400.816690
	824.524052, 849.657636

face #6233: 
	843.877786, 818.999375
	826.731510, 815.390939
	807.928963, 842.862746

face #6234: 
	807.928963, 842.862746
	824.524052, 849.657636
	843.877786, 818.999375

face #6235: 
	841.349894, 393.074608
	838.194093, 789.315517
	826.731510, 815.390939

face #6236: 
	826.731510, 815.390939
	843.877786, 818.999375
	841.349894, 393.074608

face #6237: 
	859.162401, 764.022622
	843.210170, 765.103737
	838.194093, 789.315517

face #6238: 
	838.194093, 789.315517
	841.349894, 393.074608
	859.162401, 764.022622

face #6239: 
	839.329878, 587.944094
	835.089700, 684.923325
	843.210170, 765.103737

face #6240: 
	843.210170, 765.103737
	859.162401, 764.022622
	839.329878, 587.944094

face #6241: 
	722.935271, 403.082778
	720.406877, 405.141179
	521.810089, 988.353116

face #6242: 
	521.810089, 988.353116
	698.770056, 643.903427
	722.935271, 403.082778

face #6243: 
	745.181658, 402.499504
	741.842427, 404.603055
	720.406877, 405.141179

face #6244: 
	720.406877, 405.141179
	722.935271, 403.082778
	745.181658, 402.499504

face #6245: 
	713.126148, 952.927693
	708.467612, 942.031968
	741.842427, 404.603055

face #6246: 
	741.842427, 404.603055
	745.181658, 402.499504
	713.126148, 952.927693

face #6247: 
	765.188270, 920.934292
	780.689070, 402.458608
	708.467612, 942.031968

face #6248: 
	708.467612, 942.031968
	713.126148, 952.927693
	765.188270, 920.934292

face #6249: 
	805.968860, 886.698476
	798.193565, 400.816690
	780.689070, 402.458608

face #6250: 
	780.689070, 402.458608
	765.188270, 920.934292
	805.968860, 886.698476

face #6251: 
	835.652363, 852.487191
	824.524052, 849.657636
	798.193565, 400.816690

face #6252: 
	798.193565, 400.816690
	805.968860, 886.698476
	835.652363, 852.487191

face #6253: 
	855.236238, 819.803125
	843.877786, 818.999375
	824.524052, 849.657636

face #6254: 
	824.524052, 849.657636
	835.652363, 852.487191
	855.236238, 819.803125

face #6255: 
	866.060679, 789.504975
	841.349894, 393.074608
	843.877786, 818.999375

face #6256: 
	843.877786, 818.999375
	855.236238, 819.803125
	866.060679, 789.504975

face #6257: 
	869.500328, 761.983437
	859.162401, 764.022622
	841.349894, 393.074608

face #6258: 
	841.349894, 393.074608
	866.060679, 789.504975
	869.500328, 761.983437

face #6259: 
	866.798750, 737.321250
	839.329878, 587.944094
	859.162401, 764.022622

face #6260: 
	859.162401, 764.022622
	869.500328, 761.983437
	866.798750, 737.321250

face #6261: 
	665.543919, 343.832130
	722.935271, 403.082778
	698.770056, 643.903427

face #6262: 
	698.770056, 643.903427
	503.791469, 1011.137441
	665.543919, 343.832130

face #6263: 
	651.046394, 983.722037
	745.181658, 402.499504
	722.935271, 403.082778

face #6264: 
	722.935271, 403.082778
	665.543919, 343.832130
	651.046394, 983.722037

face #6265: 
	715.888993, 956.727297
	713.126148, 952.927693
	745.181658, 402.499504

face #6266: 
	745.181658, 402.499504
	651.046394, 983.722037
	715.888993, 956.727297

face #6267: 
	769.896310, 923.174669
	765.188270, 920.934292
	713.126148, 952.927693

face #6268: 
	713.126148, 952.927693
	715.888993, 956.727297
	769.896310, 923.174669

face #6269: 
	811.862476, 887.476137
	805.968860, 886.698476
	765.188270, 920.934292

face #6270: 
	765.188270, 920.934292
	769.896310, 923.174669
	811.862476, 887.476137

face #6271: 
	842.099001, 852.014031
	835.652363, 852.487191
	805.968860, 886.698476

face #6272: 
	805.968860, 886.698476
	811.862476, 887.476137
	842.099001, 852.014031

face #6273: 
	861.765781, 818.329568
	855.236238, 819.803125
	835.652363, 852.487191

face #6274: 
	835.652363, 852.487191
	842.099001, 852.014031
	861.765781, 818.329568

face #6275: 
	872.355084, 787.273092
	866.060679, 789.504975
	855.236238, 819.803125

face #6276: 
	855.236238, 819.803125
	861.765781, 818.329568
	872.355084, 787.273092

face #6277: 
	875.362673, 759.202294
	869.500328, 761.983437
	866.060679, 789.504975

face #6278: 
	866.060679, 789.504975
	872.355084, 787.273092
	875.362673, 759.202294

face #6279: 
	872.120000, 734.160000
	866.798750, 737.321250
	869.500328, 761.983437

face #6280: 
	869.500328, 761.983437
	875.362673, 759.202294
	872.120000, 734.160000

face #6281: 
	724.286939, 635.797691
	665.543919, 343.832130
	503.791469, 1011.137441

face #6282: 
	503.791469, 1011.137441
	500.703347, 1010.410535
	724.286939, 635.797691

face #6283: 
	732.499275, 375.893896
	651.046394, 983.722037
	665.543919, 343.832130

face #6284: 
	665.543919, 343.832130
	724.286939, 635.797691
	732.499275, 375.893896

face #6285: 
	755.820604, 737.675889
	715.888993, 956.727297
	651.046394, 983.722037

face #6286: 
	651.046394, 983.722037
	732.499275, 375.893896
	755.820604, 737.675889

face #6287: 
	786.496666, 388.093808
	769.896310, 923.174669
	715.888993, 956.727297

face #6288: 
	715.888993, 956.727297
	755.820604, 737.675889
	786.496666, 388.093808

face #6289: 
	807.195572, 654.797048
	811.862476, 887.476137
	769.896310, 923.174669

face #6290: 
	769.896310, 923.174669
	786.496666, 388.093808
	807.195572, 654.797048

face #6291: 
	824.740933, 663.961880
	842.099001, 852.014031
	811.862476, 887.476137

face #6292: 
	811.862476, 887.476137
	807.195572, 654.797048
	824.740933, 663.961880

face #6293: 
	843.416318, 384.942090
	861.765781, 818.329568
	842.099001, 852.014031

face #6294: 
	842.099001, 852.014031
	824.740933, 663.961880
	843.416318, 384.942090

face #6295: 
	854.933076, 689.323168
	872.355084, 787.273092
	861.765781, 818.329568

face #6296: 
	861.765781, 818.329568
	843.416318, 384.942090
	854.933076, 689.323168

face #6297: 
	872.048750, 384.684450
	875.362673, 759.202294
	872.355084, 787.273092

face #6298: 
	872.355084, 787.273092
	854.933076, 689.323168
	872.048750, 384.684450

face #6299: 
	875.000000, 727.500000
	872.120000, 734.160000
	875.362673, 759.202294

face #6300: 
	875.362673, 759.202294
	872.048750, 384.684450
	875.000000, 727.500000

face #6301: 
	724.749727, 632.515575
	724.286939, 635.797691
	500.703347, 1010.410535

face #6302: 
	500.703347, 1010.410535
	500.000000, 1005.000000
	724.749727, 632.515575

face #6303: 
	651.051188, 335.740402
	732.499275, 375.893896
	724.286939, 635.797691

face #6304: 
	724.286939, 635.797691
	724.749727, 632.515575
	651.051188, 335.740402

face #6305: 
	717.428118, 341.907473
	755.820604, 737.675889
	732.499275, 375.893896

face #6306: 
	732.499275, 375.893896
	651.051188, 335.740402
	717.428118, 341.907473

face #6307: 
	772.507390, 916.104542
	786.496666, 388.093808
	755.820604, 737.675889

face #6308: 
	755.820604, 737.675889
	717.428118, 341.907473
	772.507390, 916.104542

face #6309: 
	815.116279, 880.232558
	807.195572, 654.797048
	786.496666, 388.093808

face #6310: 
	786.496666, 388.093808
	772.507390, 916.104542
	815.116279, 880.232558

face #6311: 
	824.740933, 663.961880
	824.740933, 663.961880
	807.195572, 654.797048

face #6312: 
	807.195572, 654.797048
	815.116279, 880.232558
	824.740933, 663.961880

face #6313: 
	840.775327, 675.338617
	843.416318, 384.942090
	824.740933, 663.961880

face #6314: 
	824.740933, 663.961880
	824.740933, 663.961880
	840.775327, 675.338617

face #6315: 
	875.785266, 780.168475
	854.933076, 689.323168
	843.416318, 384.942090

face #6316: 
	843.416318, 384.942090
	840.775327, 675.338617
	875.785266, 780.168475

face #6317: 
	878.545906, 752.300754
	872.048750, 384.684450
	854.933076, 689.323168

face #6318: 
	854.933076, 689.323168
	875.785266, 780.168475
	878.545906, 752.300754

face #6319: 
	875.000000, 727.500000
	875.000000, 727.500000
	872.048750, 384.684450

face #6320: 
	872.048750, 384.684450
	878.545906, 752.300754
	875.000000, 727.500000
